03-06 10:46:04.678 29205 29205 V ActivityThread: ActivityThread,callActivityOnCreate
03-06 10:46:04.850 29205 29205 D ActivityThread: add activity client record, r= ActivityRecord{3100719 token=android.os.BinderProxy@b1ac5ff {com.cambricon.productdisplay/com.cambricon.productdisplay.activity.DetectionActivity2}} token= android.os.BinderProxy@b1ac5ff
03-06 10:46:04.885  2004  2639 I CommandQueue: updateBarBgColor
03-06 10:46:04.885  2004  2639 D CommandQueue: CommandQueue, setBarBackgroundColor
03-06 10:46:18.573  1256  9301 I chatty  : uid=1000(system) Binder:1256_1B expire 23 lines
03-06 10:46:18.636 29411 29411 D ActivityThread: ActivityThread,attachApplication
03-06 10:46:21.146   759   759 I chatty  : uid=1010(wifi) /system/bin/wificond expire 24 lines
03-06 10:46:28.300  1256  2142 I chatty  : uid=1000(system) Binder:1256_6 expire 27 lines
03-06 10:46:30.560  1256  1453 I chatty  : uid=1000(system) PowerManagerSer expire 47 lines
03-06 10:46:32.366   605  1232 W SocketListener: sending broadcast to Pid = 1256, Uid = 1000 
03-06 10:46:32.371  1256  9301 I chatty  : uid=1000(system) Binder:1256_1B expire 49 lines
03-06 10:46:33.193   759   759 I chatty  : uid=1010(wifi) /system/bin/wificond expire 45 lines
03-06 10:46:37.622 29205 29205 V ActivityThread: Finishing stop of ActivityRecord{3100719 token=android.os.BinderProxy@b1ac5ff {com.cambricon.productdisplay/com.cambricon.productdisplay.activity.DetectionActivity2}}
03-06 10:46:37.632  1256  2740 I chatty  : uid=1000(system) Binder:1256_C expire 14 lines
03-06 10:46:37.827  1256  1256 I chatty  : uid=1000 system_server expire 24 lines
03-06 10:46:37.827  1256  1796 I chatty  : uid=1000(system) WifiP2pService expire 10 lines
03-06 10:46:37.854  1256  1778 I chatty  : uid=1000(system) NetdConnector expire 13 lines
03-06 10:46:37.961  3043  5442 W ContextImpl: Calling a method in the system process without a qualified user: android.app.ContextImpl.bindService:1736 android.content.ContextWrapper.bindService:678 com.huawei.nb.dataservice.dsclient.RemoteServiceConnection.open:90 com.huawei.nb.dataservice.dsclient.DataServiceProxy.connect:105 com.huawei.nb.dataservice.rsclient.internal.RemoteRuleService.start:27 
03-06 10:46:38.054  1256  3140 I chatty  : uid=1000(system) Binder:1256_12 expire 3 lines
03-06 10:46:38.080  1256  3113 I chatty  : uid=1000(system) Binder:1256_D expire 10 lines
03-06 10:46:39.177  1256  1597 I chatty  : uid=1000(system) InputReader expire 14 lines
03-06 10:46:39.208   437   445 I vold    : TrimTask running tasks: 0
03-06 10:46:39.274  3043  6568 W ContextImpl: Calling a method in the system process without a qualified user: android.app.ContextImpl.bindService:1736 android.content.ContextWrapper.bindService:678 com.huawei.nb.dataservice.dsclient.RemoteServiceConnection.open:90 com.huawei.nb.dataservice.dsclient.DataServiceProxy.connect:105 com.huawei.nb.dataservice.rsclient.internal.RemoteRuleService.start:27 
03-06 10:46:40.386   605  1232 W SocketListener: sending broadcast to Pid = 1256, Uid = 1000 
03-06 10:46:48.601  1256  2142 I chatty  : uid=1000(system) Binder:1256_6 expire 19 lines
03-06 10:46:58.437  1256  1779 I chatty  : uid=1000(system) NetworkStats expire 14 lines
03-06 10:46:58.487 29496 29496 D ActivityThread: ActivityThread,attachApplication
03-06 10:46:58.487  1256  3113 I chatty  : uid=1000(system) Binder:1256_D expire 36 lines
03-06 10:46:58.584  1256  1256 I chatty  : uid=1000 system_server expire 11 lines
03-06 10:47:00.313   759   759 I chatty  : uid=1010(wifi) /system/bin/wificond expire 30 lines
03-06 10:47:06.335   753   927 E /system/bin/storaged: pid_info get_pids failed
03-06 10:47:07.336  1256  1570 I chatty  : uid=1000(system) android.anim expire 44 lines
03-06 10:47:07.355  2004  2751 I CommandQueue: updateBarBgColor
03-06 10:47:07.355  2004  2751 D CommandQueue: CommandQueue, setBarBackgroundColor
03-06 10:47:07.425  1256  3138 I chatty  : uid=1000(system) Binder:1256_11 expire 11 lines
03-06 10:47:07.447 29205 29205 D ActivityThread: Remove activity client record, r= ActivityRecord{3100719 token=android.os.BinderProxy@b1ac5ff {com.cambricon.productdisplay/com.cambricon.productdisplay.activity.DetectionActivity2}} token= android.os.BinderProxy@b1ac5ff
03-06 10:47:07.449  1256  2740 I chatty  : uid=1000(system) Binder:1256_C expire 60 lines
03-06 10:47:16.002 29205 29205 V ActivityThread: ActivityThread,callActivityOnCreate
03-06 10:47:16.037 29205 29205 D ActivityThread: add activity client record, r= ActivityRecord{2a28c3d token=android.os.BinderProxy@c92b8f6 {com.cambricon.productdisplay/com.cambricon.productdisplay.activity.SemanticsActivity}} token= android.os.BinderProxy@c92b8f6
03-06 10:47:16.060  2004  2639 I CommandQueue: updateBarBgColor
03-06 10:47:16.060  2004  2639 D CommandQueue: CommandQueue, setBarBackgroundColor
03-06 10:47:16.830  1256  1596 I chatty  : uid=1000(system) InputDispatcher expire 10 lines
03-06 10:47:16.899  2004  2639 I CommandQueue: updateBarBgColor
03-06 10:47:16.899  2004  2639 D CommandQueue: CommandQueue, setBarBackgroundColor
03-06 10:47:17.182 29205 29205 D ActivityThread: Remove activity client record, r= ActivityRecord{2a28c3d token=android.os.BinderProxy@c92b8f6 {com.cambricon.productdisplay/com.cambricon.productdisplay.activity.SemanticsActivity}} token= android.os.BinderProxy@c92b8f6
03-06 10:47:17.742 29205 29205 V ActivityThread: ActivityThread,callActivityOnCreate
03-06 10:47:17.797 29205 29205 D ActivityThread: add activity client record, r= ActivityRecord{b5fa024 token=android.os.BinderProxy@68a55e2 {com.cambricon.productdisplay/com.cambricon.productdisplay.activity.TestActivity}} token= android.os.BinderProxy@68a55e2
03-06 10:47:17.814  2004  2639 I CommandQueue: updateBarBgColor
03-06 10:47:17.814  2004  2639 D CommandQueue: CommandQueue, setBarBackgroundColor
03-06 10:47:18.387   759   759 I chatty  : uid=1010(wifi) /system/bin/wificond expire 24 lines
03-06 10:47:19.285  1256  2171 I chatty  : uid=1000(system) Binder:1256_8 expire 29 lines
03-06 10:47:19.318  2004  2639 I CommandQueue: updateBarBgColor
03-06 10:47:19.318  2004  2639 D CommandQueue: CommandQueue, setBarBackgroundColor
03-06 10:47:19.618 29205 29205 D ActivityThread: Remove activity client record, r= ActivityRecord{b5fa024 token=android.os.BinderProxy@68a55e2 {com.cambricon.productdisplay/com.cambricon.productdisplay.activity.TestActivity}} token= android.os.BinderProxy@68a55e2
03-06 10:47:21.141  1256  1369 I chatty  : uid=1000(system) android.ui expire 13 lines
03-06 10:47:21.144  1972  2584 I HwNetworkPolicyManager: getHwUidPolicy uid = 10067 policy = 0
03-06 10:47:21.146  2004  2639 I CommandQueue: updateBarBgColor
03-06 10:47:21.146  2004  2639 D CommandQueue: CommandQueue, setBarBackgroundColor
03-06 10:47:21.161  1256  2199 I chatty  : uid=1000(system) Binder:1256_A expire 13 lines
03-06 10:47:21.452 29205 29205 D ActivityThread: Remove activity client record, r= ActivityRecord{d74bde6 token=android.os.BinderProxy@1ef7be5 {com.cambricon.productdisplay/com.cambricon.productdisplay.activity.HomeActivity}} token= android.os.BinderProxy@1ef7be5
03-06 10:47:22.116  1256  1453 I chatty  : uid=1000(system) PowerManagerSer expire 18 lines
03-06 10:47:22.215  3618  3618 V ActivityThread: Finishing stop of ActivityRecord{f64f382 token=android.os.BinderProxy@e24aa79 {com.huawei.android.launcher/com.huawei.android.launcher.unihome.UniHomeLauncher}}
03-06 10:47:22.391  1256  1796 I chatty  : uid=1000(system) WifiP2pService expire 15 lines
03-06 10:47:22.391  2004  2004 V KeyguardStatusView: refresh statusview showing:true
03-06 10:47:22.399  2004  2004 V KeyguardDisplayManager: show
03-06 10:47:22.429  1256  2740 I chatty  : uid=1000(system) Binder:1256_C expire 59 lines
03-06 10:47:22.605  1256  1256 I chatty  : uid=1000 system_server expire 25 lines
03-06 10:47:22.731  1256  2198 I chatty  : uid=1000(system) Binder:1256_9 expire 79 lines
03-06 10:47:22.742  3618  3618 V ActivityThread: Handle window ActivityRecord{f64f382 token=android.os.BinderProxy@e24aa79 {com.huawei.android.launcher/com.huawei.android.launcher.unihome.UniHomeLauncher}} visibility: false
03-06 10:47:22.815  1256  9301 I chatty  : uid=1000(system) Binder:1256_1B expire 10 lines
03-06 10:47:22.817  1256  1570 I chatty  : uid=1000(system) android.anim expire 34 lines
03-06 10:47:22.862  3043  6588 W ContextImpl: Calling a method in the system process without a qualified user: android.app.ContextImpl.bindService:1736 android.content.ContextWrapper.bindService:678 com.huawei.nb.dataservice.dsclient.RemoteServiceConnection.open:90 com.huawei.nb.dataservice.dsclient.DataServiceProxy.connect:105 com.huawei.nb.dataservice.rsclient.internal.RemoteRuleService.start:27 
03-06 10:47:23.659  1256  3138 I chatty  : uid=1000(system) Binder:1256_11 expire 11 lines
03-06 10:47:36.144   605  1232 W SocketListener: sending broadcast to Pid = 1256, Uid = 1000 
03-06 10:47:43.566   759   759 I chatty  : uid=1010(wifi) /system/bin/wificond expire 12 lines
03-06 10:47:45.007  1256  1579 I chatty  : uid=1000(system) UEventObserver expire 12 lines
03-06 10:47:56.192  1256  2199 I chatty  : uid=1000(system) Binder:1256_A expire 16 lines
03-06 10:47:56.197  1256  1440 I chatty  : uid=1000(system) android.display expire 12 lines
03-06 10:47:56.203   437   445 I vold    : TrimTask running tasks: 0
03-06 10:47:56.219   759   759 I chatty  : uid=1010(wifi) /system/bin/wificond expire 54 lines
03-06 10:47:56.241  1256  9301 I chatty  : uid=1000(system) Binder:1256_1B expire 49 lines
03-06 10:47:56.299  3043  6721 W ContextImpl: Calling a method in the system process without a qualified user: android.app.ContextImpl.bindService:1736 android.content.ContextWrapper.bindService:678 com.huawei.nb.dataservice.dsclient.RemoteServiceConnection.open:90 com.huawei.nb.dataservice.dsclient.DataServiceProxy.connect:105 com.huawei.nb.dataservice.rsclient.internal.RemoteRuleService.start:27 
03-06 10:47:56.327  1256  9302 I chatty  : uid=1000(system) Binder:1256_1C expire 28 lines
03-06 10:47:56.362  1256  1453 I chatty  : uid=1000(system) PowerManagerSer expire 31 lines
03-06 10:47:56.854  1256  2171 I chatty  : uid=1000(system) Binder:1256_8 expire 25 lines
03-06 10:47:56.903  2004  2004 V KeyguardDisplayManager: hide
03-06 10:47:56.911  1256  1367 I chatty  : uid=1000(system) ActivityManager expire 11 lines
03-06 10:47:56.915  1256  1778 I chatty  : uid=1000(system) NetdConnector expire 12 lines
03-06 10:47:56.948  1256  3138 I chatty  : uid=1000(system) Binder:1256_11 expire 18 lines
03-06 10:47:58.153   605  1233 W SocketListener: sending broadcast to Pid = 1256, Uid = 1000 
03-06 10:47:58.156  1256  1438 I chatty  : uid=1000(system) android.fg expire 17 lines
03-06 10:48:02.264   605  1232 W SocketListener: sending broadcast to Pid = 1256, Uid = 1000 
03-06 10:48:25.774   605  1232 W SocketListener: sending broadcast to Pid = 1256, Uid = 1000 
03-06 10:48:26.371   759   759 I chatty  : uid=1010(wifi) /system/bin/wificond expire 36 lines
03-06 10:48:30.062  3618  3618 V ActivityThread: Finishing stop of ActivityRecord{f64f382 token=android.os.BinderProxy@e24aa79 {com.huawei.android.launcher/com.huawei.android.launcher.unihome.UniHomeLauncher}}
03-06 10:48:30.068  1256  2171 I chatty  : uid=1000(system) Binder:1256_8 expire 17 lines
03-06 10:48:30.189  1256  1796 I chatty  : uid=1000(system) WifiP2pService expire 10 lines
03-06 10:48:30.269  3043  7292 W ContextImpl: Calling a method in the system process without a qualified user: android.app.ContextImpl.bindService:1736 android.content.ContextWrapper.bindService:678 com.huawei.nb.dataservice.dsclient.RemoteServiceConnection.open:90 com.huawei.nb.dataservice.dsclient.DataServiceProxy.connect:105 com.huawei.nb.dataservice.rsclient.internal.RemoteRuleService.start:27 
03-06 10:48:30.273  1256  3138 I chatty  : uid=1000(system) Binder:1256_11 expire 17 lines
03-06 10:48:35.099  2004  2004 V KeyguardStatusView: refresh statusview showing:true
03-06 10:48:35.103  2004  2004 V KeyguardDisplayManager: show
03-06 10:48:35.141  3618  3618 V ActivityThread: Handle window ActivityRecord{f64f382 token=android.os.BinderProxy@e24aa79 {com.huawei.android.launcher/com.huawei.android.launcher.unihome.UniHomeLauncher}} visibility: false
03-06 10:48:35.143  1256  9301 I chatty  : uid=1000(system) Binder:1256_1B expire 13 lines
03-06 10:48:39.618  1256  1799 I chatty  : uid=1000(system) ConnectivitySer expire 20 lines
03-06 10:48:47.625  1256  9302 I chatty  : uid=1000(system) Binder:1256_1C expire 11 lines
03-06 10:49:06.661   605  1232 W SocketListener: sending broadcast to Pid = 1256, Uid = 1000 
03-06 10:49:11.646   759   759 I chatty  : uid=1010(wifi) /system/bin/wificond expire 66 lines
03-06 10:49:15.645  1256  1256 I chatty  : uid=1000 system_server expire 11 lines
03-06 10:50:39.465  1256  1597 I chatty  : uid=1000(system) InputReader expire 14 lines
03-06 10:50:39.466  1256  1453 I chatty  : uid=1000(system) PowerManagerSer expire 28 lines
03-06 10:50:39.484  1256  1599 I chatty  : uid=1000(system) StorageManagerS expire 8 lines
03-06 10:50:39.485   437   445 I vold    : TrimTask running tasks: 0
03-06 10:50:39.503   759   759 I chatty  : uid=1010(wifi) /system/bin/wificond expire 24 lines
03-06 10:50:39.602  3043  7672 W ContextImpl: Calling a method in the system process without a qualified user: android.app.ContextImpl.bindService:1736 android.content.ContextWrapper.bindService:678 com.huawei.nb.dataservice.dsclient.RemoteServiceConnection.open:90 com.huawei.nb.dataservice.dsclient.DataServiceProxy.connect:105 com.huawei.nb.dataservice.rsclient.internal.RemoteRuleService.start:27 
03-06 10:50:39.612  1256  9302 I chatty  : uid=1000(system) Binder:1256_1C expire 35 lines
03-06 10:50:39.628  1256  1256 I chatty  : uid=1000 system_server expire 17 lines
03-06 10:50:39.732  1256  2199 I chatty  : uid=1000(system) Binder:1256_A expire 62 lines
03-06 10:50:40.593  2004  2004 V KeyguardDisplayManager: hide
03-06 10:50:40.608  1256  1778 I chatty  : uid=1000(system) NetdConnector expire 10 lines
03-06 10:50:40.624  1256  1796 I chatty  : uid=1000(system) WifiP2pService expire 10 lines
03-06 10:50:41.823   605  1233 W SocketListener: sending broadcast to Pid = 1256, Uid = 1000 
03-06 10:50:42.158   605  1232 W SocketListener: sending broadcast to Pid = 1256, Uid = 1000 
03-06 10:50:43.522  1972  2584 I HwNetworkPolicyManager: getHwUidPolicy uid = 1000 policy = 0
03-06 10:50:43.540 28852 28852 V ActivityThread: ActivityThread,callActivityOnCreate
03-06 10:50:43.703 29840 29840 D ActivityThread: ActivityThread,attachApplication
03-06 10:50:43.741 28852 28852 D ActivityThread: add activity client record, r= ActivityRecord{c292746 token=android.os.BinderProxy@d360d0d {com.android.settings/com.android.settings.HWSettings}} token= android.os.BinderProxy@d360d0d
03-06 10:50:43.746 28852 28852 W ContextImpl: Calling a method in the system process without a qualified user: android.app.ContextImpl.sendBroadcast:1095 android.content.ContextWrapper.sendBroadcast:436 com.android.settings.HWSettings.onResume:138 android.app.Instrumentation.callActivityOnResume:1364 android.app.Activity.performResume:7465 
03-06 10:50:43.801  2004 27692 I CommandQueue: updateBarBgColor
03-06 10:50:43.801  2004 27692 D CommandQueue: CommandQueue, setBarBackgroundColor
03-06 10:50:43.935 29882 29882 D ActivityThread: ActivityThread,attachApplication
03-06 10:50:43.940   605  1232 W SocketListener: sending broadcast to Pid = 1256, Uid = 1000 
03-06 10:50:43.987  1256  1602 I chatty  : uid=1000(system) CryptdConnector expire 1 line
03-06 10:50:44.189  1890  7785 D HwBootanimService: Boot or Shutdown sound is Capable :false
03-06 10:50:44.326   437   445 D VoldCmdListener: sdlock poll
03-06 10:50:44.327   437   445 I         : poll
03-06 10:50:44.327   437   445 E         : failed to get lockable path
03-06 10:50:44.329   437   445 D VoldCmdListener: sdlock poll
03-06 10:50:44.329   437   445 I         : poll
03-06 10:50:44.330   437   445 E         : failed to get lockable path
03-06 10:50:46.255  1256  1579 I chatty  : uid=1000(system) UEventObserver expire 12 lines
03-06 10:50:47.062  1972  2584 I HwNetworkPolicyManager: getHwUidPolicy uid = 10067 policy = 0
03-06 10:50:47.063  2004  2751 I CommandQueue: updateBarBgColor
03-06 10:50:47.063  2004  2751 D CommandQueue: CommandQueue, setBarBackgroundColor
03-06 10:50:47.351  1256  2104 I chatty  : uid=1000(system) watchdog expire 11 lines
03-06 10:50:49.202  3618  3618 V ActivityThread: Finishing stop of ActivityRecord{f64f382 token=android.os.BinderProxy@e24aa79 {com.huawei.android.launcher/com.huawei.android.launcher.unihome.UniHomeLauncher}}
03-06 10:50:49.377  2004  2004 V KeyguardStatusView: refresh statusview showing:true
03-06 10:50:49.393  2004  2004 V KeyguardDisplayManager: show
03-06 10:50:49.702  3618  3618 V ActivityThread: Handle window ActivityRecord{f64f382 token=android.os.BinderProxy@e24aa79 {com.huawei.android.launcher/com.huawei.android.launcher.unihome.UniHomeLauncher}} visibility: false
03-06 10:50:49.771  1256  9302 I chatty  : uid=1000(system) Binder:1256_1C expire 19 lines
03-06 10:50:49.772  1256  1570 I chatty  : uid=1000(system) android.anim expire 23 lines
03-06 10:50:49.819  3043  7690 W ContextImpl: Calling a method in the system process without a qualified user: android.app.ContextImpl.bindService:1736 android.content.ContextWrapper.bindService:678 com.huawei.nb.dataservice.dsclient.RemoteServiceConnection.open:90 com.huawei.nb.dataservice.dsclient.DataServiceProxy.connect:105 com.huawei.nb.dataservice.rsclient.internal.RemoteRuleService.start:27 
03-06 10:50:52.371  1256  2171 I chatty  : uid=1000(system) Binder:1256_8 expire 11 lines
03-06 10:50:55.744   759   759 I chatty  : uid=1010(wifi) /system/bin/wificond expire 66 lines
03-06 10:51:16.478  1256  1256 I chatty  : uid=1000 system_server expire 10 lines
03-06 10:52:18.477   605  1232 W SocketListener: sending broadcast to Pid = 1256, Uid = 1000 
03-06 10:52:18.479  1256  1778 I chatty  : uid=1000(system) NetdConnector expire 10 lines
03-06 10:52:23.815   759   759 I chatty  : uid=1010(wifi) /system/bin/wificond expire 18 lines
03-06 10:52:26.222   605  1232 W SocketListener: sending broadcast to Pid = 1256, Uid = 1000 
03-06 10:52:41.265   605  1232 W SocketListener: sending broadcast to Pid = 1256, Uid = 1000 
03-06 10:52:47.842   759   759 I chatty  : uid=1010(wifi) /system/bin/wificond expire 30 lines
03-06 10:53:17.317  1256  1256 I chatty  : uid=1000 system_server expire 10 lines
03-06 10:53:25.019   605  1232 W SocketListener: sending broadcast to Pid = 1256, Uid = 1000 
03-06 10:53:25.022  1256  2199 I chatty  : uid=1000(system) Binder:1256_A expire 19 lines
03-06 10:53:27.876   759   759 I chatty  : uid=1010(wifi) /system/bin/wificond expire 12 lines
03-06 10:53:40.080   605  1232 W SocketListener: sending broadcast to Pid = 1256, Uid = 1000 
03-06 10:53:43.879   759   759 I chatty  : uid=1010(wifi) /system/bin/wificond expire 36 lines
03-06 10:53:47.507  1256  1579 I chatty  : uid=1000(system) UEventObserver expire 10 lines
03-06 10:54:27.683   605  1232 W SocketListener: sending broadcast to Pid = 1256, Uid = 1000 
03-06 10:54:27.685  1256  1778 I chatty  : uid=1000(system) NetdConnector expire 10 lines
03-06 10:54:31.915   759   759 I chatty  : uid=1010(wifi) /system/bin/wificond expire 18 lines
03-06 10:54:44.616  1256  1256 I chatty  : uid=1000 system_server expire 10 lines
03-06 10:54:52.911   605  1232 W SocketListener: sending broadcast to Pid = 1256, Uid = 1000 
03-06 10:54:55.941   759   759 I chatty  : uid=1010(wifi) /system/bin/wificond expire 36 lines
03-06 10:54:59.837   605  1232 W SocketListener: sending broadcast to Pid = 1256, Uid = 1000 
03-06 10:55:27.982  1256  2171 I chatty  : uid=1000(system) Binder:1256_8 expire 10 lines
03-06 10:55:43.085   605  1232 W SocketListener: sending broadcast to Pid = 1256, Uid = 1000 
03-06 10:55:43.981   759   759 I chatty  : uid=1010(wifi) /system/bin/wificond expire 12 lines
03-06 10:55:56.274   605  1232 W SocketListener: sending broadcast to Pid = 1256, Uid = 1000 
03-06 10:56:00.000   759   759 I chatty  : uid=1010(wifi) /system/bin/wificond expire 18 lines
03-06 10:56:17.370  1256  2104 I chatty  : uid=1000(system) watchdog expire 16 lines
03-06 10:56:18.547  1256  1579 I chatty  : uid=1000(system) UEventObserver expire 10 lines
03-06 10:56:18.558  1256  1256 I chatty  : uid=1000 system_server expire 12 lines
03-06 10:56:23.631   605  1232 W SocketListener: sending broadcast to Pid = 1256, Uid = 1000 
03-06 10:56:23.634  1256  1778 I chatty  : uid=1000(system) NetdConnector expire 10 lines
03-06 10:56:23.638  1256  1438 I chatty  : uid=1000(system) android.fg expire 16 lines
03-06 10:56:24.027   759   759 I chatty  : uid=1010(wifi) /system/bin/wificond expire 12 lines
03-06 10:56:35.732   605  1232 W SocketListener: sending broadcast to Pid = 1256, Uid = 1000 
03-06 10:56:40.044   759   759 I chatty  : uid=1010(wifi) /system/bin/wificond expire 12 lines
03-06 10:56:51.310   605  1232 W SocketListener: sending broadcast to Pid = 1256, Uid = 1000 
03-06 10:56:56.060   759   759 I chatty  : uid=1010(wifi) /system/bin/wificond expire 24 lines
03-06 10:57:26.535   605  1232 W SocketListener: sending broadcast to Pid = 1256, Uid = 1000 
03-06 10:57:28.087   759   759 I chatty  : uid=1010(wifi) /system/bin/wificond expire 12 lines
03-06 10:57:41.553   605  1232 W SocketListener: sending broadcast to Pid = 1256, Uid = 1000 
03-06 10:57:44.099   759   759 I chatty  : uid=1010(wifi) /system/bin/wificond expire 54 lines
03-06 10:58:19.391  1256  1256 I chatty  : uid=1000 system_server expire 16 lines
03-06 10:58:49.583  1256  1579 I chatty  : uid=1000(system) UEventObserver expire 12 lines
03-06 10:58:54.329  1256 30491 I chatty  : uid=1000 system_server expire 1 line
03-06 10:58:54.339   605  1232 W SocketListener: sending broadcast to Pid = 1256, Uid = 1000 
03-06 10:58:54.342  1256  1778 I chatty  : uid=1000(system) NetdConnector expire 10 lines
03-06 10:58:56.165   759   759 I chatty  : uid=1010(wifi) /system/bin/wificond expire 21 lines
03-06 10:58:57.310  1256  1796 I chatty  : uid=1000(system) WifiP2pService expire 11 lines
03-06 10:58:57.361  1256  2171 I chatty  : uid=1000(system) Binder:1256_8 expire 11 lines
03-06 10:58:57.452 28852 28852 W ContextImpl: Calling a method in the system process without a qualified user: android.app.ContextImpl.startService:1656 android.content.ContextWrapper.startService:644 android.content.ContextWrapper.startService:644 com.android.settings.wifi.AccessPointConnectedReceiver.onReceive:25 android.app.ActivityThread.handleReceiver:3662 
03-06 10:58:57.455  1256  2740 I chatty  : uid=1000(system) Binder:1256_C expire 10 lines
03-06 10:59:12.127  1256  1365 I chatty  : uid=1000(system) android.bg expire 306 lines
03-06 10:59:12.368   605  1232 W SocketListener: sending broadcast to Pid = 1256, Uid = 1000 
03-06 10:59:20.183   759   759 I chatty  : uid=1010(wifi) /system/bin/wificond expire 18 lines
03-06 10:59:37.948   605  1232 W SocketListener: sending broadcast to Pid = 1256, Uid = 1000 
03-06 10:59:37.950  1256  1778 I chatty  : uid=1000(system) NetdConnector expire 10 lines
03-06 10:59:37.957  1256  9302 I chatty  : uid=1000(system) Binder:1256_1C expire 10 lines
03-06 10:59:39.502   605  1236 W SocketListener: sending broadcast to Pid = 1256, Uid = 1000 
03-06 10:59:39.592  1256  1785 I chatty  : uid=1000(system) HwWifiCHRStateM expire 7 lines
03-06 10:59:39.631 30556 30556 D ActivityThread: ActivityThread,attachApplication
03-06 10:59:44.207   759   759 I chatty  : uid=1010(wifi) /system/bin/wificond expire 24 lines
03-06 10:59:44.612  1256  1256 I chatty  : uid=1000 system_server expire 10 lines
03-06 11:00:10.160   605  1232 W SocketListener: sending broadcast to Pid = 1256, Uid = 1000 
03-06 11:00:16.234   759   759 I chatty  : uid=1010(wifi) /system/bin/wificond expire 60 lines
03-06 11:00:50.429  1256  1256 I chatty  : uid=1000 system_server expire 10 lines
03-06 11:01:36.262   605  1232 W SocketListener: sending broadcast to Pid = 1256, Uid = 1000 
03-06 11:01:36.299   759   759 I chatty  : uid=1010(wifi) /system/bin/wificond expire 12 lines
03-06 11:01:50.832  1256  1579 I chatty  : uid=1000(system) UEventObserver expire 10 lines
03-06 11:01:51.278   605  1232 W SocketListener: sending broadcast to Pid = 1256, Uid = 1000 
03-06 11:01:51.290  1256  2740 I chatty  : uid=1000(system) Binder:1256_C expire 18 lines
03-06 11:01:52.319   759   759 I chatty  : uid=1010(wifi) /system/bin/wificond expire 12 lines
03-06 11:02:06.342   753   927 E /system/bin/storaged: pid_info get_pids failed
03-06 11:02:08.328   759   759 I chatty  : uid=1010(wifi) /system/bin/wificond expire 120 lines
03-06 11:02:44.613  1256  1256 I chatty  : uid=1000 system_server expire 22 lines
03-06 11:04:17.399  1256  2104 I chatty  : uid=1000(system) watchdog expire 17 lines
03-06 11:04:21.871  1256  1579 I chatty  : uid=1000(system) UEventObserver expire 10 lines
03-06 11:04:48.250   605  1232 W SocketListener: sending broadcast to Pid = 1256, Uid = 1000 
03-06 11:04:48.251  1256  1778 I chatty  : uid=1000(system) NetdConnector expire 16 lines
03-06 11:04:48.258  1256 13029 I chatty  : uid=1000(system) Binder:1256_1F expire 12 lines
03-06 11:04:48.463   759   759 I chatty  : uid=1010(wifi) /system/bin/wificond expire 30 lines
03-06 11:05:20.489  1256  1799 I chatty  : uid=1000(system) ConnectivitySer expire 15 lines
03-06 11:05:20.561   605  1232 W SocketListener: sending broadcast to Pid = 1256, Uid = 1000 
03-06 11:05:28.494   759   759 I chatty  : uid=1010(wifi) /system/bin/wificond expire 48 lines
03-06 11:06:22.726  1256  1256 I chatty  : uid=1000 system_server expire 10 lines
03-06 11:06:25.214  1256  9302 I chatty  : uid=1000(system) Binder:1256_1C expire 22 lines
03-06 11:06:25.226   605  1232 W SocketListener: sending broadcast to Pid = 1256, Uid = 1000 
03-06 11:06:25.230  1256  1438 I chatty  : uid=1000(system) android.fg expire 10 lines
03-06 11:06:32.548   759   759 I chatty  : uid=1010(wifi) /system/bin/wificond expire 162 lines
03-06 11:06:40.305   605  1232 W SocketListener: sending broadcast to Pid = 1256, Uid = 1000 
03-06 11:06:52.913  1256  1579 I chatty  : uid=1000(system) UEventObserver expire 14 lines
03-06 11:07:04.570  1256  2199 I chatty  : uid=1000(system) Binder:1256_A expire 32 lines
03-06 11:07:44.609  1256  1256 I chatty  : uid=1000 system_server expire 20 lines
03-06 11:10:08.641   605  1232 W SocketListener: sending broadcast to Pid = 1256, Uid = 1000 
03-06 11:10:08.731   759   759 I chatty  : uid=1010(wifi) /system/bin/wificond expire 24 lines
03-06 11:10:13.785 31312 31312 D ActivityThread: ActivityThread,attachApplication
03-06 11:10:13.908  1256 10569 I chatty  : uid=1000(system) Binder:1256_1D expire 34 lines
03-06 11:10:14.077 31346 31346 D ActivityThread: ActivityThread,attachApplication
03-06 11:10:14.153 31346 31346 I         : RegisterNatives OK!
03-06 11:10:14.239  1256  2199 I chatty  : uid=1000(system) Binder:1256_A expire 14 lines
03-06 11:10:15.584  1256  2152 I chatty  : uid=1000(system) Binder:1256_7 expire 27 lines
03-06 11:10:15.620  1256  2142 I chatty  : uid=1000(system) Binder:1256_6 expire 22 lines
03-06 11:10:24.367  1256  1579 I chatty  : uid=1000(system) UEventObserver expire 10 lines
03-06 11:10:33.840   605  1232 W SocketListener: sending broadcast to Pid = 1256, Uid = 1000 
03-06 11:10:40.766   759   759 I chatty  : uid=1010(wifi) /system/bin/wificond expire 102 lines
03-06 11:10:40.780  1256  3154 I chatty  : uid=1000(system) Binder:1256_14 expire 11 lines
03-06 11:10:54.589  1256  1256 I chatty  : uid=1000 system_server expire 20 lines
03-06 11:11:28.806  1256  2142 I chatty  : uid=1000(system) Binder:1256_6 expire 29 lines
03-06 11:12:32.873  1256  2152 I chatty  : uid=1000(system) Binder:1256_7 expire 9 lines
03-06 11:12:47.431  1256  2104 I chatty  : uid=1000(system) watchdog expire 15 lines
03-06 11:12:55.336   605  1232 W SocketListener: sending broadcast to Pid = 1256, Uid = 1000 
03-06 11:12:55.403  1256  1579 I chatty  : uid=1000(system) UEventObserver expire 10 lines
03-06 11:12:56.883   759   759 I chatty  : uid=1010(wifi) /system/bin/wificond expire 12 lines
03-06 11:13:10.383   605  1232 W SocketListener: sending broadcast to Pid = 1256, Uid = 1000 
03-06 11:13:12.901   759   759 I chatty  : uid=1010(wifi) /system/bin/wificond expire 96 lines
03-06 11:13:55.842  1256  1256 I chatty  : uid=1000 system_server expire 18 lines
03-06 11:14:16.959  1256  1799 I chatty  : uid=1000(system) ConnectivitySer expire 16 lines
03-06 11:15:18.949   605  1232 W SocketListener: sending broadcast to Pid = 1256, Uid = 1000 
03-06 11:15:18.951  1256  1778 I chatty  : uid=1000(system) NetdConnector expire 12 lines
03-06 11:15:21.024   759   759 I chatty  : uid=1010(wifi) /system/bin/wificond expire 18 lines
03-06 11:15:26.452  1256  1579 I chatty  : uid=1000(system) UEventObserver expire 10 lines
03-06 11:15:44.592   605  1232 W SocketListener: sending broadcast to Pid = 1256, Uid = 1000 
03-06 11:15:45.042   759   759 I chatty  : uid=1010(wifi) /system/bin/wificond expire 66 lines
03-06 11:16:57.077  1256  1256 I chatty  : uid=1000 system_server expire 20 lines
03-06 11:17:06.348   753   927 E /system/bin/storaged: pid_info get_pids failed
03-06 11:17:13.127   759   759 I chatty  : uid=1010(wifi) /system/bin/wificond expire 102 lines
03-06 11:17:57.495  1256  1579 I chatty  : uid=1000(system) UEventObserver expire 10 lines
03-06 11:19:25.485   605  1232 W SocketListener: sending broadcast to Pid = 1256, Uid = 1000 
03-06 11:19:25.493  1256 13029 I chatty  : uid=1000(system) Binder:1256_1F expire 43 lines
03-06 11:19:25.503  1256 10569 I chatty  : uid=1000(system) Binder:1256_1D expire 24 lines
03-06 11:19:25.508  1256  2198 I chatty  : uid=1000(system) Binder:1256_9 expire 26 lines
03-06 11:19:25.523  1256  9301 I chatty  : uid=1000(system) Binder:1256_1B expire 16 lines
03-06 11:19:29.251   759   759 I chatty  : uid=1010(wifi) /system/bin/wificond expire 12 lines
03-06 11:19:30.565 32063 32063 D ActivityThread: ActivityThread,attachApplication
03-06 11:19:30.940  1256  1593 I chatty  : uid=1000(system) sManagerService expire 10 lines
03-06 11:19:40.817   605  1232 W SocketListener: sending broadcast to Pid = 1256, Uid = 1000 
03-06 11:19:40.831  1256  9301 I chatty  : uid=1000(system) Binder:1256_1B expire 18 lines
03-06 11:19:45.267   759   759 I chatty  : uid=1010(wifi) /system/bin/wificond expire 54 lines
03-06 11:19:58.335  1256  1256 I chatty  : uid=1000 system_server expire 20 lines
03-06 11:20:17.456  1256  2104 I chatty  : uid=1000(system) watchdog expire 11 lines
03-06 11:20:28.534  1256  1579 I chatty  : uid=1000(system) UEventObserver expire 10 lines
03-06 11:20:33.330  1256  2198 I chatty  : uid=1000(system) Binder:1256_9 expire 10 lines
03-06 11:20:49.857 32201 32201 D ActivityThread: ActivityThread,attachApplication
03-06 11:20:49.857  1256  3146 I chatty  : uid=1000(system) Binder:1256_13 expire 22 lines
03-06 11:20:50.038  1256  1283 I chatty  : uid=1000(system) Binder:1256_2 expire 26 lines
03-06 11:20:50.042  1256  1256 I chatty  : uid=1000 system_server expire 30 lines
03-06 11:20:57.340   759   759 I chatty  : uid=1010(wifi) /system/bin/wificond expire 210 lines
03-06 11:22:49.438  1256  1799 I chatty  : uid=1000(system) ConnectivitySer expire 18 lines
03-06 11:22:49.447  1256  2198 I chatty  : uid=1000(system) Binder:1256_9 expire 21 lines
03-06 11:22:59.567  1256  1579 I chatty  : uid=1000(system) UEventObserver expire 12 lines
03-06 11:25:34.861  1256  1453 I chatty  : uid=1000(system) PowerManagerSer expire 29 lines
03-06 11:25:34.895   437   445 I vold    : TrimTask running tasks: 0
03-06 11:25:34.904  1256  1256 I chatty  : uid=1000 system_server expire 25 lines
03-06 11:25:34.910   759   759 I chatty  : uid=1010(wifi) /system/bin/wificond expire 54 lines
03-06 11:25:34.956  1256  9301 I chatty  : uid=1000(system) Binder:1256_1B expire 32 lines
03-06 11:25:35.017  3043  7770 W ContextImpl: Calling a method in the system process without a qualified user: android.app.ContextImpl.bindService:1736 android.content.ContextWrapper.bindService:678 com.huawei.nb.dataservice.dsclient.RemoteServiceConnection.open:90 com.huawei.nb.dataservice.dsclient.DataServiceProxy.connect:105 com.huawei.nb.dataservice.rsclient.internal.RemoteRuleService.start:27 
03-06 11:25:35.044  1256  1588 I chatty  : uid=1000(system) Binder:1256_3 expire 23 lines
03-06 11:25:35.088  1256  1369 I chatty  : uid=1000(system) android.ui expire 13 lines
03-06 11:25:36.343  2004  2004 V KeyguardDisplayManager: hide
03-06 11:25:36.343  1256  1282 I chatty  : uid=1000(system) Binder:1256_1 expire 25 lines
03-06 11:25:36.355  1256  1367 I chatty  : uid=1000(system) ActivityManager expire 9 lines
03-06 11:25:36.358  1256  2198 I chatty  : uid=1000(system) Binder:1256_9 expire 13 lines
03-06 11:25:36.358  1256  1778 I chatty  : uid=1000(system) NetdConnector expire 10 lines
03-06 11:25:36.382  1256  1796 I chatty  : uid=1000(system) WifiP2pService expire 10 lines
03-06 11:25:36.387 32565 32565 D ActivityThread: ActivityThread,attachApplication
03-06 11:25:36.440   605  1232 W SocketListener: sending broadcast to Pid = 1256, Uid = 1000 
03-06 11:25:36.441  1256  1438 I chatty  : uid=1000(system) android.fg expire 13 lines
03-06 11:25:37.635   605  1233 W SocketListener: sending broadcast to Pid = 1256, Uid = 1000 
03-06 11:25:38.630  1256  1597 I chatty  : uid=1000(system) InputReader expire 16 lines
03-06 11:25:38.837  3618  3618 V ActivityThread: Finishing stop of ActivityRecord{f64f382 token=android.os.BinderProxy@e24aa79 {com.huawei.android.launcher/com.huawei.android.launcher.unihome.UniHomeLauncher}}
03-06 11:25:39.070  2004  2004 V KeyguardStatusView: refresh statusview showing:true
03-06 11:25:39.072  2004  2004 V KeyguardDisplayManager: show
03-06 11:25:39.411  3618  3618 V ActivityThread: Handle window ActivityRecord{f64f382 token=android.os.BinderProxy@e24aa79 {com.huawei.android.launcher/com.huawei.android.launcher.unihome.UniHomeLauncher}} visibility: false
03-06 11:25:39.527  3043  5442 W ContextImpl: Calling a method in the system process without a qualified user: android.app.ContextImpl.bindService:1736 android.content.ContextWrapper.bindService:678 com.huawei.nb.dataservice.dsclient.RemoteServiceConnection.open:90 com.huawei.nb.dataservice.dsclient.DataServiceProxy.connect:105 com.huawei.nb.dataservice.rsclient.internal.RemoteRuleService.start:27 
03-06 11:25:47.476  1256  2104 I chatty  : uid=1000(system) watchdog expire 11 lines
03-06 11:26:00.826  1256  1579 I chatty  : uid=1000(system) UEventObserver expire 18 lines
03-06 11:26:36.954 32714 32714 D ActivityThread: ActivityThread,attachApplication
03-06 11:26:41.018  1256  1453 I chatty  : uid=1000(system) PowerManagerSer expire 14 lines
03-06 11:26:41.034  1256  1282 I chatty  : uid=1000(system) Binder:1256_1 expire 41 lines
03-06 11:26:41.035  1256  9301 I chatty  : uid=1000(system) Binder:1256_1B expire 16 lines
03-06 11:26:41.041  1256  1283 I chatty  : uid=1000(system) Binder:1256_2 expire 40 lines
03-06 11:26:41.043   437   445 I vold    : TrimTask running tasks: 0
03-06 11:26:41.058  1256  1796 I chatty  : uid=1000(system) WifiP2pService expire 10 lines
03-06 11:26:41.061   759   759 I chatty  : uid=1010(wifi) /system/bin/wificond expire 39 lines
03-06 11:26:41.148  3043  6568 W ContextImpl: Calling a method in the system process without a qualified user: android.app.ContextImpl.bindService:1736 android.content.ContextWrapper.bindService:678 com.huawei.nb.dataservice.dsclient.RemoteServiceConnection.open:90 com.huawei.nb.dataservice.dsclient.DataServiceProxy.connect:105 com.huawei.nb.dataservice.rsclient.internal.RemoteRuleService.start:27 
03-06 11:26:41.285  1256 13029 I chatty  : uid=1000(system) Binder:1256_1F expire 96 lines
03-06 11:26:41.721  2004  2004 V KeyguardDisplayManager: hide
03-06 11:26:41.722  1256  1256 I chatty  : uid=1000 system_server expire 18 lines
03-06 11:26:41.766  1256  1588 I chatty  : uid=1000(system) Binder:1256_3 expire 30 lines
03-06 11:26:41.776  1256  2198 I chatty  : uid=1000(system) Binder:1256_9 expire 55 lines
03-06 11:26:42.748   354   354 D ActivityThread: ActivityThread,attachApplication
03-06 11:26:42.775  1972  2584 I HwNetworkPolicyManager: getHwUidPolicy uid = 10113 policy = 0
03-06 11:26:42.954   354   354 V ActivityThread: ActivityThread,callActivityOnCreate
03-06 11:26:43.012   354   354 D ActivityThread: add activity client record, r= ActivityRecord{ae2a9f1 token=android.os.BinderProxy@1bc7b26 {com.cambricon.productdisplay/com.cambricon.productdisplay.activity.SplashActivity}} token= android.os.BinderProxy@1bc7b26
03-06 11:26:43.060  2004  2751 I CommandQueue: updateBarBgColor
03-06 11:26:43.060  2004  2751 D CommandQueue: CommandQueue, setBarBackgroundColor
03-06 11:26:44.571   354   354 V ActivityThread: ActivityThread,callActivityOnCreate
03-06 11:26:44.704   354   354 D ActivityThread: add activity client record, r= ActivityRecord{d74bde6 token=android.os.BinderProxy@1ef7be5 {com.cambricon.productdisplay/com.cambricon.productdisplay.activity.HomeActivity}} token= android.os.BinderProxy@1ef7be5
03-06 11:26:44.768  2004  2751 I CommandQueue: updateBarBgColor
03-06 11:26:44.768  2004  2751 D CommandQueue: CommandQueue, setBarBackgroundColor
03-06 11:26:44.865  1256  1570 I chatty  : uid=1000(system) android.anim expire 23 lines
03-06 11:26:45.181   354   354 D ActivityThread: Remove activity client record, r= ActivityRecord{ae2a9f1 token=android.os.BinderProxy@1bc7b26 {com.cambricon.productdisplay/com.cambricon.productdisplay.activity.SplashActivity}} token= android.os.BinderProxy@1bc7b26
03-06 11:26:45.810   354   354 V ActivityThread: ActivityThread,callActivityOnCreate
03-06 11:26:45.982   354   354 D ActivityThread: add activity client record, r= ActivityRecord{75f6660 token=android.os.BinderProxy@90fd91e {com.cambricon.productdisplay/com.cambricon.productdisplay.activity.DetectionActivity2}} token= android.os.BinderProxy@90fd91e
03-06 11:26:46.025  2004  4607 I CommandQueue: updateBarBgColor
03-06 11:26:46.025  2004  4607 D CommandQueue: CommandQueue, setBarBackgroundColor
03-06 11:26:47.091  1256  1799 I chatty  : uid=1000(system) ConnectivitySer expire 32 lines
03-06 11:27:00.018  1256  3138 I chatty  : uid=1000(system) Binder:1256_11 expire 31 lines
03-06 11:27:00.414   500   500 D ActivityThread: ActivityThread,attachApplication
03-06 11:27:02.146   759   759 I chatty  : uid=1010(wifi) /system/bin/wificond expire 30 lines
03-06 11:27:10.140  1256  1453 I chatty  : uid=1000(system) PowerManagerSer expire 41 lines
03-06 11:27:17.238   354   354 V ActivityThread: Finishing stop of ActivityRecord{75f6660 token=android.os.BinderProxy@90fd91e {com.cambricon.productdisplay/com.cambricon.productdisplay.activity.DetectionActivity2}}
03-06 11:27:17.245  1256  2388 I chatty  : uid=1000(system) Binder:1256_B expire 12 lines
03-06 11:27:17.498  1256  1440 I chatty  : uid=1000(system) android.display expire 5 lines
03-06 11:27:17.553  1256  1796 I chatty  : uid=1000(system) WifiP2pService expire 10 lines
03-06 11:27:17.600  1256  1778 I chatty  : uid=1000(system) NetdConnector expire 18 lines
03-06 11:27:17.678  3043  6588 W ContextImpl: Calling a method in the system process without a qualified user: android.app.ContextImpl.bindService:1736 android.content.ContextWrapper.bindService:678 com.huawei.nb.dataservice.dsclient.RemoteServiceConnection.open:90 com.huawei.nb.dataservice.dsclient.DataServiceProxy.connect:105 com.huawei.nb.dataservice.rsclient.internal.RemoteRuleService.start:27 
03-06 11:27:17.693  1256  6057 I chatty  : uid=1000(system) Binder:1256_16 expire 24 lines
03-06 11:27:19.063   437   445 I vold    : TrimTask running tasks: 0
03-06 11:27:19.108   759   759 I chatty  : uid=1010(wifi) /system/bin/wificond expire 54 lines
03-06 11:27:19.109  1256  1799 I chatty  : uid=1000(system) ConnectivitySer expire 17 lines
03-06 11:27:19.191  3043  6721 W ContextImpl: Calling a method in the system process without a qualified user: android.app.ContextImpl.bindService:1736 android.content.ContextWrapper.bindService:678 com.huawei.nb.dataservice.dsclient.RemoteServiceConnection.open:90 com.huawei.nb.dataservice.dsclient.DataServiceProxy.connect:105 com.huawei.nb.dataservice.rsclient.internal.RemoteRuleService.start:27 
03-06 11:27:47.760   605  1232 W SocketListener: sending broadcast to Pid = 1256, Uid = 1000 
03-06 11:27:49.233   759   759 I chatty  : uid=1010(wifi) /system/bin/wificond expire 18 lines
03-06 11:27:51.371  1256  2388 I chatty  : uid=1000(system) Binder:1256_B expire 26 lines
03-06 11:27:51.371  1256  1256 I chatty  : uid=1000 system_server expire 12 lines
03-06 11:27:51.440  1256  1570 I chatty  : uid=1000(system) android.anim expire 24 lines
03-06 11:27:51.453  1256  6058 I chatty  : uid=1000(system) Binder:1256_17 expire 23 lines
03-06 11:27:51.462  2004 27692 I CommandQueue: updateBarBgColor
03-06 11:27:51.462  2004 27692 D CommandQueue: CommandQueue, setBarBackgroundColor
03-06 11:27:51.463  1256  1282 I chatty  : uid=1000(system) Binder:1256_1 expire 19 lines
03-06 11:27:51.546   354   354 D ActivityThread: Remove activity client record, r= ActivityRecord{75f6660 token=android.os.BinderProxy@90fd91e {com.cambricon.productdisplay/com.cambricon.productdisplay.activity.DetectionActivity2}} token= android.os.BinderProxy@90fd91e
03-06 11:27:51.558  1256  3138 I chatty  : uid=1000(system) Binder:1256_11 expire 15 lines
03-06 11:27:53.134  1256  1596 I chatty  : uid=1000(system) InputDispatcher expire 4 lines
03-06 11:27:53.216  1972  2584 I HwNetworkPolicyManager: getHwUidPolicy uid = 10067 policy = 0
03-06 11:27:53.217  2004 27692 I CommandQueue: updateBarBgColor
03-06 11:27:53.217  2004 27692 D CommandQueue: CommandQueue, setBarBackgroundColor
03-06 11:27:53.280   605  1232 W SocketListener: sending broadcast to Pid = 1256, Uid = 1000 
03-06 11:27:53.516   354   354 D ActivityThread: Remove activity client record, r= ActivityRecord{d74bde6 token=android.os.BinderProxy@1ef7be5 {com.cambricon.productdisplay/com.cambricon.productdisplay.activity.HomeActivity}} token= android.os.BinderProxy@1ef7be5
03-06 11:27:54.328  1256  1453 I chatty  : uid=1000(system) PowerManagerSer expire 15 lines
03-06 11:27:54.330  1256  6057 I chatty  : uid=1000(system) Binder:1256_16 expire 7 lines
03-06 11:27:54.424  3618  3618 V ActivityThread: Finishing stop of ActivityRecord{f64f382 token=android.os.BinderProxy@e24aa79 {com.huawei.android.launcher/com.huawei.android.launcher.unihome.UniHomeLauncher}}
03-06 11:27:54.597  1256  1796 I chatty  : uid=1000(system) WifiP2pService expire 11 lines
03-06 11:27:54.598  2004  2004 V KeyguardStatusView: refresh statusview showing:true
03-06 11:27:54.601  2004  2004 V KeyguardDisplayManager: show
03-06 11:27:54.925  3618  3618 V ActivityThread: Handle window ActivityRecord{f64f382 token=android.os.BinderProxy@e24aa79 {com.huawei.android.launcher/com.huawei.android.launcher.unihome.UniHomeLauncher}} visibility: false
03-06 11:27:54.938  1256  9300 I chatty  : uid=1000(system) Binder:1256_1A expire 10 lines
03-06 11:27:55.034  3043  7292 W ContextImpl: Calling a method in the system process without a qualified user: android.app.ContextImpl.bindService:1736 android.content.ContextWrapper.bindService:678 com.huawei.nb.dataservice.dsclient.RemoteServiceConnection.open:90 com.huawei.nb.dataservice.dsclient.DataServiceProxy.connect:105 com.huawei.nb.dataservice.rsclient.internal.RemoteRuleService.start:27 
03-06 11:28:08.302   605  1232 W SocketListener: sending broadcast to Pid = 1256, Uid = 1000 
03-06 11:28:09.688   759   759 I chatty  : uid=1010(wifi) /system/bin/wificond expire 36 lines
03-06 11:28:33.699  1256  1799 I chatty  : uid=1000(system) ConnectivitySer expire 14 lines
03-06 11:28:54.333  1256   972 I chatty  : uid=1000 system_server expire 1 line
03-06 11:28:54.346   605  1232 W SocketListener: sending broadcast to Pid = 1256, Uid = 1000 
03-06 11:28:57.715   759   759 I chatty  : uid=1010(wifi) /system/bin/wificond expire 12 lines
03-06 11:29:10.384   605  1232 W SocketListener: sending broadcast to Pid = 1256, Uid = 1000 
03-06 11:29:10.398  1256  2142 I chatty  : uid=1000(system) Binder:1256_6 expire 13 lines
03-06 11:29:13.720   759   759 I chatty  : uid=1010(wifi) /system/bin/wificond expire 66 lines
03-06 11:29:32.289  1256  1256 I chatty  : uid=1000 system_server expire 19 lines
03-06 11:30:32.689  1256  1579 I chatty  : uid=1000(system) UEventObserver expire 12 lines
03-06 11:30:36.620   605  1232 W SocketListener: sending broadcast to Pid = 1256, Uid = 1000 
03-06 11:30:41.797   759   759 I chatty  : uid=1010(wifi) /system/bin/wificond expire 24 lines
03-06 11:31:00.012  1256  1588 I chatty  : uid=1000(system) Binder:1256_3 expire 3 lines
03-06 11:31:00.047  1256  9300 I chatty  : uid=1000(system) Binder:1256_1A expire 8 lines
03-06 11:31:08.782   605  1232 W SocketListener: sending broadcast to Pid = 1256, Uid = 1000 
03-06 11:31:08.784  1256  1778 I chatty  : uid=1000(system) NetdConnector expire 10 lines
03-06 11:31:13.829   759   759 I chatty  : uid=1010(wifi) /system/bin/wificond expire 12 lines
03-06 11:31:17.492  1256  2104 I chatty  : uid=1000(system) watchdog expire 14 lines
03-06 11:31:25.827   605  1232 W SocketListener: sending broadcast to Pid = 1256, Uid = 1000 
03-06 11:31:29.839   759   759 I chatty  : uid=1010(wifi) /system/bin/wificond expire 30 lines
03-06 11:32:04.896  1256  1385 I chatty  : uid=1000(system) batterystats-sy expire 12 lines
03-06 11:32:06.365   753   927 E /system/bin/storaged: open file /data/storaged/storaged.txt failed!2
03-06 11:32:06.365   753   927 E /system/bin/storaged: write(append)  diskstat data failed!ts:1520307126,read bytes:565264384, write bytes: 244576256
03-06 11:32:06.380   753   927 E /system/bin/storaged: curr_io_stats:  size: 201
03-06 11:32:06.386   753   927 E /system/bin/storaged: open file /data/storaged/storaged.txt failed!2
03-06 11:32:06.386   753   927 E /system/bin/storaged: write(append)  uid data failed!
03-06 11:32:06.386   753   927 E /system/bin/storaged: pid_info get_pids failed
03-06 11:32:09.392   605  1232 W SocketListener: sending broadcast to Pid = 1256, Uid = 1000 
03-06 11:32:09.404  1256  6058 I chatty  : uid=1000(system) Binder:1256_17 expire 7 lines
03-06 11:32:09.874   759   759 I chatty  : uid=1010(wifi) /system/bin/wificond expire 12 lines
03-06 11:32:23.085   605  1232 W SocketListener: sending broadcast to Pid = 1256, Uid = 1000 
03-06 11:32:25.886   759   759 I chatty  : uid=1010(wifi) /system/bin/wificond expire 12 lines
03-06 11:32:41.073   605  1232 W SocketListener: sending broadcast to Pid = 1256, Uid = 1000 
03-06 11:32:41.298  1256  1849 I chatty  : uid=1000(system) StatisticsCHRMs expire 12 lines
03-06 11:32:41.899   759   759 I chatty  : uid=1010(wifi) /system/bin/wificond expire 150 lines
03-06 11:33:03.751  1256  1256 I chatty  : uid=1000 system_server expire 20 lines
03-06 11:33:03.767  1256  1446 I chatty  : uid=1000(system) CpuTracker expire 4 lines
03-06 11:33:33.942  1256  1579 I chatty  : uid=1000(system) UEventObserver expire 10 lines
03-06 11:35:56.853   605  1232 W SocketListener: sending broadcast to Pid = 1256, Uid = 1000 
03-06 11:35:56.856  1256  1778 I chatty  : uid=1000(system) NetdConnector expire 10 lines
03-06 11:35:56.860  1256  1438 I chatty  : uid=1000(system) android.fg expire 15 lines
03-06 11:36:02.075   759   759 I chatty  : uid=1010(wifi) /system/bin/wificond expire 24 lines
03-06 11:36:04.992  1256  1579 I chatty  : uid=1000(system) UEventObserver expire 10 lines
03-06 11:36:32.305   605  1232 W SocketListener: sending broadcast to Pid = 1256, Uid = 1000 
03-06 11:36:34.104   759   759 I chatty  : uid=1010(wifi) /system/bin/wificond expire 108 lines
03-06 11:38:17.516  1256  2104 I chatty  : uid=1000(system) watchdog expire 17 lines
03-06 11:38:36.023  1256  1579 I chatty  : uid=1000(system) UEventObserver expire 10 lines
03-06 11:38:36.034  1256  1256 I chatty  : uid=1000 system_server expire 10 lines
03-06 11:38:56.141   605  1232 W SocketListener: sending broadcast to Pid = 1256, Uid = 1000 
03-06 11:38:58.235   759   759 I chatty  : uid=1010(wifi) /system/bin/wificond expire 12 lines
03-06 11:39:11.215   605  1232 W SocketListener: sending broadcast to Pid = 1256, Uid = 1000 
03-06 11:39:14.248   759   759 I chatty  : uid=1010(wifi) /system/bin/wificond expire 84 lines
03-06 11:40:36.860  1256  1256 I chatty  : uid=1000 system_server expire 24 lines
03-06 11:41:01.681   605  1232 W SocketListener: sending broadcast to Pid = 1256, Uid = 1000 
03-06 11:41:01.758  1256 17774 I chatty  : uid=1000(system) Binder:1256_20 expire 18 lines
03-06 11:41:01.765  1256  1282 I chatty  : uid=1000(system) Binder:1256_1 expire 82 lines
03-06 11:41:06.347   759   759 I chatty  : uid=1010(wifi) /system/bin/wificond expire 36 lines
03-06 11:41:06.827  2175  2175 D ActivityThread: ActivityThread,attachApplication
03-06 11:41:06.936  1256  3129 I chatty  : uid=1000(system) Binder:1256_10 expire 30 lines
03-06 11:41:07.056  1256  1579 I chatty  : uid=1000(system) UEventObserver expire 18 lines
03-06 11:41:07.059  2231  2231 D ActivityThread: ActivityThread,attachApplication
03-06 11:41:07.141  2231  2231 I         : RegisterNatives OK!
03-06 11:41:08.585  1256  4568 I chatty  : uid=1000(system) Binder:1256_15 expire 46 lines
03-06 11:41:08.751  1256  9302 I chatty  : uid=1000(system) Binder:1256_1C expire 11 lines
03-06 11:41:53.008   605  1232 W SocketListener: sending broadcast to Pid = 1256, Uid = 1000 
03-06 11:41:53.010  1256  1778 I chatty  : uid=1000(system) NetdConnector expire 10 lines
03-06 11:41:54.396   759   759 I chatty  : uid=1010(wifi) /system/bin/wificond expire 162 lines
03-06 11:45:26.257   605  1232 W SocketListener: sending broadcast to Pid = 1256, Uid = 1000 
