03-06 11:45:26.263  1256  4568 I chatty  : uid=1000(system) Binder:1256_15 expire 10 lines
03-06 11:45:30.599   759   759 I chatty  : uid=1010(wifi) /system/bin/wificond expire 12 lines
03-06 11:45:38.933  1256  1579 I chatty  : uid=1000(system) UEventObserver expire 10 lines
03-06 11:45:38.945  1256  1256 I chatty  : uid=1000 system_server expire 10 lines
03-06 11:45:41.486   605  1232 W SocketListener: sending broadcast to Pid = 1256, Uid = 1000 
03-06 11:45:46.620   759   759 I chatty  : uid=1010(wifi) /system/bin/wificond expire 42 lines
03-06 11:46:38.082   605  1232 W SocketListener: sending broadcast to Pid = 1256, Uid = 1000 
03-06 11:46:42.667   759   759 I chatty  : uid=1010(wifi) /system/bin/wificond expire 18 lines
03-06 11:46:47.543  1256  2104 I chatty  : uid=1000(system) watchdog expire 10 lines
03-06 11:47:06.392   753   927 E /system/bin/storaged: pid_info get_pids failed
03-06 11:47:06.683   759   759 I chatty  : uid=1010(wifi) /system/bin/wificond expire 150 lines
03-06 11:47:13.262   605  1232 W SocketListener: sending broadcast to Pid = 1256, Uid = 1000 
03-06 11:47:13.277  1256  3124 I chatty  : uid=1000(system) Binder:1256_F expire 14 lines
03-06 11:48:09.976  1256  1579 I chatty  : uid=1000(system) UEventObserver expire 10 lines
03-06 11:48:09.989  1256  1256 I chatty  : uid=1000 system_server expire 31 lines
03-06 11:50:24.443  1256  1779 I chatty  : uid=1000(system) NetworkStats expire 14 lines
03-06 11:50:24.448  1256  1778 I chatty  : uid=1000(system) NetdConnector expire 10 lines
03-06 11:50:24.497  3416  3416 D ActivityThread: ActivityThread,attachApplication
03-06 11:50:24.499  1256  1283 I chatty  : uid=1000(system) Binder:1256_2 expire 1 line
03-06 11:50:24.522  1256  2198 I chatty  : uid=1000(system) Binder:1256_9 expire 22 lines
03-06 11:50:24.533  1256 17774 I chatty  : uid=1000(system) Binder:1256_20 expire 13 lines
03-06 11:50:24.774   605  1232 W SocketListener: sending broadcast to Pid = 1256, Uid = 1000 
03-06 11:50:26.838   759   759 I chatty  : uid=1010(wifi) /system/bin/wificond expire 12 lines
03-06 11:50:29.591  3472  3472 D ActivityThread: ActivityThread,attachApplication
03-06 11:50:29.899  1256  1593 I chatty  : uid=1000(system) sManagerService expire 7 lines
03-06 11:50:39.854   605  1236 W SocketListener: sending broadcast to Pid = 1256, Uid = 1000 
03-06 11:50:41.015  1256  1579 I chatty  : uid=1000(system) UEventObserver expire 10 lines
03-06 11:50:41.037  1256  1256 I chatty  : uid=1000 system_server expire 10 lines
03-06 11:50:42.847   759   759 I chatty  : uid=1010(wifi) /system/bin/wificond expire 18 lines
03-06 11:51:02.416   605  1232 W SocketListener: sending broadcast to Pid = 1256, Uid = 1000 
03-06 11:51:02.431  1256  2198 I chatty  : uid=1000(system) Binder:1256_9 expire 6 lines
03-06 11:51:06.871   759   759 I chatty  : uid=1010(wifi) /system/bin/wificond expire 24 lines
03-06 11:51:34.910   605  1232 W SocketListener: sending broadcast to Pid = 1256, Uid = 1000 
03-06 11:51:34.912  1256  1778 I chatty  : uid=1000(system) NetdConnector expire 16 lines
03-06 11:51:34.916  1256  1438 I chatty  : uid=1000(system) android.fg expire 13 lines
03-06 11:51:38.902   759   759 I chatty  : uid=1010(wifi) /system/bin/wificond expire 12 lines
03-06 11:51:47.555  1256  2104 I chatty  : uid=1000(system) watchdog expire 12 lines
03-06 11:51:49.999   605  1232 W SocketListener: sending broadcast to Pid = 1256, Uid = 1000 
03-06 11:51:54.915   759   759 I chatty  : uid=1010(wifi) /system/bin/wificond expire 42 lines
03-06 11:51:56.521   605  1232 W SocketListener: sending broadcast to Pid = 1256, Uid = 1000 
03-06 11:51:56.528  1256  3124 I chatty  : uid=1000(system) Binder:1256_F expire 12 lines
03-06 11:52:41.864  1256  1256 I chatty  : uid=1000 system_server expire 10 lines
03-06 11:52:46.766   605  1232 W SocketListener: sending broadcast to Pid = 1256, Uid = 1000 
03-06 11:52:50.968   759   759 I chatty  : uid=1010(wifi) /system/bin/wificond expire 18 lines
03-06 11:52:55.790   605  1232 W SocketListener: sending broadcast to Pid = 1256, Uid = 1000 
03-06 11:53:10.831   605  1232 W SocketListener: sending broadcast to Pid = 1256, Uid = 1000 
03-06 11:53:12.049  1256  1579 I chatty  : uid=1000(system) UEventObserver expire 10 lines
03-06 11:53:14.983   759   759 I chatty  : uid=1010(wifi) /system/bin/wificond expire 24 lines
03-06 11:53:43.918   605  1232 W SocketListener: sending broadcast to Pid = 1256, Uid = 1000 
03-06 11:53:47.009   759   759 I chatty  : uid=1010(wifi) /system/bin/wificond expire 12 lines
03-06 11:53:47.021  1256 17774 I chatty  : uid=1000(system) Binder:1256_20 expire 10 lines
03-06 11:53:58.957   605  1232 W SocketListener: sending broadcast to Pid = 1256, Uid = 1000 
03-06 11:54:03.024   759   759 I chatty  : uid=1010(wifi) /system/bin/wificond expire 78 lines
03-06 11:55:12.904  1256  1256 I chatty  : uid=1000 system_server expire 10 lines
03-06 11:55:41.152   605  1232 W SocketListener: sending broadcast to Pid = 1256, Uid = 1000 
03-06 11:55:41.155  1256  1778 I chatty  : uid=1000(system) NetdConnector expire 10 lines
03-06 11:55:43.105  1256  1579 I chatty  : uid=1000(system) UEventObserver expire 10 lines
03-06 11:55:47.118   759   759 I chatty  : uid=1010(wifi) /system/bin/wificond expire 30 lines
03-06 11:56:19.161  1256  2388 I chatty  : uid=1000(system) Binder:1256_B expire 8 lines
03-06 11:56:19.437   605  1232 W SocketListener: sending broadcast to Pid = 1256, Uid = 1000 
03-06 11:56:27.163   759   759 I chatty  : uid=1010(wifi) /system/bin/wificond expire 18 lines
03-06 11:56:33.265   605  1232 W SocketListener: sending broadcast to Pid = 1256, Uid = 1000 
03-06 11:56:43.181  1256  1799 I chatty  : uid=1000(system) ConnectivitySer expire 11 lines
03-06 11:56:48.303   605  1232 W SocketListener: sending broadcast to Pid = 1256, Uid = 1000 
03-06 11:56:48.383  1256  3146 I chatty  : uid=1000(system) Binder:1256_13 expire 10 lines
03-06 11:56:51.185   759   759 I chatty  : uid=1010(wifi) /system/bin/wificond expire 30 lines
03-06 11:57:13.738  1256  1256 I chatty  : uid=1000 system_server expire 10 lines
03-06 11:57:30.991   605  1232 W SocketListener: sending broadcast to Pid = 1256, Uid = 1000 
03-06 11:57:31.220   759   759 I chatty  : uid=1010(wifi) /system/bin/wificond expire 12 lines
03-06 11:57:46.031   605  1232 W SocketListener: sending broadcast to Pid = 1256, Uid = 1000 
03-06 11:57:46.036  1256  1778 I chatty  : uid=1000(system) NetdConnector expire 10 lines
03-06 11:57:46.039  1256  1438 I chatty  : uid=1000(system) android.fg expire 11 lines
03-06 11:57:47.244   759   759 I chatty  : uid=1010(wifi) /system/bin/wificond expire 30 lines
03-06 11:57:47.572  1256  2104 I chatty  : uid=1000(system) watchdog expire 13 lines
03-06 11:57:55.049   605  1232 W SocketListener: sending broadcast to Pid = 1256, Uid = 1000 
03-06 11:58:14.137  1256  1579 I chatty  : uid=1000(system) UEventObserver expire 20 lines
03-06 11:58:26.225   605  1232 W SocketListener: sending broadcast to Pid = 1256, Uid = 1000 
03-06 11:58:26.641   605  1232 W SocketListener: sending broadcast to Pid = 1256, Uid = 1000 
03-06 11:58:26.649  1256 17774 I chatty  : uid=1000(system) Binder:1256_20 expire 2 lines
03-06 11:58:27.261   759   759 I chatty  : uid=1010(wifi) /system/bin/wificond expire 12 lines
03-06 11:58:42.415   605  1232 W SocketListener: sending broadcast to Pid = 1256, Uid = 1000 
03-06 11:58:43.277   759   759 I chatty  : uid=1010(wifi) /system/bin/wificond expire 12 lines
03-06 11:58:44.361  1256  1256 I chatty  : uid=1000 system_server expire 17 lines
03-06 11:58:54.335  1256  4275 I chatty  : uid=1000 system_server expire 1 line
03-06 11:58:54.343   605  1232 W SocketListener: sending broadcast to Pid = 1256, Uid = 1000 
03-06 11:58:54.346  1256  1778 I chatty  : uid=1000(system) NetdConnector expire 10 lines
03-06 11:58:57.344  1256  5294 I chatty  : uid=1000(system) DhcpClient expire 8 lines
03-06 11:58:57.392   759   759 I chatty  : uid=1010(wifi) /system/bin/wificond expire 15 lines
03-06 11:58:57.415 28852 28852 W ContextImpl: Calling a method in the system process without a qualified user: android.app.ContextImpl.startService:1656 android.content.ContextWrapper.startService:644 android.content.ContextWrapper.startService:644 com.android.settings.wifi.AccessPointConnectedReceiver.onReceive:25 android.app.ActivityThread.handleReceiver:3662 
03-06 11:58:57.463  4279  4279 D ActivityThread: ActivityThread,attachApplication
03-06 11:59:14.734   605  1232 W SocketListener: sending broadcast to Pid = 1256, Uid = 1000 
03-06 11:59:15.298   759   759 I chatty  : uid=1010(wifi) /system/bin/wificond expire 132 lines
03-06 12:02:06.398   753   927 E /system/bin/storaged: pid_info get_pids failed
03-06 12:02:11.431   759   759 I chatty  : uid=1010(wifi) /system/bin/wificond expire 126 lines
03-06 12:03:16.213  1256  1579 I chatty  : uid=1000(system) UEventObserver expire 16 lines
03-06 12:03:16.230  1256  1256 I chatty  : uid=1000 system_server expire 19 lines
03-06 12:03:54.316  1256  1282 I chatty  : uid=1000(system) Binder:1256_1 expire 10 lines
03-06 12:04:17.589  1256  2104 I chatty  : uid=1000(system) watchdog expire 10 lines
03-06 12:04:56.759   605  1232 W SocketListener: sending broadcast to Pid = 1256, Uid = 1000 
03-06 12:04:56.761  1256  1778 I chatty  : uid=1000(system) NetdConnector expire 16 lines
03-06 12:04:59.602   759   759 I chatty  : uid=1010(wifi) /system/bin/wificond expire 12 lines
03-06 12:05:11.857   605  1232 W SocketListener: sending broadcast to Pid = 1256, Uid = 1000 
03-06 12:05:15.615   759   759 I chatty  : uid=1010(wifi) /system/bin/wificond expire 282 lines
03-06 12:06:47.687  1256  1256 I chatty  : uid=1000 system_server expire 30 lines
03-06 12:07:17.883  1256  1579 I chatty  : uid=1000(system) UEventObserver expire 20 lines
03-06 12:09:17.608  1256  2104 I chatty  : uid=1000(system) watchdog expire 10 lines
03-06 12:11:26.891   605  1232 W SocketListener: sending broadcast to Pid = 1256, Uid = 1000 
03-06 12:11:31.970   759   759 I chatty  : uid=1010(wifi) /system/bin/wificond expire 12 lines
03-06 12:11:41.999   605  1232 W SocketListener: sending broadcast to Pid = 1256, Uid = 1000 
03-06 12:11:47.983   759   759 I chatty  : uid=1010(wifi) /system/bin/wificond expire 120 lines
03-06 12:12:19.959  1256  1579 I chatty  : uid=1000(system) UEventObserver expire 10 lines
03-06 12:13:50.598  1256  1256 I chatty  : uid=1000 system_server expire 10 lines
03-06 12:14:17.627  1256  2104 I chatty  : uid=1000(system) watchdog expire 12 lines
03-06 12:14:24.642  1256  1806 I chatty  : uid=1000(system) onProviders.ECP expire 10 lines
03-06 12:14:24.674  5464  5464 D ActivityThread: ActivityThread,attachApplication
03-06 12:14:28.120   759   759 I chatty  : uid=1010(wifi) /system/bin/wificond expire 120 lines
03-06 12:14:51.001  1256  1579 I chatty  : uid=1000(system) UEventObserver expire 10 lines
03-06 12:15:21.225  1256  1256 I chatty  : uid=1000 system_server expire 27 lines
03-06 12:17:06.405   753   927 E /system/bin/storaged: pid_info get_pids failed
03-06 12:17:08.286   759   759 I chatty  : uid=1010(wifi) /system/bin/wificond expire 18 lines
03-06 12:17:22.041  1256  1579 I chatty  : uid=1000(system) UEventObserver expire 12 lines
03-06 12:17:29.146  1256  1256 I chatty  : uid=1000 system_server expire 11 lines
03-06 12:17:29.168  1256  1282 I chatty  : uid=1000(system) Binder:1256_1 expire 10 lines
03-06 12:17:29.425  1256  2740 I chatty  : uid=1000(system) Binder:1256_C expire 3 lines
03-06 12:17:29.428  5709  5709 D ActivityThread: ActivityThread,attachApplication
03-06 12:17:29.429  1256  3146 I chatty  : uid=1000(system) Binder:1256_13 expire 10 lines
03-06 12:17:29.683  5709  5709 W ContextImpl: Calling a method in the system process without a qualified user: android.app.ContextImpl.startService:1656 android.content.ContextWrapper.startService:644 android.content.ContextWrapper.startService:644 com.huawei.hiwibd.android.trigger.HiWiTrigger.startHiWIService:126 com.huawei.hiwibd.android.trigger.HiWiReceiver$1.handleMessage:28 
03-06 12:17:32.313   759   759 I chatty  : uid=1010(wifi) /system/bin/wificond expire 12 lines
03-06 12:17:47.293   605  1232 W SocketListener: sending broadcast to Pid = 1256, Uid = 1000 
03-06 12:17:47.300  1256  1438 I chatty  : uid=1000(system) android.fg expire 11 lines
03-06 12:17:48.324   759   759 I chatty  : uid=1010(wifi) /system/bin/wificond expire 18 lines
03-06 12:18:12.208   605  1232 W SocketListener: sending broadcast to Pid = 1256, Uid = 1000 
03-06 12:18:12.355   759   759 I chatty  : uid=1010(wifi) /system/bin/wificond expire 78 lines
03-06 12:19:48.320  1256  3146 I chatty  : uid=1000(system) Binder:1256_13 expire 14 lines
03-06 12:19:53.094  1256  1256 I chatty  : uid=1000 system_server expire 22 lines
03-06 12:19:53.451  5921  5921 D ActivityThread: ActivityThread,attachApplication
03-06 12:19:53.486  1256 13029 I chatty  : uid=1000(system) Binder:1256_1F expire 47 lines
03-06 12:19:53.549  1256 10569 I chatty  : uid=1000(system) Binder:1256_1D expire 15 lines
03-06 12:19:53.645  5956  5956 D ActivityThread: ActivityThread,attachApplication
03-06 12:19:53.675  1256  2199 I chatty  : uid=1000(system) Binder:1256_A expire 10 lines
03-06 12:19:53.684  5956  5956 I         : RegisterNatives OK!
03-06 12:19:55.329  1256  1282 I chatty  : uid=1000(system) Binder:1256_1 expire 13 lines
03-06 12:19:56.451   759   759 I chatty  : uid=1010(wifi) /system/bin/wificond expire 210 lines
03-06 12:20:17.649  1256  2104 I chatty  : uid=1000(system) watchdog expire 18 lines
03-06 12:20:23.292  1256  1579 I chatty  : uid=1000(system) UEventObserver expire 18 lines
03-06 12:24:27.242   605  1232 W SocketListener: sending broadcast to Pid = 1256, Uid = 1000 
03-06 12:24:27.243  1256  1778 I chatty  : uid=1000(system) NetdConnector expire 10 lines
03-06 12:24:27.259  1256  9302 I chatty  : uid=1000(system) Binder:1256_1C expire 24 lines
03-06 12:24:32.323  6372  6372 D ActivityThread: ActivityThread,attachApplication
03-06 12:24:32.494  1256  2199 I chatty  : uid=1000(system) Binder:1256_A expire 13 lines
03-06 12:24:36.704   759   759 I chatty  : uid=1010(wifi) /system/bin/wificond expire 114 lines
03-06 12:24:42.289   605  1232 W SocketListener: sending broadcast to Pid = 1256, Uid = 1000 
03-06 12:24:42.302  1256 10569 I chatty  : uid=1000(system) Binder:1256_1D expire 11 lines
03-06 12:24:55.159  1256  1579 I chatty  : uid=1000(system) UEventObserver expire 10 lines
03-06 12:24:55.170  1256  1256 I chatty  : uid=1000 system_server expire 10 lines
03-06 12:27:06.811   605  1232 W SocketListener: sending broadcast to Pid = 1256, Uid = 1000 
03-06 12:27:08.827   759   759 I chatty  : uid=1010(wifi) /system/bin/wificond expire 12 lines
03-06 12:27:24.846   605  1232 W SocketListener: sending broadcast to Pid = 1256, Uid = 1000 
03-06 12:27:24.849   759   759 I chatty  : uid=1010(wifi) /system/bin/wificond expire 84 lines
03-06 12:27:26.197  1256  1579 I chatty  : uid=1000(system) UEventObserver expire 20 lines
03-06 12:27:26.213  1256  1256 I chatty  : uid=1000 system_server expire 15 lines
03-06 12:28:54.337  1256  6745 I chatty  : uid=1000 system_server expire 1 line
03-06 12:28:54.344   605  1232 W SocketListener: sending broadcast to Pid = 1256, Uid = 1000 
03-06 12:29:09.422   605  1236 W SocketListener: sending broadcast to Pid = 1256, Uid = 1000 
03-06 12:29:09.427  1256  1778 I chatty  : uid=1000(system) NetdConnector expire 16 lines
03-06 12:29:10.383   605  1232 W SocketListener: sending broadcast to Pid = 1256, Uid = 1000 
03-06 12:29:10.447  1256  2199 I chatty  : uid=1000(system) Binder:1256_A expire 10 lines
03-06 12:29:16.945   759   759 I chatty  : uid=1010(wifi) /system/bin/wificond expire 90 lines
03-06 12:29:17.682  1256  2104 I chatty  : uid=1000(system) watchdog expire 17 lines
03-06 12:30:57.351   605  1232 W SocketListener: sending broadcast to Pid = 1256, Uid = 1000 
03-06 12:30:57.665  1256  1256 I chatty  : uid=1000 system_server expire 19 lines
03-06 12:31:12.433   605  1232 W SocketListener: sending broadcast to Pid = 1256, Uid = 1000 
03-06 12:31:12.440  1256  1438 I chatty  : uid=1000(system) android.fg expire 15 lines
03-06 12:31:17.065   759   759 I chatty  : uid=1010(wifi) /system/bin/wificond expire 228 lines
03-06 12:32:06.416   753   927 E /system/bin/storaged: open file /data/storaged/storaged.txt failed!2
03-06 12:32:06.416   753   927 E /system/bin/storaged: write(append)  diskstat data failed!ts:1520310726,read bytes:414912512, write bytes: 86122496
03-06 12:32:06.431   753   927 E /system/bin/storaged: curr_io_stats:  size: 201
03-06 12:32:06.440   753   927 E /system/bin/storaged: open file /data/storaged/storaged.txt failed!2
03-06 12:32:06.440   753   927 E /system/bin/storaged: write(append)  uid data failed!
03-06 12:32:06.441   753   927 E /system/bin/storaged: pid_info get_pids failed
03-06 12:32:28.279  1256  1579 I chatty  : uid=1000(system) UEventObserver expire 16 lines
03-06 12:36:11.250   605  1232 W SocketListener: sending broadcast to Pid = 1256, Uid = 1000 
03-06 12:36:21.369   759   759 I chatty  : uid=1010(wifi) /system/bin/wificond expire 66 lines
03-06 12:36:26.288   605  1232 W SocketListener: sending broadcast to Pid = 1256, Uid = 1000 
03-06 12:36:29.945  1256  1579 I chatty  : uid=1000(system) UEventObserver expire 10 lines
03-06 12:36:29.962  1256  1256 I chatty  : uid=1000 system_server expire 20 lines
03-06 12:37:27.463   605  1232 W SocketListener: sending broadcast to Pid = 1256, Uid = 1000 
03-06 12:37:42.575   605  1232 W SocketListener: sending broadcast to Pid = 1256, Uid = 1000 
03-06 12:37:47.711  1256  2104 I chatty  : uid=1000(system) watchdog expire 13 lines
03-06 12:37:49.455   759   759 I chatty  : uid=1010(wifi) /system/bin/wificond expire 72 lines
03-06 12:38:54.686  1256  1256 I chatty  : uid=1000 system_server expire 54 lines
03-06 12:38:54.699  1256 10569 I chatty  : uid=1000(system) Binder:1256_1D expire 9 lines
03-06 12:38:54.707  1256  9302 I chatty  : uid=1000(system) Binder:1256_1C expire 12 lines
03-06 12:38:54.766  3560  3939 D DownloadManager: Removed 0 stale downloads
03-06 12:38:54.773  3560  3939 D DownloadManager: Found 0 files in database
03-06 12:38:54.773  3560  3939 D DownloadManager: Found 0 files on disk
03-06 12:39:00.973  1256  1579 I chatty  : uid=1000(system) UEventObserver expire 22 lines
03-06 12:39:25.547   759   759 I chatty  : uid=1010(wifi) /system/bin/wificond expire 210 lines
03-06 12:41:45.917  1256  2199 I chatty  : uid=1000(system) Binder:1256_A expire 19 lines
03-06 12:43:57.600   605  1232 W SocketListener: sending broadcast to Pid = 1256, Uid = 1000 
03-06 12:43:57.602  1256  1778 I chatty  : uid=1000(system) NetdConnector expire 16 lines
03-06 12:44:05.774   759   759 I chatty  : uid=1010(wifi) /system/bin/wificond expire 138 lines
03-06 12:44:12.655   605  1232 W SocketListener: sending broadcast to Pid = 1256, Uid = 1000 
03-06 12:44:17.734  1256  2104 I chatty  : uid=1000(system) watchdog expire 13 lines
03-06 12:44:33.283  1256  1579 I chatty  : uid=1000(system) UEventObserver expire 12 lines
03-06 12:47:04.317  1256  1256 I chatty  : uid=1000 system_server expire 19 lines
03-06 12:47:06.446   753   927 E /system/bin/storaged: pid_info get_pids failed
03-06 12:47:09.934   759   759 I chatty  : uid=1010(wifi) /system/bin/wificond expire 156 lines
03-06 12:47:34.521  1256  1579 I chatty  : uid=1000(system) UEventObserver expire 12 lines
03-06 12:50:24.598  1256  1779 I chatty  : uid=1000(system) NetworkStats expire 14 lines
03-06 12:50:24.603   605  1232 W SocketListener: sending broadcast to Pid = 1256, Uid = 1000 
03-06 12:50:24.605  1256  1256 I chatty  : uid=1000 system_server expire 16 lines
03-06 12:50:24.657  1256  3146 I chatty  : uid=1000(system) Binder:1256_13 expire 8 lines
03-06 12:50:27.641  1256  1282 I chatty  : uid=1000(system) Binder:1256_1 expire 12 lines
03-06 12:50:35.765  1256  1579 I chatty  : uid=1000(system) UEventObserver expire 26 lines
03-06 12:50:38.118   759   759 I chatty  : uid=1010(wifi) /system/bin/wificond expire 12 lines
03-06 12:50:47.751  1256  2104 I chatty  : uid=1000(system) watchdog expire 13 lines
03-06 12:50:50.160   605  1232 W SocketListener: sending broadcast to Pid = 1256, Uid = 1000 
03-06 12:50:54.135   759   759 I chatty  : uid=1010(wifi) /system/bin/wificond expire 276 lines
03-06 12:51:05.989  1256  1256 I chatty  : uid=1000 system_server expire 26 lines
03-06 12:56:57.847   605  1232 W SocketListener: sending broadcast to Pid = 1256, Uid = 1000 
03-06 12:56:57.856  1256  2199 I chatty  : uid=1000(system) Binder:1256_A expire 27 lines
03-06 12:57:02.479   759   759 I chatty  : uid=1010(wifi) /system/bin/wificond expire 12 lines
03-06 12:57:08.478  1256  1579 I chatty  : uid=1000(system) UEventObserver expire 10 lines
03-06 12:57:08.498  1256  1256 I chatty  : uid=1000 system_server expire 13 lines
03-06 12:57:12.942   605  1232 W SocketListener: sending broadcast to Pid = 1256, Uid = 1000 
03-06 12:57:17.768  1256  2104 I chatty  : uid=1000(system) watchdog expire 10 lines
03-06 12:57:18.492   759   759 I chatty  : uid=1010(wifi) /system/bin/wificond expire 78 lines
03-06 12:58:54.341  1256  9086 I chatty  : uid=1000 system_server expire 1 line
03-06 12:58:54.346   605  1232 W SocketListener: sending broadcast to Pid = 1256, Uid = 1000 
03-06 12:58:54.349  1256  1778 I chatty  : uid=1000(system) NetdConnector expire 10 lines
03-06 12:58:57.390  1256  1796 I chatty  : uid=1000(system) WifiP2pService expire 6 lines
03-06 12:58:57.414  1256  1799 I chatty  : uid=1000(system) ConnectivitySer expire 11 lines
03-06 12:58:57.420   759   759 I chatty  : uid=1010(wifi) /system/bin/wificond expire 15 lines
03-06 12:58:57.445  1256  3124 I chatty  : uid=1000(system) Binder:1256_F expire 2 lines
03-06 12:58:57.445 28852 28852 W ContextImpl: Calling a method in the system process without a qualified user: android.app.ContextImpl.startService:1656 android.content.ContextWrapper.startService:644 android.content.ContextWrapper.startService:644 com.android.settings.wifi.AccessPointConnectedReceiver.onReceive:25 android.app.ActivityThread.handleReceiver:3662 
03-06 12:58:57.495  9096  9096 D ActivityThread: ActivityThread,attachApplication
03-06 12:59:09.327  1256  1256 I chatty  : uid=1000 system_server expire 12 lines
03-06 12:59:12.432   605  1232 W SocketListener: sending broadcast to Pid = 1256, Uid = 1000 
03-06 12:59:18.594   759   759 I chatty  : uid=1010(wifi) /system/bin/wificond expire 126 lines
03-06 12:59:24.461   605  1236 W SocketListener: sending broadcast to Pid = 1256, Uid = 1000 
03-06 12:59:24.462  1256  1778 I chatty  : uid=1000(system) NetdConnector expire 14 lines
03-06 12:59:39.509  1256  1579 I chatty  : uid=1000(system) UEventObserver expire 10 lines
03-06 13:02:04.982  1256  1385 I chatty  : uid=1000(system) batterystats-sy expire 8 lines
03-06 13:02:06.452   753   927 E /system/bin/storaged: pid_info get_pids failed
03-06 13:02:06.722   759   759 I chatty  : uid=1010(wifi) /system/bin/wificond expire 72 lines
03-06 13:02:10.553  1256  1579 I chatty  : uid=1000(system) UEventObserver expire 32 lines
03-06 13:02:17.784  1256  2104 I chatty  : uid=1000(system) watchdog expire 16 lines
03-06 13:02:41.491  1256  1849 I chatty  : uid=1000(system) StatisticsCHRMs expire 8 lines
03-06 13:03:27.909  1256  1256 I chatty  : uid=1000 system_server expire 29 lines
03-06 13:03:27.942  1256  9302 I chatty  : uid=1000(system) Binder:1256_1C expire 11 lines
03-06 13:03:27.969   605  1232 W SocketListener: sending broadcast to Pid = 1256, Uid = 1000 
03-06 13:03:27.972  1256  1438 I chatty  : uid=1000(system) android.fg expire 16 lines
03-06 13:03:42.799   759   759 I chatty  : uid=1010(wifi) /system/bin/wificond expire 294 lines
03-06 13:03:43.022   605  1232 W SocketListener: sending broadcast to Pid = 1256, Uid = 1000 
03-06 13:09:58.080   605  1232 W SocketListener: sending broadcast to Pid = 1256, Uid = 1000 
03-06 13:09:58.270  1256  1365 I chatty  : uid=1000(system) android.bg expire 1 line
03-06 13:10:13.168   605  1232 W SocketListener: sending broadcast to Pid = 1256, Uid = 1000 
03-06 13:10:13.880  1256  1579 I chatty  : uid=1000(system) UEventObserver expire 26 lines
03-06 13:10:13.896  1256  1256 I chatty  : uid=1000 system_server expire 26 lines
03-06 13:10:15.178   759   759 I chatty  : uid=1010(wifi) /system/bin/wificond expire 294 lines
03-06 13:10:17.808  1256  2104 I chatty  : uid=1000(system) watchdog expire 13 lines
03-06 13:16:28.197  1256  2199 I chatty  : uid=1000(system) Binder:1256_A expire 3 lines
03-06 13:16:28.230   605  1232 W SocketListener: sending broadcast to Pid = 1256, Uid = 1000 
03-06 13:16:28.231  1256  1778 I chatty  : uid=1000(system) NetdConnector expire 14 lines
03-06 13:16:28.236  1256  9302 I chatty  : uid=1000(system) Binder:1256_1C expire 10 lines
03-06 13:16:43.314   605  1232 W SocketListener: sending broadcast to Pid = 1256, Uid = 1000 
03-06 13:16:46.581  1256  1579 I chatty  : uid=1000(system) UEventObserver expire 25 lines
03-06 13:16:46.595  1256  1256 I chatty  : uid=1000 system_server expire 22 lines
03-06 13:16:47.526   759   759 I chatty  : uid=1010(wifi) /system/bin/wificond expire 18 lines
03-06 13:16:47.826  1256  2104 I chatty  : uid=1000(system) watchdog expire 13 lines
03-06 13:17:06.459   753   927 E /system/bin/storaged: pid_info get_pids failed
03-06 13:17:11.545   759   759 I chatty  : uid=1010(wifi) /system/bin/wificond expire 264 lines
03-06 13:22:49.080  1256  1579 I chatty  : uid=1000(system) UEventObserver expire 25 lines
03-06 13:22:49.094  1256  1256 I chatty  : uid=1000 system_server expire 28 lines
03-06 13:22:58.351   605  1232 W SocketListener: sending broadcast to Pid = 1256, Uid = 1000 
03-06 13:23:03.890   759   759 I chatty  : uid=1010(wifi) /system/bin/wificond expire 276 lines
03-06 13:23:13.455   605  1232 W SocketListener: sending broadcast to Pid = 1256, Uid = 1000 
03-06 13:23:17.846  1256  2104 I chatty  : uid=1000(system) watchdog expire 12 lines
03-06 13:28:54.344  1256 11286 I chatty  : uid=1000 system_server expire 1 line
03-06 13:28:54.349   605  1232 W SocketListener: sending broadcast to Pid = 1256, Uid = 1000 
03-06 13:29:10.385   605  1232 W SocketListener: sending broadcast to Pid = 1256, Uid = 1000 
03-06 13:29:12.219   759   759 I chatty  : uid=1010(wifi) /system/bin/wificond expire 18 lines
03-06 13:29:17.866  1256  2104 I chatty  : uid=1000(system) watchdog expire 10 lines
03-06 13:29:21.784  1256  1579 I chatty  : uid=1000(system) UEventObserver expire 10 lines
03-06 13:29:21.796  1256  1256 I chatty  : uid=1000 system_server expire 10 lines
03-06 13:29:28.485   605  1232 W SocketListener: sending broadcast to Pid = 1256, Uid = 1000 
03-06 13:29:36.238   759   759 I chatty  : uid=1010(wifi) /system/bin/wificond expire 114 lines
03-06 13:29:39.502   605  1236 W SocketListener: sending broadcast to Pid = 1256, Uid = 1000 
03-06 13:29:39.506  1256  1778 I chatty  : uid=1000(system) NetdConnector expire 10 lines
03-06 13:29:43.537   605  1232 W SocketListener: sending broadcast to Pid = 1256, Uid = 1000 
03-06 13:31:52.832  1256  1579 I chatty  : uid=1000(system) UEventObserver expire 10 lines
03-06 13:31:52.849  1256  1256 I chatty  : uid=1000 system_server expire 10 lines
03-06 13:32:06.468   753   927 E /system/bin/storaged: open file /data/storaged/storaged.txt failed!2
03-06 13:32:06.469   753   927 E /system/bin/storaged: write(append)  diskstat data failed!ts:1520314326,read bytes:603578368, write bytes: 450465792
03-06 13:32:06.484   753   927 E /system/bin/storaged: curr_io_stats:  size: 201
03-06 13:32:06.506   753   927 E /system/bin/storaged: open file /data/storaged/storaged.txt failed!2
03-06 13:32:06.506   753   927 E /system/bin/storaged: write(append)  uid data failed!
03-06 13:32:06.507   753   927 E /system/bin/storaged: pid_info get_pids failed
03-06 13:32:08.378   759   759 I chatty  : uid=1010(wifi) /system/bin/wificond expire 156 lines
03-06 13:34:17.885  1256  2104 I chatty  : uid=1000(system) watchdog expire 10 lines
03-06 13:34:23.869  1256  1579 I chatty  : uid=1000(system) UEventObserver expire 10 lines
03-06 13:34:23.878  1256  1256 I chatty  : uid=1000 system_server expire 10 lines
03-06 13:35:34.769   605  1232 W SocketListener: sending broadcast to Pid = 1256, Uid = 1000 
03-06 13:35:36.562   759   759 I chatty  : uid=1010(wifi) /system/bin/wificond expire 12 lines
03-06 13:35:49.807   605  1232 W SocketListener: sending broadcast to Pid = 1256, Uid = 1000 
03-06 13:35:52.577   759   759 I chatty  : uid=1010(wifi) /system/bin/wificond expire 18 lines
03-06 13:35:58.574  1256  1282 I chatty  : uid=1000(system) Binder:1256_1 expire 6 lines
03-06 13:35:58.600   605  1232 W SocketListener: sending broadcast to Pid = 1256, Uid = 1000 
03-06 13:35:58.607  1256  1438 I chatty  : uid=1000(system) android.fg expire 2 lines
03-06 13:36:13.681   605  1232 W SocketListener: sending broadcast to Pid = 1256, Uid = 1000 
03-06 13:36:13.683  1256  1778 I chatty  : uid=1000(system) NetdConnector expire 2 lines
03-06 13:36:16.595   759   759 I chatty  : uid=1010(wifi) /system/bin/wificond expire 282 lines
03-06 13:36:24.697  1256  1256 I chatty  : uid=1000 system_server expire 28 lines
03-06 13:36:54.905  1256  1579 I chatty  : uid=1000(system) UEventObserver expire 30 lines
03-06 13:39:17.904  1256  2104 I chatty  : uid=1000(system) watchdog expire 16 lines
03-06 13:42:28.705  1256  9302 I chatty  : uid=1000(system) Binder:1256_1C expire 6 lines
03-06 13:42:28.729   605  1232 W SocketListener: sending broadcast to Pid = 1256, Uid = 1000 
03-06 13:42:28.730  1256  1778 I chatty  : uid=1000(system) NetdConnector expire 12 lines
03-06 13:42:28.733  1256  1438 I chatty  : uid=1000(system) android.fg expire 7 lines
03-06 13:42:28.734  1256  1282 I chatty  : uid=1000(system) Binder:1256_1 expire 9 lines
03-06 13:42:32.923   759   759 I chatty  : uid=1010(wifi) /system/bin/wificond expire 12 lines
03-06 13:42:43.825   605  1232 W SocketListener: sending broadcast to Pid = 1256, Uid = 1000 
03-06 13:42:48.941   759   759 I chatty  : uid=1010(wifi) /system/bin/wificond expire 93 lines
03-06 13:44:28.025  1256  1579 I chatty  : uid=1000(system) UEventObserver expire 10 lines
03-06 13:44:28.042  1256  1256 I chatty  : uid=1000 system_server expire 10 lines
03-06 13:44:49.046   759   759 E wificond: Failed to get NL80211_RATE_INFO_NOISE
03-06 13:44:49.047   759   759 E wificond: Failed to get NL80211_RATE_INFO_SNR
03-06 13:44:49.047   759   759 E wificond: Failed to get NL80211_STA_INFO_CNAHLOAD
03-06 13:44:57.052   759   759 E wificond: Failed to get NL80211_RATE_INFO_NOISE
03-06 13:44:57.052   759   759 E wificond: Failed to get NL80211_RATE_INFO_SNR
03-06 13:44:57.052   759   759 E wificond: Failed to get NL80211_STA_INFO_CNAHLOAD
03-06 13:44:57.054   759   759 E wificond: Failed to get NL80211_RATE_INFO_NOISE
03-06 13:44:57.054   759   759 E wificond: Failed to get NL80211_RATE_INFO_SNR
03-06 13:44:57.054   759   759 E wificond: Failed to get NL80211_STA_INFO_CNAHLOAD
03-06 13:45:05.061   759   759 E wificond: Failed to get NL80211_RATE_INFO_NOISE
03-06 13:45:05.061   759   759 E wificond: Failed to get NL80211_RATE_INFO_SNR
03-06 13:45:05.061   759   759 E wificond: Failed to get NL80211_STA_INFO_CNAHLOAD
03-06 13:45:05.066   759   759 E wificond: Failed to get NL80211_RATE_INFO_NOISE
03-06 13:45:05.066   759   759 E wificond: Failed to get NL80211_RATE_INFO_SNR
03-06 13:45:05.066   759   759 E wificond: Failed to get NL80211_STA_INFO_CNAHLOAD
03-06 13:45:13.070   759   759 E wificond: Failed to get NL80211_RATE_INFO_NOISE
03-06 13:45:13.070   759   759 E wificond: Failed to get NL80211_RATE_INFO_SNR
03-06 13:45:13.070   759   759 E wificond: Failed to get NL80211_STA_INFO_CNAHLOAD
03-06 13:45:13.072   759   759 E wificond: Failed to get NL80211_RATE_INFO_NOISE
03-06 13:45:13.072   759   759 E wificond: Failed to get NL80211_RATE_INFO_SNR
03-06 13:45:13.072   759   759 E wificond: Failed to get NL80211_STA_INFO_CNAHLOAD
03-06 13:45:21.074   759   759 E wificond: Failed to get NL80211_RATE_INFO_NOISE
03-06 13:45:21.074   759   759 E wificond: Failed to get NL80211_RATE_INFO_SNR
03-06 13:45:21.074   759   759 E wificond: Failed to get NL80211_STA_INFO_CNAHLOAD
03-06 13:45:21.076   759   759 E wificond: Failed to get NL80211_RATE_INFO_NOISE
03-06 13:45:21.076   759   759 E wificond: Failed to get NL80211_RATE_INFO_SNR
03-06 13:45:21.076   759   759 E wificond: Failed to get NL80211_STA_INFO_CNAHLOAD
03-06 13:45:29.086   759   759 E wificond: Failed to get NL80211_RATE_INFO_NOISE
03-06 13:45:29.087   759   759 E wificond: Failed to get NL80211_RATE_INFO_SNR
03-06 13:45:29.087   759   759 E wificond: Failed to get NL80211_STA_INFO_CNAHLOAD
03-06 13:45:29.089   759   759 E wificond: Failed to get NL80211_RATE_INFO_NOISE
03-06 13:45:29.089   759   759 E wificond: Failed to get NL80211_RATE_INFO_SNR
03-06 13:45:29.089   759   759 E wificond: Failed to get NL80211_STA_INFO_CNAHLOAD
03-06 13:45:37.096   759   759 E wificond: Failed to get NL80211_RATE_INFO_NOISE
03-06 13:45:37.096   759   759 E wificond: Failed to get NL80211_RATE_INFO_SNR
03-06 13:45:37.096   759   759 E wificond: Failed to get NL80211_STA_INFO_CNAHLOAD
03-06 13:45:37.099   759   759 E wificond: Failed to get NL80211_RATE_INFO_NOISE
03-06 13:45:37.099   759   759 E wificond: Failed to get NL80211_RATE_INFO_SNR
03-06 13:45:37.099   759   759 E wificond: Failed to get NL80211_STA_INFO_CNAHLOAD
03-06 13:45:45.099   759   759 E wificond: Failed to get NL80211_RATE_INFO_NOISE
03-06 13:45:45.099   759   759 E wificond: Failed to get NL80211_RATE_INFO_SNR
03-06 13:45:45.099   759   759 E wificond: Failed to get NL80211_STA_INFO_CNAHLOAD
03-06 13:45:45.102   759   759 E wificond: Failed to get NL80211_RATE_INFO_NOISE
03-06 13:45:45.102   759   759 E wificond: Failed to get NL80211_RATE_INFO_SNR
03-06 13:45:45.102   759   759 E wificond: Failed to get NL80211_STA_INFO_CNAHLOAD
03-06 13:45:53.105   759   759 E wificond: Failed to get NL80211_RATE_INFO_NOISE
03-06 13:45:53.105   759   759 E wificond: Failed to get NL80211_RATE_INFO_SNR
03-06 13:45:53.105   759   759 E wificond: Failed to get NL80211_STA_INFO_CNAHLOAD
03-06 13:45:53.107   759   759 E wificond: Failed to get NL80211_RATE_INFO_NOISE
03-06 13:45:53.107   759   759 E wificond: Failed to get NL80211_RATE_INFO_SNR
03-06 13:45:53.107   759   759 E wificond: Failed to get NL80211_STA_INFO_CNAHLOAD
03-06 13:46:01.116   759   759 E wificond: Failed to get NL80211_RATE_INFO_NOISE
03-06 13:46:01.116   759   759 E wificond: Failed to get NL80211_RATE_INFO_SNR
03-06 13:46:01.116   759   759 E wificond: Failed to get NL80211_STA_INFO_CNAHLOAD
03-06 13:46:01.120   759   759 E wificond: Failed to get NL80211_RATE_INFO_NOISE
03-06 13:46:01.120   759   759 E wificond: Failed to get NL80211_RATE_INFO_SNR
03-06 13:46:01.120   759   759 E wificond: Failed to get NL80211_STA_INFO_CNAHLOAD
03-06 13:46:09.121   759   759 E wificond: Failed to get NL80211_RATE_INFO_NOISE
03-06 13:46:09.121   759   759 E wificond: Failed to get NL80211_RATE_INFO_SNR
03-06 13:46:09.121   759   759 E wificond: Failed to get NL80211_STA_INFO_CNAHLOAD
03-06 13:46:09.122   759   759 E wificond: Failed to get NL80211_RATE_INFO_NOISE
03-06 13:46:09.122   759   759 E wificond: Failed to get NL80211_RATE_INFO_SNR
03-06 13:46:09.122   759   759 E wificond: Failed to get NL80211_STA_INFO_CNAHLOAD
03-06 13:46:17.133   759   759 E wificond: Failed to get NL80211_RATE_INFO_NOISE
03-06 13:46:17.133   759   759 E wificond: Failed to get NL80211_RATE_INFO_SNR
03-06 13:46:17.133   759   759 E wificond: Failed to get NL80211_STA_INFO_CNAHLOAD
03-06 13:46:17.135   759   759 E wificond: Failed to get NL80211_RATE_INFO_NOISE
03-06 13:46:17.135   759   759 E wificond: Failed to get NL80211_RATE_INFO_SNR
03-06 13:46:17.135   759   759 E wificond: Failed to get NL80211_STA_INFO_CNAHLOAD
03-06 13:46:25.141   759   759 E wificond: Failed to get NL80211_RATE_INFO_NOISE
03-06 13:46:25.141   759   759 E wificond: Failed to get NL80211_RATE_INFO_SNR
03-06 13:46:25.141   759   759 E wificond: Failed to get NL80211_STA_INFO_CNAHLOAD
03-06 13:46:25.143   759   759 E wificond: Failed to get NL80211_RATE_INFO_NOISE
03-06 13:46:25.143   759   759 E wificond: Failed to get NL80211_RATE_INFO_SNR
03-06 13:46:25.143   759   759 E wificond: Failed to get NL80211_STA_INFO_CNAHLOAD
03-06 13:46:33.151   759   759 E wificond: Failed to get NL80211_RATE_INFO_NOISE
03-06 13:46:33.152   759   759 E wificond: Failed to get NL80211_RATE_INFO_SNR
03-06 13:46:33.152   759   759 E wificond: Failed to get NL80211_STA_INFO_CNAHLOAD
03-06 13:46:33.155   759   759 E wificond: Failed to get NL80211_RATE_INFO_NOISE
03-06 13:46:33.155   759   759 E wificond: Failed to get NL80211_RATE_INFO_SNR
03-06 13:46:33.155   759   759 E wificond: Failed to get NL80211_STA_INFO_CNAHLOAD
03-06 13:46:41.160   759   759 E wificond: Failed to get NL80211_RATE_INFO_NOISE
03-06 13:46:41.160   759   759 E wificond: Failed to get NL80211_RATE_INFO_SNR
03-06 13:46:41.160   759   759 E wificond: Failed to get NL80211_STA_INFO_CNAHLOAD
03-06 13:46:41.162   759   759 E wificond: Failed to get NL80211_RATE_INFO_NOISE
03-06 13:46:41.162   759   759 E wificond: Failed to get NL80211_RATE_INFO_SNR
03-06 13:46:41.162   759   759 E wificond: Failed to get NL80211_STA_INFO_CNAHLOAD
03-06 13:46:49.167   759   759 E wificond: Failed to get NL80211_RATE_INFO_NOISE
03-06 13:46:49.168   759   759 E wificond: Failed to get NL80211_RATE_INFO_SNR
03-06 13:46:49.168   759   759 E wificond: Failed to get NL80211_STA_INFO_CNAHLOAD
03-06 13:46:49.170   759   759 E wificond: Failed to get NL80211_RATE_INFO_NOISE
03-06 13:46:49.170   759   759 E wificond: Failed to get NL80211_RATE_INFO_SNR
03-06 13:46:49.170   759   759 E wificond: Failed to get NL80211_STA_INFO_CNAHLOAD
03-06 13:46:57.177   759   759 E wificond: Failed to get NL80211_RATE_INFO_NOISE
03-06 13:46:57.177   759   759 E wificond: Failed to get NL80211_RATE_INFO_SNR
03-06 13:46:57.177   759   759 E wificond: Failed to get NL80211_STA_INFO_CNAHLOAD
03-06 13:46:57.179   759   759 E wificond: Failed to get NL80211_RATE_INFO_NOISE
03-06 13:46:57.179   759   759 E wificond: Failed to get NL80211_RATE_INFO_SNR
03-06 13:46:57.179   759   759 E wificond: Failed to get NL80211_STA_INFO_CNAHLOAD
03-06 13:46:59.063  1256  1579 I chatty  : uid=1000(system) UEventObserver expire 10 lines
03-06 13:46:59.075  1256  1256 I chatty  : uid=1000 system_server expire 10 lines
03-06 13:47:05.181   759   759 E wificond: Failed to get NL80211_RATE_INFO_NOISE
03-06 13:47:05.181   759   759 E wificond: Failed to get NL80211_RATE_INFO_SNR
03-06 13:47:05.181   759   759 E wificond: Failed to get NL80211_STA_INFO_CNAHLOAD
03-06 13:47:05.185   759   759 E wificond: Failed to get NL80211_RATE_INFO_NOISE
03-06 13:47:05.185   759   759 E wificond: Failed to get NL80211_RATE_INFO_SNR
03-06 13:47:05.185   759   759 E wificond: Failed to get NL80211_STA_INFO_CNAHLOAD
03-06 13:47:06.513   753   927 E /system/bin/storaged: pid_info get_pids failed
03-06 13:47:13.185   759   759 E wificond: Failed to get NL80211_RATE_INFO_NOISE
03-06 13:47:13.185   759   759 E wificond: Failed to get NL80211_RATE_INFO_SNR
03-06 13:47:13.185   759   759 E wificond: Failed to get NL80211_STA_INFO_CNAHLOAD
03-06 13:47:13.188   759   759 E wificond: Failed to get NL80211_RATE_INFO_NOISE
03-06 13:47:13.189   759   759 E wificond: Failed to get NL80211_RATE_INFO_SNR
03-06 13:47:13.189   759   759 E wificond: Failed to get NL80211_STA_INFO_CNAHLOAD
03-06 13:47:17.934  1256  2104 I chatty  : uid=1000(system) watchdog expire 10 lines
03-06 13:47:21.187   759   759 E wificond: Failed to get NL80211_RATE_INFO_NOISE
03-06 13:47:21.187   759   759 E wificond: Failed to get NL80211_RATE_INFO_SNR
03-06 13:47:21.187   759   759 E wificond: Failed to get NL80211_STA_INFO_CNAHLOAD
03-06 13:47:21.189   759   759 E wificond: Failed to get NL80211_RATE_INFO_NOISE
03-06 13:47:21.189   759   759 E wificond: Failed to get NL80211_RATE_INFO_SNR
03-06 13:47:21.189   759   759 E wificond: Failed to get NL80211_STA_INFO_CNAHLOAD
03-06 13:47:29.195   759   759 E wificond: Failed to get NL80211_RATE_INFO_NOISE
03-06 13:47:29.195   759   759 E wificond: Failed to get NL80211_RATE_INFO_SNR
03-06 13:47:29.195   759   759 E wificond: Failed to get NL80211_STA_INFO_CNAHLOAD
03-06 13:47:29.198   759   759 E wificond: Failed to get NL80211_RATE_INFO_NOISE
03-06 13:47:29.198   759   759 E wificond: Failed to get NL80211_RATE_INFO_SNR
03-06 13:47:29.198   759   759 E wificond: Failed to get NL80211_STA_INFO_CNAHLOAD
03-06 13:47:37.202   759   759 E wificond: Failed to get NL80211_RATE_INFO_NOISE
03-06 13:47:37.203   759   759 E wificond: Failed to get NL80211_RATE_INFO_SNR
03-06 13:47:37.203   759   759 E wificond: Failed to get NL80211_STA_INFO_CNAHLOAD
03-06 13:47:37.205   759   759 E wificond: Failed to get NL80211_RATE_INFO_NOISE
03-06 13:47:37.205   759   759 E wificond: Failed to get NL80211_RATE_INFO_SNR
03-06 13:47:37.205   759   759 E wificond: Failed to get NL80211_STA_INFO_CNAHLOAD
03-06 13:47:45.211   759   759 E wificond: Failed to get NL80211_RATE_INFO_NOISE
03-06 13:47:45.212   759   759 E wificond: Failed to get NL80211_RATE_INFO_SNR
03-06 13:47:45.212   759   759 E wificond: Failed to get NL80211_STA_INFO_CNAHLOAD
03-06 13:47:45.215   759   759 E wificond: Failed to get NL80211_RATE_INFO_NOISE
03-06 13:47:45.215   759   759 E wificond: Failed to get NL80211_RATE_INFO_SNR
03-06 13:47:45.215   759   759 E wificond: Failed to get NL80211_STA_INFO_CNAHLOAD
03-06 13:47:53.220   759   759 E wificond: Failed to get NL80211_RATE_INFO_NOISE
03-06 13:47:53.220   759   759 E wificond: Failed to get NL80211_RATE_INFO_SNR
03-06 13:47:53.220   759   759 E wificond: Failed to get NL80211_STA_INFO_CNAHLOAD
03-06 13:47:53.222   759   759 E wificond: Failed to get NL80211_RATE_INFO_NOISE
03-06 13:47:53.222   759   759 E wificond: Failed to get NL80211_RATE_INFO_SNR
03-06 13:47:53.222   759   759 E wificond: Failed to get NL80211_STA_INFO_CNAHLOAD
03-06 13:48:01.226   759   759 E wificond: Failed to get NL80211_RATE_INFO_NOISE
03-06 13:48:01.226   759   759 E wificond: Failed to get NL80211_RATE_INFO_SNR
03-06 13:48:01.226   759   759 E wificond: Failed to get NL80211_STA_INFO_CNAHLOAD
03-06 13:48:01.229   759   759 E wificond: Failed to get NL80211_RATE_INFO_NOISE
03-06 13:48:01.229   759   759 E wificond: Failed to get NL80211_RATE_INFO_SNR
03-06 13:48:01.229   759   759 E wificond: Failed to get NL80211_STA_INFO_CNAHLOAD
03-06 13:48:09.235   759   759 E wificond: Failed to get NL80211_RATE_INFO_NOISE
03-06 13:48:09.235   759   759 E wificond: Failed to get NL80211_RATE_INFO_SNR
03-06 13:48:09.235   759   759 E wificond: Failed to get NL80211_STA_INFO_CNAHLOAD
03-06 13:48:09.237   759   759 E wificond: Failed to get NL80211_RATE_INFO_NOISE
03-06 13:48:09.238   759   759 E wificond: Failed to get NL80211_RATE_INFO_SNR
03-06 13:48:09.238   759   759 E wificond: Failed to get NL80211_STA_INFO_CNAHLOAD
03-06 13:48:17.241   759   759 E wificond: Failed to get NL80211_RATE_INFO_NOISE
03-06 13:48:17.241   759   759 E wificond: Failed to get NL80211_RATE_INFO_SNR
03-06 13:48:17.241   759   759 E wificond: Failed to get NL80211_STA_INFO_CNAHLOAD
03-06 13:48:17.244   759   759 E wificond: Failed to get NL80211_RATE_INFO_NOISE
03-06 13:48:17.244   759   759 E wificond: Failed to get NL80211_RATE_INFO_SNR
03-06 13:48:17.244   759   759 E wificond: Failed to get NL80211_STA_INFO_CNAHLOAD
03-06 13:48:25.249   759   759 E wificond: Failed to get NL80211_RATE_INFO_NOISE
03-06 13:48:25.249   759   759 E wificond: Failed to get NL80211_RATE_INFO_SNR
03-06 13:48:25.249   759   759 E wificond: Failed to get NL80211_STA_INFO_CNAHLOAD
03-06 13:48:25.252   759   759 E wificond: Failed to get NL80211_RATE_INFO_NOISE
03-06 13:48:25.252   759   759 E wificond: Failed to get NL80211_RATE_INFO_SNR
03-06 13:48:25.252   759   759 E wificond: Failed to get NL80211_STA_INFO_CNAHLOAD
03-06 13:48:33.257   759   759 E wificond: Failed to get NL80211_RATE_INFO_NOISE
03-06 13:48:33.257   759   759 E wificond: Failed to get NL80211_RATE_INFO_SNR
03-06 13:48:33.257   759   759 E wificond: Failed to get NL80211_STA_INFO_CNAHLOAD
03-06 13:48:33.260   759   759 E wificond: Failed to get NL80211_RATE_INFO_NOISE
03-06 13:48:33.260   759   759 E wificond: Failed to get NL80211_RATE_INFO_SNR
03-06 13:48:33.260   759   759 E wificond: Failed to get NL80211_STA_INFO_CNAHLOAD
03-06 13:48:41.267   759   759 E wificond: Failed to get NL80211_RATE_INFO_NOISE
03-06 13:48:41.267   759   759 E wificond: Failed to get NL80211_RATE_INFO_SNR
03-06 13:48:41.267   759   759 E wificond: Failed to get NL80211_STA_INFO_CNAHLOAD
03-06 13:48:41.270   759   759 E wificond: Failed to get NL80211_RATE_INFO_NOISE
03-06 13:48:41.270   759   759 E wificond: Failed to get NL80211_RATE_INFO_SNR
03-06 13:48:41.270   759   759 E wificond: Failed to get NL80211_STA_INFO_CNAHLOAD
03-06 13:48:49.275   759   759 E wificond: Failed to get NL80211_RATE_INFO_NOISE
03-06 13:48:49.275   759   759 E wificond: Failed to get NL80211_RATE_INFO_SNR
03-06 13:48:49.275   759   759 E wificond: Failed to get NL80211_STA_INFO_CNAHLOAD
03-06 13:48:49.278   759   759 E wificond: Failed to get NL80211_RATE_INFO_NOISE
03-06 13:48:49.278   759   759 E wificond: Failed to get NL80211_RATE_INFO_SNR
03-06 13:48:49.278   759   759 E wificond: Failed to get NL80211_STA_INFO_CNAHLOAD
03-06 13:48:57.282   759   759 E wificond: Failed to get NL80211_RATE_INFO_NOISE
03-06 13:48:57.282   759   759 E wificond: Failed to get NL80211_RATE_INFO_SNR
03-06 13:48:57.282   759   759 E wificond: Failed to get NL80211_STA_INFO_CNAHLOAD
03-06 13:48:57.284   759   759 E wificond: Failed to get NL80211_RATE_INFO_NOISE
03-06 13:48:57.284   759   759 E wificond: Failed to get NL80211_RATE_INFO_SNR
03-06 13:48:57.284   759   759 E wificond: Failed to get NL80211_STA_INFO_CNAHLOAD
03-06 13:48:58.823   605  1232 W SocketListener: sending broadcast to Pid = 1256, Uid = 1000 
03-06 13:48:59.890  1256  1256 I chatty  : uid=1000 system_server expire 23 lines
03-06 13:49:05.288   759   759 E wificond: Failed to get NL80211_RATE_INFO_NOISE
03-06 13:49:05.288   759   759 E wificond: Failed to get NL80211_RATE_INFO_SNR
03-06 13:49:05.288   759   759 E wificond: Failed to get NL80211_STA_INFO_CNAHLOAD
03-06 13:49:05.291   759   759 E wificond: Failed to get NL80211_RATE_INFO_NOISE
03-06 13:49:05.291   759   759 E wificond: Failed to get NL80211_RATE_INFO_SNR
03-06 13:49:05.291   759   759 E wificond: Failed to get NL80211_STA_INFO_CNAHLOAD
03-06 13:49:13.298   759   759 E wificond: Failed to get NL80211_RATE_INFO_NOISE
03-06 13:49:13.298   759   759 E wificond: Failed to get NL80211_RATE_INFO_SNR
03-06 13:49:13.298   759   759 E wificond: Failed to get NL80211_STA_INFO_CNAHLOAD
03-06 13:49:13.300   759   759 E wificond: Failed to get NL80211_RATE_INFO_NOISE
03-06 13:49:13.300   759   759 E wificond: Failed to get NL80211_RATE_INFO_SNR
03-06 13:49:13.300   759   759 E wificond: Failed to get NL80211_STA_INFO_CNAHLOAD
03-06 13:49:14.062   605  1232 W SocketListener: sending broadcast to Pid = 1256, Uid = 1000 
03-06 13:49:21.308   759   759 E wificond: Failed to get NL80211_RATE_INFO_NOISE
03-06 13:49:21.308   759   759 E wificond: Failed to get NL80211_RATE_INFO_SNR
03-06 13:49:21.309   759   759 E wificond: Failed to get NL80211_STA_INFO_CNAHLOAD
03-06 13:49:21.311   759   759 E wificond: Failed to get NL80211_RATE_INFO_NOISE
03-06 13:49:21.311   759   759 E wificond: Failed to get NL80211_RATE_INFO_SNR
03-06 13:49:21.311   759   759 E wificond: Failed to get NL80211_STA_INFO_CNAHLOAD
03-06 13:49:29.315   759   759 E wificond: Failed to get NL80211_RATE_INFO_NOISE
03-06 13:49:29.315   759   759 E wificond: Failed to get NL80211_RATE_INFO_SNR
03-06 13:49:29.315   759   759 E wificond: Failed to get NL80211_STA_INFO_CNAHLOAD
03-06 13:49:29.316   759   759 E wificond: Failed to get NL80211_RATE_INFO_NOISE
03-06 13:49:29.316   759   759 E wificond: Failed to get NL80211_RATE_INFO_SNR
03-06 13:49:29.316   759   759 E wificond: Failed to get NL80211_STA_INFO_CNAHLOAD
03-06 13:49:30.094  1256  1579 I chatty  : uid=1000(system) UEventObserver expire 10 lines
03-06 13:49:37.325   759   759 E wificond: Failed to get NL80211_RATE_INFO_NOISE
03-06 13:49:37.325   759   759 E wificond: Failed to get NL80211_RATE_INFO_SNR
03-06 13:49:37.325   759   759 E wificond: Failed to get NL80211_STA_INFO_CNAHLOAD
03-06 13:49:37.327   759   759 E wificond: Failed to get NL80211_RATE_INFO_NOISE
03-06 13:49:37.327   759   759 E wificond: Failed to get NL80211_RATE_INFO_SNR
03-06 13:49:37.327   759   759 E wificond: Failed to get NL80211_STA_INFO_CNAHLOAD
03-06 13:49:45.334   759   759 E wificond: Failed to get NL80211_RATE_INFO_NOISE
03-06 13:49:45.334   759   759 E wificond: Failed to get NL80211_RATE_INFO_SNR
03-06 13:49:45.334   759   759 E wificond: Failed to get NL80211_STA_INFO_CNAHLOAD
03-06 13:49:45.337   759   759 E wificond: Failed to get NL80211_RATE_INFO_NOISE
03-06 13:49:45.337   759   759 E wificond: Failed to get NL80211_RATE_INFO_SNR
03-06 13:49:45.337   759   759 E wificond: Failed to get NL80211_STA_INFO_CNAHLOAD
03-06 13:49:53.340   759   759 E wificond: Failed to get NL80211_RATE_INFO_NOISE
03-06 13:49:53.340   759   759 E wificond: Failed to get NL80211_RATE_INFO_SNR
03-06 13:49:53.340   759   759 E wificond: Failed to get NL80211_STA_INFO_CNAHLOAD
03-06 13:49:53.342   759   759 E wificond: Failed to get NL80211_RATE_INFO_NOISE
03-06 13:49:53.342   759   759 E wificond: Failed to get NL80211_RATE_INFO_SNR
03-06 13:49:53.342   759   759 E wificond: Failed to get NL80211_STA_INFO_CNAHLOAD
03-06 13:50:01.348   759   759 E wificond: Failed to get NL80211_RATE_INFO_NOISE
03-06 13:50:01.349   759   759 E wificond: Failed to get NL80211_RATE_INFO_SNR
03-06 13:50:01.349   759   759 E wificond: Failed to get NL80211_STA_INFO_CNAHLOAD
