03-03 11:35:35.354 30697 30697 F DEBUG   :     #14 pc 003e0931  /system/lib/libart.so (art_quick_invoke_stub_internal+64)
03-03 11:35:35.354 30697 30697 F DEBUG   :     #15 pc 003e4ea3  /system/lib/libart.so (art_quick_invoke_stub+226)
03-03 11:35:35.354 30697 30697 F DEBUG   :     #16 pc 000ac2d9  /system/lib/libart.so (_ZN3art9ArtMethod6InvokeEPNS_6ThreadEPjjPNS_6JValueEPKc+140)
03-03 11:35:35.354 30697 30697 F DEBUG   :     #17 pc 001f27fb  /system/lib/libart.so (_ZN3art11interpreter34ArtInterpreterToCompiledCodeBridgeEPNS_6ThreadEPNS_9ArtMethodEPKNS_7DexFile8CodeItemEPNS_11ShadowFrameEPNS_6JValueE+238)
03-03 11:35:35.354 30697 30697 F DEBUG   :     #18 pc 001edd71  /system/lib/libart.so (_ZN3art11interpreter6DoCallILb0ELb0EEEbPNS_9ArtMethodEPNS_6ThreadERNS_11ShadowFrameEPKNS_11InstructionEtPNS_6JValueE+576)
03-03 11:35:35.354 30697 30697 F DEBUG   :     #19 pc 003ca879  /system/lib/libart.so (MterpInvokeVirtual+440)
03-03 11:35:35.354 30697 30697 F DEBUG   :     #20 pc 003d2c14  /system/lib/libart.so (ExecuteMterpImpl+14228)
03-03 11:35:35.354 30697 30697 F DEBUG   :     #21 pc 001d5351  /system/lib/libart.so (_ZN3art11interpreterL7ExecuteEPNS_6ThreadEPKNS_7DexFile8CodeItemERNS_11ShadowFrameENS_6JValueEb+340)
03-03 11:35:35.354 30697 30697 F DEBUG   :     #22 pc 001da6a3  /system/lib/libart.so (_ZN3art11interpreter33ArtInterpreterToInterpreterBridgeEPNS_6ThreadEPKNS_7DexFile8CodeItemEPNS_11ShadowFrameEPNS_6JValueE+142)
03-03 11:35:35.354 30697 30697 F DEBUG   :     #23 pc 001edd5b  /system/lib/libart.so (_ZN3art11interpreter6DoCallILb0ELb0EEEbPNS_9ArtMethodEPNS_6ThreadERNS_11ShadowFrameEPKNS_11InstructionEtPNS_6JValueE+554)
03-03 11:35:35.354 30697 30697 F DEBUG   :     #24 pc 003cb735  /system/lib/libart.so (MterpInvokeDirect+356)
03-03 11:35:35.354 30697 30697 F DEBUG   :     #25 pc 003d2d14  /system/lib/libart.so (ExecuteMterpImpl+14484)
03-03 11:35:35.354 30697 30697 F DEBUG   :     #26 pc 001d5351  /system/lib/libart.so (_ZN3art11interpreterL7ExecuteEPNS_6ThreadEPKNS_7DexFile8CodeItemERNS_11ShadowFrameENS_6JValueEb+340)
03-03 11:35:35.354 30697 30697 F DEBUG   :     #27 pc 001da6a3  /system/lib/libart.so (_ZN3art11interpreter33ArtInterpreterToInterpreterBridgeEPNS_6ThreadEPKNS_7DexFile8CodeItemEPNS_11ShadowFrameEPNS_6JValueE+142)
03-03 11:35:35.354 30697 30697 F DEBUG   :     #28 pc 001edd5b  /system/lib/libart.so (_ZN3art11interpreter6DoCallILb0ELb0EEEbPNS_9ArtMethodEPNS_6ThreadERNS_11ShadowFrameEPKNS_11InstructionEtPNS_6JValueE+554)
03-03 11:35:35.354 30697 30697 F DEBUG   :     #29 pc 003cb92f  /system/lib/libart.so (MterpInvokeStatic+322)
03-03 11:35:35.354 30697 30697 F DEBUG   :     #30 pc 003d2d94  /system/lib/libart.so (ExecuteMterpImpl+14612)
03-03 11:35:35.354 30697 30697 F DEBUG   :     #31 pc 001d5351  /system/lib/libart.so (_ZN3art11interpreterL7ExecuteEPNS_6ThreadEPKNS_7DexFile8CodeItemERNS_11ShadowFrameENS_6JValueEb+340)
03-03 11:35:35.354 30697 30697 F DEBUG   :     #32 pc 001da6a3  /system/lib/libart.so (_ZN3art11interpreter33ArtInterpreterToInterpreterBridgeEPNS_6ThreadEPKNS_7DexFile8CodeItemEPNS_11ShadowFrameEPNS_6JValueE+142)
03-03 11:35:35.354 30697 30697 F DEBUG   :     #33 pc 001edd5b  /system/lib/libart.so (_ZN3art11interpreter6DoCallILb0ELb0EEEbPNS_9ArtMethodEPNS_6ThreadERNS_11ShadowFrameEPKNS_11InstructionEtPNS_6JValueE+554)
03-03 11:35:35.354 30697 30697 F DEBUG   :     #34 pc 003cb4ab  /system/lib/libart.so (MterpInvokeInterface+1210)
03-03 11:35:35.354 30697 30697 F DEBUG   :     #35 pc 003d2e14  /system/lib/libart.so (ExecuteMterpImpl+14740)
03-03 11:35:35.354 30697 30697 F DEBUG   :     #36 pc 001d5351  /system/lib/libart.so (_ZN3art11interpreterL7ExecuteEPNS_6ThreadEPKNS_7DexFile8CodeItemERNS_11ShadowFrameENS_6JValueEb+340)
03-03 11:35:35.354 30697 30697 F DEBUG   :     #37 pc 001da5f1  /system/lib/libart.so (_ZN3art11interpreter30EnterInterpreterFromEntryPointEPNS_6ThreadEPKNS_7DexFile8CodeItemEPNS_11ShadowFrameE+92)
03-03 11:35:35.354 30697 30697 F DEBUG   :     #38 pc 003c0fc5  /system/lib/libart.so (artQuickToInterpreterBridge+944)
03-03 11:35:35.354 30697 30697 F DEBUG   :     #39 pc 003e46f1  /system/lib/libart.so (art_quick_to_interpreter_bridge+32)
03-03 11:35:35.354 30697 30697 F DEBUG   :     #40 pc 003e0931  /system/lib/libart.so (art_quick_invoke_stub_internal+64)
03-03 11:35:35.354 30697 30697 F DEBUG   :     #41 pc 003e4ea3  /system/lib/libart.so (art_quick_invoke_stub+226)
03-03 11:35:35.354 30697 30697 F DEBUG   :     #42 pc 000ac2d9  /system/lib/libart.so (_ZN3art9ArtMethod6InvokeEPNS_6ThreadEPjjPNS_6JValueEPKc+140)
03-03 11:35:35.354 30697 30697 F DEBUG   :     #43 pc 00334bb1  /system/lib/libart.so (_ZN3artL18InvokeWithArgArrayERKNS_33ScopedObjectAccessAlreadyRunnableEPNS_9ArtMethodEPNS_8ArgArrayEPNS_6JValueEPKc+52)
03-03 11:35:35.354 30697 30697 F DEBUG   :     #44 pc 00335a2d  /system/lib/libart.so (_ZN3art35InvokeVirtualOrInterfaceWithJValuesERKNS_33ScopedObjectAccessAlreadyRunnableEP8_jobjectP10_jmethodIDP6jvalue+320)
03-03 11:35:35.354 30697 30697 F DEBUG   :     #45 pc 00353aed  /system/lib/libart.so (_ZN3art6Thread14CreateCallbackEPv+892)
03-03 11:35:35.354 30697 30697 F DEBUG   :     #46 pc 00048497  /system/lib/libc.so (_ZL15__pthread_startPv+22)
03-03 11:35:35.354 30697 30697 F DEBUG   :     #47 pc 0001b00f  /system/lib/libc.so (__start_thread+32)
03-03 11:35:35.454  1256  1256 I chatty  : uid=1000 system_server expire 12 lines
03-03 11:35:35.840  1256 30702 I chatty  : uid=1000 system_server expire 1 line
03-03 11:35:35.842  1256  1433 I chatty  : uid=1000(system) FileObserver expire 2 lines
03-03 11:35:35.871  1256  6058 I chatty  : uid=1000(system) Binder:1256_17 expire 32 lines
03-03 11:35:35.892  1256  1440 I chatty  : uid=1000(system) android.display expire 2 lines
03-03 11:35:35.941  1256  4568 I chatty  : uid=1000(system) Binder:1256_15 expire 15 lines
03-03 11:35:36.131  1256  2104 I chatty  : uid=1000(system) watchdog expire 2 lines
03-03 11:35:37.974  1256  1453 I chatty  : uid=1000(system) PowerManagerSer expire 7 lines
03-03 11:35:37.997  1256  1593 I chatty  : uid=1000(system) sManagerService expire 3 lines
03-03 11:35:38.004  1256  9302 I chatty  : uid=1000(system) Binder:1256_1C expire 18 lines
03-03 11:35:38.044 30711 30711 D ActivityThread: ActivityThread,attachApplication
03-03 11:35:38.086  1972  2584 I HwNetworkPolicyManager: getHwUidPolicy uid = 10113 policy = 0
03-03 11:35:38.298 30711 30711 V ActivityThread: ActivityThread,callActivityOnCreate
03-03 11:35:38.389 30711 30711 D ActivityThread: add activity client record, r= ActivityRecord{ae2a9f1 token=android.os.BinderProxy@1bc7b26 {com.cambricon.productdisplay/com.cambricon.productdisplay.activity.SplashActivity}} token= android.os.BinderProxy@1bc7b26
03-03 11:35:38.403 30711 30732 F libc    : Fatal signal 6 (SIGABRT), code -6 in tid 30732 (Thread-7)
03-03 11:35:38.447 30738 30738 F DEBUG   : *** *** *** *** *** *** *** *** *** *** *** *** *** *** *** ***
03-03 11:35:38.447 30738 30738 F DEBUG   : Build fingerprint: 'HONOR/BKL-AL00/HWBKL:8.0.0/HUAWEIBKL-AL00/116(C00):user/release-keys'
03-03 11:35:38.447 30738 30738 F DEBUG   : Revision: '0'
03-03 11:35:38.447 30738 30738 F DEBUG   : ABI: 'arm'
03-03 11:35:38.447 30738 30738 F DEBUG   : pid: 30711, tid: 30732, name: Thread-7  >>> com.cambricon.productdisplay <<<
03-03 11:35:38.447 30738 30738 F DEBUG   : signal 6 (SIGABRT), code -6 (SI_TKILL), fault addr --------
03-03 11:35:38.448 30738 30738 F DEBUG   : Abort message: 'F0303 11:35:38.402700 30732 io.cpp:41] Check failed: fd != -1 (-1 vs. -1) File not found: /storage/emulated/0/caffe_mobile/ResNet50/test_agnostic.prototxt
03-03 11:35:38.448 30738 30738 F DEBUG   : '
03-03 11:35:38.448 30738 30738 F DEBUG   :     r0 00000000  r1 0000780c  r2 00000006  r3 00000008
03-03 11:35:38.448 30738 30738 F DEBUG   :     r4 000077f7  r5 0000780c  r6 c96c0958  r7 0000010c
03-03 11:35:38.448 30738 30738 F DEBUG   :     r8 c92fd64a  r9 c96c0a48  sl c9404bf4  fp c96c0aa8
03-03 11:35:38.448 30738 30738 F DEBUG   :     ip 00000000  sp c96c0948  lr ea4b7457  pc ea4e8174  cpsr 200f0010
03-03 11:35:38.456 30738 30738 F DEBUG   : 
03-03 11:35:38.456 30738 30738 F DEBUG   : backtrace:
03-03 11:35:38.456 30738 30738 F DEBUG   :     #00 pc 0004b174  /system/lib/libc.so (tgkill+12)
03-03 11:35:38.456 30738 30738 F DEBUG   :     #01 pc 0001a453  /system/lib/libc.so (abort+54)
03-03 11:35:38.456 30738 30738 F DEBUG   :     #02 pc 0027f643  /data/app/com.cambricon.productdisplay-YzbiDHH7rDuH6cY7utcicA==/lib/arm/libcaffe.so
03-03 11:35:38.456 30738 30738 F DEBUG   :     #03 pc 00280f5f  /data/app/com.cambricon.productdisplay-YzbiDHH7rDuH6cY7utcicA==/lib/arm/libcaffe.so (_ZN6google10LogMessage4FailEv+10)
03-03 11:35:38.456 30738 30738 F DEBUG   :     #04 pc 002835a9  /data/app/com.cambricon.productdisplay-YzbiDHH7rDuH6cY7utcicA==/lib/arm/libcaffe.so (_ZN6google10LogMessage9SendToLogEv+244)
03-03 11:35:38.456 30738 30738 F DEBUG   :     #05 pc 00280cc9  /data/app/com.cambricon.productdisplay-YzbiDHH7rDuH6cY7utcicA==/lib/arm/libcaffe.so (_ZN6google10LogMessage5FlushEv+120)
03-03 11:35:38.456 30738 30738 F DEBUG   :     #06 pc 00283895  /data/app/com.cambricon.productdisplay-YzbiDHH7rDuH6cY7utcicA==/lib/arm/libcaffe.so (_ZN6google15LogMessageFatalD1Ev+4)
03-03 11:35:38.456 30738 30738 F DEBUG   :     #07 pc 002344eb  /data/app/com.cambricon.productdisplay-YzbiDHH7rDuH6cY7utcicA==/lib/arm/libcaffe.so (_ZN5caffe21ReadProtoFromTextFileEPKcPN6google8protobuf7MessageE+150)
03-03 11:35:38.456 30738 30738 F DEBUG   :     #08 pc 00224cb7  /data/app/com.cambricon.productdisplay-YzbiDHH7rDuH6cY7utcicA==/lib/arm/libcaffe.so (_ZN5caffe30ReadNetParamsFromTextFileOrDieERKSsPNS_12NetParameterE+10)
03-03 11:35:38.456 30738 30738 F DEBUG   :     #09 pc 0017b3bd  /data/app/com.cambricon.productdisplay-YzbiDHH7rDuH6cY7utcicA==/lib/arm/libcaffe.so (_ZN5caffe3NetIfEC2ERKSsNS_5PhaseEiPKSt6vectorISsSaISsEEPKS1_+512)
03-03 11:35:38.456 30738 30738 F DEBUG   :     #10 pc 000128ef  /data/app/com.cambricon.productdisplay-YzbiDHH7rDuH6cY7utcicA==/lib/arm/libdetecte_jni.so (_ZN5caffe9DetectionC2ERKSsS2_+182)
03-03 11:35:38.456 30738 30738 F DEBUG   :     #11 pc 00012bcf  /data/app/com.cambricon.productdisplay-YzbiDHH7rDuH6cY7utcicA==/lib/arm/libdetecte_jni.so (_ZN5caffe9Detection3GetERKSsS2_+62)
03-03 11:35:38.456 30738 30738 F DEBUG   :     #12 pc 0000ee97  /data/app/com.cambricon.productdisplay-YzbiDHH7rDuH6cY7utcicA==/lib/arm/libdetecte_jni.so (Java_com_cambricon_productdisplay_caffenative_CaffeDetection_loadModel+82)
03-03 11:35:38.456 30738 30738 F DEBUG   :     #13 pc 003e4679  /system/lib/libart.so (art_quick_generic_jni_trampoline+40)
03-03 11:35:38.456 30738 30738 F DEBUG   :     #14 pc 003e0931  /system/lib/libart.so (art_quick_invoke_stub_internal+64)
03-03 11:35:38.456 30738 30738 F DEBUG   :     #15 pc 003e4ea3  /system/lib/libart.so (art_quick_invoke_stub+226)
03-03 11:35:38.456 30738 30738 F DEBUG   :     #16 pc 000ac2d9  /system/lib/libart.so (_ZN3art9ArtMethod6InvokeEPNS_6ThreadEPjjPNS_6JValueEPKc+140)
03-03 11:35:38.456 30738 30738 F DEBUG   :     #17 pc 001f27fb  /system/lib/libart.so (_ZN3art11interpreter34ArtInterpreterToCompiledCodeBridgeEPNS_6ThreadEPNS_9ArtMethodEPKNS_7DexFile8CodeItemEPNS_11ShadowFrameEPNS_6JValueE+238)
03-03 11:35:38.456 30738 30738 F DEBUG   :     #18 pc 001edd71  /system/lib/libart.so (_ZN3art11interpreter6DoCallILb0ELb0EEEbPNS_9ArtMethodEPNS_6ThreadERNS_11ShadowFrameEPKNS_11InstructionEtPNS_6JValueE+576)
03-03 11:35:38.456 30738 30738 F DEBUG   :     #19 pc 003ca879  /system/lib/libart.so (MterpInvokeVirtual+440)
03-03 11:35:38.456 30738 30738 F DEBUG   :     #20 pc 003d2c14  /system/lib/libart.so (ExecuteMterpImpl+14228)
03-03 11:35:38.456 30738 30738 F DEBUG   :     #21 pc 001d5351  /system/lib/libart.so (_ZN3art11interpreterL7ExecuteEPNS_6ThreadEPKNS_7DexFile8CodeItemERNS_11ShadowFrameENS_6JValueEb+340)
03-03 11:35:38.456 30738 30738 F DEBUG   :     #22 pc 001da6a3  /system/lib/libart.so (_ZN3art11interpreter33ArtInterpreterToInterpreterBridgeEPNS_6ThreadEPKNS_7DexFile8CodeItemEPNS_11ShadowFrameEPNS_6JValueE+142)
03-03 11:35:38.456 30738 30738 F DEBUG   :     #23 pc 001edd5b  /system/lib/libart.so (_ZN3art11interpreter6DoCallILb0ELb0EEEbPNS_9ArtMethodEPNS_6ThreadERNS_11ShadowFrameEPKNS_11InstructionEtPNS_6JValueE+554)
03-03 11:35:38.456 30738 30738 F DEBUG   :     #24 pc 003cb735  /system/lib/libart.so (MterpInvokeDirect+356)
03-03 11:35:38.456 30738 30738 F DEBUG   :     #25 pc 003d2d14  /system/lib/libart.so (ExecuteMterpImpl+14484)
03-03 11:35:38.456 30738 30738 F DEBUG   :     #26 pc 001d5351  /system/lib/libart.so (_ZN3art11interpreterL7ExecuteEPNS_6ThreadEPKNS_7DexFile8CodeItemERNS_11ShadowFrameENS_6JValueEb+340)
03-03 11:35:38.456 30738 30738 F DEBUG   :     #27 pc 001da6a3  /system/lib/libart.so (_ZN3art11interpreter33ArtInterpreterToInterpreterBridgeEPNS_6ThreadEPKNS_7DexFile8CodeItemEPNS_11ShadowFrameEPNS_6JValueE+142)
03-03 11:35:38.456 30738 30738 F DEBUG   :     #28 pc 001edd5b  /system/lib/libart.so (_ZN3art11interpreter6DoCallILb0ELb0EEEbPNS_9ArtMethodEPNS_6ThreadERNS_11ShadowFrameEPKNS_11InstructionEtPNS_6JValueE+554)
03-03 11:35:38.456 30738 30738 F DEBUG   :     #29 pc 003cb92f  /system/lib/libart.so (MterpInvokeStatic+322)
03-03 11:35:38.456 30738 30738 F DEBUG   :     #30 pc 003d2d94  /system/lib/libart.so (ExecuteMterpImpl+14612)
03-03 11:35:38.456 30738 30738 F DEBUG   :     #31 pc 001d5351  /system/lib/libart.so (_ZN3art11interpreterL7ExecuteEPNS_6ThreadEPKNS_7DexFile8CodeItemERNS_11ShadowFrameENS_6JValueEb+340)
03-03 11:35:38.456 30738 30738 F DEBUG   :     #32 pc 001da6a3  /system/lib/libart.so (_ZN3art11interpreter33ArtInterpreterToInterpreterBridgeEPNS_6ThreadEPKNS_7DexFile8CodeItemEPNS_11ShadowFrameEPNS_6JValueE+142)
03-03 11:35:38.456 30738 30738 F DEBUG   :     #33 pc 001edd5b  /system/lib/libart.so (_ZN3art11interpreter6DoCallILb0ELb0EEEbPNS_9ArtMethodEPNS_6ThreadERNS_11ShadowFrameEPKNS_11InstructionEtPNS_6JValueE+554)
03-03 11:35:38.456 30738 30738 F DEBUG   :     #34 pc 003cb4ab  /system/lib/libart.so (MterpInvokeInterface+1210)
03-03 11:35:38.456 30738 30738 F DEBUG   :     #35 pc 003d2e14  /system/lib/libart.so (ExecuteMterpImpl+14740)
03-03 11:35:38.456 30738 30738 F DEBUG   :     #36 pc 001d5351  /system/lib/libart.so (_ZN3art11interpreterL7ExecuteEPNS_6ThreadEPKNS_7DexFile8CodeItemERNS_11ShadowFrameENS_6JValueEb+340)
03-03 11:35:38.456 30738 30738 F DEBUG   :     #37 pc 001da5f1  /system/lib/libart.so (_ZN3art11interpreter30EnterInterpreterFromEntryPointEPNS_6ThreadEPKNS_7DexFile8CodeItemEPNS_11ShadowFrameE+92)
03-03 11:35:38.456 30738 30738 F DEBUG   :     #38 pc 003c0fc5  /system/lib/libart.so (artQuickToInterpreterBridge+944)
03-03 11:35:38.456 30738 30738 F DEBUG   :     #39 pc 003e46f1  /system/lib/libart.so (art_quick_to_interpreter_bridge+32)
03-03 11:35:38.456 30738 30738 F DEBUG   :     #40 pc 003e0931  /system/lib/libart.so (art_quick_invoke_stub_internal+64)
03-03 11:35:38.456 30738 30738 F DEBUG   :     #41 pc 003e4ea3  /system/lib/libart.so (art_quick_invoke_stub+226)
03-03 11:35:38.456 30738 30738 F DEBUG   :     #42 pc 000ac2d9  /system/lib/libart.so (_ZN3art9ArtMethod6InvokeEPNS_6ThreadEPjjPNS_6JValueEPKc+140)
03-03 11:35:38.456 30738 30738 F DEBUG   :     #43 pc 00334bb1  /system/lib/libart.so (_ZN3artL18InvokeWithArgArrayERKNS_33ScopedObjectAccessAlreadyRunnableEPNS_9ArtMethodEPNS_8ArgArrayEPNS_6JValueEPKc+52)
03-03 11:35:38.456 30738 30738 F DEBUG   :     #44 pc 00335a2d  /system/lib/libart.so (_ZN3art35InvokeVirtualOrInterfaceWithJValuesERKNS_33ScopedObjectAccessAlreadyRunnableEP8_jobjectP10_jmethodIDP6jvalue+320)
03-03 11:35:38.456 30738 30738 F DEBUG   :     #45 pc 00353aed  /system/lib/libart.so (_ZN3art6Thread14CreateCallbackEPv+892)
03-03 11:35:38.456 30738 30738 F DEBUG   :     #46 pc 00048497  /system/lib/libc.so (_ZL15__pthread_startPv+22)
03-03 11:35:38.456 30738 30738 F DEBUG   :     #47 pc 0001b00f  /system/lib/libc.so (__start_thread+32)
03-03 11:35:38.922  1256 30739 I chatty  : uid=1000 system_server expire 1 line
03-03 11:35:39.023  1256  3124 I chatty  : uid=1000(system) Binder:1256_F expire 9 lines
03-03 11:35:46.740  1256  1596 I chatty  : uid=1000(system) InputDispatcher expire 10 lines
03-03 11:35:50.037  1256  1579 I chatty  : uid=1000(system) UEventObserver expire 4 lines
03-03 11:36:12.320  1890  1890 I HwCoreAppHelperService: LocalReceiver receives:android.intent.action.PACKAGE_RESTARTED,pkg:com.cambricon.productdisplay,uid:10113
03-03 11:36:12.849  1256  1783 I chatty  : uid=1000(system) WifiStateMachin expire 2 lines
03-03 11:36:12.867  1256  1794 I chatty  : uid=1000(system) WifiScanningSer expire 1 line
03-03 11:36:14.111   605  1233 W SocketListener: sending broadcast to Pid = 1256, Uid = 1000 
03-03 11:36:14.115  1256  1778 I chatty  : uid=1000(system) NetdConnector expire 2 lines
03-03 11:36:14.119  1256  1438 I chatty  : uid=1000(system) android.fg expire 1 line
03-03 11:36:14.138  1256  1848 I chatty  : uid=1000(system) WifiProStateMac expire 1 line
03-03 11:36:14.139  1256  3154 I chatty  : uid=1000(system) Binder:1256_14 expire 6 lines
03-03 11:36:14.141  1256  2152 I chatty  : uid=1000(system) Binder:1256_7 expire 8 lines
03-03 11:36:14.143  1256  4568 I chatty  : uid=1000(system) Binder:1256_15 expire 12 lines
03-03 11:36:14.144  1256  1845 I chatty  : uid=1000(system) HwSelfCureEngin expire 1 line
03-03 11:36:14.145  1256  3113 I chatty  : uid=1000(system) Binder:1256_D expire 1 line
03-03 11:36:20.268  1256  1256 I chatty  : uid=1000 system_server expire 4 lines
03-03 11:36:25.414  1890  1890 I HwCoreAppHelperService: LocalReceiver receives:android.intent.action.PACKAGE_RESTARTED,pkg:com.cambricon.productdisplay,uid:10113
03-03 11:36:25.624  1256  1570 I chatty  : uid=1000(system) android.anim expire 10 lines
03-03 11:36:25.661 30879 30879 D ActivityThread: ActivityThread,attachApplication
03-03 11:36:25.662  1256  4568 I chatty  : uid=1000(system) Binder:1256_15 expire 38 lines
03-03 11:36:25.686  1972  2584 I HwNetworkPolicyManager: getHwUidPolicy uid = 10113 policy = 0
03-03 11:36:25.728  1256  2152 I chatty  : uid=1000(system) Binder:1256_7 expire 5 lines
03-03 11:36:25.824  1256  1283 I chatty  : uid=1000(system) Binder:1256_2 expire 14 lines
03-03 11:36:25.860 30879 30879 V ActivityThread: ActivityThread,callActivityOnCreate
03-03 11:36:25.928 30879 30879 D ActivityThread: add activity client record, r= ActivityRecord{ae2a9f1 token=android.os.BinderProxy@1bc7b26 {com.cambricon.productdisplay/com.cambricon.productdisplay.activity.SplashActivity}} token= android.os.BinderProxy@1bc7b26
03-03 11:36:25.943 30879 30921 F libc    : Fatal signal 6 (SIGABRT), code -6 in tid 30921 (Thread-7)
03-03 11:36:25.973 30926 30926 F DEBUG   : *** *** *** *** *** *** *** *** *** *** *** *** *** *** *** ***
03-03 11:36:25.973 30926 30926 F DEBUG   : Build fingerprint: 'HONOR/BKL-AL00/HWBKL:8.0.0/HUAWEIBKL-AL00/116(C00):user/release-keys'
03-03 11:36:25.973 30926 30926 F DEBUG   : Revision: '0'
03-03 11:36:25.973 30926 30926 F DEBUG   : ABI: 'arm'
03-03 11:36:25.973 30926 30926 F DEBUG   : pid: 30879, tid: 30921, name: Thread-7  >>> com.cambricon.productdisplay <<<
03-03 11:36:25.973 30926 30926 F DEBUG   : signal 6 (SIGABRT), code -6 (SI_TKILL), fault addr --------
03-03 11:36:25.975 30926 30926 F DEBUG   : Abort message: 'F0303 11:36:25.942754 30921 io.cpp:41] Check failed: fd != -1 (-1 vs. -1) File not found: /storage/emulated/0/caffe_mobile/ResNet50/test_agnostic.prototxt
03-03 11:36:25.975 30926 30926 F DEBUG   : '
03-03 11:36:25.975 30926 30926 F DEBUG   :     r0 00000000  r1 000078c9  r2 00000006  r3 00000008
03-03 11:36:25.975 30926 30926 F DEBUG   :     r4 0000789f  r5 000078c9  r6 c96c0958  r7 0000010c
03-03 11:36:25.975 30926 30926 F DEBUG   :     r8 c92e964a  r9 c96c0a48  sl c93f0bf4  fp c96c0aa8
03-03 11:36:25.975 30926 30926 F DEBUG   :     ip 00000000  sp c96c0948  lr ea4b7457  pc ea4e8174  cpsr 200f0010
03-03 11:36:25.981 30926 30926 F DEBUG   : 
03-03 11:36:25.981 30926 30926 F DEBUG   : backtrace:
03-03 11:36:25.981 30926 30926 F DEBUG   :     #00 pc 0004b174  /system/lib/libc.so (tgkill+12)
03-03 11:36:25.981 30926 30926 F DEBUG   :     #01 pc 0001a453  /system/lib/libc.so (abort+54)
03-03 11:36:25.981 30926 30926 F DEBUG   :     #02 pc 0027f643  /data/app/com.cambricon.productdisplay-YzbiDHH7rDuH6cY7utcicA==/lib/arm/libcaffe.so
03-03 11:36:25.981 30926 30926 F DEBUG   :     #03 pc 00280f5f  /data/app/com.cambricon.productdisplay-YzbiDHH7rDuH6cY7utcicA==/lib/arm/libcaffe.so (_ZN6google10LogMessage4FailEv+10)
03-03 11:36:25.981 30926 30926 F DEBUG   :     #04 pc 002835a9  /data/app/com.cambricon.productdisplay-YzbiDHH7rDuH6cY7utcicA==/lib/arm/libcaffe.so (_ZN6google10LogMessage9SendToLogEv+244)
03-03 11:36:25.981 30926 30926 F DEBUG   :     #05 pc 00280cc9  /data/app/com.cambricon.productdisplay-YzbiDHH7rDuH6cY7utcicA==/lib/arm/libcaffe.so (_ZN6google10LogMessage5FlushEv+120)
03-03 11:36:25.981 30926 30926 F DEBUG   :     #06 pc 00283895  /data/app/com.cambricon.productdisplay-YzbiDHH7rDuH6cY7utcicA==/lib/arm/libcaffe.so (_ZN6google15LogMessageFatalD1Ev+4)
03-03 11:36:25.981 30926 30926 F DEBUG   :     #07 pc 002344eb  /data/app/com.cambricon.productdisplay-YzbiDHH7rDuH6cY7utcicA==/lib/arm/libcaffe.so (_ZN5caffe21ReadProtoFromTextFileEPKcPN6google8protobuf7MessageE+150)
03-03 11:36:25.981 30926 30926 F DEBUG   :     #08 pc 00224cb7  /data/app/com.cambricon.productdisplay-YzbiDHH7rDuH6cY7utcicA==/lib/arm/libcaffe.so (_ZN5caffe30ReadNetParamsFromTextFileOrDieERKSsPNS_12NetParameterE+10)
03-03 11:36:25.981 30926 30926 F DEBUG   :     #09 pc 0017b3bd  /data/app/com.cambricon.productdisplay-YzbiDHH7rDuH6cY7utcicA==/lib/arm/libcaffe.so (_ZN5caffe3NetIfEC2ERKSsNS_5PhaseEiPKSt6vectorISsSaISsEEPKS1_+512)
03-03 11:36:25.981 30926 30926 F DEBUG   :     #10 pc 000128ef  /data/app/com.cambricon.productdisplay-YzbiDHH7rDuH6cY7utcicA==/lib/arm/libdetecte_jni.so (_ZN5caffe9DetectionC2ERKSsS2_+182)
03-03 11:36:25.981 30926 30926 F DEBUG   :     #11 pc 00012bcf  /data/app/com.cambricon.productdisplay-YzbiDHH7rDuH6cY7utcicA==/lib/arm/libdetecte_jni.so (_ZN5caffe9Detection3GetERKSsS2_+62)
03-03 11:36:25.981 30926 30926 F DEBUG   :     #12 pc 0000ee97  /data/app/com.cambricon.productdisplay-YzbiDHH7rDuH6cY7utcicA==/lib/arm/libdetecte_jni.so (Java_com_cambricon_productdisplay_caffenative_CaffeDetection_loadModel+82)
03-03 11:36:25.981 30926 30926 F DEBUG   :     #13 pc 003e4679  /system/lib/libart.so (art_quick_generic_jni_trampoline+40)
03-03 11:36:25.981 30926 30926 F DEBUG   :     #14 pc 003e0931  /system/lib/libart.so (art_quick_invoke_stub_internal+64)
03-03 11:36:25.981 30926 30926 F DEBUG   :     #15 pc 003e4ea3  /system/lib/libart.so (art_quick_invoke_stub+226)
03-03 11:36:25.981 30926 30926 F DEBUG   :     #16 pc 000ac2d9  /system/lib/libart.so (_ZN3art9ArtMethod6InvokeEPNS_6ThreadEPjjPNS_6JValueEPKc+140)
03-03 11:36:25.981 30926 30926 F DEBUG   :     #17 pc 001f27fb  /system/lib/libart.so (_ZN3art11interpreter34ArtInterpreterToCompiledCodeBridgeEPNS_6ThreadEPNS_9ArtMethodEPKNS_7DexFile8CodeItemEPNS_11ShadowFrameEPNS_6JValueE+238)
03-03 11:36:25.981 30926 30926 F DEBUG   :     #18 pc 001edd71  /system/lib/libart.so (_ZN3art11interpreter6DoCallILb0ELb0EEEbPNS_9ArtMethodEPNS_6ThreadERNS_11ShadowFrameEPKNS_11InstructionEtPNS_6JValueE+576)
03-03 11:36:25.981 30926 30926 F DEBUG   :     #19 pc 003ca879  /system/lib/libart.so (MterpInvokeVirtual+440)
03-03 11:36:25.981 30926 30926 F DEBUG   :     #20 pc 003d2c14  /system/lib/libart.so (ExecuteMterpImpl+14228)
03-03 11:36:25.981 30926 30926 F DEBUG   :     #21 pc 001d5351  /system/lib/libart.so (_ZN3art11interpreterL7ExecuteEPNS_6ThreadEPKNS_7DexFile8CodeItemERNS_11ShadowFrameENS_6JValueEb+340)
03-03 11:36:25.981 30926 30926 F DEBUG   :     #22 pc 001da6a3  /system/lib/libart.so (_ZN3art11interpreter33ArtInterpreterToInterpreterBridgeEPNS_6ThreadEPKNS_7DexFile8CodeItemEPNS_11ShadowFrameEPNS_6JValueE+142)
03-03 11:36:25.981 30926 30926 F DEBUG   :     #23 pc 001edd5b  /system/lib/libart.so (_ZN3art11interpreter6DoCallILb0ELb0EEEbPNS_9ArtMethodEPNS_6ThreadERNS_11ShadowFrameEPKNS_11InstructionEtPNS_6JValueE+554)
03-03 11:36:25.981 30926 30926 F DEBUG   :     #24 pc 003cb735  /system/lib/libart.so (MterpInvokeDirect+356)
03-03 11:36:25.981 30926 30926 F DEBUG   :     #25 pc 003d2d14  /system/lib/libart.so (ExecuteMterpImpl+14484)
03-03 11:36:25.981 30926 30926 F DEBUG   :     #26 pc 001d5351  /system/lib/libart.so (_ZN3art11interpreterL7ExecuteEPNS_6ThreadEPKNS_7DexFile8CodeItemERNS_11ShadowFrameENS_6JValueEb+340)
03-03 11:36:25.981 30926 30926 F DEBUG   :     #27 pc 001da6a3  /system/lib/libart.so (_ZN3art11interpreter33ArtInterpreterToInterpreterBridgeEPNS_6ThreadEPKNS_7DexFile8CodeItemEPNS_11ShadowFrameEPNS_6JValueE+142)
03-03 11:36:25.981 30926 30926 F DEBUG   :     #28 pc 001edd5b  /system/lib/libart.so (_ZN3art11interpreter6DoCallILb0ELb0EEEbPNS_9ArtMethodEPNS_6ThreadERNS_11ShadowFrameEPKNS_11InstructionEtPNS_6JValueE+554)
03-03 11:36:25.981 30926 30926 F DEBUG   :     #29 pc 003cb92f  /system/lib/libart.so (MterpInvokeStatic+322)
03-03 11:36:25.982 30926 30926 F DEBUG   :     #30 pc 003d2d94  /system/lib/libart.so (ExecuteMterpImpl+14612)
03-03 11:36:25.982 30926 30926 F DEBUG   :     #31 pc 001d5351  /system/lib/libart.so (_ZN3art11interpreterL7ExecuteEPNS_6ThreadEPKNS_7DexFile8CodeItemERNS_11ShadowFrameENS_6JValueEb+340)
03-03 11:36:25.982 30926 30926 F DEBUG   :     #32 pc 001da6a3  /system/lib/libart.so (_ZN3art11interpreter33ArtInterpreterToInterpreterBridgeEPNS_6ThreadEPKNS_7DexFile8CodeItemEPNS_11ShadowFrameEPNS_6JValueE+142)
03-03 11:36:25.982 30926 30926 F DEBUG   :     #33 pc 001edd5b  /system/lib/libart.so (_ZN3art11interpreter6DoCallILb0ELb0EEEbPNS_9ArtMethodEPNS_6ThreadERNS_11ShadowFrameEPKNS_11InstructionEtPNS_6JValueE+554)
03-03 11:36:25.982 30926 30926 F DEBUG   :     #34 pc 003cb4ab  /system/lib/libart.so (MterpInvokeInterface+1210)
03-03 11:36:25.982 30926 30926 F DEBUG   :     #35 pc 003d2e14  /system/lib/libart.so (ExecuteMterpImpl+14740)
03-03 11:36:25.982 30926 30926 F DEBUG   :     #36 pc 001d5351  /system/lib/libart.so (_ZN3art11interpreterL7ExecuteEPNS_6ThreadEPKNS_7DexFile8CodeItemERNS_11ShadowFrameENS_6JValueEb+340)
03-03 11:36:25.982 30926 30926 F DEBUG   :     #37 pc 001da5f1  /system/lib/libart.so (_ZN3art11interpreter30EnterInterpreterFromEntryPointEPNS_6ThreadEPKNS_7DexFile8CodeItemEPNS_11ShadowFrameE+92)
03-03 11:36:25.982 30926 30926 F DEBUG   :     #38 pc 003c0fc5  /system/lib/libart.so (artQuickToInterpreterBridge+944)
03-03 11:36:25.982 30926 30926 F DEBUG   :     #39 pc 003e46f1  /system/lib/libart.so (art_quick_to_interpreter_bridge+32)
03-03 11:36:25.982 30926 30926 F DEBUG   :     #40 pc 003e0931  /system/lib/libart.so (art_quick_invoke_stub_internal+64)
03-03 11:36:25.982 30926 30926 F DEBUG   :     #41 pc 003e4ea3  /system/lib/libart.so (art_quick_invoke_stub+226)
03-03 11:36:25.982 30926 30926 F DEBUG   :     #42 pc 000ac2d9  /system/lib/libart.so (_ZN3art9ArtMethod6InvokeEPNS_6ThreadEPjjPNS_6JValueEPKc+140)
03-03 11:36:25.982 30926 30926 F DEBUG   :     #43 pc 00334bb1  /system/lib/libart.so (_ZN3artL18InvokeWithArgArrayERKNS_33ScopedObjectAccessAlreadyRunnableEPNS_9ArtMethodEPNS_8ArgArrayEPNS_6JValueEPKc+52)
03-03 11:36:25.982 30926 30926 F DEBUG   :     #44 pc 00335a2d  /system/lib/libart.so (_ZN3art35InvokeVirtualOrInterfaceWithJValuesERKNS_33ScopedObjectAccessAlreadyRunnableEP8_jobjectP10_jmethodIDP6jvalue+320)
03-03 11:36:25.982 30926 30926 F DEBUG   :     #45 pc 00353aed  /system/lib/libart.so (_ZN3art6Thread14CreateCallbackEPv+892)
03-03 11:36:25.982 30926 30926 F DEBUG   :     #46 pc 00048497  /system/lib/libc.so (_ZL15__pthread_startPv+22)
03-03 11:36:25.982 30926 30926 F DEBUG   :     #47 pc 0001b00f  /system/lib/libc.so (__start_thread+32)
03-03 11:36:26.103  1256  1570 I chatty  : uid=1000(system) android.anim expire 8 lines
03-03 11:36:26.174  1256  1256 I chatty  : uid=1000 system_server expire 23 lines
03-03 11:36:26.320  1256 30927 I chatty  : uid=1000 system_server expire 1 line
03-03 11:36:26.321  1256  1433 I chatty  : uid=1000(system) FileObserver expire 1 line
03-03 11:36:26.322  1256  1369 I chatty  : uid=1000(system) android.ui expire 4 lines
03-03 11:36:26.342  1256  3154 I chatty  : uid=1000(system) Binder:1256_14 expire 11 lines
03-03 11:36:26.371  1256  1440 I chatty  : uid=1000(system) android.display expire 4 lines
03-03 11:36:26.420  1256  2388 I chatty  : uid=1000(system) Binder:1256_B expire 9 lines
03-03 11:36:36.135  1256  2104 I chatty  : uid=1000(system) watchdog expire 6 lines
03-03 11:36:37.343  1256  1453 I chatty  : uid=1000(system) PowerManagerSer expire 20 lines
03-03 11:36:38.442  1256  2740 I chatty  : uid=1000(system) Binder:1256_C expire 1 line
03-03 11:36:44.348  1256  2199 I chatty  : uid=1000(system) Binder:1256_A expire 10 lines
03-03 11:36:44.441  3618  3618 V ActivityThread: Finishing stop of ActivityRecord{f64f382 token=android.os.BinderProxy@e24aa79 {com.huawei.android.launcher/com.huawei.android.launcher.unihome.UniHomeLauncher}}
03-03 11:36:44.451  1256  3129 I chatty  : uid=1000(system) Binder:1256_10 expire 12 lines
03-03 11:36:44.594  1256  1796 I chatty  : uid=1000(system) WifiP2pService expire 10 lines
03-03 11:36:44.614  1256  1778 I chatty  : uid=1000(system) NetdConnector expire 2 lines
03-03 11:36:44.652  1256  2901 I chatty  : uid=1000(system) HwDeviceUsageCo expire 1 line
03-03 11:36:44.675  3043  6588 W ContextImpl: Calling a method in the system process without a qualified user: android.app.ContextImpl.bindService:1736 android.content.ContextWrapper.bindService:678 com.huawei.nb.dataservice.dsclient.RemoteServiceConnection.open:90 com.huawei.nb.dataservice.dsclient.DataServiceProxy.connect:105 com.huawei.nb.dataservice.rsclient.internal.RemoteRuleService.start:27 
03-03 11:36:44.687  1256  3154 I chatty  : uid=1000(system) Binder:1256_14 expire 17 lines
03-03 11:36:44.722  1256  1593 I chatty  : uid=1000(system) sManagerService expire 1 line
03-03 11:36:49.379  1256  3114 I chatty  : uid=1000(system) Binder:1256_E expire 11 lines
03-03 11:36:49.405  2004  2004 V KeyguardStatusView: refresh statusview showing:true
03-03 11:36:49.408  2004  2004 V KeyguardDisplayManager: show
03-03 11:36:49.413  1256  1588 I chatty  : uid=1000(system) Binder:1256_3 expire 9 lines
03-03 11:36:49.440  3618  3618 V ActivityThread: Handle window ActivityRecord{f64f382 token=android.os.BinderProxy@e24aa79 {com.huawei.android.launcher/com.huawei.android.launcher.unihome.UniHomeLauncher}} visibility: false
03-03 11:36:50.453  1256  1579 I chatty  : uid=1000(system) UEventObserver expire 10 lines
03-03 11:39:16.866  1256  1597 I chatty  : uid=1000(system) InputReader expire 6 lines
03-03 11:39:16.867  1256  1453 I chatty  : uid=1000(system) PowerManagerSer expire 10 lines
03-03 11:39:16.880  1256  1599 I chatty  : uid=1000(system) StorageManagerS expire 2 lines
03-03 11:39:16.881   437   445 I vold    : TrimTask running tasks: 0
03-03 11:39:16.883  1256  1601 I chatty  : uid=1000(system) VoldConnector expire 1 line
03-03 11:39:16.902  1256  1783 I chatty  : uid=1000(system) WifiStateMachin expire 2 lines
03-03 11:39:16.906  1256  1794 I chatty  : uid=1000(system) WifiScanningSer expire 1 line
03-03 11:39:16.909  1256  1256 I chatty  : uid=1000 system_server expire 5 lines
03-03 11:39:16.944  1256  3129 I chatty  : uid=1000(system) Binder:1256_10 expire 2 lines
03-03 11:39:17.006  3043  6721 W ContextImpl: Calling a method in the system process without a qualified user: android.app.ContextImpl.bindService:1736 android.content.ContextWrapper.bindService:678 com.huawei.nb.dataservice.dsclient.RemoteServiceConnection.open:90 com.huawei.nb.dataservice.dsclient.DataServiceProxy.connect:105 com.huawei.nb.dataservice.rsclient.internal.RemoteRuleService.start:27 
03-03 11:39:17.030  1256  2199 I chatty  : uid=1000(system) Binder:1256_A expire 1 line
03-03 11:39:17.030  1256  3154 I chatty  : uid=1000(system) Binder:1256_14 expire 10 lines
03-03 11:39:17.103  1256  1453 I chatty  : uid=1000(system) PowerManagerSer expire 13 lines
03-03 11:39:17.108  1256  2199 I chatty  : uid=1000(system) Binder:1256_A expire 24 lines
03-03 11:39:17.838  1256  9302 I chatty  : uid=1000(system) Binder:1256_1C expire 16 lines
03-03 11:39:17.848  1256  1570 I chatty  : uid=1000(system) android.anim expire 5 lines
03-03 11:39:17.879  2004  2004 V KeyguardDisplayManager: hide
03-03 11:39:17.880  1256  1256 I chatty  : uid=1000 system_server expire 10 lines
03-03 11:39:17.885  1256  1367 I chatty  : uid=1000(system) ActivityManager expire 1 line
03-03 11:39:17.891  1256  1778 I chatty  : uid=1000(system) NetdConnector expire 10 lines
03-03 11:39:17.893  1256  3129 I chatty  : uid=1000(system) Binder:1256_10 expire 11 lines
03-03 11:39:17.908  1256  1796 I chatty  : uid=1000(system) WifiP2pService expire 10 lines
03-03 11:39:17.916  1256  3114 I chatty  : uid=1000(system) Binder:1256_E expire 1 line
03-03 11:39:17.924  1256  1909 I chatty  : uid=1000(system) Binder:1256_5 expire 9 lines
03-03 11:39:17.951  1256  2198 I chatty  : uid=1000(system) Binder:1256_9 expire 12 lines
03-03 11:39:18.149   605  1233 W SocketListener: sending broadcast to Pid = 1256, Uid = 1000 
03-03 11:39:18.152  1256  1438 I chatty  : uid=1000(system) android.fg expire 2 lines
03-03 11:39:18.154  1256  1848 I chatty  : uid=1000(system) WifiProStateMac expire 1 line
03-03 11:39:18.156  1256  1845 I chatty  : uid=1000(system) HwSelfCureEngin expire 2 lines
03-03 11:39:21.503  1256  1579 I chatty  : uid=1000(system) UEventObserver expire 20 lines
03-03 11:39:36.146  1256  2104 I chatty  : uid=1000(system) watchdog expire 10 lines
03-03 11:39:47.754  3618  3618 V ActivityThread: Finishing stop of ActivityRecord{f64f382 token=android.os.BinderProxy@e24aa79 {com.huawei.android.launcher/com.huawei.android.launcher.unihome.UniHomeLauncher}}
03-03 11:39:47.855  1256  1453 I chatty  : uid=1000(system) PowerManagerSer expire 10 lines
03-03 11:39:47.876  1256  1440 I chatty  : uid=1000(system) android.display expire 1 line
03-03 11:39:47.951  1256  2901 I chatty  : uid=1000(system) HwDeviceUsageCo expire 1 line
03-03 11:39:47.974  3043  7292 W ContextImpl: Calling a method in the system process without a qualified user: android.app.ContextImpl.bindService:1736 android.content.ContextWrapper.bindService:678 com.huawei.nb.dataservice.dsclient.RemoteServiceConnection.open:90 com.huawei.nb.dataservice.dsclient.DataServiceProxy.connect:105 com.huawei.nb.dataservice.rsclient.internal.RemoteRuleService.start:27 
03-03 11:39:47.982  1256  3154 I chatty  : uid=1000(system) Binder:1256_14 expire 12 lines
03-03 11:39:48.016  1256  1593 I chatty  : uid=1000(system) sManagerService expire 1 line
03-03 11:39:48.077  1256  1369 I chatty  : uid=1000(system) android.ui expire 1 line
03-03 11:39:51.723  1256  1256 I chatty  : uid=1000 system_server expire 32 lines
03-03 11:39:52.691  1256  2199 I chatty  : uid=1000(system) Binder:1256_A expire 12 lines
03-03 11:39:52.731  2004  2004 V KeyguardStatusView: refresh statusview showing:true
03-03 11:39:52.736  2004  2004 V KeyguardDisplayManager: show
03-03 11:39:52.744  1256  2198 I chatty  : uid=1000(system) Binder:1256_9 expire 10 lines
03-03 11:39:52.771  3618  3618 V ActivityThread: Handle window ActivityRecord{f64f382 token=android.os.BinderProxy@e24aa79 {com.huawei.android.launcher/com.huawei.android.launcher.unihome.UniHomeLauncher}} visibility: false
03-03 11:40:11.891  1256  1794 I chatty  : uid=1000(system) WifiScanningSer expire 2 lines
03-03 11:40:13.110   605  1233 W SocketListener: sending broadcast to Pid = 1256, Uid = 1000 
03-03 11:40:13.132  1256  2198 I chatty  : uid=1000(system) Binder:1256_9 expire 1 line
03-03 11:40:13.132  1256  3154 I chatty  : uid=1000(system) Binder:1256_14 expire 1 line
03-03 11:40:13.133  1256  2199 I chatty  : uid=1000(system) Binder:1256_A expire 3 lines
03-03 11:40:13.135  1256  3129 I chatty  : uid=1000(system) Binder:1256_10 expire 1 line
03-03 11:41:56.345  1256  1365 I chatty  : uid=1000(system) android.bg expire 1 line
03-03 11:44:20.698  1256  1783 I chatty  : uid=1000(system) WifiStateMachin expire 1 line
03-03 11:44:20.699  1256  1779 I chatty  : uid=1000(system) NetworkStats expire 7 lines
03-03 11:44:20.716  1256  1778 I chatty  : uid=1000(system) NetdConnector expire 10 lines
03-03 11:44:20.724  1256  3154 I chatty  : uid=1000(system) Binder:1256_14 expire 10 lines
03-03 11:44:20.751  1256  3129 I chatty  : uid=1000(system) Binder:1256_10 expire 5 lines
03-03 11:44:21.938   605  1233 W SocketListener: sending broadcast to Pid = 1256, Uid = 1000 
03-03 11:44:21.946  1256  1438 I chatty  : uid=1000(system) android.fg expire 5 lines
03-03 11:44:21.961  1256  2199 I chatty  : uid=1000(system) Binder:1256_A expire 7 lines
03-03 11:44:21.968  1256  2198 I chatty  : uid=1000(system) Binder:1256_9 expire 4 lines
03-03 11:44:21.969  1256  1909 I chatty  : uid=1000(system) Binder:1256_5 expire 4 lines
03-03 11:44:21.969  1256  1845 I chatty  : uid=1000(system) HwSelfCureEngin expire 5 lines
03-03 11:44:23.575  1256  1579 I chatty  : uid=1000(system) UEventObserver expire 12 lines
03-03 11:44:23.586  1256  1256 I chatty  : uid=1000 system_server expire 18 lines
03-03 11:44:36.166  1256  2104 I chatty  : uid=1000(system) watchdog expire 12 lines
03-03 11:45:11.895  1256  1794 I chatty  : uid=1000(system) WifiScanningSer expire 4 lines
03-03 11:45:13.113   605  1233 W SocketListener: sending broadcast to Pid = 1256, Uid = 1000 
03-03 11:47:02.990   753   927 E /system/bin/storaged: pid_info get_pids failed
03-03 11:47:24.823  1256  1579 I chatty  : uid=1000(system) UEventObserver expire 12 lines
03-03 11:47:24.833  1256  1256 I chatty  : uid=1000 system_server expire 18 lines
03-03 11:50:13.132   605  1233 W SocketListener: sending broadcast to Pid = 1256, Uid = 1000 
03-03 11:50:26.071  1256  1579 I chatty  : uid=1000(system) UEventObserver expire 20 lines
03-03 11:50:26.084  1256  1256 I chatty  : uid=1000 system_server expire 30 lines
03-03 11:50:36.191  1256  2104 I chatty  : uid=1000(system) watchdog expire 10 lines
03-03 11:55:13.139   605  1233 W SocketListener: sending broadcast to Pid = 1256, Uid = 1000 
03-03 11:55:28.155  1256  1579 I chatty  : uid=1000(system) UEventObserver expire 20 lines
03-03 11:55:28.171  1256  1256 I chatty  : uid=1000 system_server expire 32 lines
03-03 11:55:36.212  1256  2104 I chatty  : uid=1000(system) watchdog expire 10 lines
03-03 12:00:00.034  1256  1367 I chatty  : uid=1000(system) ActivityManager expire 1 line
03-03 12:00:13.209   605  1233 W SocketListener: sending broadcast to Pid = 1256, Uid = 1000 
03-03 12:00:13.212  1256  1778 I chatty  : uid=1000(system) NetdConnector expire 2 lines
03-03 12:00:13.238  1256 17774 I chatty  : uid=1000(system) Binder:1256_20 expire 4 lines
03-03 12:00:13.239  1256  3129 I chatty  : uid=1000(system) Binder:1256_10 expire 3 lines
03-03 12:00:30.231  1256  1579 I chatty  : uid=1000(system) UEventObserver expire 20 lines
03-03 12:00:30.241  1256  1256 I chatty  : uid=1000 system_server expire 12 lines
03-03 12:00:36.230  1256  2104 I chatty  : uid=1000(system) watchdog expire 10 lines
03-03 12:02:00.267  1256  1385 I chatty  : uid=1000(system) batterystats-sy expire 4 lines
03-03 12:02:00.286  1256  1367 I chatty  : uid=1000(system) ActivityManager expire 5 lines
03-03 12:02:02.997   753   927 E /system/bin/storaged: pid_info get_pids failed
03-03 12:02:29.754  1256  1849 I chatty  : uid=1000(system) StatisticsCHRMs expire 4 lines
03-03 12:02:31.083  1256  1256 I chatty  : uid=1000 system_server expire 10 lines
03-03 12:02:32.898  1256 32700 I chatty  : uid=1000 system_server expire 1 line
03-03 12:05:12.113  1256  1794 I chatty  : uid=1000(system) WifiScanningSer expire 4 lines
03-03 12:05:13.329   605  1233 W SocketListener: sending broadcast to Pid = 1256, Uid = 1000 
03-03 12:05:13.332  1256  1778 I chatty  : uid=1000(system) NetdConnector expire 8 lines
03-03 12:05:13.336  1256  1438 I chatty  : uid=1000(system) android.fg expire 4 lines
03-03 12:05:13.356  1256  2199 I chatty  : uid=1000(system) Binder:1256_A expire 1 line
03-03 12:05:13.358  1256  2198 I chatty  : uid=1000(system) Binder:1256_9 expire 5 lines
03-03 12:05:13.369  1256  1845 I chatty  : uid=1000(system) HwSelfCureEngin expire 4 lines
03-03 12:05:13.369  1256  3154 I chatty  : uid=1000(system) Binder:1256_14 expire 2 lines
03-03 12:05:13.450  1256  1908 I chatty  : uid=1000(system) Binder:1256_4 expire 12 lines
03-03 12:05:13.455  1256  1440 I chatty  : uid=1000(system) android.display expire 2 lines
03-03 12:05:32.322  1256  1579 I chatty  : uid=1000(system) UEventObserver expire 18 lines
03-03 12:05:32.343  1256  1256 I chatty  : uid=1000 system_server expire 20 lines
03-03 12:05:36.253  1256  2104 I chatty  : uid=1000(system) watchdog expire 10 lines
03-03 12:09:47.966  1256  1783 I chatty  : uid=1000(system) WifiStateMachin expire 1 line
03-03 12:09:47.971  1256  1909 I chatty  : uid=1000(system) Binder:1256_5 expire 8 lines
03-03 12:09:49.196   605  1233 W SocketListener: sending broadcast to Pid = 1256, Uid = 1000 
03-03 12:09:49.216  1256  3114 I chatty  : uid=1000(system) Binder:1256_E expire 3 lines
03-03 12:09:49.219  1256  1588 I chatty  : uid=1000(system) Binder:1256_3 expire 3 lines
03-03 12:10:04.191  1256  1579 I chatty  : uid=1000(system) UEventObserver expire 18 lines
03-03 12:10:04.204  1256  1256 I chatty  : uid=1000 system_server expire 21 lines
03-03 12:10:13.344   605  1233 W SocketListener: sending broadcast to Pid = 1256, Uid = 1000 
03-03 12:10:36.276  1256  2104 I chatty  : uid=1000(system) watchdog expire 10 lines
03-03 12:14:24.418  1256  1806 I chatty  : uid=1000(system) onProviders.ECP expire 10 lines
03-03 12:14:24.460  1633  1633 D ActivityThread: ActivityThread,attachApplication
03-03 12:14:24.549  1256  1365 I chatty  : uid=1000(system) android.bg expire 1 line
03-03 12:14:36.065  1256  1579 I chatty  : uid=1000(system) UEventObserver expire 8 lines
03-03 12:14:36.081  1256  1256 I chatty  : uid=1000 system_server expire 7 lines
03-03 12:15:13.439   605  1233 W SocketListener: sending broadcast to Pid = 1256, Uid = 1000 
03-03 12:15:13.466  1256  1908 I chatty  : uid=1000(system) Binder:1256_4 expire 1 line
03-03 12:15:36.294  1256  2104 I chatty  : uid=1000(system) watchdog expire 10 lines
03-03 12:16:06.703  1256  1256 I chatty  : uid=1000 system_server expire 14 lines
03-03 12:16:36.896  1256  1579 I chatty  : uid=1000(system) UEventObserver expire 16 lines
03-03 12:17:03.003   753   927 E /system/bin/storaged: pid_info get_pids failed
03-03 12:17:29.038  1256  1779 I chatty  : uid=1000(system) NetworkStats expire 7 lines
03-03 12:17:29.043  1256  1778 I chatty  : uid=1000(system) NetdConnector expire 10 lines
03-03 12:17:29.105  1256  1588 I chatty  : uid=1000(system) Binder:1256_3 expire 10 lines
03-03 12:17:29.310  1256  3114 I chatty  : uid=1000(system) Binder:1256_E expire 7 lines
03-03 12:17:29.343  1256  2198 I chatty  : uid=1000(system) Binder:1256_9 expire 11 lines
03-03 12:17:29.370  1985  1985 D ActivityThread: ActivityThread,attachApplication
03-03 12:17:29.719  1256  1908 I chatty  : uid=1000(system) Binder:1256_4 expire 22 lines
03-03 12:17:29.772  2022  2022 D ActivityThread: ActivityThread,attachApplication
03-03 12:17:30.014  1256  1367 I chatty  : uid=1000(system) ActivityManager expire 1 line
03-03 12:17:37.330  1256  1256 I chatty  : uid=1000 system_server expire 12 lines
03-03 12:20:12.316  1256  1794 I chatty  : uid=1000(system) WifiScanningSer expire 4 lines
03-03 12:20:13.538   605  1233 W SocketListener: sending broadcast to Pid = 1256, Uid = 1000 
03-03 12:20:13.552  1256  1438 I chatty  : uid=1000(system) android.fg expire 4 lines
03-03 12:20:13.562  1256  1908 I chatty  : uid=1000(system) Binder:1256_4 expire 4 lines
03-03 12:20:13.566  1256  2198 I chatty  : uid=1000(system) Binder:1256_9 expire 2 lines
03-03 12:20:13.570  1256  1845 I chatty  : uid=1000(system) HwSelfCureEngin expire 5 lines
03-03 12:20:13.571  1256  3154 I chatty  : uid=1000(system) Binder:1256_14 expire 5 lines
03-03 12:20:36.318  1256  2104 I chatty  : uid=1000(system) watchdog expire 10 lines
03-03 12:20:38.567  1256  1579 I chatty  : uid=1000(system) UEventObserver expire 20 lines
03-03 12:20:38.583  1256  1256 I chatty  : uid=1000 system_server expire 20 lines
03-03 12:25:13.642   605  1233 W SocketListener: sending broadcast to Pid = 1256, Uid = 1000 
03-03 12:25:36.343  1256  2104 I chatty  : uid=1000(system) watchdog expire 10 lines
03-03 12:25:40.639  1256  1579 I chatty  : uid=1000(system) UEventObserver expire 18 lines
03-03 12:26:10.852  1256  1256 I chatty  : uid=1000 system_server expire 18 lines
03-03 12:29:58.124  1256  1365 I chatty  : uid=1000(system) android.bg expire 1 line
03-03 12:30:00.038  1256  1783 I chatty  : uid=1000(system) WifiStateMachin expire 1 line
03-03 12:30:01.266   605  1233 W SocketListener: sending broadcast to Pid = 1256, Uid = 1000 
03-03 12:30:12.518  1256  1579 I chatty  : uid=1000(system) UEventObserver expire 6 lines
03-03 12:30:12.531  1256  1256 I chatty  : uid=1000 system_server expire 6 lines
03-03 12:30:13.651   605  1233 W SocketListener: sending broadcast to Pid = 1256, Uid = 1000 
03-03 12:30:13.654  1256  1778 I chatty  : uid=1000(system) NetdConnector expire 2 lines
03-03 12:30:13.675  1256  1588 I chatty  : uid=1000(system) Binder:1256_3 expire 2 lines
03-03 12:30:36.363  1256  2104 I chatty  : uid=1000(system) watchdog expire 2 lines
03-03 12:31:15.488  1256  1597 I chatty  : uid=1000(system) InputReader expire 6 lines
03-03 12:31:15.489  1256  1453 I chatty  : uid=1000(system) PowerManagerSer expire 24 lines
03-03 12:31:15.498  1256  2198 I chatty  : uid=1000(system) Binder:1256_9 expire 18 lines
03-03 12:31:15.498  1256  3154 I chatty  : uid=1000(system) Binder:1256_14 expire 33 lines
03-03 12:31:15.500  1256  1599 I chatty  : uid=1000(system) StorageManagerS expire 2 lines
03-03 12:31:15.501   437   445 I vold    : TrimTask running tasks: 0
03-03 12:31:15.502  1256  1601 I chatty  : uid=1000(system) VoldConnector expire 1 line
03-03 12:31:15.504  1256  1440 I chatty  : uid=1000(system) android.display expire 3 lines
03-03 12:31:15.511  1256  3114 I chatty  : uid=1000(system) Binder:1256_E expire 5 lines
03-03 12:31:15.516  1256  1783 I chatty  : uid=1000(system) WifiStateMachin expire 2 lines
03-03 12:31:15.520  1256  1794 I chatty  : uid=1000(system) WifiScanningSer expire 1 line
03-03 12:31:15.522  1256  1256 I chatty  : uid=1000 system_server expire 11 lines
03-03 12:31:15.522  1256  1796 I chatty  : uid=1000(system) WifiP2pService expire 10 lines
03-03 12:31:15.529  1256  1570 I chatty  : uid=1000(system) android.anim expire 7 lines
03-03 12:31:15.729  1256  1369 I chatty  : uid=1000(system) android.ui expire 3 lines
03-03 12:31:15.735  1256  1909 I chatty  : uid=1000(system) Binder:1256_5 expire 19 lines
03-03 12:31:15.763  3043  7672 W ContextImpl: Calling a method in the system process without a qualified user: android.app.ContextImpl.bindService:1736 android.content.ContextWrapper.bindService:678 com.huawei.nb.dataservice.dsclient.RemoteServiceConnection.open:90 com.huawei.nb.dataservice.dsclient.DataServiceProxy.connect:105 com.huawei.nb.dataservice.rsclient.internal.RemoteRuleService.start:27 
03-03 12:31:15.764  1256  1908 I chatty  : uid=1000(system) Binder:1256_4 expire 12 lines
03-03 12:31:16.093  1256  1283 I chatty  : uid=1000(system) Binder:1256_2 expire 13 lines
03-03 12:31:16.126  2004  2004 V KeyguardDisplayManager: hide
03-03 12:31:16.139  1256  1367 I chatty  : uid=1000(system) ActivityManager expire 1 line
03-03 12:31:16.149  1256  1778 I chatty  : uid=1000(system) NetdConnector expire 6 lines
03-03 12:31:16.260  1256  1588 I chatty  : uid=1000(system) Binder:1256_3 expire 12 lines
03-03 12:31:16.773   605  1233 W SocketListener: sending broadcast to Pid = 1256, Uid = 1000 
03-03 12:31:16.777  1256  1438 I chatty  : uid=1000(system) android.fg expire 1 line
03-03 12:31:16.793  1256  1848 I chatty  : uid=1000(system) WifiProStateMac expire 1 line
03-03 12:31:16.797  1256  1845 I chatty  : uid=1000(system) HwSelfCureEngin expire 1 line
03-03 12:31:36.367  1256  2104 I chatty  : uid=1000(system) watchdog expire 1 line
03-03 12:31:43.127  1256  1579 I chatty  : uid=1000(system) UEventObserver expire 2 lines
03-03 12:31:46.031  3618  3618 V ActivityThread: Finishing stop of ActivityRecord{f64f382 token=android.os.BinderProxy@e24aa79 {com.huawei.android.launcher/com.huawei.android.launcher.unihome.UniHomeLauncher}}
03-03 12:31:46.035  1256  3154 I chatty  : uid=1000(system) Binder:1256_14 expire 2 lines
03-03 12:31:46.138  1256  1453 I chatty  : uid=1000(system) PowerManagerSer expire 10 lines
03-03 12:31:46.186  1256  1256 I chatty  : uid=1000 system_server expire 4 lines
03-03 12:31:46.186  1256  1796 I chatty  : uid=1000(system) WifiP2pService expire 5 lines
03-03 12:31:46.205  1256  1908 I chatty  : uid=1000(system) Binder:1256_4 expire 12 lines
03-03 12:31:46.242  1256  2901 I chatty  : uid=1000(system) HwDeviceUsageCo expire 1 line
03-03 12:31:46.260  1256  2198 I chatty  : uid=1000(system) Binder:1256_9 expire 15 lines
03-03 12:31:46.266  3043  7690 W ContextImpl: Calling a method in the system process without a qualified user: android.app.ContextImpl.bindService:1736 android.content.ContextWrapper.bindService:678 com.huawei.nb.dataservice.dsclient.RemoteServiceConnection.open:90 com.huawei.nb.dataservice.dsclient.DataServiceProxy.connect:105 com.huawei.nb.dataservice.rsclient.internal.RemoteRuleService.start:27 
03-03 12:31:46.288  1256  1593 I chatty  : uid=1000(system) sManagerService expire 1 line
03-03 12:31:50.964  1256  1588 I chatty  : uid=1000(system) Binder:1256_3 expire 7 lines
03-03 12:31:50.982  2004  2004 V KeyguardStatusView: refresh statusview showing:true
03-03 12:31:50.985  2004  2004 V KeyguardDisplayManager: show
