02-12 15:07:39.980   715   715 E wificond: Failed to get NL80211_RATE_INFO_SNR
02-12 15:07:39.980   715   715 E wificond: Failed to get NL80211_STA_INFO_CNAHLOAD
02-12 15:07:40.106  1256  1583 I chatty  : uid=1000(system) UEventObserver expire 2 lines
02-12 15:07:42.995   715   715 E wificond: Failed to get NL80211_RATE_INFO_NOISE
02-12 15:07:42.995   715   715 E wificond: Failed to get NL80211_RATE_INFO_SNR
02-12 15:07:42.995   715   715 E wificond: Failed to get NL80211_STA_INFO_CNAHLOAD
02-12 15:07:46.013   715   715 E wificond: Failed to get NL80211_RATE_INFO_NOISE
02-12 15:07:46.013   715   715 E wificond: Failed to get NL80211_RATE_INFO_SNR
02-12 15:07:46.013   715   715 E wificond: Failed to get NL80211_STA_INFO_CNAHLOAD
02-12 15:07:46.674   715   715 E wificond: Failed to get NL80211_RATE_INFO_NOISE
02-12 15:07:46.675   715   715 E wificond: Failed to get NL80211_RATE_INFO_SNR
02-12 15:07:46.675   715   715 E wificond: Failed to get NL80211_STA_INFO_CNAHLOAD
02-12 15:07:46.678   715   715 E wificond: Failed to get NL80211_RATE_INFO_NOISE
02-12 15:07:46.678   715   715 E wificond: Failed to get NL80211_RATE_INFO_SNR
02-12 15:07:46.678   715   715 E wificond: Failed to get NL80211_STA_INFO_CNAHLOAD
02-12 15:07:49.030   715   715 E wificond: Failed to get NL80211_RATE_INFO_NOISE
02-12 15:07:49.031   715   715 E wificond: Failed to get NL80211_RATE_INFO_SNR
02-12 15:07:49.031   715   715 E wificond: Failed to get NL80211_STA_INFO_CNAHLOAD
02-12 15:07:49.983  1256  1462 I chatty  : uid=1000(system) PowerManagerSer expire 2 lines
02-12 15:07:50.251  1256  2753 I chatty  : uid=1000(system) Binder:1256_10 expire 14 lines
02-12 15:07:50.721  1256  5966 I chatty  : uid=1000(system) Binder:1256_16 expire 11 lines
02-12 15:07:51.584  1256  2025 I chatty  : uid=1000(system) Binder:1256_5 expire 16 lines
02-12 15:07:52.047   715   715 E wificond: Failed to get NL80211_RATE_INFO_NOISE
02-12 15:07:52.048   715   715 E wificond: Failed to get NL80211_RATE_INFO_SNR
02-12 15:07:52.048   715   715 E wificond: Failed to get NL80211_STA_INFO_CNAHLOAD
02-12 15:07:52.997  1256  1462 I chatty  : uid=1000(system) PowerManagerSer expire 6 lines
02-12 15:07:54.693   715   715 E wificond: Failed to get NL80211_RATE_INFO_NOISE
02-12 15:07:54.693   715   715 E wificond: Failed to get NL80211_RATE_INFO_SNR
02-12 15:07:54.693   715   715 E wificond: Failed to get NL80211_STA_INFO_CNAHLOAD
02-12 15:07:54.697   715   715 E wificond: Failed to get NL80211_RATE_INFO_NOISE
02-12 15:07:54.697   715   715 E wificond: Failed to get NL80211_RATE_INFO_SNR
02-12 15:07:54.697   715   715 E wificond: Failed to get NL80211_STA_INFO_CNAHLOAD
02-12 15:07:55.058   715   715 E wificond: Failed to get NL80211_RATE_INFO_NOISE
02-12 15:07:55.059   715   715 E wificond: Failed to get NL80211_RATE_INFO_SNR
02-12 15:07:55.059   715   715 E wificond: Failed to get NL80211_STA_INFO_CNAHLOAD
02-12 15:07:58.077   715   715 E wificond: Failed to get NL80211_RATE_INFO_NOISE
02-12 15:07:58.077   715   715 E wificond: Failed to get NL80211_RATE_INFO_SNR
02-12 15:07:58.077   715   715 E wificond: Failed to get NL80211_STA_INFO_CNAHLOAD
02-12 15:07:58.875  1256  1439 I chatty  : uid=1000(system) android.ui expire 45 lines
02-12 15:07:59.803  1256  2115 I chatty  : uid=1000(system) watchdog expire 2 lines
02-12 15:08:00.004  1256  1256 I chatty  : uid=1000 system_server expire 6 lines
02-12 15:08:00.537  1256  1599 I chatty  : uid=1000(system) sManagerService expire 10 lines
02-12 15:08:01.094   715   715 E wificond: Failed to get NL80211_RATE_INFO_NOISE
02-12 15:08:01.094   715   715 E wificond: Failed to get NL80211_RATE_INFO_SNR
02-12 15:08:01.094   715   715 E wificond: Failed to get NL80211_STA_INFO_CNAHLOAD
02-12 15:08:01.121  1256  2753 I chatty  : uid=1000(system) Binder:1256_10 expire 11 lines
02-12 15:08:02.692   715   715 E wificond: Failed to get NL80211_RATE_INFO_NOISE
02-12 15:08:02.692   715   715 E wificond: Failed to get NL80211_RATE_INFO_SNR
02-12 15:08:02.692   715   715 E wificond: Failed to get NL80211_STA_INFO_CNAHLOAD
02-12 15:08:02.695   715   715 E wificond: Failed to get NL80211_RATE_INFO_NOISE
02-12 15:08:02.695   715   715 E wificond: Failed to get NL80211_RATE_INFO_SNR
02-12 15:08:02.695   715   715 E wificond: Failed to get NL80211_STA_INFO_CNAHLOAD
02-12 15:08:04.112   715   715 E wificond: Failed to get NL80211_RATE_INFO_NOISE
02-12 15:08:04.112   715   715 E wificond: Failed to get NL80211_RATE_INFO_SNR
02-12 15:08:04.112   715   715 E wificond: Failed to get NL80211_STA_INFO_CNAHLOAD
02-12 15:08:07.128   715   715 E wificond: Failed to get NL80211_RATE_INFO_NOISE
02-12 15:08:07.128   715   715 E wificond: Failed to get NL80211_RATE_INFO_SNR
02-12 15:08:07.129   715   715 E wificond: Failed to get NL80211_STA_INFO_CNAHLOAD
02-12 15:08:10.146   715   715 E wificond: Failed to get NL80211_RATE_INFO_NOISE
02-12 15:08:10.146   715   715 E wificond: Failed to get NL80211_RATE_INFO_SNR
02-12 15:08:10.146   715   715 E wificond: Failed to get NL80211_STA_INFO_CNAHLOAD
02-12 15:08:10.314  1256  1583 I chatty  : uid=1000(system) UEventObserver expire 4 lines
02-12 15:08:10.694   715   715 E wificond: Failed to get NL80211_RATE_INFO_NOISE
02-12 15:08:10.694   715   715 E wificond: Failed to get NL80211_RATE_INFO_SNR
02-12 15:08:10.694   715   715 E wificond: Failed to get NL80211_STA_INFO_CNAHLOAD
02-12 15:08:10.697   715   715 E wificond: Failed to get NL80211_RATE_INFO_NOISE
02-12 15:08:10.697   715   715 E wificond: Failed to get NL80211_RATE_INFO_SNR
02-12 15:08:10.697   715   715 E wificond: Failed to get NL80211_STA_INFO_CNAHLOAD
02-12 15:08:13.166   715   715 E wificond: Failed to get NL80211_RATE_INFO_NOISE
02-12 15:08:13.166   715   715 E wificond: Failed to get NL80211_RATE_INFO_SNR
02-12 15:08:13.166   715   715 E wificond: Failed to get NL80211_STA_INFO_CNAHLOAD
02-12 15:08:16.185   715   715 E wificond: Failed to get NL80211_RATE_INFO_NOISE
02-12 15:08:16.186   715   715 E wificond: Failed to get NL80211_RATE_INFO_SNR
02-12 15:08:16.186   715   715 E wificond: Failed to get NL80211_STA_INFO_CNAHLOAD
02-12 15:08:18.709   715   715 E wificond: Failed to get NL80211_RATE_INFO_NOISE
02-12 15:08:18.710   715   715 E wificond: Failed to get NL80211_RATE_INFO_SNR
02-12 15:08:18.710   715   715 E wificond: Failed to get NL80211_STA_INFO_CNAHLOAD
02-12 15:08:18.712   715   715 E wificond: Failed to get NL80211_RATE_INFO_NOISE
02-12 15:08:18.712   715   715 E wificond: Failed to get NL80211_RATE_INFO_SNR
02-12 15:08:18.712   715   715 E wificond: Failed to get NL80211_STA_INFO_CNAHLOAD
02-12 15:08:19.193   715   715 E wificond: Failed to get NL80211_RATE_INFO_NOISE
02-12 15:08:19.193   715   715 E wificond: Failed to get NL80211_RATE_INFO_SNR
02-12 15:08:19.193   715   715 E wificond: Failed to get NL80211_STA_INFO_CNAHLOAD
02-12 15:08:22.211   715   715 E wificond: Failed to get NL80211_RATE_INFO_NOISE
02-12 15:08:22.211   715   715 E wificond: Failed to get NL80211_RATE_INFO_SNR
02-12 15:08:22.211   715   715 E wificond: Failed to get NL80211_STA_INFO_CNAHLOAD
02-12 15:08:25.230   715   715 E wificond: Failed to get NL80211_RATE_INFO_NOISE
02-12 15:08:25.230   715   715 E wificond: Failed to get NL80211_RATE_INFO_SNR
02-12 15:08:25.230   715   715 E wificond: Failed to get NL80211_STA_INFO_CNAHLOAD
02-12 15:08:26.717   715   715 E wificond: Failed to get NL80211_RATE_INFO_NOISE
02-12 15:08:26.717   715   715 E wificond: Failed to get NL80211_RATE_INFO_SNR
02-12 15:08:26.717   715   715 E wificond: Failed to get NL80211_STA_INFO_CNAHLOAD
02-12 15:08:26.720   715   715 E wificond: Failed to get NL80211_RATE_INFO_NOISE
02-12 15:08:26.720   715   715 E wificond: Failed to get NL80211_RATE_INFO_SNR
02-12 15:08:26.720   715   715 E wificond: Failed to get NL80211_STA_INFO_CNAHLOAD
02-12 15:08:28.245   715   715 E wificond: Failed to get NL80211_RATE_INFO_NOISE
02-12 15:08:28.245   715   715 E wificond: Failed to get NL80211_RATE_INFO_SNR
02-12 15:08:28.245   715   715 E wificond: Failed to get NL80211_STA_INFO_CNAHLOAD
02-12 15:08:31.263   715   715 E wificond: Failed to get NL80211_RATE_INFO_NOISE
02-12 15:08:31.264   715   715 E wificond: Failed to get NL80211_RATE_INFO_SNR
02-12 15:08:31.264   715   715 E wificond: Failed to get NL80211_STA_INFO_CNAHLOAD
02-12 15:08:34.278   715   715 E wificond: Failed to get NL80211_RATE_INFO_NOISE
02-12 15:08:34.278   715   715 E wificond: Failed to get NL80211_RATE_INFO_SNR
02-12 15:08:34.278   715   715 E wificond: Failed to get NL80211_STA_INFO_CNAHLOAD
02-12 15:08:34.712   715   715 E wificond: Failed to get NL80211_RATE_INFO_NOISE
02-12 15:08:34.713   715   715 E wificond: Failed to get NL80211_RATE_INFO_SNR
02-12 15:08:34.713   715   715 E wificond: Failed to get NL80211_STA_INFO_CNAHLOAD
02-12 15:08:34.716   715   715 E wificond: Failed to get NL80211_RATE_INFO_NOISE
02-12 15:08:34.717   715   715 E wificond: Failed to get NL80211_RATE_INFO_SNR
02-12 15:08:34.717   715   715 E wificond: Failed to get NL80211_STA_INFO_CNAHLOAD
02-12 15:08:36.922   604  1233 W SocketListener: sending broadcast to Pid = 1256, Uid = 1000 
02-12 15:08:36.923  1256  1785 I chatty  : uid=1000(system) NetdConnector expire 2 lines
02-12 15:08:36.925  1256  1454 I chatty  : uid=1000(system) android.fg expire 1 line
02-12 15:08:36.932  1256  5966 I chatty  : uid=1000(system) Binder:1256_16 expire 12 lines
02-12 15:08:37.296   715   715 E wificond: Failed to get NL80211_RATE_INFO_NOISE
02-12 15:08:37.296   715   715 E wificond: Failed to get NL80211_RATE_INFO_SNR
02-12 15:08:37.296   715   715 E wificond: Failed to get NL80211_STA_INFO_CNAHLOAD
02-12 15:08:40.314   715   715 E wificond: Failed to get NL80211_RATE_INFO_NOISE
02-12 15:08:40.314   715   715 E wificond: Failed to get NL80211_RATE_INFO_SNR
02-12 15:08:40.314   715   715 E wificond: Failed to get NL80211_STA_INFO_CNAHLOAD
02-12 15:08:42.729   715   715 E wificond: Failed to get NL80211_RATE_INFO_NOISE
02-12 15:08:42.729   715   715 E wificond: Failed to get NL80211_RATE_INFO_SNR
02-12 15:08:42.729   715   715 E wificond: Failed to get NL80211_STA_INFO_CNAHLOAD
02-12 15:08:42.732   715   715 E wificond: Failed to get NL80211_RATE_INFO_NOISE
02-12 15:08:42.732   715   715 E wificond: Failed to get NL80211_RATE_INFO_SNR
02-12 15:08:42.732   715   715 E wificond: Failed to get NL80211_STA_INFO_CNAHLOAD
02-12 15:08:43.321   715   715 E wificond: Failed to get NL80211_RATE_INFO_NOISE
02-12 15:08:43.321   715   715 E wificond: Failed to get NL80211_RATE_INFO_SNR
02-12 15:08:43.321   715   715 E wificond: Failed to get NL80211_STA_INFO_CNAHLOAD
02-12 15:08:43.992  1256  1599 I chatty  : uid=1000(system) sManagerService expire 5 lines
02-12 15:08:46.338   715   715 E wificond: Failed to get NL80211_RATE_INFO_NOISE
02-12 15:08:46.338   715   715 E wificond: Failed to get NL80211_RATE_INFO_SNR
02-12 15:08:46.338   715   715 E wificond: Failed to get NL80211_STA_INFO_CNAHLOAD
02-12 15:08:49.285  1256  2027 I chatty  : uid=1000(system) Binder:1256_6 expire 8 lines
02-12 15:08:49.305 12673 12673 V ActivityThread: ActivityThread,callActivityOnCreate
02-12 15:08:49.316  1256  1576 I chatty  : uid=1000(system) android.anim expire 19 lines
02-12 15:08:49.352   715   715 E wificond: Failed to get NL80211_RATE_INFO_NOISE
02-12 15:08:49.352   715   715 E wificond: Failed to get NL80211_RATE_INFO_SNR
02-12 15:08:49.352   715   715 E wificond: Failed to get NL80211_STA_INFO_CNAHLOAD
02-12 15:08:49.399 12673 12673 D ActivityThread: add activity client record, r= ActivityRecord{5ef5acf token=android.os.BinderProxy@c1f652a {com.android.settings/com.android.settings.Settings$AppAndNotificationDashboardActivity}} token= android.os.BinderProxy@c1f652a
02-12 15:08:49.404  1256  2537 I chatty  : uid=1000(system) Binder:1256_D expire 14 lines
02-12 15:08:50.739   715   715 E wificond: Failed to get NL80211_RATE_INFO_NOISE
02-12 15:08:50.739   715   715 E wificond: Failed to get NL80211_RATE_INFO_SNR
02-12 15:08:50.739   715   715 E wificond: Failed to get NL80211_STA_INFO_CNAHLOAD
02-12 15:08:50.742   715   715 E wificond: Failed to get NL80211_RATE_INFO_NOISE
02-12 15:08:50.742   715   715 E wificond: Failed to get NL80211_RATE_INFO_SNR
02-12 15:08:50.742   715   715 E wificond: Failed to get NL80211_STA_INFO_CNAHLOAD
02-12 15:08:50.885  1256  1439 I chatty  : uid=1000(system) android.ui expire 31 lines
02-12 15:08:51.155  1256  6499 I chatty  : uid=1000(system) Binder:1256_18 expire 4 lines
02-12 15:08:51.169  1256 14961 I chatty  : uid=1000(system) Binder:1256_1E expire 1 line
02-12 15:08:51.172  1975  2571 I HwNetworkPolicyManager: getHwUidPolicy uid = 1000 policy = 0
02-12 15:08:51.176 17483 17483 V ActivityThread: ActivityThread,callActivityOnCreate
02-12 15:08:51.253 17483 17483 D ActivityThread: add activity client record, r= ActivityRecord{edfb1f9 token=android.os.BinderProxy@6c5d4c7 {com.huawei.systemmanager/com.huawei.permissionmanager.ui.MainActivity}} token= android.os.BinderProxy@6c5d4c7
02-12 15:08:51.371 17483 17483 W ContextImpl: Calling a method in the system process without a qualified user: android.app.ContextImpl.startService:1656 android.content.ContextWrapper.startService:644 com.huawei.permissionmanager.ui.MainActivity.updateRecommendPermission:85 com.huawei.permissionmanager.ui.MainActivity.-wrap1:0 com.huawei.permissionmanager.ui.MainActivity$2.handleMessage:39 
02-12 15:08:51.375  1256  2025 I chatty  : uid=1000(system) Binder:1256_5 expire 16 lines
02-12 15:08:51.381  1256  2753 I chatty  : uid=1000(system) Binder:1256_10 expire 108 lines
02-12 15:08:51.387  1256  2025 I chatty  : uid=1000(system) Binder:1256_5 expire 108 lines
02-12 15:08:51.415  1256  2027 I chatty  : uid=1000(system) Binder:1256_6 expire 34 lines
02-12 15:08:51.416  1256  6499 I chatty  : uid=1000(system) Binder:1256_18 expire 78 lines
02-12 15:08:51.431  1256  2025 I chatty  : uid=1000(system) Binder:1256_5 expire 54 lines
02-12 15:08:51.433  1256  2027 I chatty  : uid=1000(system) Binder:1256_6 expire 30 lines
02-12 15:08:51.669  1256  1256 I chatty  : uid=1000 system_server expire 2 lines
02-12 15:08:51.670  1256  1576 I chatty  : uid=1000(system) android.anim expire 6 lines
02-12 15:08:51.691  1256  1439 I chatty  : uid=1000(system) android.ui expire 19 lines
02-12 15:08:52.364   715   715 E wificond: Failed to get NL80211_RATE_INFO_NOISE
02-12 15:08:52.364   715   715 E wificond: Failed to get NL80211_RATE_INFO_SNR
02-12 15:08:52.364   715   715 E wificond: Failed to get NL80211_STA_INFO_CNAHLOAD
02-12 15:08:53.176  1975  2571 I HwNetworkPolicyManager: getHwUidPolicy uid = 10039 policy = 0
02-12 15:08:53.178  9561  9561 V ActivityThread: ActivityThread,callActivityOnCreate
02-12 15:08:53.207  1256  2753 I chatty  : uid=1000(system) Binder:1256_10 expire 7 lines
02-12 15:08:53.210  1256  2537 I chatty  : uid=1000(system) Binder:1256_D expire 3 lines
02-12 15:08:53.216  1256  5966 I chatty  : uid=1000(system) Binder:1256_16 expire 18 lines
02-12 15:08:53.243  9561  9561 D ActivityThread: add activity client record, r= ActivityRecord{1330aca token=android.os.BinderProxy@48ec3ba {com.android.packageinstaller/com.android.packageinstaller.permission.ui.ManagePermissionsActivity}} token= android.os.BinderProxy@48ec3ba
02-12 15:08:53.246  1256 14961 I chatty  : uid=1000(system) Binder:1256_1E expire 21 lines
02-12 15:08:53.350  1256  2325 I chatty  : uid=1000(system) Binder:1256_B expire 39 lines
02-12 15:08:55.264  1256  1602 I chatty  : uid=1000(system) InputDispatcher expire 8 lines
02-12 15:08:55.336  1975  2571 I HwNetworkPolicyManager: getHwUidPolicy uid = 1000 policy = 0
02-12 15:08:55.376   715   715 E wificond: Failed to get NL80211_RATE_INFO_NOISE
02-12 15:08:55.377   715   715 E wificond: Failed to get NL80211_RATE_INFO_SNR
02-12 15:08:55.377   715   715 E wificond: Failed to get NL80211_STA_INFO_CNAHLOAD
02-12 15:08:55.386  1256  2325 I chatty  : uid=1000(system) Binder:1256_B expire 46 lines
02-12 15:08:55.391  1256  2753 I chatty  : uid=1000(system) Binder:1256_10 expire 118 lines
02-12 15:08:55.433  1256 14961 I chatty  : uid=1000(system) Binder:1256_1E expire 9 lines
02-12 15:08:55.642  9561  9561 D ActivityThread: Remove activity client record, r= ActivityRecord{1330aca token=android.os.BinderProxy@48ec3ba {com.android.packageinstaller/com.android.packageinstaller.permission.ui.ManagePermissionsActivity}} token= android.os.BinderProxy@48ec3ba
02-12 15:08:55.642  1256  1439 I chatty  : uid=1000(system) android.ui expire 3 lines
02-12 15:08:55.706  1256  1576 I chatty  : uid=1000(system) android.anim expire 24 lines
02-12 15:08:55.819  1256  1256 I chatty  : uid=1000 system_server expire 1 line
02-12 15:08:56.148  1975  2571 I HwNetworkPolicyManager: getHwUidPolicy uid = 1000 policy = 0
02-12 15:08:56.237  1256  5966 I chatty  : uid=1000(system) Binder:1256_16 expire 8 lines
02-12 15:08:56.301 12673 12673 W ContextImpl: Calling a method in the system process without a qualified user: android.app.ContextImpl.sendBroadcast:1095 android.content.ContextWrapper.sendBroadcast:436 com.android.settings.HWSettings.onResume:138 android.app.Instrumentation.callActivityOnResume:1364 android.app.Activity.performResume:7465 
02-12 15:08:56.310  1256  6499 I chatty  : uid=1000(system) Binder:1256_18 expire 67 lines
02-12 15:08:56.481  1975  2571 I HwNetworkPolicyManager: getHwUidPolicy uid = 10067 policy = 0
02-12 15:08:56.490  2005  2019 I CommandQueue: updateBarBgColor
02-12 15:08:56.490  2005  2019 D CommandQueue: CommandQueue, setBarBackgroundColor
02-12 15:08:56.539  1256  1576 I chatty  : uid=1000(system) android.anim expire 32 lines
02-12 15:08:56.564  1256  1602 I chatty  : uid=1000(system) InputDispatcher expire 16 lines
02-12 15:08:56.765 12673 12673 D ActivityThread: Remove activity client record, r= ActivityRecord{5ef5acf token=android.os.BinderProxy@c1f652a {com.android.settings/com.android.settings.Settings$AppAndNotificationDashboardActivity}} token= android.os.BinderProxy@c1f652a
02-12 15:08:56.769  1256  1439 I chatty  : uid=1000(system) android.ui expire 21 lines
02-12 15:08:56.774 17483 17483 D ActivityThread: Remove activity client record, r= ActivityRecord{edfb1f9 token=android.os.BinderProxy@6c5d4c7 {com.huawei.systemmanager/com.huawei.permissionmanager.ui.MainActivity}} token= android.os.BinderProxy@6c5d4c7
02-12 15:08:56.775  1256  2325 I chatty  : uid=1000(system) Binder:1256_B expire 26 lines
02-12 15:08:56.948  1256  1256 I chatty  : uid=1000 system_server expire 4 lines
02-12 15:08:57.860  1256  1599 I chatty  : uid=1000(system) sManagerService expire 1 line
02-12 15:08:57.919 12981 12981 D ActivityThread: ActivityThread,attachApplication
02-12 15:08:57.934  1256  5966 I chatty  : uid=1000(system) Binder:1256_16 expire 51 lines
02-12 15:08:57.935  1975  2571 I HwNetworkPolicyManager: getHwUidPolicy uid = 10110 policy = 0
02-12 15:08:57.967  1256 14961 I chatty  : uid=1000(system) Binder:1256_1E expire 26 lines
02-12 15:08:58.031 12981 12981 V ActivityThread: ActivityThread,callActivityOnCreate
02-12 15:08:58.393   715   715 E wificond: Failed to get NL80211_RATE_INFO_NOISE
02-12 15:08:58.393   715   715 E wificond: Failed to get NL80211_RATE_INFO_SNR
02-12 15:08:58.393   715   715 E wificond: Failed to get NL80211_STA_INFO_CNAHLOAD
02-12 15:08:58.738   715   715 E wificond: Failed to get NL80211_RATE_INFO_NOISE
02-12 15:08:58.738   715   715 E wificond: Failed to get NL80211_RATE_INFO_SNR
02-12 15:08:58.738   715   715 E wificond: Failed to get NL80211_STA_INFO_CNAHLOAD
02-12 15:08:58.739   715   715 E wificond: Failed to get NL80211_RATE_INFO_NOISE
02-12 15:08:58.739   715   715 E wificond: Failed to get NL80211_RATE_INFO_SNR
02-12 15:08:58.739   715   715 E wificond: Failed to get NL80211_STA_INFO_CNAHLOAD
02-12 15:08:59.584 12981 12981 D ActivityThread: add activity client record, r= ActivityRecord{1e0b5c2 token=android.os.BinderProxy@8ec8bac {com.sh1r0.caffe_android_demo/com.sh1r0.caffe_android_demo.MainActivity}} token= android.os.BinderProxy@8ec8bac
02-12 15:08:59.644  2005  2019 I CommandQueue: updateBarBgColor
02-12 15:08:59.645  2005  2019 D CommandQueue: CommandQueue, setBarBackgroundColor
02-12 15:08:59.806  1256  2115 I chatty  : uid=1000(system) watchdog expire 1 line
02-12 15:09:00.077  1256  1606 I chatty  : uid=1000(system) HwBinder:1256_2 expire 1 line
02-12 15:09:00.077  1256  1588 I chatty  : uid=1000(system) fingerprintServ expire 2 lines
02-12 15:09:00.230  2005  2019 I CommandQueue: updateBarBgColor
02-12 15:09:00.230  2005  2019 D CommandQueue: CommandQueue, setBarBackgroundColor
02-12 15:09:00.238  2005  2005 W ViewRootImpl[RecentsActivity]: Dropping event due to no window focus: KeyEvent { action=ACTION_DOWN, keyCode=KEYCODE_BACK, scanCode=0, metaState=0, flags=0x8, hwFlags=0x0, repeatCount=0, eventTime=235784146, downTime=235784146, deviceId=0, source=0x101 }
02-12 15:09:00.238  2005  2005 W ViewRootImpl[RecentsActivity]: Cancelling event due to no window focus: KeyEvent { action=ACTION_UP, keyCode=KEYCODE_BACK, scanCode=0, metaState=0, flags=0x28, hwFlags=0x0, repeatCount=0, eventTime=235784146, downTime=235784146, deviceId=0, source=0x101 }
02-12 15:09:00.238  2005  2005 I chatty  : uid=10029(u0_a29) com.android.systemui identical 7 lines
02-12 15:09:00.238  2005  2005 W ViewRootImpl[RecentsActivity]: Cancelling event due to no window focus: KeyEvent { action=ACTION_UP, keyCode=KEYCODE_BACK, scanCode=0, metaState=0, flags=0x28, hwFlags=0x0, repeatCount=0, eventTime=235784146, downTime=235784146, deviceId=0, source=0x101 }
02-12 15:09:00.423  1975  2571 I HwNetworkPolicyManager: getHwUidPolicy uid = 10110 policy = 0
02-12 15:09:00.446  2005  2019 I CommandQueue: updateBarBgColor
02-12 15:09:00.446  2005  2019 D CommandQueue: CommandQueue, setBarBackgroundColor
02-12 15:09:00.622  1256  5966 I chatty  : uid=1000(system) Binder:1256_16 expire 32 lines
02-12 15:09:00.627  1256  2753 I chatty  : uid=1000(system) Binder:1256_10 expire 47 lines
02-12 15:09:00.634  1256  1576 I chatty  : uid=1000(system) android.anim expire 38 lines
02-12 15:09:00.635  1256  1439 I chatty  : uid=1000(system) android.ui expire 20 lines
02-12 15:09:00.636  1975  2571 I HwNetworkPolicyManager: getHwUidPolicy uid = 10067 policy = 0
02-12 15:09:00.642  1256  6499 I chatty  : uid=1000(system) Binder:1256_18 expire 45 lines
02-12 15:09:00.642  2005 20248 I CommandQueue: updateBarBgColor
02-12 15:09:00.642  2005 20248 D CommandQueue: CommandQueue, setBarBackgroundColor
02-12 15:09:00.664 12981 12981 D ActivityThread: Remove activity client record, r= ActivityRecord{1e0b5c2 token=android.os.BinderProxy@8ec8bac {com.sh1r0.caffe_android_demo/com.sh1r0.caffe_android_demo.MainActivity}} token= android.os.BinderProxy@8ec8bac
02-12 15:09:00.740  1256  1602 I chatty  : uid=1000(system) InputDispatcher expire 8 lines
02-12 15:09:01.094  1256  1256 I chatty  : uid=1000 system_server expire 2 lines
02-12 15:09:01.408   715   715 E wificond: Failed to get NL80211_RATE_INFO_NOISE
02-12 15:09:01.408   715   715 E wificond: Failed to get NL80211_RATE_INFO_SNR
02-12 15:09:01.408   715   715 E wificond: Failed to get NL80211_STA_INFO_CNAHLOAD
02-12 15:09:03.733  1256  1599 I chatty  : uid=1000(system) sManagerService expire 1 line
02-12 15:09:03.762  1975  2571 I HwNetworkPolicyManager: getHwUidPolicy uid = 10111 policy = 0
02-12 15:09:03.762  1256 14961 I chatty  : uid=1000(system) Binder:1256_1E expire 13 lines
02-12 15:09:03.776 12600 12600 V ActivityThread: ActivityThread,callActivityOnCreate
02-12 15:09:03.812 12600 12600 D ActivityThread: add activity client record, r= ActivityRecord{8fd6ce token=android.os.BinderProxy@b5e7715 {com.cambricon.productdisplay/com.cambricon.productdisplay.activity.SplashActivity}} token= android.os.BinderProxy@b5e7715
02-12 15:09:03.839  2005 20248 I CommandQueue: updateBarBgColor
02-12 15:09:03.839  2005 20248 D CommandQueue: CommandQueue, setBarBackgroundColor
02-12 15:09:04.424   715   715 E wificond: Failed to get NL80211_RATE_INFO_NOISE
02-12 15:09:04.424   715   715 E wificond: Failed to get NL80211_RATE_INFO_SNR
02-12 15:09:04.424   715   715 E wificond: Failed to get NL80211_STA_INFO_CNAHLOAD
02-12 15:09:05.352 12600 12600 V ActivityThread: ActivityThread,callActivityOnCreate
02-12 15:09:05.422 12600 12600 D ActivityThread: add activity client record, r= ActivityRecord{e5c053a token=android.os.BinderProxy@10c4f85 {com.cambricon.productdisplay/com.cambricon.productdisplay.activity.HomeActivity}} token= android.os.BinderProxy@10c4f85
02-12 15:09:05.844 12600 12600 D ActivityThread: Remove activity client record, r= ActivityRecord{8fd6ce token=android.os.BinderProxy@b5e7715 {com.cambricon.productdisplay/com.cambricon.productdisplay.activity.SplashActivity}} token= android.os.BinderProxy@b5e7715
02-12 15:09:06.362 12600 12600 V ActivityThread: ActivityThread,callActivityOnCreate
02-12 15:09:06.390 12600 12600 D ActivityThread: add activity client record, r= ActivityRecord{ea87b11 token=android.os.BinderProxy@eeb466 {com.cambricon.productdisplay/com.cambricon.productdisplay.activity.MainActivity}} token= android.os.BinderProxy@eeb466
02-12 15:09:06.431  9561  9561 V ActivityThread: ActivityThread,callActivityOnCreate
02-12 15:09:06.431  1256  2325 I chatty  : uid=1000(system) Binder:1256_B expire 14 lines
02-12 15:09:06.432  1975  2571 I HwNetworkPolicyManager: getHwUidPolicy uid = 10039 policy = 0
02-12 15:09:06.470  9561  9561 D ActivityThread: add activity client record, r= ActivityRecord{3187dd4 token=android.os.BinderProxy@7bbb7fd {com.android.packageinstaller/com.android.packageinstaller.permission.ui.GrantPermissionsActivity}} token= android.os.BinderProxy@7bbb7fd
02-12 15:09:06.477  1256 14961 I chatty  : uid=1000(system) Binder:1256_1E expire 9 lines
02-12 15:09:06.511  1256  1439 I chatty  : uid=1000(system) android.ui expire 59 lines
02-12 15:09:06.512  9561  9561 D ActivityThread: Remove activity client record, r= ActivityRecord{3187dd4 token=android.os.BinderProxy@7bbb7fd {com.android.packageinstaller/com.android.packageinstaller.permission.ui.GrantPermissionsActivity}} token= android.os.BinderProxy@7bbb7fd
02-12 15:09:06.754   715   715 E wificond: Failed to get NL80211_RATE_INFO_NOISE
02-12 15:09:06.754   715   715 E wificond: Failed to get NL80211_RATE_INFO_SNR
02-12 15:09:06.754   715   715 E wificond: Failed to get NL80211_STA_INFO_CNAHLOAD
02-12 15:09:06.755   715   715 E wificond: Failed to get NL80211_RATE_INFO_NOISE
02-12 15:09:06.755   715   715 E wificond: Failed to get NL80211_RATE_INFO_SNR
02-12 15:09:06.755   715   715 E wificond: Failed to get NL80211_STA_INFO_CNAHLOAD
02-12 15:09:06.795  1256  1576 I chatty  : uid=1000(system) android.anim expire 28 lines
02-12 15:09:06.977  1256  1256 I chatty  : uid=1000 system_server expire 5 lines
02-12 15:09:07.077   604  1233 W SocketListener: sending broadcast to Pid = 1256, Uid = 1000 
02-12 15:09:07.079  1256  1785 I chatty  : uid=1000(system) NetdConnector expire 4 lines
02-12 15:09:07.080  1256  1454 I chatty  : uid=1000(system) android.fg expire 2 lines
02-12 15:09:07.428   715   715 E wificond: Failed to get NL80211_RATE_INFO_NOISE
02-12 15:09:07.429   715   715 E wificond: Failed to get NL80211_RATE_INFO_SNR
02-12 15:09:07.429   715   715 E wificond: Failed to get NL80211_STA_INFO_CNAHLOAD
02-12 15:09:07.564 12600 12600 E AndroidRuntime: FATAL EXCEPTION: main
02-12 15:09:07.564 12600 12600 E AndroidRuntime: Process: com.cambricon.productdisplay, PID: 12600
02-12 15:09:07.564 12600 12600 E AndroidRuntime: android.os.FileUriExposedException: file:///storage/emulated/0/Pictures/Caffe-Android-Demo/IMG_20180212_150907.jpg exposed beyond app through ClipData.Item.getUri()
02-12 15:09:07.564 12600 12600 E AndroidRuntime: 	at android.os.StrictMode.onFileUriExposed(StrictMode.java:1975)
02-12 15:09:07.564 12600 12600 E AndroidRuntime: 	at android.net.Uri.checkFileUriExposed(Uri.java:2355)
02-12 15:09:07.564 12600 12600 E AndroidRuntime: 	at android.content.ClipData.prepareToLeaveProcess(ClipData.java:941)
02-12 15:09:07.564 12600 12600 E AndroidRuntime: 	at android.content.Intent.prepareToLeaveProcess(Intent.java:9944)
02-12 15:09:07.564 12600 12600 E AndroidRuntime: 	at android.content.Intent.prepareToLeaveProcess(Intent.java:9929)
02-12 15:09:07.564 12600 12600 E AndroidRuntime: 	at android.app.Instrumentation.execStartActivity(Instrumentation.java:1622)
02-12 15:09:07.564 12600 12600 E AndroidRuntime: 	at android.app.Activity.startActivityForResult(Activity.java:4747)
02-12 15:09:07.564 12600 12600 E AndroidRuntime: 	at android.app.Activity.startActivityForResult(Activity.java:4687)
02-12 15:09:07.564 12600 12600 E AndroidRuntime: 	at com.cambricon.productdisplay.activity.MainActivity$1.onClick(MainActivity.java:92)
02-12 15:09:07.564 12600 12600 E AndroidRuntime: 	at android.view.View.performClick(View.java:6291)
02-12 15:09:07.564 12600 12600 E AndroidRuntime: 	at android.view.View$PerformClick.run(View.java:24931)
02-12 15:09:07.564 12600 12600 E AndroidRuntime: 	at android.os.Handler.handleCallback(Handler.java:808)
02-12 15:09:07.564 12600 12600 E AndroidRuntime: 	at android.os.Handler.dispatchMessage(Handler.java:101)
02-12 15:09:07.564 12600 12600 E AndroidRuntime: 	at android.os.Looper.loop(Looper.java:166)
02-12 15:09:07.564 12600 12600 E AndroidRuntime: 	at android.app.ActivityThread.main(ActivityThread.java:7396)
02-12 15:09:07.564 12600 12600 E AndroidRuntime: 	at java.lang.reflect.Method.invoke(Native Method)
02-12 15:09:07.564 12600 12600 E AndroidRuntime: 	at com.android.internal.os.Zygote$MethodAndArgsCaller.run(Zygote.java:245)
02-12 15:09:07.564 12600 12600 E AndroidRuntime: 	at com.android.internal.os.ZygoteInit.main(ZygoteInit.java:926)
02-12 15:09:07.692  1256  1917 I chatty  : uid=1000(system) Binder:1256_4 expire 38 lines
02-12 15:09:07.693  1256  4092 I chatty  : uid=1000(system) Binder:1256_12 expire 38 lines
02-12 15:09:07.696  1256  2537 I chatty  : uid=1000(system) Binder:1256_D expire 9 lines
02-12 15:09:07.718  1256  1456 I chatty  : uid=1000(system) android.display expire 1 line
02-12 15:09:07.745 13045 13045 D ActivityThread: ActivityThread,attachApplication
02-12 15:09:07.763  1256  4675 I chatty  : uid=1000(system) Binder:1256_14 expire 10 lines
02-12 15:09:07.764  1975  2571 I HwNetworkPolicyManager: getHwUidPolicy uid = 10111 policy = 0
02-12 15:09:07.933 13045 13045 V ActivityThread: ActivityThread,callActivityOnCreate
02-12 15:09:08.120 13045 13045 D ActivityThread: add activity client record, r= ActivityRecord{24e1075 token=android.os.BinderProxy@157c287 {com.cambricon.productdisplay/com.cambricon.productdisplay.activity.HomeActivity}} token= android.os.BinderProxy@157c287
02-12 15:09:08.997   604  1233 W SocketListener: sending broadcast to Pid = 1256, Uid = 1000 
02-12 15:09:10.448   715   715 E wificond: Failed to get NL80211_RATE_INFO_NOISE
02-12 15:09:10.448   715   715 E wificond: Failed to get NL80211_RATE_INFO_SNR
02-12 15:09:10.448   715   715 E wificond: Failed to get NL80211_STA_INFO_CNAHLOAD
02-12 15:09:10.721  1256  1583 I chatty  : uid=1000(system) UEventObserver expire 2 lines
02-12 15:09:12.842  1256  1599 I chatty  : uid=1000(system) sManagerService expire 9 lines
02-12 15:09:12.886 13045 13045 V ActivityThread: ActivityThread,callActivityOnCreate
02-12 15:09:13.411  1256  1437 I chatty  : uid=1000(system) ActivityManager expire 5 lines
02-12 15:09:13.431  9561  9561 V ActivityThread: ActivityThread,callActivityOnCreate
02-12 15:09:13.435  1975  2571 I HwNetworkPolicyManager: getHwUidPolicy uid = 10039 policy = 0
02-12 15:09:13.447  1256  1586 I chatty  : uid=1000(system) Binder:1256_3 expire 6 lines
02-12 15:09:13.466   715   715 E wificond: Failed to get NL80211_RATE_INFO_NOISE
02-12 15:09:13.466   715   715 E wificond: Failed to get NL80211_RATE_INFO_SNR
02-12 15:09:13.466   715   715 E wificond: Failed to get NL80211_STA_INFO_CNAHLOAD
02-12 15:09:13.470  9561  9561 D ActivityThread: add activity client record, r= ActivityRecord{7aa7f54 token=android.os.BinderProxy@dbc5b7d {com.android.packageinstaller/com.android.packageinstaller.permission.ui.GrantPermissionsActivity}} token= android.os.BinderProxy@dbc5b7d
02-12 15:09:14.456 13045 13045 D ActivityThread: add activity client record, r= ActivityRecord{25d3c21 token=android.os.BinderProxy@58760f8 {com.cambricon.productdisplay/com.cambricon.productdisplay.activity.MainActivity}} token= android.os.BinderProxy@58760f8
02-12 15:09:14.546  1256  5966 I chatty  : uid=1000(system) Binder:1256_16 expire 24 lines
02-12 15:09:14.586  9561  9561 D ActivityThread: Remove activity client record, r= ActivityRecord{7aa7f54 token=android.os.BinderProxy@dbc5b7d {com.android.packageinstaller/com.android.packageinstaller.permission.ui.GrantPermissionsActivity}} token= android.os.BinderProxy@dbc5b7d
02-12 15:09:14.757   715   715 E wificond: Failed to get NL80211_RATE_INFO_NOISE
02-12 15:09:14.757   715   715 E wificond: Failed to get NL80211_RATE_INFO_SNR
02-12 15:09:14.757   715   715 E wificond: Failed to get NL80211_STA_INFO_CNAHLOAD
02-12 15:09:14.758   715   715 E wificond: Failed to get NL80211_RATE_INFO_NOISE
02-12 15:09:14.758   715   715 E wificond: Failed to get NL80211_RATE_INFO_SNR
02-12 15:09:14.758   715   715 E wificond: Failed to get NL80211_STA_INFO_CNAHLOAD
02-12 15:09:16.259 20334 20334 V ActivityThread: ActivityThread,callActivityOnCreate
02-12 15:09:16.263  1975  2571 I HwNetworkPolicyManager: getHwUidPolicy uid = 10018 policy = 0
02-12 15:09:16.296 20334 20334 D ActivityThread: add activity client record, r= ActivityRecord{c65f9c1 token=android.os.BinderProxy@4c06582 {com.android.gallery3d/com.huawei.gallery.app.ListAlbumPickerActivity}} token= android.os.BinderProxy@4c06582
02-12 15:09:16.323  2005 20248 I CommandQueue: updateBarBgColor
02-12 15:09:16.323  2005 20248 D CommandQueue: CommandQueue, setBarBackgroundColor
02-12 15:09:16.476   715   715 E wificond: Failed to get NL80211_RATE_INFO_NOISE
02-12 15:09:16.476   715   715 E wificond: Failed to get NL80211_RATE_INFO_SNR
02-12 15:09:16.476   715   715 E wificond: Failed to get NL80211_STA_INFO_CNAHLOAD
02-12 15:09:17.205  1256  1439 I chatty  : uid=1000(system) android.ui expire 39 lines
02-12 15:09:17.212  1256  4092 I chatty  : uid=1000(system) Binder:1256_12 expire 18 lines
02-12 15:09:17.226 20334 20334 V ActivityThread: ActivityThread,callActivityOnCreate
02-12 15:09:17.248 20334 20334 D ActivityThread: add activity client record, r= ActivityRecord{27eaa25 token=android.os.BinderProxy@722cfa7 {com.android.gallery3d/com.huawei.gallery.app.SlotAlbumActivity}} token= android.os.BinderProxy@722cfa7
02-12 15:09:17.262  1256  2537 I chatty  : uid=1000(system) Binder:1256_D expire 2 lines
02-12 15:09:17.304  1256  2325 I chatty  : uid=1000(system) Binder:1256_B expire 18 lines
02-12 15:09:17.305  1256  1576 I chatty  : uid=1000(system) android.anim expire 16 lines
02-12 15:09:19.492   715   715 E wificond: Failed to get NL80211_RATE_INFO_NOISE
02-12 15:09:19.492   715   715 E wificond: Failed to get NL80211_RATE_INFO_SNR
02-12 15:09:19.492   715   715 E wificond: Failed to get NL80211_STA_INFO_CNAHLOAD
02-12 15:09:19.937  1256  1446 I chatty  : uid=1000(system) batterystats-sy expire 2 lines
02-12 15:09:22.510   715   715 E wificond: Failed to get NL80211_RATE_INFO_NOISE
02-12 15:09:22.511   715   715 E wificond: Failed to get NL80211_RATE_INFO_SNR
02-12 15:09:22.511   715   715 E wificond: Failed to get NL80211_STA_INFO_CNAHLOAD
02-12 15:09:22.757   715   715 E wificond: Failed to get NL80211_RATE_INFO_NOISE
02-12 15:09:22.758   715   715 E wificond: Failed to get NL80211_RATE_INFO_SNR
02-12 15:09:22.758   715   715 E wificond: Failed to get NL80211_STA_INFO_CNAHLOAD
02-12 15:09:22.760   715   715 E wificond: Failed to get NL80211_RATE_INFO_NOISE
02-12 15:09:22.761   715   715 E wificond: Failed to get NL80211_RATE_INFO_SNR
02-12 15:09:22.761   715   715 E wificond: Failed to get NL80211_STA_INFO_CNAHLOAD
02-12 15:09:24.361  2005 20248 I CommandQueue: updateBarBgColor
02-12 15:09:24.361  2005 20248 D CommandQueue: CommandQueue, setBarBackgroundColor
02-12 15:09:25.187   713   794 E /system/bin/storaged: pid_info get_pids failed
02-12 15:09:25.530   715   715 E wificond: Failed to get NL80211_RATE_INFO_NOISE
02-12 15:09:25.531   715   715 E wificond: Failed to get NL80211_RATE_INFO_SNR
02-12 15:09:25.531   715   715 E wificond: Failed to get NL80211_STA_INFO_CNAHLOAD
02-12 15:09:26.467  1256  1599 I chatty  : uid=1000(system) sManagerService expire 3 lines
02-12 15:09:26.512  1256  1917 I chatty  : uid=1000(system) Binder:1256_4 expire 1 line
02-12 15:09:26.513  1975  2571 I HwNetworkPolicyManager: getHwUidPolicy uid = 10111 policy = 0
02-12 15:09:26.518 13045 13045 E AndroidRuntime: FATAL EXCEPTION: main
02-12 15:09:26.518 13045 13045 E AndroidRuntime: Process: com.cambricon.productdisplay, PID: 13045
02-12 15:09:26.518 13045 13045 E AndroidRuntime: java.lang.RuntimeException: Failure delivering result ResultInfo{who=null, request=200, result=-1, data=Intent { dat=content://media/external/images/media/49 flg=0x1 }} to activity {com.cambricon.productdisplay/com.cambricon.productdisplay.activity.MainActivity}: java.lang.NullPointerException: Attempt to invoke virtual method 'int android.graphics.Bitmap.getHeight()' on a null object reference
02-12 15:09:26.518 13045 13045 E AndroidRuntime: 	at android.app.ActivityThread.deliverResults(ActivityThread.java:4896)
02-12 15:09:26.518 13045 13045 E AndroidRuntime: 	at android.app.ActivityThread.handleSendResult(ActivityThread.java:4939)
02-12 15:09:26.518 13045 13045 E AndroidRuntime: 	at android.app.ActivityThread.-wrap20(Unknown Source:0)
02-12 15:09:26.518 13045 13045 E AndroidRuntime: 	at android.app.ActivityThread$H.handleMessage(ActivityThread.java:1940)
02-12 15:09:26.518 13045 13045 E AndroidRuntime: 	at android.os.Handler.dispatchMessage(Handler.java:108)
02-12 15:09:26.518 13045 13045 E AndroidRuntime: 	at android.os.Looper.loop(Looper.java:166)
02-12 15:09:26.518 13045 13045 E AndroidRuntime: 	at android.app.ActivityThread.main(ActivityThread.java:7396)
02-12 15:09:26.518 13045 13045 E AndroidRuntime: 	at java.lang.reflect.Method.invoke(Native Method)
02-12 15:09:26.518 13045 13045 E AndroidRuntime: 	at com.android.internal.os.Zygote$MethodAndArgsCaller.run(Zygote.java:245)
02-12 15:09:26.518 13045 13045 E AndroidRuntime: 	at com.android.internal.os.ZygoteInit.main(ZygoteInit.java:926)
02-12 15:09:26.518 13045 13045 E AndroidRuntime: Caused by: java.lang.NullPointerException: Attempt to invoke virtual method 'int android.graphics.Bitmap.getHeight()' on a null object reference
02-12 15:09:26.518 13045 13045 E AndroidRuntime: 	at com.cambricon.productdisplay.activity.MainActivity.onActivityResult(MainActivity.java:154)
02-12 15:09:26.518 13045 13045 E AndroidRuntime: 	at android.app.Activity.dispatchActivityResult(Activity.java:7676)
02-12 15:09:26.518 13045 13045 E AndroidRuntime: 	at android.app.ActivityThread.deliverResults(ActivityThread.java:4892)
02-12 15:09:26.518 13045 13045 E AndroidRuntime: 	... 9 more
02-12 15:09:26.624  1256  4675 I chatty  : uid=1000(system) Binder:1256_14 expire 11 lines
02-12 15:09:26.628  1256  6432 I chatty  : uid=1000(system) Binder:1256_17 expire 17 lines
02-12 15:09:26.629  1256  2025 I chatty  : uid=1000(system) Binder:1256_5 expire 20 lines
02-12 15:09:26.631  1256 12874 I chatty  : uid=1000(system) Binder:1256_20 expire 6 lines
02-12 15:09:26.650  1256  1456 I chatty  : uid=1000(system) android.display expire 2 lines
02-12 15:09:26.682 13152 13152 D ActivityThread: ActivityThread,attachApplication
02-12 15:09:26.697  1975  2571 I HwNetworkPolicyManager: getHwUidPolicy uid = 10111 policy = 0
02-12 15:09:26.803  1256  1434 I chatty  : uid=1000(system) android.bg expire 1 line
02-12 15:09:26.933 13152 13152 V ActivityThread: ActivityThread,callActivityOnCreate
02-12 15:09:27.002  1256  1256 I chatty  : uid=1000 system_server expire 8 lines
02-12 15:09:27.205 13152 13152 D ActivityThread: add activity client record, r= ActivityRecord{24e1075 token=android.os.BinderProxy@157c287 {com.cambricon.productdisplay/com.cambricon.productdisplay.activity.HomeActivity}} token= android.os.BinderProxy@157c287
02-12 15:09:27.320  2005 20248 I CommandQueue: updateBarBgColor
02-12 15:09:27.320  2005 20248 D CommandQueue: CommandQueue, setBarBackgroundColor
02-12 15:09:27.563  1256  1576 I chatty  : uid=1000(system) android.anim expire 7 lines
02-12 15:09:27.611 20334 20334 D ActivityThread: Remove activity client record, r= ActivityRecord{c65f9c1 token=android.os.BinderProxy@4c06582 {com.android.gallery3d/com.huawei.gallery.app.ListAlbumPickerActivity}} token= android.os.BinderProxy@4c06582
02-12 15:09:27.611  1256  1439 I chatty  : uid=1000(system) android.ui expire 3 lines
02-12 15:09:27.613  1256  1285 I chatty  : uid=1000(system) Binder:1256_2 expire 14 lines
02-12 15:09:27.623 20334 20334 D ActivityThread: Remove activity client record, r= ActivityRecord{27eaa25 token=android.os.BinderProxy@722cfa7 {com.android.gallery3d/com.huawei.gallery.app.SlotAlbumActivity}} token= android.os.BinderProxy@722cfa7
02-12 15:09:28.552   715   715 E wificond: Failed to get NL80211_RATE_INFO_NOISE
02-12 15:09:28.553   715   715 E wificond: Failed to get NL80211_RATE_INFO_SNR
02-12 15:09:28.553   715   715 E wificond: Failed to get NL80211_STA_INFO_CNAHLOAD
02-12 15:09:29.809  1256  2115 I chatty  : uid=1000(system) watchdog expire 2 lines
02-12 15:09:30.775   715   715 E wificond: Failed to get NL80211_RATE_INFO_NOISE
02-12 15:09:30.775   715   715 E wificond: Failed to get NL80211_RATE_INFO_SNR
02-12 15:09:30.775   715   715 E wificond: Failed to get NL80211_STA_INFO_CNAHLOAD
02-12 15:09:30.779   715   715 E wificond: Failed to get NL80211_RATE_INFO_NOISE
02-12 15:09:30.779   715   715 E wificond: Failed to get NL80211_RATE_INFO_SNR
02-12 15:09:30.779   715   715 E wificond: Failed to get NL80211_STA_INFO_CNAHLOAD
02-12 15:09:31.561   715   715 E wificond: Failed to get NL80211_RATE_INFO_NOISE
02-12 15:09:31.561   715   715 E wificond: Failed to get NL80211_RATE_INFO_SNR
02-12 15:09:31.561   715   715 E wificond: Failed to get NL80211_STA_INFO_CNAHLOAD
02-12 15:09:34.583   715   715 E wificond: Failed to get NL80211_RATE_INFO_NOISE
02-12 15:09:34.584   715   715 E wificond: Failed to get NL80211_RATE_INFO_SNR
02-12 15:09:34.584   715   715 E wificond: Failed to get NL80211_STA_INFO_CNAHLOAD
02-12 15:09:34.728   604  1233 W SocketListener: sending broadcast to Pid = 1256, Uid = 1000 
02-12 15:09:34.733  1256  1785 I chatty  : uid=1000(system) NetdConnector expire 6 lines
02-12 15:09:34.738  1256  1454 I chatty  : uid=1000(system) android.fg expire 2 lines
02-12 15:09:37.606   715   715 E wificond: Failed to get NL80211_RATE_INFO_NOISE
02-12 15:09:37.606   715   715 E wificond: Failed to get NL80211_RATE_INFO_SNR
02-12 15:09:37.606   715   715 E wificond: Failed to get NL80211_STA_INFO_CNAHLOAD
02-12 15:09:38.783   715   715 E wificond: Failed to get NL80211_RATE_INFO_NOISE
02-12 15:09:38.783   715   715 E wificond: Failed to get NL80211_RATE_INFO_SNR
02-12 15:09:38.783   715   715 E wificond: Failed to get NL80211_STA_INFO_CNAHLOAD
02-12 15:09:38.785   715   715 E wificond: Failed to get NL80211_RATE_INFO_NOISE
02-12 15:09:38.786   715   715 E wificond: Failed to get NL80211_RATE_INFO_SNR
02-12 15:09:38.786   715   715 E wificond: Failed to get NL80211_STA_INFO_CNAHLOAD
02-12 15:09:40.625   715   715 E wificond: Failed to get NL80211_RATE_INFO_NOISE
02-12 15:09:40.625   715   715 E wificond: Failed to get NL80211_RATE_INFO_SNR
02-12 15:09:40.625   715   715 E wificond: Failed to get NL80211_STA_INFO_CNAHLOAD
02-12 15:09:40.937  1256  1583 I chatty  : uid=1000(system) UEventObserver expire 2 lines
02-12 15:09:43.646   715   715 E wificond: Failed to get NL80211_RATE_INFO_NOISE
02-12 15:09:43.646   715   715 E wificond: Failed to get NL80211_RATE_INFO_SNR
02-12 15:09:43.646   715   715 E wificond: Failed to get NL80211_STA_INFO_CNAHLOAD
02-12 15:09:46.661   715   715 E wificond: Failed to get NL80211_RATE_INFO_NOISE
02-12 15:09:46.661   715   715 E wificond: Failed to get NL80211_RATE_INFO_SNR
02-12 15:09:46.661   715   715 E wificond: Failed to get NL80211_STA_INFO_CNAHLOAD
02-12 15:09:46.780   715   715 E wificond: Failed to get NL80211_RATE_INFO_NOISE
02-12 15:09:46.780   715   715 E wificond: Failed to get NL80211_RATE_INFO_SNR
02-12 15:09:46.780   715   715 E wificond: Failed to get NL80211_STA_INFO_CNAHLOAD
02-12 15:09:46.783   715   715 E wificond: Failed to get NL80211_RATE_INFO_NOISE
02-12 15:09:46.783   715   715 E wificond: Failed to get NL80211_RATE_INFO_SNR
02-12 15:09:46.783   715   715 E wificond: Failed to get NL80211_STA_INFO_CNAHLOAD
02-12 15:09:49.309  1256  1462 I chatty  : uid=1000(system) PowerManagerSer expire 20 lines
02-12 15:09:49.681   715   715 E wificond: Failed to get NL80211_RATE_INFO_NOISE
02-12 15:09:49.682   715   715 E wificond: Failed to get NL80211_RATE_INFO_SNR
02-12 15:09:49.682   715   715 E wificond: Failed to get NL80211_STA_INFO_CNAHLOAD
02-12 15:09:50.576  1256  1855 I chatty  : uid=1000(system) StatisticsCHRMs expire 4 lines
02-12 15:09:52.699   715   715 E wificond: Failed to get NL80211_RATE_INFO_NOISE
02-12 15:09:52.699   715   715 E wificond: Failed to get NL80211_RATE_INFO_SNR
02-12 15:09:52.699   715   715 E wificond: Failed to get NL80211_STA_INFO_CNAHLOAD
02-12 15:09:54.792   715   715 E wificond: Failed to get NL80211_RATE_INFO_NOISE
02-12 15:09:54.792   715   715 E wificond: Failed to get NL80211_RATE_INFO_SNR
02-12 15:09:54.792   715   715 E wificond: Failed to get NL80211_STA_INFO_CNAHLOAD
02-12 15:09:54.797   715   715 E wificond: Failed to get NL80211_RATE_INFO_NOISE
02-12 15:09:54.797   715   715 E wificond: Failed to get NL80211_RATE_INFO_SNR
02-12 15:09:54.797   715   715 E wificond: Failed to get NL80211_STA_INFO_CNAHLOAD
02-12 15:09:55.708   715   715 E wificond: Failed to get NL80211_RATE_INFO_NOISE
02-12 15:09:55.708   715   715 E wificond: Failed to get NL80211_RATE_INFO_SNR
02-12 15:09:55.708   715   715 E wificond: Failed to get NL80211_STA_INFO_CNAHLOAD
02-12 15:09:56.322  1256  6432 I chatty  : uid=1000(system) Binder:1256_17 expire 15 lines
02-12 15:09:56.447 13152 13152 V ActivityThread: Finishing stop of ActivityRecord{24e1075 token=android.os.BinderProxy@157c287 {com.cambricon.productdisplay/com.cambricon.productdisplay.activity.HomeActivity}}
02-12 15:09:56.635  1256  1803 I chatty  : uid=1000(system) WifiP2pService expire 5 lines
02-12 15:09:56.658  1256  2025 I chatty  : uid=1000(system) Binder:1256_5 expire 5 lines
02-12 15:09:56.714  1256  2898 I chatty  : uid=1000(system) HwDeviceUsageCo expire 1 line
02-12 15:09:56.752  3001  9725 W ContextImpl: Calling a method in the system process without a qualified user: android.app.ContextImpl.bindService:1736 android.content.ContextWrapper.bindService:678 com.huawei.nb.dataservice.dsclient.RemoteServiceConnection.open:90 com.huawei.nb.dataservice.dsclient.DataServiceProxy.connect:105 com.huawei.nb.dataservice.rsclient.internal.RemoteRuleService.start:27 
02-12 15:09:57.006   604  1233 W SocketListener: sending broadcast to Pid = 1256, Uid = 1000 
02-12 15:10:01.554  1256  1285 I chatty  : uid=1000(system) Binder:1256_2 expire 2 lines
02-12 15:10:01.591  2005  2005 V KeyguardStatusView: refresh statusview showing:true
02-12 15:10:01.594  2005  2005 V KeyguardDisplayManager: show
02-12 15:10:01.598  1256  4675 I chatty  : uid=1000(system) Binder:1256_14 expire 10 lines
02-12 15:10:01.611  1256  6432 I chatty  : uid=1000(system) Binder:1256_17 expire 12 lines
02-12 15:10:01.649  1256  1285 I chatty  : uid=1000(system) Binder:1256_2 expire 3 lines
02-12 15:10:01.659 13152 13152 V ActivityThread: Handle window ActivityRecord{24e1075 token=android.os.BinderProxy@157c287 {com.cambricon.productdisplay/com.cambricon.productdisplay.activity.HomeActivity}} visibility: false
02-12 15:10:01.688  1256  2025 I chatty  : uid=1000(system) Binder:1256_5 expire 15 lines
02-12 15:10:01.726  1256  1576 I chatty  : uid=1000(system) android.anim expire 12 lines
02-12 15:10:01.806  1256  1256 I chatty  : uid=1000 system_server expire 10 lines
02-12 15:10:02.801   715   715 E wificond: Failed to get NL80211_RATE_INFO_NOISE
02-12 15:10:02.801   715   715 E wificond: Failed to get NL80211_RATE_INFO_SNR
02-12 15:10:02.802   715   715 E wificond: Failed to get NL80211_STA_INFO_CNAHLOAD
02-12 15:10:02.806   715   715 E wificond: Failed to get NL80211_RATE_INFO_NOISE
02-12 15:10:02.806   715   715 E wificond: Failed to get NL80211_RATE_INFO_SNR
02-12 15:10:02.806   715   715 E wificond: Failed to get NL80211_STA_INFO_CNAHLOAD
02-12 15:10:10.806   715   715 E wificond: Failed to get NL80211_RATE_INFO_NOISE
02-12 15:10:10.806   715   715 E wificond: Failed to get NL80211_RATE_INFO_SNR
02-12 15:10:10.806   715   715 E wificond: Failed to get NL80211_STA_INFO_CNAHLOAD
02-12 15:10:10.810   715   715 E wificond: Failed to get NL80211_RATE_INFO_NOISE
02-12 15:10:10.810   715   715 E wificond: Failed to get NL80211_RATE_INFO_SNR
02-12 15:10:10.810   715   715 E wificond: Failed to get NL80211_STA_INFO_CNAHLOAD
02-12 15:10:11.143  1256  1583 I chatty  : uid=1000(system) UEventObserver expire 4 lines
02-12 15:10:12.100   604  1233 W SocketListener: sending broadcast to Pid = 1256, Uid = 1000 
02-12 15:10:12.103  1256  1785 I chatty  : uid=1000(system) NetdConnector expire 6 lines
02-12 15:10:12.108  1256  1454 I chatty  : uid=1000(system) android.fg expire 2 lines
02-12 15:10:16.468  1256  1603 I chatty  : uid=1000(system) InputReader expire 6 lines
02-12 15:10:16.470  1256  1462 I chatty  : uid=1000(system) PowerManagerSer expire 13 lines
02-12 15:10:16.500  1256  1605 I chatty  : uid=1000(system) StorageManagerS expire 2 lines
02-12 15:10:16.502   418   446 I vold    : TrimTask running tasks: 0
02-12 15:10:16.504  1256  1608 I chatty  : uid=1000(system) VoldConnector expire 1 line
02-12 15:10:16.507  1256  1456 I chatty  : uid=1000(system) android.display expire 2 lines
