03-03 11:21:56.326  1256  1367 I chatty  : uid=1000(system) ActivityManager expire 1 line
03-03 11:21:56.357  1256  1908 I chatty  : uid=1000(system) Binder:1256_4 expire 4 lines
03-03 11:21:56.806   605  1233 W SocketListener: sending broadcast to Pid = 1256, Uid = 1000 
03-03 11:21:56.808  1256  1778 I chatty  : uid=1000(system) NetdConnector expire 2 lines
03-03 11:21:56.832  1256  1848 I chatty  : uid=1000(system) WifiProStateMac expire 1 line
03-03 11:21:56.840  1256  6058 I chatty  : uid=1000(system) Binder:1256_17 expire 1 line
03-03 11:21:57.591  1256  1593 I chatty  : uid=1000(system) sManagerService expire 4 lines
03-03 11:22:14.433  1256  1579 I chatty  : uid=1000(system) UEventObserver expire 8 lines
03-03 11:22:28.732  1256  1453 I chatty  : uid=1000(system) PowerManagerSer expire 20 lines
03-03 11:22:35.741  1256 10704 I chatty  : uid=1000(system) Binder:1256_1E expire 20 lines
03-03 11:22:35.841 27423 27423 V ActivityThread: Finishing stop of ActivityRecord{877a188 token=android.os.BinderProxy@bb9423f {cambricon.ultrademo/cambricon.ultrademo.MainActivity}}
03-03 11:22:35.845  1256  4568 I chatty  : uid=1000(system) Binder:1256_15 expire 17 lines
03-03 11:22:35.848  1256  3140 I chatty  : uid=1000(system) Binder:1256_12 expire 15 lines
03-03 11:22:35.955  1256  1440 I chatty  : uid=1000(system) android.display expire 3 lines
03-03 11:22:35.976  1256  1256 I chatty  : uid=1000 system_server expire 11 lines
03-03 11:22:35.978  1256  1796 I chatty  : uid=1000(system) WifiP2pService expire 10 lines
03-03 11:22:36.001  1256  1778 I chatty  : uid=1000(system) NetdConnector expire 6 lines
03-03 11:22:36.035  1256  2901 I chatty  : uid=1000(system) HwDeviceUsageCo expire 1 line
03-03 11:22:36.056  3043  5442 W ContextImpl: Calling a method in the system process without a qualified user: android.app.ContextImpl.bindService:1736 android.content.ContextWrapper.bindService:678 com.huawei.nb.dataservice.dsclient.RemoteServiceConnection.open:90 com.huawei.nb.dataservice.dsclient.DataServiceProxy.connect:105 com.huawei.nb.dataservice.rsclient.internal.RemoteRuleService.start:27 
03-03 11:22:36.083  1256  2104 I chatty  : uid=1000(system) watchdog expire 3 lines
03-03 11:22:36.153  1256  1369 I chatty  : uid=1000(system) android.ui expire 3 lines
03-03 11:22:36.372  1256  1593 I chatty  : uid=1000(system) sManagerService expire 1 line
03-03 11:22:40.791  2004  2004 V KeyguardStatusView: refresh statusview showing:true
03-03 11:22:40.794  2004  2004 V KeyguardDisplayManager: show
03-03 11:22:40.866  1256  6432 I chatty  : uid=1000(system) Binder:1256_19 expire 10 lines
03-03 11:22:40.870 27423 27423 V ActivityThread: Handle window ActivityRecord{877a188 token=android.os.BinderProxy@bb9423f {cambricon.ultrademo/cambricon.ultrademo.MainActivity}} visibility: false
03-03 11:22:40.915  1256  1570 I chatty  : uid=1000(system) android.anim expire 7 lines
03-03 11:23:33.879  1256  1597 I chatty  : uid=1000(system) InputReader expire 6 lines
03-03 11:23:33.881  1256  1453 I chatty  : uid=1000(system) PowerManagerSer expire 17 lines
03-03 11:23:33.894  1256  1599 I chatty  : uid=1000(system) StorageManagerS expire 2 lines
03-03 11:23:33.895   437   445 I vold    : TrimTask running tasks: 0
03-03 11:23:33.896  1256  1601 I chatty  : uid=1000(system) VoldConnector expire 1 line
03-03 11:23:33.896  1256  4568 I chatty  : uid=1000(system) Binder:1256_15 expire 4 lines
03-03 11:23:33.910  1256  1783 I chatty  : uid=1000(system) WifiStateMachin expire 2 lines
03-03 11:23:33.928  1256  1794 I chatty  : uid=1000(system) WifiScanningSer expire 1 line
03-03 11:23:34.010  1256  1908 I chatty  : uid=1000(system) Binder:1256_4 expire 22 lines
03-03 11:23:34.017  3043  6568 W ContextImpl: Calling a method in the system process without a qualified user: android.app.ContextImpl.bindService:1736 android.content.ContextWrapper.bindService:678 com.huawei.nb.dataservice.dsclient.RemoteServiceConnection.open:90 com.huawei.nb.dataservice.dsclient.DataServiceProxy.connect:105 com.huawei.nb.dataservice.rsclient.internal.RemoteRuleService.start:27 
03-03 11:23:34.059  1256  3140 I chatty  : uid=1000(system) Binder:1256_12 expire 19 lines
03-03 11:23:34.059  1256  1256 I chatty  : uid=1000 system_server expire 10 lines
03-03 11:23:34.823  1256 10704 I chatty  : uid=1000(system) Binder:1256_1E expire 7 lines
03-03 11:23:34.851  2004  2004 V KeyguardDisplayManager: hide
03-03 11:23:34.864  1256  1367 I chatty  : uid=1000(system) ActivityManager expire 1 line
03-03 11:23:34.878  1256  1282 I chatty  : uid=1000(system) Binder:1256_1 expire 4 lines
03-03 11:23:34.880  1256  1796 I chatty  : uid=1000(system) WifiP2pService expire 5 lines
03-03 11:23:35.163   605  1233 W SocketListener: sending broadcast to Pid = 1256, Uid = 1000 
03-03 11:23:35.165  1256  1438 I chatty  : uid=1000(system) android.fg expire 1 line
03-03 11:23:35.168  1256  1845 I chatty  : uid=1000(system) HwSelfCureEngin expire 1 line
03-03 11:23:35.168  1256  1848 I chatty  : uid=1000(system) WifiProStateMac expire 2 lines
03-03 11:24:04.475  1256  1453 I chatty  : uid=1000(system) PowerManagerSer expire 28 lines
03-03 11:24:04.487  1256  1282 I chatty  : uid=1000(system) Binder:1256_1 expire 27 lines
03-03 11:24:04.570 27423 27423 V ActivityThread: Finishing stop of ActivityRecord{877a188 token=android.os.BinderProxy@bb9423f {cambricon.ultrademo/cambricon.ultrademo.MainActivity}}
03-03 11:24:04.577  1256 10704 I chatty  : uid=1000(system) Binder:1256_1E expire 25 lines
03-03 11:24:04.708  1256  1440 I chatty  : uid=1000(system) android.display expire 3 lines
03-03 11:24:04.729  1256  1256 I chatty  : uid=1000 system_server expire 13 lines
03-03 11:24:04.733  1256  1796 I chatty  : uid=1000(system) WifiP2pService expire 15 lines
03-03 11:24:04.752  1256  1778 I chatty  : uid=1000(system) NetdConnector expire 6 lines
03-03 11:24:04.795  1256  2901 I chatty  : uid=1000(system) HwDeviceUsageCo expire 1 line
03-03 11:24:04.821  3043  6588 W ContextImpl: Calling a method in the system process without a qualified user: android.app.ContextImpl.bindService:1736 android.content.ContextWrapper.bindService:678 com.huawei.nb.dataservice.dsclient.RemoteServiceConnection.open:90 com.huawei.nb.dataservice.dsclient.DataServiceProxy.connect:105 com.huawei.nb.dataservice.rsclient.internal.RemoteRuleService.start:27 
03-03 11:24:04.906  1256  1369 I chatty  : uid=1000(system) android.ui expire 3 lines
03-03 11:24:05.106  1256  1593 I chatty  : uid=1000(system) sManagerService expire 2 lines
03-03 11:24:06.089  1256  2104 I chatty  : uid=1000(system) watchdog expire 1 line
03-03 11:24:09.504  1256  3140 I chatty  : uid=1000(system) Binder:1256_12 expire 12 lines
03-03 11:24:09.521  2004  2004 V KeyguardStatusView: refresh statusview showing:true
03-03 11:24:09.523  2004  2004 V KeyguardDisplayManager: show
03-03 11:24:09.530  1256  6432 I chatty  : uid=1000(system) Binder:1256_19 expire 17 lines
03-03 11:24:09.588 27423 27423 V ActivityThread: Handle window ActivityRecord{877a188 token=android.os.BinderProxy@bb9423f {cambricon.ultrademo/cambricon.ultrademo.MainActivity}} visibility: false
03-03 11:24:09.646  1256  1570 I chatty  : uid=1000(system) android.anim expire 9 lines
03-03 11:24:12.879  1256  1597 I chatty  : uid=1000(system) InputReader expire 6 lines
03-03 11:24:12.913  1256  1599 I chatty  : uid=1000(system) StorageManagerS expire 2 lines
03-03 11:24:12.914   437   445 I vold    : TrimTask running tasks: 0
03-03 11:24:12.915  1256  1601 I chatty  : uid=1000(system) VoldConnector expire 1 line
03-03 11:24:12.931  1256  1783 I chatty  : uid=1000(system) WifiStateMachin expire 2 lines
03-03 11:24:12.945  1256  1794 I chatty  : uid=1000(system) WifiScanningSer expire 1 line
03-03 11:24:13.037  3043  6721 W ContextImpl: Calling a method in the system process without a qualified user: android.app.ContextImpl.bindService:1736 android.content.ContextWrapper.bindService:678 com.huawei.nb.dataservice.dsclient.RemoteServiceConnection.open:90 com.huawei.nb.dataservice.dsclient.DataServiceProxy.connect:105 com.huawei.nb.dataservice.rsclient.internal.RemoteRuleService.start:27 
03-03 11:24:13.076  1256  1908 I chatty  : uid=1000(system) Binder:1256_4 expire 15 lines
03-03 11:24:13.826  1256  3154 I chatty  : uid=1000(system) Binder:1256_14 expire 18 lines
03-03 11:24:13.874  2004  2004 V KeyguardDisplayManager: hide
03-03 11:24:13.881  1256  1367 I chatty  : uid=1000(system) ActivityManager expire 5 lines
03-03 11:24:13.975  1256  4568 I chatty  : uid=1000(system) Binder:1256_15 expire 2 lines
03-03 11:24:14.162   605  1233 W SocketListener: sending broadcast to Pid = 1256, Uid = 1000 
03-03 11:24:14.166  1256  1438 I chatty  : uid=1000(system) android.fg expire 1 line
03-03 11:24:14.174  1256  1845 I chatty  : uid=1000(system) HwSelfCureEngin expire 1 line
03-03 11:24:14.174  1256  6058 I chatty  : uid=1000(system) Binder:1256_17 expire 2 lines
03-03 11:24:15.093  1256  1569 I chatty  : uid=1000(system) PackageInstalle expire 1 line
03-03 11:24:15.252  1256  1579 I chatty  : uid=1000(system) UEventObserver expire 2 lines
03-03 11:24:15.335  1256  1474 I chatty  : uid=1000(system) PackageManager expire 13 lines
03-03 11:24:15.560  1256  1367 I chatty  : uid=1000(system) ActivityManager expire 11 lines
03-03 11:24:15.619  1256 10704 I chatty  : uid=1000(system) Binder:1256_1E expire 33 lines
03-03 11:24:15.627  1256  6057 I chatty  : uid=1000(system) Binder:1256_16 expire 6 lines
03-03 11:24:15.650  1256  1440 I chatty  : uid=1000(system) android.display expire 1 line
03-03 11:24:15.754  1256  6058 I chatty  : uid=1000(system) Binder:1256_17 expire 14 lines
03-03 11:24:15.932  1256  2142 I chatty  : uid=1000(system) Binder:1256_6 expire 1 line
03-03 11:24:15.977  1256  1365 I chatty  : uid=1000(system) android.bg expire 18 lines
03-03 11:24:15.982  1256  3114 I chatty  : uid=1000(system) Binder:1256_E expire 1 line
03-03 11:24:16.012  1256  1256 I chatty  : uid=1000 system_server expire 12 lines
03-03 11:24:16.019  1256  1283 I chatty  : uid=1000(system) Binder:1256_2 expire 5 lines
03-03 11:24:16.062 25321 25321 W ContextImpl: Calling a method in the system process without a qualified user: android.app.ContextImpl.startService:1656 android.content.ContextWrapper.startService:644 android.content.ContextWrapper.startService:644 com.android.settings.applications.BlackListReceiver.onReceive:35 android.app.ActivityThread.handleReceiver:3662 
03-03 11:24:16.063  1256  1570 I chatty  : uid=1000(system) android.anim expire 12 lines
03-03 11:24:16.064  1256  1282 I chatty  : uid=1000(system) Binder:1256_1 expire 6 lines
03-03 11:24:16.107 28631 28631 D ActivityThread: ActivityThread,attachApplication
03-03 11:24:16.134  1256  1588 I chatty  : uid=1000(system) Binder:1256_3 expire 22 lines
03-03 11:24:16.199  1256  2152 I chatty  : uid=1000(system) Binder:1256_7 expire 6 lines
03-03 11:24:16.203  1256  1369 I chatty  : uid=1000(system) android.ui expire 2 lines
03-03 11:24:16.204  1972  2584 I HwNetworkPolicyManager: getHwUidPolicy uid = 10111 policy = 0
03-03 11:24:16.244  1256  6432 I chatty  : uid=1000(system) Binder:1256_19 expire 9 lines
03-03 11:24:16.245  1256  3140 I chatty  : uid=1000(system) Binder:1256_12 expire 8 lines
03-03 11:24:16.272  1256  1593 I chatty  : uid=1000(system) sManagerService expire 1 line
03-03 11:24:16.308 23346 23346 W ContextImpl: Calling a method in the system process without a qualified user: android.app.ContextImpl.startService:1656 android.content.ContextWrapper.startService:644 android.content.ContextWrapper.startService:644 com.huawei.systemmanager.antivirus.utils.AntiVirusTools.deleteVirusApk:632 com.huawei.systemmanager.antivirus.AntiVirusReceiver.handlerPackageRemoved:52 
03-03 11:24:16.317 23346 24097 W ContextImpl: Calling a method in the system process without a qualified user: android.app.ContextImpl.startService:1656 android.content.ContextWrapper.startService:644 com.huawei.systemmanager.spacecleanner.receiver.SpaceCleanReceiver.checkRarelyUsedApp:87 com.huawei.systemmanager.spacecleanner.receiver.SpaceCleanReceiver.doInBackground:39 java.lang.reflect.Method.invoke:-2 
03-03 11:24:16.392 28631 28631 V ActivityThread: ActivityThread,callActivityOnCreate
03-03 11:24:16.471 28631 28631 D ActivityThread: add activity client record, r= ActivityRecord{ae2a9f1 token=android.os.BinderProxy@1bc7b26 {com.cambricon.productdisplay/com.cambricon.productdisplay.activity.SplashActivity}} token= android.os.BinderProxy@1bc7b26
03-03 11:24:16.561  1256  1453 I chatty  : uid=1000(system) PowerManagerSer expire 1 line
03-03 11:24:17.924 25321 25321 W ContextImpl: Calling a method in the system process without a qualified user: android.app.ContextImpl.startService:1656 android.content.ContextWrapper.startService:644 android.content.ContextWrapper.startService:644 com.android.settings.applications.BlackListReceiver.onReceive:35 android.app.ActivityThread.handleReceiver:3662 
03-03 11:24:18.067 23346 23346 W ContextImpl: Calling a method in the system process without a qualified user: android.app.ContextImpl.startService:1656 android.content.ContextWrapper.startService:644 android.content.ContextWrapper.startService:644 com.huawei.systemmanager.antivirus.utils.AntiVirusTools.checkVirusForNewInstalledApk:620 com.huawei.systemmanager.antivirus.AntiVirusReceiver.onReceive:36 
03-03 11:24:18.090 23346 24136 W ContextImpl: Calling a method in the system process without a qualified user: android.app.ContextImpl.startService:1656 android.content.ContextWrapper.startService:644 com.huawei.systemmanager.spacecleanner.receiver.SpaceCleanReceiver.checkRarelyUsedApp:87 com.huawei.systemmanager.spacecleanner.receiver.SpaceCleanReceiver.doInBackground:39 java.lang.reflect.Method.invoke:-2 
03-03 11:24:18.157  1256  3138 I chatty  : uid=1000(system) Binder:1256_11 expire 27 lines
03-03 11:24:18.164 28631 28631 V ActivityThread: ActivityThread,callActivityOnCreate
03-03 11:24:18.310 28631 28631 D ActivityThread: add activity client record, r= ActivityRecord{f51537d token=android.os.BinderProxy@1ef7be5 {com.cambricon.productdisplay/com.cambricon.productdisplay.activity.HomeActivity}} token= android.os.BinderProxy@1ef7be5
03-03 11:24:18.378  1256  3129 I chatty  : uid=1000(system) Binder:1256_10 expire 6 lines
03-03 11:24:18.383  2004  2018 I CommandQueue: updateBarBgColor
03-03 11:24:18.383  2004  2018 D CommandQueue: CommandQueue, setBarBackgroundColor
03-03 11:24:18.396 25321 25321 W ContextImpl: Calling a method in the system process without a qualified user: android.app.ContextImpl.startService:1656 android.content.ContextWrapper.startService:644 android.content.ContextWrapper.startService:644 com.android.settings.applications.BlackListReceiver.onReceive:35 android.app.ActivityThread.handleReceiver:3662 
03-03 11:24:18.397  1256  1799 I chatty  : uid=1000(system) ConnectivitySer expire 1 line
03-03 11:24:18.465  1256  3138 I chatty  : uid=1000(system) Binder:1256_11 expire 88 lines
03-03 11:24:18.467  1256 10704 I chatty  : uid=1000(system) Binder:1256_1E expire 46 lines
03-03 11:24:18.469  1256  1588 I chatty  : uid=1000(system) Binder:1256_3 expire 54 lines
03-03 11:24:18.489  1256  1570 I chatty  : uid=1000(system) android.anim expire 2 lines
03-03 11:24:18.492  1256  1283 I chatty  : uid=1000(system) Binder:1256_2 expire 5 lines
03-03 11:24:18.492  1256  3129 I chatty  : uid=1000(system) Binder:1256_10 expire 22 lines
03-03 11:24:18.497  1256  6432 I chatty  : uid=1000(system) Binder:1256_19 expire 21 lines
03-03 11:24:18.572  1256  3138 I chatty  : uid=1000(system) Binder:1256_11 expire 66 lines
03-03 11:24:18.812  1256  1570 I chatty  : uid=1000(system) android.anim expire 4 lines
03-03 11:24:18.825 28631 28631 D ActivityThread: Remove activity client record, r= ActivityRecord{ae2a9f1 token=android.os.BinderProxy@1bc7b26 {com.cambricon.productdisplay/com.cambricon.productdisplay.activity.SplashActivity}} token= android.os.BinderProxy@1bc7b26
03-03 11:24:22.971  1256  3129 I chatty  : uid=1000(system) Binder:1256_10 expire 22 lines
03-03 11:24:23.146  1256  1593 I chatty  : uid=1000(system) sManagerService expire 2 lines
03-03 11:24:23.169 28631 28631 V ActivityThread: ActivityThread,callActivityOnCreate
03-03 11:24:23.225 28631 28631 D ActivityThread: add activity client record, r= ActivityRecord{5fd5130 token=android.os.BinderProxy@b8aa2a3 {com.cambricon.productdisplay/com.cambricon.productdisplay.activity.TestActivity}} token= android.os.BinderProxy@b8aa2a3
03-03 11:24:23.250  2004  2018 I CommandQueue: updateBarBgColor
03-03 11:24:23.251  2004  2018 D CommandQueue: CommandQueue, setBarBackgroundColor
03-03 11:24:27.761  1256  1453 I chatty  : uid=1000(system) PowerManagerSer expire 29 lines
03-03 11:24:32.942  1256  1592 I chatty  : uid=1000(system) AlarmManager expire 1 line
03-03 11:24:36.090  1256  2104 I chatty  : uid=1000(system) watchdog expire 1 line
03-03 11:24:39.047  1256  1588 I chatty  : uid=1000(system) Binder:1256_3 expire 11 lines
03-03 11:24:39.168 28743 28743 D ActivityThread: ActivityThread,attachApplication
03-03 11:24:43.202  1256  3138 I chatty  : uid=1000(system) Binder:1256_11 expire 5 lines
03-03 11:24:45.462  1256  1579 I chatty  : uid=1000(system) UEventObserver expire 2 lines
03-03 11:24:45.477  1256  1256 I chatty  : uid=1000 system_server expire 8 lines
03-03 11:25:00.503  1256  1440 I chatty  : uid=1000(system) android.display expire 2 lines
03-03 11:25:00.549  1256  1796 I chatty  : uid=1000(system) WifiP2pService expire 10 lines
03-03 11:25:00.670  1256  1778 I chatty  : uid=1000(system) NetdConnector expire 2 lines
03-03 11:25:00.703  1256  1369 I chatty  : uid=1000(system) android.ui expire 1 line
03-03 11:25:00.722  1256  2901 I chatty  : uid=1000(system) HwDeviceUsageCo expire 1 line
03-03 11:25:00.777  1256  1367 I chatty  : uid=1000(system) ActivityManager expire 1 line
03-03 11:25:00.818  3043  7292 W ContextImpl: Calling a method in the system process without a qualified user: android.app.ContextImpl.bindService:1736 android.content.ContextWrapper.bindService:678 com.huawei.nb.dataservice.dsclient.RemoteServiceConnection.open:90 com.huawei.nb.dataservice.dsclient.DataServiceProxy.connect:105 com.huawei.nb.dataservice.rsclient.internal.RemoteRuleService.start:27 
03-03 11:25:00.850  1256  1453 I chatty  : uid=1000(system) PowerManagerSer expire 6 lines
03-03 11:25:00.890  1256  3129 I chatty  : uid=1000(system) Binder:1256_10 expire 7 lines
03-03 11:25:00.934  1256  6432 I chatty  : uid=1000(system) Binder:1256_19 expire 1 line
03-03 11:25:02.403  1256  1597 I chatty  : uid=1000(system) InputReader expire 6 lines
03-03 11:25:02.430  1256  1599 I chatty  : uid=1000(system) StorageManagerS expire 2 lines
03-03 11:25:02.436   437   445 I vold    : TrimTask running tasks: 0
03-03 11:25:02.437  1256  1601 I chatty  : uid=1000(system) VoldConnector expire 1 line
03-03 11:25:02.444  1256  1783 I chatty  : uid=1000(system) WifiStateMachin expire 2 lines
03-03 11:25:02.446  1256  1256 I chatty  : uid=1000 system_server expire 7 lines
03-03 11:25:02.452  1256  1794 I chatty  : uid=1000(system) WifiScanningSer expire 2 lines
03-03 11:25:02.459  1256  1588 I chatty  : uid=1000(system) Binder:1256_3 expire 9 lines
03-03 11:25:02.460  1256  1778 I chatty  : uid=1000(system) NetdConnector expire 6 lines
03-03 11:25:02.501  1256  6432 I chatty  : uid=1000(system) Binder:1256_19 expire 16 lines
03-03 11:25:02.517  3043  7672 W ContextImpl: Calling a method in the system process without a qualified user: android.app.ContextImpl.bindService:1736 android.content.ContextWrapper.bindService:678 com.huawei.nb.dataservice.dsclient.RemoteServiceConnection.open:90 com.huawei.nb.dataservice.dsclient.DataServiceProxy.connect:105 com.huawei.nb.dataservice.rsclient.internal.RemoteRuleService.start:27 
03-03 11:25:02.582  1256  1453 I chatty  : uid=1000(system) PowerManagerSer expire 12 lines
03-03 11:25:03.462  1256  1440 I chatty  : uid=1000(system) android.display expire 2 lines
03-03 11:25:03.465  1256  1369 I chatty  : uid=1000(system) android.ui expire 11 lines
03-03 11:25:03.661   605  1233 W SocketListener: sending broadcast to Pid = 1256, Uid = 1000 
03-03 11:25:03.665  1256  1438 I chatty  : uid=1000(system) android.fg expire 2 lines
03-03 11:25:03.686  1256  1848 I chatty  : uid=1000(system) WifiProStateMac expire 2 lines
03-03 11:25:03.687  1256  3138 I chatty  : uid=1000(system) Binder:1256_11 expire 3 lines
03-03 11:25:03.688  1256  1845 I chatty  : uid=1000(system) HwSelfCureEngin expire 2 lines
03-03 11:25:03.688  1256  1282 I chatty  : uid=1000(system) Binder:1256_1 expire 19 lines
03-03 11:25:03.688  1256  3129 I chatty  : uid=1000(system) Binder:1256_10 expire 2 lines
03-03 11:25:05.285  1256  1593 I chatty  : uid=1000(system) sManagerService expire 2 lines
03-03 11:25:06.091  1256  2104 I chatty  : uid=1000(system) watchdog expire 2 lines
03-03 11:25:10.785  1256  1367 I chatty  : uid=1000(system) ActivityManager expire 9 lines
03-03 11:25:13.082   605  1233 W SocketListener: sending broadcast to Pid = 1256, Uid = 1000 
03-03 11:25:13.495  1256  1596 I chatty  : uid=1000(system) InputDispatcher expire 1 line
03-03 11:25:15.669  1256  1579 I chatty  : uid=1000(system) UEventObserver expire 4 lines
03-03 11:25:19.012  1256  1283 I chatty  : uid=1000(system) Binder:1256_2 expire 24 lines
03-03 11:25:19.035  1256  1570 I chatty  : uid=1000(system) android.anim expire 25 lines
03-03 11:25:19.093 28849 28849 D ActivityThread: ActivityThread,attachApplication
03-03 11:25:19.094  1256  6432 I chatty  : uid=1000(system) Binder:1256_19 expire 32 lines
03-03 11:25:19.121  1256  1369 I chatty  : uid=1000(system) android.ui expire 1 line
03-03 11:25:19.122  1256  2388 I chatty  : uid=1000(system) Binder:1256_B expire 2 lines
03-03 11:25:19.125  1256  1282 I chatty  : uid=1000(system) Binder:1256_1 expire 3 lines
03-03 11:25:19.125  1972  2584 I HwNetworkPolicyManager: getHwUidPolicy uid = 10111 policy = 0
03-03 11:25:19.357 28849 28849 V ActivityThread: ActivityThread,callActivityOnCreate
03-03 11:25:19.621 28849 28849 D ActivityThread: add activity client record, r= ActivityRecord{5d11b36 token=android.os.BinderProxy@1bc7b26 {com.cambricon.productdisplay/com.cambricon.productdisplay.activity.HomeActivity}} token= android.os.BinderProxy@1bc7b26
03-03 11:25:19.738  2004  2051 I CommandQueue: updateBarBgColor
03-03 11:25:19.738  2004  2051 D CommandQueue: CommandQueue, setBarBackgroundColor
03-03 11:25:21.155 28849 28849 V ActivityThread: ActivityThread,callActivityOnCreate
03-03 11:25:23.213 28849 28849 D ActivityThread: add activity client record, r= ActivityRecord{4eff694 token=android.os.BinderProxy@54e2017 {com.cambricon.productdisplay/com.cambricon.productdisplay.activity.TestActivity}} token= android.os.BinderProxy@54e2017
03-03 11:25:23.250  2004  2051 I CommandQueue: updateBarBgColor
03-03 11:25:23.251  2004  2051 D CommandQueue: CommandQueue, setBarBackgroundColor
03-03 11:25:24.091  1256  1453 I chatty  : uid=1000(system) PowerManagerSer expire 19 lines
03-03 11:25:45.894  1256  1256 I chatty  : uid=1000 system_server expire 8 lines
03-03 11:25:54.113  1256  1283 I chatty  : uid=1000(system) Binder:1256_2 expire 3 lines
03-03 11:25:54.769  1256  1593 I chatty  : uid=1000(system) sManagerService expire 2 lines
03-03 11:26:00.030  1256  6432 I chatty  : uid=1000(system) Binder:1256_19 expire 8 lines
03-03 11:26:02.447  1256  1783 I chatty  : uid=1000(system) WifiStateMachin expire 2 lines
03-03 11:26:02.455  1256  1794 I chatty  : uid=1000(system) WifiScanningSer expire 1 line
03-03 11:26:03.205  1256  1596 I chatty  : uid=1000(system) InputDispatcher expire 1 line
03-03 11:26:03.273  1256  1367 I chatty  : uid=1000(system) ActivityManager expire 7 lines
03-03 11:26:03.675   605  1233 W SocketListener: sending broadcast to Pid = 1256, Uid = 1000 
03-03 11:26:03.676  1256  1778 I chatty  : uid=1000(system) NetdConnector expire 4 lines
03-03 11:26:03.678  1256  1438 I chatty  : uid=1000(system) android.fg expire 1 line
03-03 11:26:04.345  1256  1848 I chatty  : uid=1000(system) WifiProStateMac expire 1 line
03-03 11:26:04.353  1256  1282 I chatty  : uid=1000(system) Binder:1256_1 expire 1 line
03-03 11:26:04.359  1256  1845 I chatty  : uid=1000(system) HwSelfCureEngin expire 1 line
03-03 11:26:04.359  1256  2388 I chatty  : uid=1000(system) Binder:1256_B expire 18 lines
03-03 11:26:04.434  1256  1369 I chatty  : uid=1000(system) android.ui expire 9 lines
03-03 11:26:06.095  1256  2104 I chatty  : uid=1000(system) watchdog expire 2 lines
03-03 11:26:07.474  1256  6057 I chatty  : uid=1000(system) Binder:1256_16 expire 19 lines
03-03 11:26:07.515  1256  1570 I chatty  : uid=1000(system) android.anim expire 22 lines
03-03 11:26:07.527  1256  1440 I chatty  : uid=1000(system) android.display expire 2 lines
03-03 11:26:07.557 28977 28977 D ActivityThread: ActivityThread,attachApplication
03-03 11:26:07.592  1972  2584 I HwNetworkPolicyManager: getHwUidPolicy uid = 10111 policy = 0
03-03 11:26:07.765  1256  6058 I chatty  : uid=1000(system) Binder:1256_17 expire 14 lines
03-03 11:26:07.838 28977 28977 V ActivityThread: ActivityThread,callActivityOnCreate
03-03 11:26:08.110 28977 28977 D ActivityThread: add activity client record, r= ActivityRecord{5d11b36 token=android.os.BinderProxy@1bc7b26 {com.cambricon.productdisplay/com.cambricon.productdisplay.activity.HomeActivity}} token= android.os.BinderProxy@1bc7b26
03-03 11:26:08.128  1256  6059 I chatty  : uid=1000(system) Binder:1256_18 expire 15 lines
03-03 11:26:08.255  2004  2051 I CommandQueue: updateBarBgColor
03-03 11:26:08.255  2004  2051 D CommandQueue: CommandQueue, setBarBackgroundColor
03-03 11:26:16.083  1256  1579 I chatty  : uid=1000(system) UEventObserver expire 2 lines
03-03 11:26:37.314 28977 28977 V ActivityThread: Finishing stop of ActivityRecord{5d11b36 token=android.os.BinderProxy@1bc7b26 {com.cambricon.productdisplay/com.cambricon.productdisplay.activity.HomeActivity}}
03-03 11:26:37.413  1256  1453 I chatty  : uid=1000(system) PowerManagerSer expire 10 lines
03-03 11:26:37.482  1256  1796 I chatty  : uid=1000(system) WifiP2pService expire 5 lines
03-03 11:26:37.538  1256  2901 I chatty  : uid=1000(system) HwDeviceUsageCo expire 1 line
03-03 11:26:37.559  3043  7690 W ContextImpl: Calling a method in the system process without a qualified user: android.app.ContextImpl.bindService:1736 android.content.ContextWrapper.bindService:678 com.huawei.nb.dataservice.dsclient.RemoteServiceConnection.open:90 com.huawei.nb.dataservice.dsclient.DataServiceProxy.connect:105 com.huawei.nb.dataservice.rsclient.internal.RemoteRuleService.start:27 
03-03 11:26:42.250  1256  6059 I chatty  : uid=1000(system) Binder:1256_18 expire 7 lines
03-03 11:26:42.269  2004  2004 V KeyguardStatusView: refresh statusview showing:true
03-03 11:26:42.273  2004  2004 V KeyguardDisplayManager: show
03-03 11:26:42.278  1256  6057 I chatty  : uid=1000(system) Binder:1256_16 expire 14 lines
03-03 11:26:42.318  1256  6058 I chatty  : uid=1000(system) Binder:1256_17 expire 1 line
03-03 11:26:42.325 28977 28977 V ActivityThread: Handle window ActivityRecord{5d11b36 token=android.os.BinderProxy@1bc7b26 {com.cambricon.productdisplay/com.cambricon.productdisplay.activity.HomeActivity}} visibility: false
03-03 11:26:42.350  1256  2388 I chatty  : uid=1000(system) Binder:1256_B expire 5 lines
03-03 11:26:42.376  1256  1570 I chatty  : uid=1000(system) android.anim expire 9 lines
03-03 11:26:42.480  1256  1256 I chatty  : uid=1000 system_server expire 10 lines
03-03 11:26:46.294  1256  1579 I chatty  : uid=1000(system) UEventObserver expire 2 lines
03-03 11:27:02.292  1256  1597 I chatty  : uid=1000(system) InputReader expire 6 lines
03-03 11:27:02.294  1256  1453 I chatty  : uid=1000(system) PowerManagerSer expire 12 lines
03-03 11:27:02.307  1256  6057 I chatty  : uid=1000(system) Binder:1256_16 expire 26 lines
03-03 11:27:02.309  1256  6059 I chatty  : uid=1000(system) Binder:1256_18 expire 40 lines
03-03 11:27:02.310  1256  1599 I chatty  : uid=1000(system) StorageManagerS expire 2 lines
03-03 11:27:02.311  1256  1440 I chatty  : uid=1000(system) android.display expire 2 lines
03-03 11:27:02.311   437   445 I vold    : TrimTask running tasks: 0
03-03 11:27:02.312  1256  1601 I chatty  : uid=1000(system) VoldConnector expire 1 line
03-03 11:27:02.340  1256  1796 I chatty  : uid=1000(system) WifiP2pService expire 10 lines
03-03 11:27:02.342  1256  1783 I chatty  : uid=1000(system) WifiStateMachin expire 2 lines
03-03 11:27:02.347  1256  1794 I chatty  : uid=1000(system) WifiScanningSer expire 1 line
03-03 11:27:02.431  1256  6058 I chatty  : uid=1000(system) Binder:1256_17 expire 7 lines
03-03 11:27:02.445  3043  7770 W ContextImpl: Calling a method in the system process without a qualified user: android.app.ContextImpl.bindService:1736 android.content.ContextWrapper.bindService:678 com.huawei.nb.dataservice.dsclient.RemoteServiceConnection.open:90 com.huawei.nb.dataservice.dsclient.DataServiceProxy.connect:105 com.huawei.nb.dataservice.rsclient.internal.RemoteRuleService.start:27 
03-03 11:27:02.486  1256  6432 I chatty  : uid=1000(system) Binder:1256_19 expire 43 lines
03-03 11:27:02.564  1256  1369 I chatty  : uid=1000(system) android.ui expire 2 lines
03-03 11:27:03.295  2004  2004 V KeyguardDisplayManager: hide
03-03 11:27:03.296  1256  1256 I chatty  : uid=1000 system_server expire 5 lines
03-03 11:27:03.302  1256  1367 I chatty  : uid=1000(system) ActivityManager expire 1 line
03-03 11:27:03.305  1256  1778 I chatty  : uid=1000(system) NetdConnector expire 4 lines
03-03 11:27:03.327  1256  2388 I chatty  : uid=1000(system) Binder:1256_B expire 4 lines
03-03 11:27:03.558   605  1233 W SocketListener: sending broadcast to Pid = 1256, Uid = 1000 
03-03 11:27:03.560  1256  1438 I chatty  : uid=1000(system) android.fg expire 1 line
03-03 11:27:03.561  1256  1848 I chatty  : uid=1000(system) WifiProStateMac expire 1 line
03-03 11:27:03.562  1256  1845 I chatty  : uid=1000(system) HwSelfCureEngin expire 1 line
03-03 11:27:04.141  1256  1593 I chatty  : uid=1000(system) sManagerService expire 1 line
03-03 11:27:04.237 28977 28977 V ActivityThread: ActivityThread,callActivityOnCreate
03-03 11:27:04.251  1256  1282 I chatty  : uid=1000(system) Binder:1256_1 expire 58 lines
03-03 11:27:04.301  1256  6432 I chatty  : uid=1000(system) Binder:1256_19 expire 10 lines
03-03 11:27:04.345  1256  1570 I chatty  : uid=1000(system) android.anim expire 48 lines
03-03 11:27:04.412 28977 28977 D ActivityThread: add activity client record, r= ActivityRecord{dd99ce1 token=android.os.BinderProxy@da13d07 {com.cambricon.productdisplay/com.cambricon.productdisplay.activity.DetectionActivity2}} token= android.os.BinderProxy@da13d07
03-03 11:27:04.417  1256  2388 I chatty  : uid=1000(system) Binder:1256_B expire 17 lines
03-03 11:27:04.453  2004 25737 I CommandQueue: updateBarBgColor
03-03 11:27:04.453  2004 25737 D CommandQueue: CommandQueue, setBarBackgroundColor
03-03 11:27:05.974  1256  1453 I chatty  : uid=1000(system) PowerManagerSer expire 9 lines
03-03 11:27:06.099  1256  2104 I chatty  : uid=1000(system) watchdog expire 2 lines
03-03 11:27:09.409 28977 29108 F libc    : Fatal signal 6 (SIGABRT), code -6 in tid 29108 (Thread-7)
03-03 11:27:09.466 29111 29111 F DEBUG   : *** *** *** *** *** *** *** *** *** *** *** *** *** *** *** ***
03-03 11:27:09.466 29111 29111 F DEBUG   : Build fingerprint: 'HONOR/BKL-AL00/HWBKL:8.0.0/HUAWEIBKL-AL00/116(C00):user/release-keys'
03-03 11:27:09.466 29111 29111 F DEBUG   : Revision: '0'
03-03 11:27:09.467 29111 29111 F DEBUG   : ABI: 'arm'
03-03 11:27:09.467 29111 29111 F DEBUG   : pid: 28977, tid: 29108, name: Thread-7  >>> com.cambricon.productdisplay <<<
03-03 11:27:09.467 29111 29111 F DEBUG   : signal 6 (SIGABRT), code -6 (SI_TKILL), fault addr --------
03-03 11:27:09.471 29111 29111 F DEBUG   : Abort message: 'F0303 11:27:09.405038 29108 caffe_detection.cpp:34] Check failed: caffe_detection_ 
03-03 11:27:09.471 29111 29111 F DEBUG   : '
03-03 11:27:09.471 29111 29111 F DEBUG   :     r0 00000000  r1 000071b4  r2 00000006  r3 00000008
03-03 11:27:09.471 29111 29111 F DEBUG   :     r4 00007131  r5 000071b4  r6 c647edc8  r7 0000010c
03-03 11:27:09.471 29111 29111 F DEBUG   :     r8 c5dc164a  r9 c647eea8  sl c5ec8bf4  fp c618e178
03-03 11:27:09.471 29111 29111 F DEBUG   :     ip 00000000  sp c647edb8  lr ea4b7457  pc ea4e8174  cpsr 200f0010
03-03 11:27:09.477 29111 29111 F DEBUG   : 
03-03 11:27:09.477 29111 29111 F DEBUG   : backtrace:
03-03 11:27:09.477 29111 29111 F DEBUG   :     #00 pc 0004b174  /system/lib/libc.so (tgkill+12)
03-03 11:27:09.477 29111 29111 F DEBUG   :     #01 pc 0001a453  /system/lib/libc.so (abort+54)
03-03 11:27:09.477 29111 29111 F DEBUG   :     #02 pc 0027f643  /data/app/com.cambricon.productdisplay-3USUx0hkumF-nYn0uJJvpg==/lib/arm/libcaffe.so
03-03 11:27:09.478 29111 29111 F DEBUG   :     #03 pc 00280f5f  /data/app/com.cambricon.productdisplay-3USUx0hkumF-nYn0uJJvpg==/lib/arm/libcaffe.so (_ZN6google10LogMessage4FailEv+10)
03-03 11:27:09.478 29111 29111 F DEBUG   :     #04 pc 002835a9  /data/app/com.cambricon.productdisplay-3USUx0hkumF-nYn0uJJvpg==/lib/arm/libcaffe.so (_ZN6google10LogMessage9SendToLogEv+244)
03-03 11:27:09.478 29111 29111 F DEBUG   :     #05 pc 00280cc9  /data/app/com.cambricon.productdisplay-3USUx0hkumF-nYn0uJJvpg==/lib/arm/libcaffe.so (_ZN6google10LogMessage5FlushEv+120)
03-03 11:27:09.478 29111 29111 F DEBUG   :     #06 pc 00283895  /data/app/com.cambricon.productdisplay-3USUx0hkumF-nYn0uJJvpg==/lib/arm/libcaffe.so (_ZN6google15LogMessageFatalD1Ev+4)
03-03 11:27:09.478 29111 29111 F DEBUG   :     #07 pc 0000f991  /data/app/com.cambricon.productdisplay-3USUx0hkumF-nYn0uJJvpg==/lib/arm/libdetecte_jni.so (_ZN5caffe9Detection3GetEv+52)
03-03 11:27:09.478 29111 29111 F DEBUG   :     #08 pc 0000f45b  /data/app/com.cambricon.productdisplay-3USUx0hkumF-nYn0uJJvpg==/lib/arm/libdetecte_jni.so (Java_com_cambricon_productdisplay_caffenative_CaffeDetection_grayPoc+254)
03-03 11:27:09.478 29111 29111 F DEBUG   :     #09 pc 003e4679  /system/lib/libart.so (art_quick_generic_jni_trampoline+40)
03-03 11:27:09.478 29111 29111 F DEBUG   :     #10 pc 003e0931  /system/lib/libart.so (art_quick_invoke_stub_internal+64)
03-03 11:27:09.478 29111 29111 F DEBUG   :     #11 pc 003e4ea3  /system/lib/libart.so (art_quick_invoke_stub+226)
03-03 11:27:09.478 29111 29111 F DEBUG   :     #12 pc 000ac2d9  /system/lib/libart.so (_ZN3art9ArtMethod6InvokeEPNS_6ThreadEPjjPNS_6JValueEPKc+140)
03-03 11:27:09.478 29111 29111 F DEBUG   :     #13 pc 001f27fb  /system/lib/libart.so (_ZN3art11interpreter34ArtInterpreterToCompiledCodeBridgeEPNS_6ThreadEPNS_9ArtMethodEPKNS_7DexFile8CodeItemEPNS_11ShadowFrameEPNS_6JValueE+238)
03-03 11:27:09.478 29111 29111 F DEBUG   :     #14 pc 001edd71  /system/lib/libart.so (_ZN3art11interpreter6DoCallILb0ELb0EEEbPNS_9ArtMethodEPNS_6ThreadERNS_11ShadowFrameEPKNS_11InstructionEtPNS_6JValueE+576)
03-03 11:27:09.478 29111 29111 F DEBUG   :     #15 pc 003ca879  /system/lib/libart.so (MterpInvokeVirtual+440)
03-03 11:27:09.478 29111 29111 F DEBUG   :     #16 pc 003d2c14  /system/lib/libart.so (ExecuteMterpImpl+14228)
03-03 11:27:09.478 29111 29111 F DEBUG   :     #17 pc 001d5351  /system/lib/libart.so (_ZN3art11interpreterL7ExecuteEPNS_6ThreadEPKNS_7DexFile8CodeItemERNS_11ShadowFrameENS_6JValueEb+340)
03-03 11:27:09.478 29111 29111 F DEBUG   :     #18 pc 001da6a3  /system/lib/libart.so (_ZN3art11interpreter33ArtInterpreterToInterpreterBridgeEPNS_6ThreadEPKNS_7DexFile8CodeItemEPNS_11ShadowFrameEPNS_6JValueE+142)
03-03 11:27:09.478 29111 29111 F DEBUG   :     #19 pc 001edd5b  /system/lib/libart.so (_ZN3art11interpreter6DoCallILb0ELb0EEEbPNS_9ArtMethodEPNS_6ThreadERNS_11ShadowFrameEPKNS_11InstructionEtPNS_6JValueE+554)
03-03 11:27:09.478 29111 29111 F DEBUG   :     #20 pc 003cb4ab  /system/lib/libart.so (MterpInvokeInterface+1210)
03-03 11:27:09.478 29111 29111 F DEBUG   :     #21 pc 003d2e14  /system/lib/libart.so (ExecuteMterpImpl+14740)
03-03 11:27:09.478 29111 29111 F DEBUG   :     #22 pc 001d5351  /system/lib/libart.so (_ZN3art11interpreterL7ExecuteEPNS_6ThreadEPKNS_7DexFile8CodeItemERNS_11ShadowFrameENS_6JValueEb+340)
03-03 11:27:09.478 29111 29111 F DEBUG   :     #23 pc 001da5f1  /system/lib/libart.so (_ZN3art11interpreter30EnterInterpreterFromEntryPointEPNS_6ThreadEPKNS_7DexFile8CodeItemEPNS_11ShadowFrameE+92)
03-03 11:27:09.478 29111 29111 F DEBUG   :     #24 pc 003c0fc5  /system/lib/libart.so (artQuickToInterpreterBridge+944)
03-03 11:27:09.478 29111 29111 F DEBUG   :     #25 pc 003e46f1  /system/lib/libart.so (art_quick_to_interpreter_bridge+32)
03-03 11:27:09.478 29111 29111 F DEBUG   :     #26 pc 003e0931  /system/lib/libart.so (art_quick_invoke_stub_internal+64)
03-03 11:27:09.478 29111 29111 F DEBUG   :     #27 pc 003e4ea3  /system/lib/libart.so (art_quick_invoke_stub+226)
03-03 11:27:09.478 29111 29111 F DEBUG   :     #28 pc 000ac2d9  /system/lib/libart.so (_ZN3art9ArtMethod6InvokeEPNS_6ThreadEPjjPNS_6JValueEPKc+140)
03-03 11:27:09.478 29111 29111 F DEBUG   :     #29 pc 00334bb1  /system/lib/libart.so (_ZN3artL18InvokeWithArgArrayERKNS_33ScopedObjectAccessAlreadyRunnableEPNS_9ArtMethodEPNS_8ArgArrayEPNS_6JValueEPKc+52)
03-03 11:27:09.478 29111 29111 F DEBUG   :     #30 pc 00335a2d  /system/lib/libart.so (_ZN3art35InvokeVirtualOrInterfaceWithJValuesERKNS_33ScopedObjectAccessAlreadyRunnableEP8_jobjectP10_jmethodIDP6jvalue+320)
03-03 11:27:09.478 29111 29111 F DEBUG   :     #31 pc 00353aed  /system/lib/libart.so (_ZN3art6Thread14CreateCallbackEPv+892)
03-03 11:27:09.478 29111 29111 F DEBUG   :     #32 pc 00048497  /system/lib/libc.so (_ZL15__pthread_startPv+22)
03-03 11:27:09.478 29111 29111 F DEBUG   :     #33 pc 0001b00f  /system/lib/libc.so (__start_thread+32)
03-03 11:27:10.205  1256 29113 I chatty  : uid=1000 system_server expire 1 line
03-03 11:27:10.209  1256  1433 I chatty  : uid=1000(system) FileObserver expire 1 line
03-03 11:27:10.211  1256  1369 I chatty  : uid=1000(system) android.ui expire 2 lines
03-03 11:27:10.301  1256  2142 I chatty  : uid=1000(system) Binder:1256_6 expire 26 lines
03-03 11:27:10.303  1256  4568 I chatty  : uid=1000(system) Binder:1256_15 expire 5 lines
03-03 11:27:10.308  1256  9301 I chatty  : uid=1000(system) Binder:1256_1B expire 4 lines
03-03 11:27:10.345  1256  1256 I chatty  : uid=1000 system_server expire 3 lines
03-03 11:27:10.367 29118 29118 D ActivityThread: ActivityThread,attachApplication
03-03 11:27:10.383  1256  1367 I chatty  : uid=1000(system) ActivityManager expire 2 lines
03-03 11:27:10.385  1256  1602 I chatty  : uid=1000(system) CryptdConnector expire 1 line
03-03 11:27:10.408  1256  1440 I chatty  : uid=1000(system) android.display expire 1 line
03-03 11:27:10.410  1256 10704 I chatty  : uid=1000(system) Binder:1256_1E expire 1 line
03-03 11:27:10.420  1256  6059 I chatty  : uid=1000(system) Binder:1256_18 expire 20 lines
03-03 11:27:10.420  1972  2584 I HwNetworkPolicyManager: getHwUidPolicy uid = 10111 policy = 0
03-03 11:27:10.441  1256  6058 I chatty  : uid=1000(system) Binder:1256_17 expire 9 lines
03-03 11:27:10.598 29118 29118 V ActivityThread: ActivityThread,callActivityOnCreate
03-03 11:27:10.806 29118 29118 D ActivityThread: add activity client record, r= ActivityRecord{5d11b36 token=android.os.BinderProxy@1bc7b26 {com.cambricon.productdisplay/com.cambricon.productdisplay.activity.HomeActivity}} token= android.os.BinderProxy@1bc7b26
03-03 11:27:10.930  2004  2051 I CommandQueue: updateBarBgColor
03-03 11:27:10.930  2004  2051 D CommandQueue: CommandQueue, setBarBackgroundColor
03-03 11:27:16.507  1256  1579 I chatty  : uid=1000(system) UEventObserver expire 4 lines
03-03 11:27:39.281  1256  1453 I chatty  : uid=1000(system) PowerManagerSer expire 24 lines
03-03 11:27:39.286  1256  2142 I chatty  : uid=1000(system) Binder:1256_6 expire 17 lines
03-03 11:27:39.298  1256  1282 I chatty  : uid=1000(system) Binder:1256_1 expire 23 lines
03-03 11:27:39.374 29118 29118 V ActivityThread: Finishing stop of ActivityRecord{5d11b36 token=android.os.BinderProxy@1bc7b26 {com.cambricon.productdisplay/com.cambricon.productdisplay.activity.HomeActivity}}
03-03 11:27:39.505  1256  1440 I chatty  : uid=1000(system) android.display expire 3 lines
03-03 11:27:39.531  1256  1256 I chatty  : uid=1000 system_server expire 11 lines
03-03 11:27:39.533  1256  1796 I chatty  : uid=1000(system) WifiP2pService expire 10 lines
03-03 11:27:39.553  1256  1778 I chatty  : uid=1000(system) NetdConnector expire 6 lines
03-03 11:27:39.584  1256  2901 I chatty  : uid=1000(system) HwDeviceUsageCo expire 1 line
03-03 11:27:39.605  3043  5442 W ContextImpl: Calling a method in the system process without a qualified user: android.app.ContextImpl.bindService:1736 android.content.ContextWrapper.bindService:678 com.huawei.nb.dataservice.dsclient.RemoteServiceConnection.open:90 com.huawei.nb.dataservice.dsclient.DataServiceProxy.connect:105 com.huawei.nb.dataservice.rsclient.internal.RemoteRuleService.start:27 
03-03 11:27:39.617  1256  9302 I chatty  : uid=1000(system) Binder:1256_1C expire 9 lines
03-03 11:27:39.675  1256  1593 I chatty  : uid=1000(system) sManagerService expire 2 lines
03-03 11:27:39.704  1256  1369 I chatty  : uid=1000(system) android.ui expire 3 lines
03-03 11:27:44.335  2004  2004 V KeyguardStatusView: refresh statusview showing:true
03-03 11:27:44.338  2004  2004 V KeyguardDisplayManager: show
03-03 11:27:44.342  1256 10704 I chatty  : uid=1000(system) Binder:1256_1E expire 21 lines
03-03 11:27:44.383 29118 29118 V ActivityThread: Handle window ActivityRecord{5d11b36 token=android.os.BinderProxy@1bc7b26 {com.cambricon.productdisplay/com.cambricon.productdisplay.activity.HomeActivity}} visibility: false
03-03 11:27:44.446  1256  1570 I chatty  : uid=1000(system) android.anim expire 7 lines
03-03 11:27:49.074  1256  1597 I chatty  : uid=1000(system) InputReader expire 6 lines
03-03 11:27:49.096  1256  1599 I chatty  : uid=1000(system) StorageManagerS expire 2 lines
03-03 11:27:49.097   437   445 I vold    : TrimTask running tasks: 0
03-03 11:27:49.099  1256  1601 I chatty  : uid=1000(system) VoldConnector expire 1 line
03-03 11:27:49.111  1256  1783 I chatty  : uid=1000(system) WifiStateMachin expire 2 lines
03-03 11:27:49.117  1256  1794 I chatty  : uid=1000(system) WifiScanningSer expire 1 line
03-03 11:27:49.200  1256  6059 I chatty  : uid=1000(system) Binder:1256_18 expire 15 lines
03-03 11:27:49.215  3043  6568 W ContextImpl: Calling a method in the system process without a qualified user: android.app.ContextImpl.bindService:1736 android.content.ContextWrapper.bindService:678 com.huawei.nb.dataservice.dsclient.RemoteServiceConnection.open:90 com.huawei.nb.dataservice.dsclient.DataServiceProxy.connect:105 com.huawei.nb.dataservice.rsclient.internal.RemoteRuleService.start:27 
03-03 11:27:49.258  1256  6058 I chatty  : uid=1000(system) Binder:1256_17 expire 10 lines
03-03 11:27:50.050  2004  2004 V KeyguardDisplayManager: hide
03-03 11:27:50.050  1256  2142 I chatty  : uid=1000(system) Binder:1256_6 expire 29 lines
03-03 11:27:50.053  1256  1256 I chatty  : uid=1000 system_server expire 5 lines
03-03 11:27:50.059  1256  1367 I chatty  : uid=1000(system) ActivityManager expire 1 line
03-03 11:27:50.089  1256  1796 I chatty  : uid=1000(system) WifiP2pService expire 5 lines
03-03 11:27:50.366   605  1233 W SocketListener: sending broadcast to Pid = 1256, Uid = 1000 
03-03 11:27:50.369  1256  1438 I chatty  : uid=1000(system) android.fg expire 1 line
03-03 11:27:50.382  1256  1848 I chatty  : uid=1000(system) WifiProStateMac expire 1 line
03-03 11:27:50.383  1256  1282 I chatty  : uid=1000(system) Binder:1256_1 expire 1 line
03-03 11:27:50.383  1256  1845 I chatty  : uid=1000(system) HwSelfCureEngin expire 1 line
03-03 11:27:52.027  1256  2142 I chatty  : uid=1000(system) Binder:1256_6 expire 20 lines
03-03 11:27:52.063  1256  1570 I chatty  : uid=1000(system) android.anim expire 35 lines
03-03 11:27:52.072  1256  6059 I chatty  : uid=1000(system) Binder:1256_18 expire 1 line
03-03 11:27:52.075  1256 10704 I chatty  : uid=1000(system) Binder:1256_1E expire 61 lines
03-03 11:27:52.083  1256  6432 I chatty  : uid=1000(system) Binder:1256_19 expire 41 lines
03-03 11:27:52.085 29118 29118 V ActivityThread: ActivityThread,callActivityOnCreate
03-03 11:27:52.255 29118 29118 D ActivityThread: add activity client record, r= ActivityRecord{1f2261d token=android.os.BinderProxy@b8aa2a3 {com.cambricon.productdisplay/com.cambricon.productdisplay.activity.DetectionActivity2}} token= android.os.BinderProxy@b8aa2a3
03-03 11:27:52.289  2004  2051 I CommandQueue: updateBarBgColor
03-03 11:27:52.289  2004  2051 D CommandQueue: CommandQueue, setBarBackgroundColor
03-03 11:27:52.756  1256  1453 I chatty  : uid=1000(system) PowerManagerSer expire 1 line
03-03 11:27:53.735  1256  1256 I chatty  : uid=1000 system_server expire 1 line
03-03 11:27:53.809  2004  2018 I CommandQueue: updateBarBgColor
03-03 11:27:53.809  2004  2018 D CommandQueue: CommandQueue, setBarBackgroundColor
03-03 11:27:53.812  1256  3138 I chatty  : uid=1000(system) Binder:1256_11 expire 27 lines
03-03 11:27:53.876  1256  9302 I chatty  : uid=1000(system) Binder:1256_1C expire 18 lines
03-03 11:27:53.882 29118 29118 D ActivityThread: Remove activity client record, r= ActivityRecord{1f2261d token=android.os.BinderProxy@b8aa2a3 {com.cambricon.productdisplay/com.cambricon.productdisplay.activity.DetectionActivity2}} token= android.os.BinderProxy@b8aa2a3
03-03 11:27:55.186  1256  1593 I chatty  : uid=1000(system) sManagerService expire 3 lines
03-03 11:27:56.303  1256  3138 I chatty  : uid=1000(system) Binder:1256_11 expire 11 lines
03-03 11:27:56.303  1256  1256 I chatty  : uid=1000 system_server expire 4 lines
03-03 11:27:56.342  1256  1570 I chatty  : uid=1000(system) android.anim expire 17 lines
03-03 11:27:56.348  1256  6432 I chatty  : uid=1000(system) Binder:1256_19 expire 5 lines
03-03 11:27:56.350 29118 29118 V ActivityThread: ActivityThread,callActivityOnCreate
03-03 11:27:56.366  1256  2388 I chatty  : uid=1000(system) Binder:1256_B expire 52 lines
03-03 11:27:56.372  1256  1588 I chatty  : uid=1000(system) Binder:1256_3 expire 7 lines
03-03 11:27:56.390 29118 29118 D ActivityThread: add activity client record, r= ActivityRecord{a4cacc6 token=android.os.BinderProxy@260f6fd {com.cambricon.productdisplay/com.cambricon.productdisplay.activity.DetectionActivity2}} token= android.os.BinderProxy@260f6fd
03-03 11:27:56.430  2004  2051 I CommandQueue: updateBarBgColor
03-03 11:27:56.430  2004  2051 D CommandQueue: CommandQueue, setBarBackgroundColor
03-03 11:27:56.432  1256  1909 I chatty  : uid=1000(system) Binder:1256_5 expire 33 lines
03-03 11:28:06.103  1256  2104 I chatty  : uid=1000(system) watchdog expire 1 line
03-03 11:28:07.806  1256  1453 I chatty  : uid=1000(system) PowerManagerSer expire 2 lines
03-03 11:28:09.391  1256  3140 I chatty  : uid=1000(system) Binder:1256_12 expire 20 lines
03-03 11:28:09.398  2004  2611 I CommandQueue: updateBarBgColor
03-03 11:28:09.398  2004  2611 D CommandQueue: CommandQueue, setBarBackgroundColor
03-03 11:28:09.399  1256  1570 I chatty  : uid=1000(system) android.anim expire 13 lines
03-03 11:28:09.406  1256  9301 I chatty  : uid=1000(system) Binder:1256_1B expire 7 lines
03-03 11:28:09.409  1256  1909 I chatty  : uid=1000(system) Binder:1256_5 expire 85 lines
03-03 11:28:09.479 29118 29118 D ActivityThread: Remove activity client record, r= ActivityRecord{a4cacc6 token=android.os.BinderProxy@260f6fd {com.cambricon.productdisplay/com.cambricon.productdisplay.activity.DetectionActivity2}} token= android.os.BinderProxy@260f6fd
03-03 11:28:10.700  1256  3140 I chatty  : uid=1000(system) Binder:1256_12 expire 12 lines
03-03 11:28:10.700  1256  1256 I chatty  : uid=1000 system_server expire 3 lines
03-03 11:28:10.780  1256  1570 I chatty  : uid=1000(system) android.anim expire 19 lines
03-03 11:28:10.789  1256  6058 I chatty  : uid=1000(system) Binder:1256_17 expire 41 lines
03-03 11:28:10.792  1256  9301 I chatty  : uid=1000(system) Binder:1256_1B expire 21 lines
03-03 11:28:10.798 29118 29118 V ActivityThread: ActivityThread,callActivityOnCreate
03-03 11:28:12.721  1256  1440 I chatty  : uid=1000(system) android.display expire 5 lines
03-03 11:28:12.910 29118 29118 D ActivityThread: add activity client record, r= ActivityRecord{c1379e3 token=android.os.BinderProxy@5bf7e05 {com.cambricon.productdisplay/com.cambricon.productdisplay.activity.ClassificationActivity}} token= android.os.BinderProxy@5bf7e05
03-03 11:28:12.919  1256  1588 I chatty  : uid=1000(system) Binder:1256_3 expire 30 lines
03-03 11:28:12.965  2004  2018 I CommandQueue: updateBarBgColor
03-03 11:28:12.965  2004  2018 D CommandQueue: CommandQueue, setBarBackgroundColor
03-03 11:28:14.267  1256  1453 I chatty  : uid=1000(system) PowerManagerSer expire 16 lines
03-03 11:28:16.922  1256  1579 I chatty  : uid=1000(system) UEventObserver expire 2 lines
03-03 11:28:36.105  1256  2104 I chatty  : uid=1000(system) watchdog expire 1 line
03-03 11:28:40.607 29118 29118 V ActivityThread: Finishing stop of ActivityRecord{c1379e3 token=android.os.BinderProxy@5bf7e05 {com.cambricon.productdisplay/com.cambricon.productdisplay.activity.ClassificationActivity}}
03-03 11:28:40.615  1256  6058 I chatty  : uid=1000(system) Binder:1256_17 expire 1 line
03-03 11:28:40.615  1256  9301 I chatty  : uid=1000(system) Binder:1256_1B expire 5 lines
03-03 11:28:40.682  1256  1453 I chatty  : uid=1000(system) PowerManagerSer expire 9 lines
03-03 11:28:40.703  1256  1588 I chatty  : uid=1000(system) Binder:1256_3 expire 24 lines
03-03 11:28:40.752  1256  1256 I chatty  : uid=1000 system_server expire 14 lines
03-03 11:28:40.753  1256  1796 I chatty  : uid=1000(system) WifiP2pService expire 10 lines
03-03 11:28:40.777  1256  9301 I chatty  : uid=1000(system) Binder:1256_1B expire 55 lines
