02-28 10:08:56.436  1256  3154 D PMS1001 : package:com.huawei.hidisk, input flags:0, output hwFlags:0
02-28 10:08:56.439  6537  6537 I HWSERVICES: hwnative_get_component_register:libdrmbitmap,JNI
02-28 10:08:56.438  1256  3154 I chatty  : uid=1000(system) Binder:1256_14 identical 3 lines
02-28 10:08:56.438  1256  3154 D PMS1001 : package:com.huawei.hidisk, input flags:0, output hwFlags:0
02-28 10:08:56.442  1256  3154 D PMS1000 : package:com.android.providers.contacts, input flags:0, output hwFlags:0
02-28 10:08:56.442  1256  3154 D PMS1000 : package:com.android.providers.contacts, input flags:8192, output hwFlags:0
02-28 10:08:56.445  6574  6574 E FileManager-8.0.1.317 | AppManager: LoadDisk Class Exception!
02-28 10:08:56.445  6574  6574 I AppLogManager: AppLogManager onCreate
02-28 10:08:56.446  6574  6574 I hisync.HicloudApplication: processObserverService
02-28 10:08:56.448  6574  6574 I hisync.HicloudApplication: initReceiver
02-28 10:08:56.449  6537  6537 E Zygote  : register_com_android_internal_os_Zygote num = 0
02-28 10:08:56.455  6537  6537 D AndroidRuntime: Calling main entry com.android.commands.pm.Pm
02-28 10:08:56.460  6574  6574 I hisync.HicloudApplication: initCloudAlbum
02-28 10:08:56.460  6574  6574 I CloudAlbum[8.0.1.317]: [CommonUtil] begin isSupportRecycleBin
02-28 10:08:56.460  6574  6574 I CloudAlbum[8.0.1.317]: [CommonUtil] gallery support recycle bin
02-28 10:08:56.460  6574  6574 I CloudAlbum[8.0.1.317]: [CommonUtil] begin isSupportPowerConserve
02-28 10:08:56.463  6537  6537 I app_process: System.exit called, status: 0
02-28 10:08:56.463  6537  6537 I AndroidRuntime: VM exiting with result code 0.
02-28 10:08:56.463  6537  6626 W MessageQueue: Handler (android.os.Handler) {4356f0f} sending message to a Handler on a dead thread
02-28 10:08:56.463  6537  6626 W MessageQueue: java.lang.IllegalStateException: Handler (android.os.Handler) {4356f0f} sending message to a Handler on a dead thread
02-28 10:08:56.463  6537  6626 W MessageQueue: 	at android.os.MessageQueue.enqueueMessage(MessageQueue.java:639)
02-28 10:08:56.463  6537  6626 W MessageQueue: 	at android.os.Handler.enqueueMessage(Handler.java:680)
02-28 10:08:56.463  6537  6626 W MessageQueue: 	at android.os.Handler.sendMessageAtTime(Handler.java:649)
02-28 10:08:56.463  6537  6626 W MessageQueue: 	at android.os.Handler.sendMessageDelayed(Handler.java:619)
02-28 10:08:56.463  6537  6626 W MessageQueue: 	at android.os.Handler.post(Handler.java:363)
02-28 10:08:56.463  6537  6626 W MessageQueue: 	at android.os.ResultReceiver$MyResultReceiver.send(ResultReceiver.java:57)
02-28 10:08:56.463  6537  6626 W MessageQueue: 	at com.android.internal.os.IResultReceiver$Stub.onTransact(IResultReceiver.java:58)
02-28 10:08:56.463  6537  6626 W MessageQueue: 	at android.os.Binder.execTransact(Binder.java:675)
02-28 10:08:56.464  3264  3790 V Gallery2_cloud_GalleryPhotoShareFeatureProvider: content://com.huawei.gallery3d.photoshare.provider/is_support_cloudphoto
02-28 10:08:56.466  6574  6574 I CloudAlbum[8.0.1.317]: [CommonUtil] GalleryDownloadLimit = 0
02-28 10:08:56.467  6574  6574 I CloudAlbum[8.0.1.317]: [CommonUtil] begin SupportSmartAlbum
02-28 10:08:56.467  6574  6574 I CloudAlbum[8.0.1.317]: [CommonUtil] gallery support smart album
02-28 10:08:56.469  6574  6574 I hisync-findmyphone.LocateTrackModel.LocateTrackTask: PhoneFinder onAppStart end task
02-28 10:08:56.470  6545  6613 I HwCust  : Constructor found for class com.android.contacts.preference.HwCustContactsPreferencesImpl
02-28 10:08:56.471  1256  4568 D PMS10006: package:com.android.contacts, input flags:0, output hwFlags:0
02-28 10:08:56.471  6545  6613 D HwCust  : Create obj success use class com.android.contacts.preference.HwCustContactsPreferencesImpl
02-28 10:08:56.471  6574  6629 I hisync-findmyphone.AntiTheftInf: isAntiTheftSupported  = true
02-28 10:08:56.472  1890  1906 D HwAntiTheftService_jni: enter native_read, type is 2
02-28 10:08:56.473   634   634 D huawei_antiTheft: huawei_antiTheft_manager_init enter
02-28 10:08:56.474  6545  6613 I HwCust  : Constructor found for class com.android.contacts.model.account.HwCustFallbackAccountTypeImpl
02-28 10:08:56.474  6545  6613 D HwCust  : Create obj success use class com.android.contacts.model.account.HwCustFallbackAccountTypeImpl
02-28 10:08:56.474  6574  6574 E Minikin : Could not get cmap table size!
02-28 10:08:56.474  1256  3154 D PMS1001 : package:com.huawei.hidisk, input flags:128, output hwFlags:0
02-28 10:08:56.477  6574  6574 I CloudAlbum[8.0.1.317]: [CloudAlbumService] onCreate
02-28 10:08:56.477  6574  6574 I CloudAlbum[8.0.1.317]: [CloudDBManager] initDataBase start!
02-28 10:08:56.479  6574  6630 I hisync-findmyphone.LocateTrackModel.LocateTrackTask: PhoneFinder onAppStart start task
02-28 10:08:56.483  6574  6630 I hisync-findmyphone.AntiTheftInf: isAntiTheftSupported  = true
02-28 10:08:56.486  6574  6574 E CloudAlbum[8.0.1.317]: [FileHelper] uuid is null
02-28 10:08:56.488  1256  1367 W BroadcastQueue: Permission Denial: broadcasting Intent { act=android.intent.action.BATTERY_CHANGED flg=0x60000010 (has extras) } from null (pid=-1, uid=-1) requires com.huawei.cg.permission.SERVICE due to registered receiver BroadcastFilter{b38078f u0 ReceiverList{d9e6ee 6574 com.huawei.hidisk/1001/u0 remote:f6a3c69}}
02-28 10:08:56.488  6574  6574 I CloudAlbum[8.0.1.317]: [CommonUtil] batteryStatus: 5, currentLevel: 100
02-28 10:08:56.488  6574  6574 I CloudAlbum[8.0.1.317]: [CommonUtil] isCharging
02-28 10:08:56.488  6545  6632 I HwCust  : Constructor found for class com.android.contacts.model.account.HwCustAccountModelCustomizationImpl
02-28 10:08:56.488  6545  6632 D HwCust  : Create obj success use class com.android.contacts.model.account.HwCustAccountModelCustomizationImpl
02-28 10:08:56.491  6574  6574 I CloudAlbum[8.0.1.317]: [DBManualUpDownManager] initManualUpAndDownloadStatus
02-28 10:08:56.492  6574  6574 I CloudAlbum[8.0.1.317]: [ThreadPoolManager] contains none
02-28 10:08:56.492  6574  6574 I CloudAlbum[8.0.1.317]: [CloudAlbumService] onBind
02-28 10:08:56.493  6545  6545 I Utils   : Utils_isSuperResolutionSupport [load libai_client.success]
02-28 10:08:56.493  6574  6590 I CloudAlbum[8.0.1.317]: [CloudAlbumService] register callback success
02-28 10:08:56.494  3264  3445 V Gallery2_cloud_PhotoShareUtils: SdkAidlVersion 1
02-28 10:08:56.494  3264  3445 V Gallery2_cloud_PhotoShareUtils: GalleryAidlVersion 3
02-28 10:08:56.494  3264  3445 V Gallery2_cloud_PhotoShareUtils: registerCallback result true
02-28 10:08:56.496  6574  6638 I CloudAlbum[8.0.1.317]: [SeparateTaskCallable] Execute SeparateTaskCallable TaskType:updateDownloadFileStatus
02-28 10:08:56.497  6574  6638 I CloudAlbum[8.0.1.317]: [SeparateTaskCallable] Execute SeparateTaskCallable TaskType:queryGallarySupport
02-28 10:08:56.497  6574  6638 I CloudAlbum[8.0.1.317]: [CommonUtil] begin IsGallerySupportCallHisyncService
02-28 10:08:56.502  3264  3790 V Gallery2_cloud_GalleryPhotoShareFeatureProvider: content://com.huawei.gallery3d.photoshare.provider/is_support_cloudphoto
02-28 10:08:56.509  6574  6638 I CloudAlbum[8.0.1.317]: [CommonUtil] IsGallerySupportCallHisyncService = true
02-28 10:08:56.511  1256 17774 D PMS1000 : package:com.google.android.gms, input flags:0, output hwFlags:0
02-28 10:08:56.512  1256 17774 D PMS1000 : package:com.android.email, input flags:0, output hwFlags:0
02-28 10:08:56.512  1256 17774 D PMS1000 : package:com.android.email, input flags:0, output hwFlags:0
02-28 10:08:56.512  1256 17774 D PMS1000 : package:com.stupeflix.replay, input flags:0, output hwFlags:33554432
02-28 10:08:56.512  1256 17774 D PMS1000 : package:com.huawei.hwid, input flags:0, output hwFlags:0
02-28 10:08:56.513  6545  6632 I HwCust  : Constructor found for class com.android.contacts.model.account.HwCustExchangeAccountTypeImpl
02-28 10:08:56.513  6545  6632 D HwCust  : Create obj success use class com.android.contacts.model.account.HwCustExchangeAccountTypeImpl
02-28 10:08:56.513  6545  6632 W Contacts: AccountTypeManager Skipping extension package com.google.android.apps.plus because it doesn't have the CONTACTS_STRUCTURE metadata
02-28 10:08:56.516  6574  6590 E CloudAlbum[8.0.1.317]: [STUtils] decbc exception:java.lang.IllegalArgumentException: Bad arguments
02-28 10:08:56.517  6574  6590 I chatty  : uid=1001(radio) Binder:6574_3 identical 1 line
02-28 10:08:56.517  6574  6590 E CloudAlbum[8.0.1.317]: [STUtils] decbc exception:java.lang.IllegalArgumentException: Bad arguments
02-28 10:08:56.519  3264  3445 V Gallery2_cloud_PhotoShareUtils: PhotoShare apk killed and Re onServiceConnected
02-28 10:08:56.522  6574  6587 E CloudAlbum[8.0.1.317]: [STUtils] decbc exception:java.lang.IllegalArgumentException: Bad arguments
02-28 10:08:56.529  6574  6587 I chatty  : uid=1001(radio) Binder:6574_2 identical 4 lines
02-28 10:08:56.530  6574  6587 E CloudAlbum[8.0.1.317]: [STUtils] decbc exception:java.lang.IllegalArgumentException: Bad arguments
02-28 10:08:56.542  6545  6545 W HwPhoneLayoutInflater: onCreateView : ClassNotFoundException, In this case we want to let the base class take a crack at it
02-28 10:08:56.542  6545  6545 W HwPhoneLayoutInflater: onCreateView : ClassNotFoundException, In this case we want to let the base class take a crack at it
02-28 10:08:56.543  6545  6545 D CubicBezierInterpolator: CubicBezierInterpolator  mControlPoint1x = 0.38, mControlPoint1y = 0.1, mControlPoint2x = 0.0, mControlPoint2y = 0.93
02-28 10:08:56.555  6545  6545 D CubicBezierInterpolator: CubicBezierInterpolator  mControlPoint1x = 0.38, mControlPoint1y = 0.1, mControlPoint2x = 0.0, mControlPoint2y = 0.93
02-28 10:08:56.556  1256  4568 I chatty  : uid=1000(system) Binder:1256_15 expire 1 line
02-28 10:08:56.563  6545  6545 D HwWechatOptimizeImpl: mIsEffect:false
02-28 10:08:56.574  6545  6545 W ResourceType: Failure getting entry for 0x7f0d03ec (t=12 e=1004) (error -75)
02-28 10:08:56.577   634   634 D huawei_antiTheft: huawei_antiTheft_manager_init succeed
02-28 10:08:56.577   634   634 E hw-IPCThreadState: binder thread pool (1 threads) starved for 105 ms
02-28 10:08:56.586  1256  1256 I HwNormalizedSpline: DayMode:getBrightnessLevel lux =298.0, mDefaultBrightnessFromLux =52.197453
02-28 10:08:56.586  6545  6545 W ResourceType: Failure getting entry for 0x7f0d03ec (t=12 e=1004) (error -75)
02-28 10:08:56.589   634   634 E libteec : invoke cmd failed(14), code=0xffff5002, origin=3
02-28 10:08:56.589   634   634 E huawei_antiTheft: invoke command 20002 failed, code=0xffff5002, origin=0x3 in huawei_antiTheft_getFileSize_Ex
02-28 10:08:56.589  1890  1906 E HwAntiTheftService_jni: native_read getFileSize fail
02-28 10:08:56.594  6545  6545 W HwPhoneLayoutInflater: onCreateView : ClassNotFoundException, In this case we want to let the base class take a crack at it
02-28 10:08:56.595   634   634 D huawei_antiTheft: huawei_antiTheft_manager_uninit succeed
02-28 10:08:56.596  6574  6629 I hisync-findmyphone.AntiTheftInf: AntiTheftManagerEx getEnable = false from Anti
02-28 10:08:56.596  6574  6629 I hisync-findmyphone.AntiTheftDataManager: read data from Anti begin
02-28 10:08:56.596  6574  6630 I hisync-findmyphone.AntiTheftInf: AntiTheftManagerEx getEnable = false from cache
02-28 10:08:56.596  6574  6574 I hisync-findmyphone.TrackSpConfig: SystemProperties set begin,isTrackWorking:false
02-28 10:08:56.597  6574  6574 W libc    : Set property "persist.radio.findmyphone" to "0"
02-28 10:08:56.599  1890  1906 D HwAntiTheftService_jni: test interface of getDataBlockSize type is 1
02-28 10:08:56.599   634   634 D huawei_antiTheft: huawei_antiTheft_manager_init enter
02-28 10:08:56.599  1256  1593 D PMS1000 : package:com.android.providers.blockednumber, input flags:0, output hwFlags:0
02-28 10:08:56.601  6574  6574 I hisync-findmyphone.TrackSpConfig: SystemProperties set begin,SystemProperties.get:0
02-28 10:08:56.650  2694  6219 W TotemWeather: WeatherRequestCachePool: network is not available
02-28 10:08:56.651  2694  6219 D ConnectivityManager: getMobileDataEnabled()+ subId=0
02-28 10:08:56.652  2170  2845 D PhoneInterfaceManager: [PhoneIntfMgr] getDataEnabled: subId=0 phoneId=0
02-28 10:08:56.652  2170  2845 D PhoneInterfaceManager: [PhoneIntfMgr] getDataEnabled: subId=0 retVal=true
02-28 10:08:56.652  2694  6219 D ConnectivityManager: getMobileDataEnabled()- subId=0 retVal=true
02-28 10:08:56.658  3618  6088 W OpenGLRenderer: Incorrectly called buildLayer on View: ShortcutAndWidgetContainer, destroying layer...
02-28 10:08:56.659  3618  6088 W OpenGLRenderer: Incorrectly called buildLayer on View: ShortcutAndWidgetContainer, destroying layer...
02-28 10:08:56.662  2694  2699 I zygote64: Do partial code cache collection, code=28KB, data=26KB
02-28 10:08:56.662  2694  2699 I zygote64: After code cache collection, code=28KB, data=26KB
02-28 10:08:56.662  2694  2699 I zygote64: Increasing code cache capacity to 128KB
02-28 10:08:56.663  2004  2004 I EventCenter: EventCenter Get :com.huawei.android.action.WEATHER_CHANGE
02-28 10:08:56.665  1256  4568 V BroadcastQueue: Finished with ordered broadcast BroadcastRecord{55f5987 u0 com.huawei.android.action.WEATHER_CHANGE}
02-28 10:08:56.704   634   634 D huawei_antiTheft: huawei_antiTheft_manager_init succeed
02-28 10:08:56.704   634   634 E hw-IPCThreadState: binder thread pool (1 threads) starved for 105 ms
02-28 10:08:56.705   634   634 D huawei_antiTheft: run command 20003 success, type 1 size is 4096
02-28 10:08:56.708   634   634 D huawei_antiTheft: huawei_antiTheft_manager_uninit succeed
02-28 10:08:56.708  1890  1906 D HwAntiTheftService_jni: enter native_read, type is 1
02-28 10:08:56.708   634   634 D huawei_antiTheft: huawei_antiTheft_manager_init enter
02-28 10:08:56.776  6545  6550 I zygote64: Do partial code cache collection, code=29KB, data=20KB
02-28 10:08:56.777  6545  6550 I zygote64: After code cache collection, code=29KB, data=20KB
02-28 10:08:56.777  6545  6550 I zygote64: Increasing code cache capacity to 128KB
02-28 10:08:56.809   634   634 D huawei_antiTheft: huawei_antiTheft_manager_init succeed
02-28 10:08:56.809   634   634 E hw-IPCThreadState: binder thread pool (1 threads) starved for 101 ms
02-28 10:08:56.818   634   634 E libteec : invoke cmd failed(14), code=0xffff5002, origin=3
02-28 10:08:56.818   634   634 E huawei_antiTheft: invoke command 20002 failed, code=0xffff5002, origin=0x3 in huawei_antiTheft_getFileSize_Ex
02-28 10:08:56.818  1890  1906 E HwAntiTheftService_jni: native_read getFileSize fail
02-28 10:08:56.821   634   634 D huawei_antiTheft: huawei_antiTheft_manager_uninit succeed
02-28 10:08:56.821  6574  6629 W hisync-findmyphone.AntiTheftInf: AntiTheftManagerEx read null data
02-28 10:08:56.822  6574  6629 I hisync-findmyphone.AntiTheftDataManager: read data from Anti:******
02-28 10:08:56.829  6574  6629 E hisync-findmyphone.STUtils: decrypterCbc Exceptionjava.lang.IllegalArgumentException: Bad arguments
02-28 10:08:56.832  6574  6629 I chatty  : uid=1001(radio) pool-1-thread-1 identical 2 lines
02-28 10:08:56.833  6574  6629 E hisync-findmyphone.STUtils: decrypterCbc Exceptionjava.lang.IllegalArgumentException: Bad arguments
02-28 10:08:56.835  6574  6629 I hisync-findmyphone.AntiTheftInf: AntiTheftManagerEx getEnable = false from cache
02-28 10:08:56.941  6545  6550 I zygote64: Do partial code cache collection, code=59KB, data=42KB
02-28 10:08:56.941  6545  6550 I zygote64: After code cache collection, code=55KB, data=41KB
02-28 10:08:56.941  6545  6550 I zygote64: Increasing code cache capacity to 256KB
02-28 10:08:56.963  6650  6650 I appproc : CLASSPATH=/system/framework/pm.jar
02-28 10:08:56.963  6650  6650 I appproc : Command=app_process /system/bin com.android.commands.pm.Pm list users 
02-28 10:08:56.963  6650  6650 D AndroidRuntime: >>>>>> START com.android.internal.os.RuntimeInit uid 2000 <<<<<<
02-28 10:08:56.965  6650  6650 I AndroidRuntime: readDownloadBoosterConfig: 'false'
02-28 10:08:56.965  6650  6650 E cutils-trace: atrace_findTraceFiles, can't find trace_path
02-28 10:08:56.965  6650  6650 E cutils-trace: atrace_init_once, Error find trace file
02-28 10:08:57.022  2004  2004 I HwFyuseView: destroySurface : null
02-28 10:08:57.022  2004  2004 D Fyulytics: Unable to track View End Event. FyuseData is null
02-28 10:08:57.022  2004  2004 I HwFyuseView: destroySurface : null
02-28 10:08:57.022  2004  2004 D Fyulytics: Unable to track View End Event. FyuseData is null
02-28 10:08:57.022  2004  2004 I HwFyuseView: destroySurface : null
02-28 10:08:57.022  2004  2004 D Fyulytics: Unable to track View End Event. FyuseData is null
02-28 10:08:57.022  2004  2004 I WallpaperPagerAdapter: clearViewData
02-28 10:08:57.025  6650  6650 I app_process: Reinit property: dalvik.vm.checkjni= false
02-28 10:08:57.028  6650  6650 V HwFrameworkFactory: : successes to get AllImpl object and return....
02-28 10:08:57.033  6650  6650 I HWSERVICES: hwnative_get_component_register:libdrmbitmap,JNI
02-28 10:08:57.043  6650  6650 E Zygote  : register_com_android_internal_os_Zygote num = 0
02-28 10:08:57.050  6650  6650 D AndroidRuntime: Calling main entry com.android.commands.pm.Pm
02-28 10:08:57.058  6650  6650 I app_process: System.exit called, status: 0
02-28 10:08:57.058  6650  6650 I AndroidRuntime: VM exiting with result code 0.
02-28 10:08:57.058  6650  6660 W MessageQueue: Handler (android.os.Handler) {4356f0f} sending message to a Handler on a dead thread
02-28 10:08:57.058  6650  6660 W MessageQueue: java.lang.IllegalStateException: Handler (android.os.Handler) {4356f0f} sending message to a Handler on a dead thread
02-28 10:08:57.058  6650  6660 W MessageQueue: 	at android.os.MessageQueue.enqueueMessage(MessageQueue.java:639)
02-28 10:08:57.058  6650  6660 W MessageQueue: 	at android.os.Handler.enqueueMessage(Handler.java:680)
02-28 10:08:57.058  6650  6660 W MessageQueue: 	at android.os.Handler.sendMessageAtTime(Handler.java:649)
02-28 10:08:57.058  6650  6660 W MessageQueue: 	at android.os.Handler.sendMessageDelayed(Handler.java:619)
02-28 10:08:57.058  6650  6660 W MessageQueue: 	at android.os.Handler.post(Handler.java:363)
02-28 10:08:57.058  6650  6660 W MessageQueue: 	at android.os.ResultReceiver$MyResultReceiver.send(ResultReceiver.java:57)
02-28 10:08:57.058  6650  6660 W MessageQueue: 	at com.android.internal.os.IResultReceiver$Stub.onTransact(IResultReceiver.java:58)
02-28 10:08:57.058  6650  6660 W MessageQueue: 	at android.os.Binder.execTransact(Binder.java:675)
02-28 10:08:57.437  1256  4568 D PMS1000 : package:com.google.android.gms, input flags:0, output hwFlags:0
02-28 10:08:57.437  1256  4568 D PMS1000 : package:com.android.email, input flags:0, output hwFlags:0
02-28 10:08:57.437  1256  4568 D PMS1000 : package:com.android.email, input flags:0, output hwFlags:0
02-28 10:08:57.437  1256  4568 D PMS1000 : package:com.stupeflix.replay, input flags:0, output hwFlags:33554432
02-28 10:08:57.437  1256  4568 D PMS1000 : package:com.huawei.hwid, input flags:0, output hwFlags:0
02-28 10:08:57.443  6545  6596 W zygote64: Skipping duplicate class check due to unrecognized classloader
02-28 10:08:57.443  1256 17774 D PMS10006: package:com.android.contacts, input flags:0, output hwFlags:0
02-28 10:08:57.452  1256  1593 D PMS1000 : package:com.android.providers.blockednumber, input flags:0, output hwFlags:0
02-28 10:08:57.477   757   757 E Thermal-daemon: [pa_0] temp_new :28  temp_old :27
02-28 10:08:57.478  2163  2193 I chatty  : uid=1000(system) Binder:2163_1 expire 7 lines
02-28 10:08:57.478   757   757 E Thermal-daemon: Report temperature: [pa_0] temp :28  report_threshold:1
02-28 10:08:57.480   757   757 E Thermal-daemon: [ap] temp_new :32  temp_old :30
02-28 10:08:57.480   757   757 E Thermal-daemon: Report temperature: [ap] temp :32  report_threshold:1
02-28 10:08:57.644  1256 17774 D PMS10067: package:com.huawei.android.launcher, input flags:0, output hwFlags:0
02-28 10:08:57.672   654   654 D SensorHub: huawei Hal strandard_stepcounter is 0
02-28 10:08:58.462  1256  4568 D PMS10006: package:com.android.contacts, input flags:0, output hwFlags:0
02-28 10:08:58.463  1256  4568 D PMS10006: package:com.android.contacts, input flags:0, output hwFlags:0
02-28 10:08:58.598  1256 17774 D PMS10067: package:com.android.calendar, input flags:8192, output hwFlags:0
02-28 10:08:58.599  1256 17774 D PMS10067: package:com.android.calendar, input flags:8192, output hwFlags:0
02-28 10:08:58.599  1256  4568 D PMS10067: package:com.android.deskclock, input flags:8192, output hwFlags:0
02-28 10:08:58.600  1256  3154 D PMS10067: package:com.android.deskclock, input flags:8192, output hwFlags:0
02-28 10:08:58.601  1256  4568 D PMS10067: package:com.android.deskclock, input flags:8192, output hwFlags:0
02-28 10:08:58.602  1256  1282 D PMS10067: package:com.android.email, input flags:8192, output hwFlags:0
02-28 10:08:58.603  1256 17774 D PMS10067: package:com.android.gallery3d, input flags:8192, output hwFlags:0
02-28 10:08:58.604  1256  1282 D PMS10067: package:com.android.mediacenter, input flags:8192, output hwFlags:0
02-28 10:08:58.604  1256  1282 D PMS10067: package:com.android.settings, input flags:8192, output hwFlags:0
02-28 10:08:58.605  1256 17774 D PMS10067: package:com.example.android.notepad, input flags:8192, output hwFlags:0
02-28 10:08:58.606  1256  3154 D PMS10067: package:com.huawei.android.launcher, input flags:8192, output hwFlags:0
02-28 10:08:58.607  1256 17774 D PMS10067: package:com.huawei.systemmanager, input flags:0, output hwFlags:0
02-28 10:08:58.608  1256  1282 D PMS10067: package:com.huawei.android.totemweatherwidget, input flags:8192, output hwFlags:0
02-28 10:08:58.609  1256  4568 D PMS10067: package:com.huawei.android.totemweatherwidget, input flags:8192, output hwFlags:0
02-28 10:08:58.619  3618  3618 E asset   : createFromFile(): lock file /data/resource-cache/system@emui@base@overlay@frameworkhwexthonor@frameworkhwexthonor.apk@idmap.
02-28 10:08:58.620  3618  3618 E asset   : createFromFile(): lock file /data/resource-cache/system@emui@base@overlay@frameworkhwexthonor@frameworkhwexthonor.apk@idmap.
02-28 10:08:58.620  3618  3618 W ResourceType: Found multiple library tables, ignoring...
02-28 10:08:58.621  1256  6058 D PMS10067: package:com.huawei.android.launcher, input flags:128, output hwFlags:0
02-28 10:08:58.771  6668  6668 E cutils-trace: atrace_findTraceFiles, can't find trace_path
02-28 10:08:58.771  6668  6668 E cutils-trace: atrace_init_once, Error find trace file
02-28 10:08:58.771   359   359 E         : pid 6670, opration oeminfo_read OK
02-28 10:08:58.771   359   359 E         : 
02-28 10:08:58.772   392   392 I chatty  : uid=1000(system) hwservicemanage expire 13 lines
02-28 10:08:58.773  6668  6668 I DisplayEffectService: Display effect start ......
02-28 10:08:58.773   359   359 E         : pid 6670, opration oeminfo_read OK
02-28 10:08:58.773   359   359 E         : 
02-28 10:08:58.771  6670  6670 W hwnffserver: type=1400 audit(0.0:155351): avc: denied { write } for name="socket" dev="tmpfs" ino=4334 scontext=u:r:hwnffserver:s0 tcontext=u:object_r:socket_device:s0 tclass=dir permissive=0
02-28 10:08:58.774  6670  6670 E HWNFF   : HWNFF Daemon fireup
02-28 10:08:58.775  6670  6670 E HWNFF   : Daemon: Unable to bind socket
02-28 10:08:58.774  6668  6668 I ServiceManagement: Removing namespace from process name vendor.huawei.hardware.graphics.displayeffect@1.0-service to displayeffect@1.
02-28 10:08:58.776  6668  6668 E vendor.huawei.hardware.graphics.displayeffect@1.0-service: Could not register service vendor.huawei.hardware.graphics.displayeffect@1.0::IEffect/default (-2147483648).
02-28 10:08:58.784  6669  6669 E cutils-trace: atrace_findTraceFiles, can't find trace_path
02-28 10:08:58.784  6669  6669 E cutils-trace: atrace_init_once, Error find trace file
02-28 10:08:58.786  6669  6669 I vndksupport: sphal namespace is not configured for this process. Loading /vendor/lib64/hw/jpeg.kirin970.so from the current namespace instead.
02-28 10:08:58.787  6669  6669 I JpegDecode: JpegDecodeHal start ....
02-28 10:08:58.789  6669  6669 I ServiceManagement: Removing namespace from process name vendor.huawei.hardware.jpegdec@1.0-service to jpegdec@1.0-ser.
02-28 10:08:58.790  6669  6669 E vendor.huawei.hardware.jpegdec@1.0-service: Could not register service vendor.huawei.hardware.jpegdec@1.0::IJpegDecode/default (-2147483648).
02-28 10:08:59.151  1256  1593 I chatty  : uid=1000(system) sManagerService expire 1 line
02-28 10:08:59.255  3618  6635 W HwLauncher: getDownloadInfo return null!
02-28 10:08:59.321  1256 17774 D PMS1000 : package:com.android.mms, input flags:1152, output hwFlags:0
02-28 10:08:59.329  1256 17774 D PMS1000 : package:com.android.mms, input flags:0, output hwFlags:0
02-28 10:08:59.344  1256 17774 I ActivityManager: Start proc 6673:com.android.mms/u0a38 for start application com.android.mms
02-28 10:08:59.346  6673  6673 I         : power log dlsym ok
02-28 10:08:59.356  6673  6673 I zygote64: Reinit property: dalvik.vm.checkjni= false
02-28 10:08:59.375  6673  6673 D ActivityThread: ActivityThread,attachApplication
02-28 10:08:59.376  1256 17774 D ActivityManager: ActivityManagerService,attachApplication,callingPid = 6673
02-28 10:08:59.390  1256 17774 I ActivityManager: Killing 28229:com.huawei.android.thememanager/u0a77 (adj 906): empty for 36538s
02-28 10:08:59.401  1256 17774 D PMS10038: package:com.android.mms, input flags:128, output hwFlags:0
02-28 10:08:59.421  6673  6673 D HwFLClassLoader: get used feature list :/feature/used-list failed!
02-28 10:08:59.422  6673  6673 D HwFLClassLoader: USE_FEATURE_LIST had not init! 
02-28 10:08:59.428  1256 17774 D ActivityManager: cleanUpApplicationRecord app: ProcessRecord{65be4ee 28229:com.huawei.android.thememanager/u0a77}, app.bad: false, restarting: false, allowRestart: true
02-28 10:08:59.431  1890  1906 E HsmCoreServiceImpl: onTransact in code is: 102
02-28 10:08:59.432  1890  1906 I MediaProcessHandler: processOp opType: 1, uid: 10077, pid: 28229
02-28 10:08:59.432  1890  1906 W MediaProcessHandler: remove target not exist, maybe the UI process: uid: 10077, pid: 28229
02-28 10:08:59.432  1890  1906 I MediaProcessHandler: executedCallBack opType: 1 mMediaStatusObservers.size=0
02-28 10:08:59.446  6545  6596 E Contacts: DirectorySearchManager NameNotFoundException huawei.w3
02-28 10:08:59.447  6673  6673 E asset   : createFromFile(): lock file /data/resource-cache/system@emui@base@overlay@frameworkhwexthonor@frameworkhwexthonor.apk@idmap.
02-28 10:08:59.448  6673  6673 E asset   : createFromFile(): lock file /data/resource-cache/system@emui@base@overlay@frameworkhwexthonor@frameworkhwexthonor.apk@idmap.
02-28 10:08:59.448  6673  6673 W ResourceType: Found multiple library tables, ignoring...
02-28 10:08:59.449  1256  9300 D PMS10038: package:com.android.mms, input flags:128, output hwFlags:0
02-28 10:08:59.456  6673  6673 I HwCust  : Constructor found for class com.huawei.mms.util.HwCustHwBackgroundLoaderImpl
02-28 10:08:59.457  6673  6673 D HwCust  : Create obj success use class com.huawei.mms.util.HwCustHwBackgroundLoaderImpl
02-28 10:08:59.463  1256  9300 D PMS10038: package:com.android.mms, input flags:0, output hwFlags:0
02-28 10:08:59.473  6673  6673 D CspApp  : MmsApp onCreate
02-28 10:08:59.474  6673  6673 V TmoMonitor: Tmo add watched executor ThreadEx's defualtExecutor
02-28 10:08:59.474  6673  6673 E TmoMonitor: Add already observed target for ThreadEx's defualtExecutor TaskStack com.huawei.cspcommon.ex.ThreadEx$SerialExecutor@21017f8
02-28 10:08:59.475  6673  6673 V TmoMonitor: Tmo add watched executor AsyncTask.THREAD_POOL_EXECUTOR
02-28 10:08:59.475  6673  6673 V TmoMonitor: Tmo add watched executor AsyncTask.SERIAL_EXECUTOR
02-28 10:08:59.478  6673  6673 E RcsService: RcsXmlParser - mContext is null ,return empty string!
02-28 10:08:59.478  6673  6673 E RcsService: RcsXmlParser - mContext is null ,return empty string!
02-28 10:08:59.478  6673  6673 D RcsService: RcsFeatureEnabler - rcsProductEnabled: false rcsVendorEnabled: true
02-28 10:08:59.479  6673  6673 I HwCust  : Constructor found for class com.huawei.mms.util.HwCustHwMessageUtilsImpl
02-28 10:08:59.479  6673  6673 D HwCust  : Create obj success use class com.huawei.mms.util.HwCustHwMessageUtilsImpl
02-28 10:08:59.482  6673  6673 I HwCust  : Constructor found for class com.android.mms.data.HwCustContactImpl
02-28 10:08:59.482  6673  6673 D HwCust  : Create obj success use class com.android.mms.data.HwCustContactImpl
02-28 10:08:59.482  6673  6673 I HwCust  : Constructor found for class com.android.mms.util.HwCustEcidLookupImpl
02-28 10:08:59.482  6673  6673 D HwCust  : Create obj success use class com.android.mms.util.HwCustEcidLookupImpl
02-28 10:08:59.483  6673  6673 I HwCust  : Constructor found for class com.android.mms.HwCustMmsConfigImpl
02-28 10:08:59.483  6673  6673 D HwCust  : Create obj success use class com.android.mms.HwCustMmsConfigImpl
02-28 10:08:59.483  6673  6673 D HwCust  : Create obj success use class com.huawei.mms.util.HwCustHwMessageUtilsImpl
02-28 10:08:59.484  6673  6673 V TmoMonitor: Tmo add watched taskStack Mms:ContactsCache-tid=593
02-28 10:08:59.484  6673  6673 D Mms/draft: [DraftCache/1] DraftCache.constructor
02-28 10:08:59.484  6673  6673 E RcsService: RcsXmlParser - mContext is null ,return empty string!
02-28 10:08:59.466  1256  9300 I chatty  : uid=1000(system) Binder:1256_1A identical 4 lines
02-28 10:08:59.470  1256  9300 D PMS10038: package:com.android.mms, input flags:0, output hwFlags:0
02-28 10:08:59.485  1256  9300 D PMS10038: package:com.android.rcssettingon, input flags:1, output is null
02-28 10:08:59.485  6673  6673 I chatty  : uid=10038(u0_a38) com.android.mms identical 3 lines
02-28 10:08:59.485  6673  6673 E RcsService: RcsXmlParser - mContext is null ,return empty string!
02-28 10:08:59.487  6673  6673 I HwCust  : Constructor found for class com.android.mms.ui.HwCustMessageUtilsImpl
02-28 10:08:59.487  6673  6673 D HwCust  : Create obj success use class com.android.mms.ui.HwCustMessageUtilsImpl
02-28 10:08:59.487  6673  6673 V DownloadManager: DownloadManager.init()
02-28 10:08:59.489  6673  6673 V DownloadManager: roaming ------> false,false
02-28 10:08:59.490  6673  6673 V DownloadManager: auto download without roaming -> true
02-28 10:08:59.490  6673  6673 V DownloadManager: auto download during roaming -> false
02-28 10:08:59.491  6673  6673 V DownloadManager: mAutoDownload ------> true
02-28 10:08:59.492  6673  6691 D MMS_BkLoader: in mTaskHandler, what = 1 begin
02-28 10:08:59.492  6673  6691 D MMS_BkLoader: in mTaskHandler, what = 1 end
02-28 10:08:59.492  6673  6691 D Mms_app : HwBackgroundLoader initAppSettings start @78905262210354
02-28 10:08:59.492  6673  6693 V HwPolicyFactory: : success to get AllImpl object and return....
02-28 10:08:59.493  6673  6691 I MMS_BkLoader:  initCountryArea start
02-28 10:08:59.493  6673  6692 D MMS_BkLoader:  load data start 1
02-28 10:08:59.493  6673  6692 I Mms_threadcache: [RecipientIdCache] fill: begin
02-28 10:08:59.493  6673  6673 I HwCust  : Constructor found for class com.android.mms.HwCustMMSAppImpl
02-28 10:08:59.493  6673  6673 D HwCust  : Create obj success use class com.android.mms.HwCustMMSAppImpl
02-28 10:08:59.495  6673  6693 V HwWidgetFactory: : successes to get AllImpl object and return....
02-28 10:08:59.495  1256  9300 D PMS10038: package:com.android.mms, input flags:0, output hwFlags:0
02-28 10:08:59.496  6673  6691 I MMS_BkLoader: mCountryDetector.detectCountry()
02-28 10:08:59.497  6673  6673 E OsUtil  : Sms enabled for me
02-28 10:08:59.498  6673  6673 D CspApp  : User 10038; isOwner true; isSmsAllowed false; isSupportMultiuser false; isInLoginUser true
02-28 10:08:59.498  6673  6673 D CspApp  : MmsApp onCreate finsh
02-28 10:08:59.499  1256  3146 D CountryDetector: isValidCountryIso: CN
02-28 10:08:59.499  6673  6691 I MMS_BkLoader:  initCountryArea end
02-28 10:08:59.500  6673  6673 D MSG_APP_Mms: RCS switch on and reset ft compressing status
02-28 10:08:59.500  6673  6691 V TmoMonitor: Tmo add watched executor Mms:PduLoaderManager
02-28 10:08:59.502  6673  6673 E Minikin : Could not get cmap table size!
02-28 10:08:59.502  1256  9300 D PMS1000 : package:com.android.mms, input flags:0, output hwFlags:0
02-28 10:08:59.502  1256  3146 D PMS10038: package:com.android.mms, input flags:128, output hwFlags:0
02-28 10:08:59.503  6673  6673 V DownloadManager: Service state changed: Bundle[mParcelledData.dataSize=1136]
02-28 10:08:59.503  1256  3146 D PMS1000 : package:com.android.mms, input flags:8192, output hwFlags:0
02-28 10:08:59.503  6673  6673 V DownloadManager: roaming ------> false
02-28 10:08:59.503  6673  6673 V DownloadManager: auto download without roaming -> true
02-28 10:08:59.503  6673  6673 V DownloadManager: auto download during roaming -> false
02-28 10:08:59.503  6673  6673 V DownloadManager: mAutoDownload ------> true
02-28 10:08:59.504  6673  6691 I HwCust  : Constructor found for class com.android.mms.pdu.HwCustPduPersisterImpl
02-28 10:08:59.504  6673  6691 D HwCust  : Create obj success use class com.android.mms.pdu.HwCustPduPersisterImpl
02-28 10:08:59.507  1256  3146 D PMS1001 : package:com.android.mms, input flags:0, output hwFlags:0
02-28 10:08:59.528  6673  6692 D MMS_BkLoader:  load data end 1
02-28 10:08:59.533  6673  6693 E HwResourcesImpl: getColorValueFromStr Color value '00c853' must start with #
02-28 10:08:59.534  6673  6693 E HwResourcesImpl: getColorValueFromStr Color value '00c853' must start with #
02-28 10:08:59.536  6673  6691 V TmoMonitor: Tmo add watched executor ThumbnailManager
02-28 10:08:59.536  6673  6691 I Mms/SmileyParser: SmileyParser init
02-28 10:08:59.537  6673  6691 I Mms/SmileyParser: initSmileyText start
02-28 10:08:59.537  6673  6691 I Mms/SmileyParser: initPrefs start
02-28 10:08:59.537  6673  6691 D Mms_app : MmsConfig.init() @78905307822333
02-28 10:08:59.538  6673  6691 V MmsConfig: mnc/mcc: ,
02-28 10:08:59.538  6673  6691 D Mms_app : MmsConfig.readMmsConfigXML() @78905308743167
02-28 10:08:59.539  6673  6691 I MmsConfig:  Read Mms config ,attrCount = 1
02-28 10:08:59.541  6673  6691 I chatty  : uid=10038(u0_a38) Task_handler identical 6 lines
02-28 10:08:59.541  6673  6691 I MmsConfig:  Read Mms config ,attrCount = 1
02-28 10:08:59.542  6673  6691 V MmsConfig: load xml file from UNKNOWN_PATH_CFG
02-28 10:08:59.542  6673  6691 D Mms_app : MmsConfig.readMmsConfigXML() @78905312164521
02-28 10:08:59.542  6673  6691 V MmsConfig: load xml file from UNKNOWN_PATH_CFG
02-28 10:08:59.543  1256  3146 D PMS10038: package:com.android.mms, input flags:0, output hwFlags:0
02-28 10:08:59.543  6673  6691 D Mms_app : MmsConfig init() finish @78905313590042
02-28 10:08:59.544  6673  6691 I HwCust  : Constructor found for class com.huawei.mms.util.HwCustSmartArchiveSettingUtilsImpl
02-28 10:08:59.544  6673  6691 D HwCust  : Create obj success use class com.huawei.mms.util.HwCustSmartArchiveSettingUtilsImpl
02-28 10:08:59.544  6673  6691 D SmartArchiveSettingUtils: createDefaultSettingItems from static config
02-28 10:08:59.544  6673  6691 D SmartArchiveSettingUtils: Load archive user data of archive_num_huawei, value is true
02-28 10:08:59.545  6673  6691 D SmartArchiveSettingUtils: Load archive user data of archive_num_106, value is true
02-28 10:08:59.545  6673  6691 D SmartArchiveSettingUtils: Load archive user data of archive_num_bak, value is true
02-28 10:08:59.545  6673  6691 D SmartArchiveSettingUtils: Load archive user data of archive_num_comm_operator, value is true
02-28 10:08:59.545  6673  6691 D SmartArchiveSettingUtils: smartArchiveVersion old:8, new:8
02-28 10:08:59.547  6673  6691 I HwCust  : Constructor found for class com.huawei.mms.util.HwCustMccMncConfigImpl
02-28 10:08:59.547  6673  6691 D HwCust  : Create obj success use class com.huawei.mms.util.HwCustMccMncConfigImpl
02-28 10:08:59.547  6673  6691 D Mms_app : MccMncConfig init start @78905317140562
02-28 10:08:59.547  6673  6691 D HwCust  : Create obj success use class com.android.mms.ui.HwCustMessageUtilsImpl
02-28 10:08:59.555  6673  6691 D MccMncConfig: MccMncConfig init Fail 
02-28 10:08:59.560  6673  6693 W HwPhoneLayoutInflater: onCreateView : ClassNotFoundException, In this case we want to let the base class take a crack at it
02-28 10:08:59.560  6673  6693 W HwPhoneLayoutInflater: onCreateView : ClassNotFoundException, In this case we want to let the base class take a crack at it
02-28 10:08:59.562  6673  6691 D MMS_BkLoader: do Check Preference with state init 1 loaded 1 operator 
02-28 10:08:59.562  6673  6691 V HwTelephony: Registe ACTION_SIM_STATE_CHANGED
02-28 10:08:59.564  6673  6691 W System.err: java.lang.NoSuchMethodException: toSkeleton [class java.util.Calendar, class java.util.Calendar, int]
02-28 10:08:59.564  6673  6691 W System.err: 	at java.lang.Class.getMethod(Class.java:2068)
02-28 10:08:59.564  6673  6691 W System.err: 	at java.lang.Class.getDeclaredMethod(Class.java:2047)
02-28 10:08:59.564  6673  6691 W System.err: 	at com.huawei.mms.util.HwSpecialUtils$HwDateUtils.init(HwSpecialUtils.java:278)
02-28 10:08:59.564  6673  6691 W System.err: 	at com.huawei.mms.util.HwBackgroundLoader.initAppSettings(HwBackgroundLoader.java:676)
02-28 10:08:59.564  6673  6691 W System.err: 	at com.huawei.mms.util.HwBackgroundLoader.-wrap3(Unknown Source:0)
02-28 10:08:59.564  6673  6691 W System.err: 	at com.huawei.mms.util.HwBackgroundLoader$5.run(HwBackgroundLoader.java:516)
02-28 10:08:59.564  6673  6691 W System.err: 	at com.huawei.cspcommon.ex.HandlerEx.dispatchMessage(HandlerEx.java:145)
02-28 10:08:59.564  6673  6691 W System.err: 	at android.os.Looper.loop(Looper.java:166)
02-28 10:08:59.564  6673  6691 W System.err: 	at android.os.HandlerThread.run(HandlerThread.java:65)
02-28 10:08:59.564  6673  6673 D HwTelephony: handleMultySim with sub1; state ABSENT
02-28 10:08:59.565  6673  6673 D HwTelephony: the SIM2 card state is not changed
02-28 10:08:59.543  1256  3146 D PMS10038: package:com.android.mms, input flags:0, output hwFlags:0
02-28 10:08:59.587  1256  1367 W BroadcastQueue: Permission Denial: broadcasting Intent { act=android.intent.action.ACTION_DEFAULT_DATA_SUBSCRIPTION_CHANGED flg=0x21000010 (has extras) } from null (pid=-1, uid=-1) requires com.android.contacts.huawei.permission.REFRESH_DRAFT due to registered receiver BroadcastFilter{4e570b9 u0 ReceiverList{d27f280 6673 com.android.mms/10038/u0 remote:755d303}}
02-28 10:08:59.593  6673  6704 I XIAOYUAN: initInerData start
02-28 10:08:59.594  6673  6691 I HwCust  : Constructor found for class com.android.mms.transaction.HwCustMessagingNotificationImpl
02-28 10:08:59.594  6673  6691 D HwCust  : Create obj success use class com.android.mms.transaction.HwCustMessagingNotificationImpl
02-28 10:08:59.594  6673  6691 D HwCust  : Create obj success use class com.android.mms.util.HwCustEcidLookupImpl
02-28 10:08:59.598  1256  3146 D PMS10038: package:com.android.mms, input flags:0, output hwFlags:0
02-28 10:08:59.599  6673  6691 V Contact : Contact-ChangeMoniter all listeners is removed
02-28 10:08:59.600  1256  3146 D PMS10038: package:com.huawei.cryptosms.service, input flags:128, output hwFlags:0
02-28 10:08:59.601  6673  6691 D CryptoMessageServiceProxy: init(Context context) method begin init sms encryption service
02-28 10:08:59.602  6673  6673 D MMS_BkLoader: strState:ABSENT
02-28 10:08:59.606  1256  3146 V ActivityManager: startProcess: name=com.huawei.cryptosms.service app=null knownToBeDead=true thread=null pid=-1
02-28 10:08:59.606  1256  3146 D PMS1000 : package:com.huawei.cryptosms.service, input flags:0, output hwFlags:0
02-28 10:08:59.607  6673  6704 I XIAOYUAN: initAlgorithm run
02-28 10:08:59.614  6673  6693 I Utils   : Utils_isSuperResolutionSupport [load libai_client.success]
02-28 10:08:59.617  6673  6707 I XIAOYUAN: initMenuData localVersion=15 assetsVersion=15
02-28 10:08:59.618  6673  6707 I XIAOYUAN: initMenuData complete
02-28 10:08:59.618  1256  3146 I ActivityManager: Start proc 6708:com.huawei.cryptosms.service/1000 for service com.huawei.cryptosms.service/.CryptoService
02-28 10:08:59.619  6708  6708 I         : power log dlsym ok
02-28 10:08:59.620  6673  6707 I XIAOYUAN: initPublicLogo localVersion=13 assetsVersion=13
02-28 10:08:59.620  6673  6707 I XIAOYUAN: initPublicLogo complete
02-28 10:08:59.620  6673  6691 E HwCustSmsReceiverServiceImpl: handleSmsDeliverAction: onCreate
02-28 10:08:59.623  6673  6691 D VerifitionSmsManager: registerListener
02-28 10:08:59.623  6708  6708 I zygote64: Reinit property: dalvik.vm.checkjni= false
02-28 10:08:59.624  6673  6691 D HwCust  : Create obj success use class com.android.mms.HwCustMmsConfigImpl
02-28 10:08:59.625  6673  6693 D HwGalleryCacheManagerImpl: mIsEffect:false
02-28 10:08:59.625  1256  3146 D PMS10038: package:com.android.mms, input flags:0, output hwFlags:0
02-28 10:08:59.625  6673  6691 D HwCustHwBackgroundLoaderImpl: registerChangeFollowFlagReceiver
02-28 10:08:59.627  6673  6691 E RcsService: RcsXmlParser - mContext is null ,return empty string!
02-28 10:08:59.627  6673  6691 E RcsService: RcsXmlParser - mContext is null ,return empty string!
02-28 10:08:59.628  6673  6693 D HwWechatOptimizeImpl: mIsEffect:false
02-28 10:08:59.628  6673  6691 D Mms_app : HwBackgroundLoader initAppSettings end @78905398347333
02-28 10:08:59.633  6708  6708 D ActivityThread: ActivityThread,attachApplication
02-28 10:08:59.634  1256  3146 D ActivityManager: ActivityManagerService,attachApplication,callingPid = 6708
02-28 10:08:59.635  6673  6707 I XIAOYUAN: initDrawble localVersion=20170103 assetsVersion=20170103
02-28 10:08:59.635  6673  6707 I XIAOYUAN: initDrawble complete
02-28 10:08:59.636  6673  6693 D CubicBezierInterpolator: CubicBezierInterpolator  mControlPoint1x = 0.23, mControlPoint1y = 0.06, mControlPoint2x = 0.09, mControlPoint2y = 0.97
02-28 10:08:59.637  6673  6693 D CubicBezierInterpolator: CubicBezierInterpolator  mControlPoint1x = 0.6, mControlPoint1y = 0.9, mControlPoint2x = 0.8, mControlPoint2y = 1.0
02-28 10:08:59.637  6673  6693 D CubicBezierInterpolator: CubicBezierInterpolator  mControlPoint1x = 0.23, mControlPoint1y = 0.06, mControlPoint2x = 0.09, mControlPoint2y = 0.97
02-28 10:08:59.637  6673  6693 D CubicBezierInterpolator: CubicBezierInterpolator  mControlPoint1x = 0.6, mControlPoint1y = 0.9, mControlPoint2x = 0.8, mControlPoint2y = 1.0
02-28 10:08:59.645  1256  3146 D PMS1000 : package:com.huawei.cryptosms.service, input flags:128, output hwFlags:0
02-28 10:08:59.653  6708  6708 D HwFLClassLoader: get used feature list :/feature/used-list failed!
02-28 10:08:59.653  6708  6708 D HwFLClassLoader: USE_FEATURE_LIST had not init! 
02-28 10:08:59.664  6673  6704 I XIAOYUAN: initAlgorithm complete
02-28 10:08:59.668  6708  6708 E Minikin : Could not get cmap table size!
02-28 10:08:59.660  1256  3146 D PMS1000 : package:com.huawei.cryptosms.service, input flags:128, output hwFlags:0
02-28 10:08:59.669  1256  9300 D PMS1000 : package:com.huawei.cryptosms.service, input flags:128, output hwFlags:0
02-28 10:08:59.669  1256  3146 D PMS10038: package:com.android.mms, input flags:0, output hwFlags:0
02-28 10:08:59.669  6708  6708 E HwCryptoMessageService: CryptoMessageService error:start load libibe
02-28 10:08:59.670  6708  6708 I         : RegisterNatives OK!
02-28 10:08:59.670  6708  6708 E HwCryptoMessageService: CryptoMessageService error:load libibe succ
02-28 10:08:59.671  6708  6708 E HwCryptoMessageService: CryptoMessageService error:load libibe result true
02-28 10:08:59.667  6708  6708 W yptosms.service: type=1400 audit(0.0:155354): avc: denied { connectto } for path=0074635F6E735F736F636B6574 scontext=u:r:system_app:s0 tcontext=u:r:tee:s0 tclass=unix_stream_socket permissive=0
02-28 10:08:59.671  6708  6708 E libteec : connect() failed, errno=13, type is 1
02-28 10:08:59.671  6708  6708 E libteec : connect() failed, fd -3
02-28 10:08:59.680  6673  6704 I XIAOYUAN: initAlgorithm end
02-28 10:08:59.680  6673  6704 I XIAOYUAN: initInerData complete
02-28 10:08:59.681  6673  6691 E RcsService: RcsXmlParser - mContext is null ,return empty string!
02-28 10:08:59.681  6673  6691 E RcsService: RcsXmlParser - mContext is null ,return empty string!
02-28 10:08:59.688  6673  6704 I XIAOYUAN: initInerData end
02-28 10:08:59.690  6673  6704 W zygote64: Skipping duplicate class check due to unrecognized classloader
02-28 10:08:59.692  1256  9300 D PMS10038: package:com.android.mms, input flags:0, output hwFlags:0
02-28 10:08:59.736  6673  6704 I chatty  : uid=10038(u0_a38) pool-5-thread-1 identical 15 lines
02-28 10:08:59.738  6673  6704 W zygote64: Skipping duplicate class check due to unrecognized classloader
02-28 10:08:59.746  6673  6705 W zygote64: Skipping duplicate class check due to unrecognized classloader
02-28 10:08:59.871  6708  6708 E libteec : teec_init open session OK
02-28 10:08:59.874  6708  6708 E HwCryptoMessageService: MutiCardFactory error:isMtkGeminiSupport() method:FeatureOption.MTK_GEMINI_SUPPORT, exception = java.lang.ClassNotFoundException: com.mediatek.common.featureoption.FeatureOption
02-28 10:08:59.879  6708  6708 E HwCryptoMessageService: ConfigInfo error:getSimIMSI(int subid) method get imsi FAILED that subid = 0
02-28 10:08:59.881  6708  6708 I chatty  : uid=1000(system) com.huawei.cryptosms.service identical 6 lines
02-28 10:08:59.882  6708  6708 E HwCryptoMessageService: ConfigInfo error:getSimIMSI(int subid) method get imsi FAILED that subid = 0
02-28 10:08:59.882  6708  6708 E HwCryptoMessageService: ConfigInfo error:setSubConfig(int subid, SubConfig sc) method bad parameter for imsi is null
02-28 10:08:59.883  6708  6708 E HwCryptoMessageService: ConfigInfo error:getSimIMSI(int subid) method get imsi FAILED that subid = 1
02-28 10:08:59.885  6708  6708 E HwCryptoMessageService: ConfigInfo error:getSimIMSI(int subid) method get imsi FAILED that subid = 1
02-28 10:08:59.885  6708  6708 E HwCryptoMessageService: ConfigInfo error:setSubConfig(int subid, SubConfig sc) method bad parameter for imsi is null
02-28 10:08:59.890  6708  6708 E HwCryptoMessageService: null error:File not found: 
02-28 10:08:59.904  6673  6673 E CryptoMessageManager: bindService success
02-28 10:08:59.904  6673  6673 D CryptoMessageServiceProxy: start ConnectCallBack connectSuccess method
02-28 10:08:59.904  6673  6673 D CryptoMessageServiceProxy: start method tryConnect
02-28 10:08:59.905  6673  6706 D CryptoMessageServiceProxy: Binder linttodeath is success
02-28 10:08:59.741  1256  9300 I chatty  : uid=1000(system) Binder:1256_1A identical 16 lines
02-28 10:08:59.748  1256  9300 D PMS10038: package:com.android.mms, input flags:0, output hwFlags:0
02-28 10:08:59.905  1256  9300 I ActivityManager: Killing 28279:com.android.providers.calendar/u0a4 (adj 906): empty for 36539s
02-28 10:08:59.905  6673  6706 D CryptoMessageServiceProxy: registerCallback() method register callback success, count is: 0
02-28 10:08:59.939  1256  9300 D ActivityManager: cleanUpApplicationRecord app: ProcessRecord{9470895 28279:com.android.providers.calendar/u0a4}, app.bad: false, restarting: false, allowRestart: true
02-28 10:08:59.941  1890  1906 E HsmCoreServiceImpl: onTransact in code is: 102
02-28 10:08:59.941  1890  1906 I MediaProcessHandler: processOp opType: 1, uid: 10004, pid: 28279
02-28 10:08:59.941  1890  1906 W MediaProcessHandler: remove target not exist, maybe the UI process: uid: 10004, pid: 28279
02-28 10:08:59.941  1890  1906 I MediaProcessHandler: executedCallBack opType: 1 mMediaStatusObservers.size=0
02-28 10:09:00.001  1256  1256 V AlarmManager: Received TIME_TICK alarm; rescheduling
02-28 10:09:00.001  1256  1256 I HwAlarmManagerService: hwSetAlarm listenerTag: time_tick
02-28 10:09:00.003  1256  9300 D PMS10029: package:com.android.systemui, input flags:0, output hwFlags:0
02-28 10:09:00.005  2004  2004 E DateView: DateView,mCurrentTime: 1519783740005
02-28 10:09:00.005  2004  2004 I EventCenter: EventCenter Get :android.intent.action.TIME_TICK
02-28 10:09:00.010  2004  2004 W HwKeyguardDragHelper: AnimationBlocked
02-28 10:09:00.012  2004  2004 W ResourceType: No known package when getting value for resource number 0xffffffff
02-28 10:09:00.012  2004  2004 E DateLunarView: mDateString is: 228
02-28 10:09:00.015  2004  2004 D WeatherHelper: City info empty
02-28 10:09:00.015  2004  2004 D KeyguardUpdateMonitor: received broadcast android.intent.action.TIME_TICK
02-28 10:09:00.015  2004  2004 D KeyguardUpdateMonitor: handleTimeUpdate
02-28 10:09:00.015  2004  2274 I KeyguardStatusView: Runnable for refresh
02-28 10:09:00.016  3618  3618 I HwLauncher: Model  onReceive intent=Intent { act=android.intent.action.TIME_TICK flg=0x50200014 hwFlg=0x900 (has extras) }
02-28 10:09:00.016  3618  3618 I HwLauncher: Model  onReceive user=UserHandle{0}
02-28 10:09:00.016  1256 17774 D PMS10067: package:com.huawei.android.launcher, input flags:0, output hwFlags:0
02-28 10:09:00.018  2004  2004 D WeatherHelper: City info empty
02-28 10:09:00.020  3618  3728 E HwLauncher: SettingsEx , no such field.
02-28 10:09:00.020  3618  3728 W HwLauncher: Clock getDataFormat the getSystemString failed.
02-28 10:09:00.025  1256 17774 V BroadcastQueue: Finished with ordered broadcast BroadcastRecord{5b9f174 u-1 android.intent.action.TIME_TICK}
02-28 10:09:00.106  2004  2004 D WeatherHelper: City info empty
02-28 10:09:00.107  2004  2004 D DateTimeView: Change to single clock mode!
02-28 10:09:00.110  2004  2004 D WeatherHelper: City info empty
