02-26 16:35:40.709   715   715 E wificond: Failed to get NL80211_RATE_INFO_SNR
02-26 16:35:40.709   715   715 E wificond: Failed to get NL80211_STA_INFO_CNAHLOAD
02-26 16:35:47.861   604  1233 W SocketListener: sending broadcast to Pid = 1256, Uid = 1000 
02-26 16:35:47.864  1256  1785 I chatty  : uid=1000(system) NetdConnector expire 10 lines
02-26 16:35:47.869  1256  1454 I chatty  : uid=1000(system) android.fg expire 6 lines
02-26 16:35:48.716   715   715 E wificond: Failed to get NL80211_RATE_INFO_NOISE
02-26 16:35:48.716   715   715 E wificond: Failed to get NL80211_RATE_INFO_SNR
02-26 16:35:48.716   715   715 E wificond: Failed to get NL80211_STA_INFO_CNAHLOAD
02-26 16:35:48.720   715   715 E wificond: Failed to get NL80211_RATE_INFO_NOISE
02-26 16:35:48.720   715   715 E wificond: Failed to get NL80211_RATE_INFO_SNR
02-26 16:35:48.720   715   715 E wificond: Failed to get NL80211_STA_INFO_CNAHLOAD
02-26 16:35:49.460   604  1233 W SocketListener: sending broadcast to Pid = 1256, Uid = 1000 
02-26 16:35:49.476  1256  2531 I chatty  : uid=1000(system) Binder:1256_C expire 18 lines
02-26 16:35:56.720   715   715 E wificond: Failed to get NL80211_RATE_INFO_NOISE
02-26 16:35:56.720   715   715 E wificond: Failed to get NL80211_RATE_INFO_SNR
02-26 16:35:56.720   715   715 E wificond: Failed to get NL80211_STA_INFO_CNAHLOAD
02-26 16:35:56.724   715   715 E wificond: Failed to get NL80211_RATE_INFO_NOISE
02-26 16:35:56.725   715   715 E wificond: Failed to get NL80211_RATE_INFO_SNR
02-26 16:35:56.725   715   715 E wificond: Failed to get NL80211_STA_INFO_CNAHLOAD
02-26 16:36:04.727   715   715 E wificond: Failed to get NL80211_RATE_INFO_NOISE
02-26 16:36:04.727   715   715 E wificond: Failed to get NL80211_RATE_INFO_SNR
02-26 16:36:04.727   715   715 E wificond: Failed to get NL80211_STA_INFO_CNAHLOAD
02-26 16:36:04.731   715   715 E wificond: Failed to get NL80211_RATE_INFO_NOISE
02-26 16:36:04.731   715   715 E wificond: Failed to get NL80211_RATE_INFO_SNR
02-26 16:36:04.731   715   715 E wificond: Failed to get NL80211_STA_INFO_CNAHLOAD
02-26 16:36:06.245  1256  1583 I chatty  : uid=1000(system) UEventObserver expire 8 lines
02-26 16:36:12.736   715   715 E wificond: Failed to get NL80211_RATE_INFO_NOISE
02-26 16:36:12.736   715   715 E wificond: Failed to get NL80211_RATE_INFO_SNR
02-26 16:36:12.736   715   715 E wificond: Failed to get NL80211_STA_INFO_CNAHLOAD
02-26 16:36:12.738   715   715 E wificond: Failed to get NL80211_RATE_INFO_NOISE
02-26 16:36:12.738   715   715 E wificond: Failed to get NL80211_RATE_INFO_SNR
02-26 16:36:12.738   715   715 E wificond: Failed to get NL80211_STA_INFO_CNAHLOAD
02-26 16:36:14.724  1256  2115 I chatty  : uid=1000(system) watchdog expire 3 lines
02-26 16:36:20.737   715   715 E wificond: Failed to get NL80211_RATE_INFO_NOISE
02-26 16:36:20.738   715   715 E wificond: Failed to get NL80211_RATE_INFO_SNR
02-26 16:36:20.738   715   715 E wificond: Failed to get NL80211_STA_INFO_CNAHLOAD
02-26 16:36:20.742   715   715 E wificond: Failed to get NL80211_RATE_INFO_NOISE
02-26 16:36:20.742   715   715 E wificond: Failed to get NL80211_RATE_INFO_SNR
02-26 16:36:20.742   715   715 E wificond: Failed to get NL80211_STA_INFO_CNAHLOAD
02-26 16:36:28.696   604  1233 W SocketListener: sending broadcast to Pid = 1256, Uid = 1000 
02-26 16:36:28.745   715   715 E wificond: Failed to get NL80211_RATE_INFO_NOISE
02-26 16:36:28.745   715   715 E wificond: Failed to get NL80211_RATE_INFO_SNR
02-26 16:36:28.745   715   715 E wificond: Failed to get NL80211_STA_INFO_CNAHLOAD
02-26 16:36:28.747   715   715 E wificond: Failed to get NL80211_RATE_INFO_NOISE
02-26 16:36:28.748   715   715 E wificond: Failed to get NL80211_RATE_INFO_SNR
02-26 16:36:28.748   715   715 E wificond: Failed to get NL80211_STA_INFO_CNAHLOAD
02-26 16:36:29.714   604  1233 W SocketListener: sending broadcast to Pid = 1256, Uid = 1000 
02-26 16:36:36.747   715   715 E wificond: Failed to get NL80211_RATE_INFO_NOISE
02-26 16:36:36.748   715   715 E wificond: Failed to get NL80211_RATE_INFO_SNR
02-26 16:36:36.748   715   715 E wificond: Failed to get NL80211_STA_INFO_CNAHLOAD
02-26 16:36:36.751   715   715 E wificond: Failed to get NL80211_RATE_INFO_NOISE
02-26 16:36:36.751   715   715 E wificond: Failed to get NL80211_RATE_INFO_SNR
02-26 16:36:36.751   715   715 E wificond: Failed to get NL80211_STA_INFO_CNAHLOAD
02-26 16:36:44.761   715   715 E wificond: Failed to get NL80211_RATE_INFO_NOISE
02-26 16:36:44.761   715   715 E wificond: Failed to get NL80211_RATE_INFO_SNR
02-26 16:36:44.761   715   715 E wificond: Failed to get NL80211_STA_INFO_CNAHLOAD
02-26 16:36:44.767   715   715 E wificond: Failed to get NL80211_RATE_INFO_NOISE
02-26 16:36:44.767   715   715 E wificond: Failed to get NL80211_RATE_INFO_SNR
02-26 16:36:44.767   715   715 E wificond: Failed to get NL80211_STA_INFO_CNAHLOAD
02-26 16:36:50.516   604  1233 W SocketListener: sending broadcast to Pid = 1256, Uid = 1000 
02-26 16:36:52.768   715   715 E wificond: Failed to get NL80211_RATE_INFO_NOISE
02-26 16:36:52.769   715   715 E wificond: Failed to get NL80211_RATE_INFO_SNR
02-26 16:36:52.769   715   715 E wificond: Failed to get NL80211_STA_INFO_CNAHLOAD
02-26 16:36:52.771   715   715 E wificond: Failed to get NL80211_RATE_INFO_NOISE
02-26 16:36:52.771   715   715 E wificond: Failed to get NL80211_RATE_INFO_SNR
02-26 16:36:52.771   715   715 E wificond: Failed to get NL80211_STA_INFO_CNAHLOAD
02-26 16:36:57.683  1256  1256 I chatty  : uid=1000 system_server expire 22 lines
02-26 16:36:57.732   604  1233 W SocketListener: sending broadcast to Pid = 1256, Uid = 1000 
02-26 16:36:57.733  1256  1785 I chatty  : uid=1000(system) NetdConnector expire 2 lines
02-26 16:36:57.766  1256  2531 I chatty  : uid=1000(system) Binder:1256_C expire 2 lines
02-26 16:36:57.780  7029  7029 D ActivityThread: ActivityThread,attachApplication
02-26 16:36:57.793  1256  1586 I chatty  : uid=1000(system) Binder:1256_3 expire 2 lines
02-26 16:36:57.802  1256  1284 I chatty  : uid=1000(system) Binder:1256_1 expire 2 lines
02-26 16:36:57.804  1256  2212 I chatty  : uid=1000(system) Binder:1256_9 expire 1 line
02-26 16:37:00.777   715   715 E wificond: Failed to get NL80211_RATE_INFO_NOISE
02-26 16:37:00.777   715   715 E wificond: Failed to get NL80211_RATE_INFO_SNR
02-26 16:37:00.777   715   715 E wificond: Failed to get NL80211_STA_INFO_CNAHLOAD
02-26 16:37:00.782   715   715 E wificond: Failed to get NL80211_RATE_INFO_NOISE
02-26 16:37:00.782   715   715 E wificond: Failed to get NL80211_RATE_INFO_SNR
02-26 16:37:00.782   715   715 E wificond: Failed to get NL80211_STA_INFO_CNAHLOAD
02-26 16:37:08.776   715   715 E wificond: Failed to get NL80211_RATE_INFO_NOISE
02-26 16:37:08.777   715   715 E wificond: Failed to get NL80211_RATE_INFO_SNR
02-26 16:37:08.777   715   715 E wificond: Failed to get NL80211_STA_INFO_CNAHLOAD
02-26 16:37:08.779   715   715 E wificond: Failed to get NL80211_RATE_INFO_NOISE
02-26 16:37:08.779   715   715 E wificond: Failed to get NL80211_RATE_INFO_SNR
02-26 16:37:08.779   715   715 E wificond: Failed to get NL80211_STA_INFO_CNAHLOAD
02-26 16:37:16.787   715   715 E wificond: Failed to get NL80211_RATE_INFO_NOISE
02-26 16:37:16.787   715   715 E wificond: Failed to get NL80211_RATE_INFO_SNR
02-26 16:37:16.787   715   715 E wificond: Failed to get NL80211_STA_INFO_CNAHLOAD
02-26 16:37:16.792   715   715 E wificond: Failed to get NL80211_RATE_INFO_NOISE
02-26 16:37:16.792   715   715 E wificond: Failed to get NL80211_RATE_INFO_SNR
02-26 16:37:16.792   715   715 E wificond: Failed to get NL80211_STA_INFO_CNAHLOAD
02-26 16:37:24.793   715   715 E wificond: Failed to get NL80211_RATE_INFO_NOISE
02-26 16:37:24.793   715   715 E wificond: Failed to get NL80211_RATE_INFO_SNR
02-26 16:37:24.794   715   715 E wificond: Failed to get NL80211_STA_INFO_CNAHLOAD
02-26 16:37:24.797   715   715 E wificond: Failed to get NL80211_RATE_INFO_NOISE
02-26 16:37:24.797   715   715 E wificond: Failed to get NL80211_RATE_INFO_SNR
02-26 16:37:24.797   715   715 E wificond: Failed to get NL80211_STA_INFO_CNAHLOAD
02-26 16:37:32.796   715   715 E wificond: Failed to get NL80211_RATE_INFO_NOISE
02-26 16:37:32.796   715   715 E wificond: Failed to get NL80211_RATE_INFO_SNR
02-26 16:37:32.796   715   715 E wificond: Failed to get NL80211_STA_INFO_CNAHLOAD
02-26 16:37:32.800   715   715 E wificond: Failed to get NL80211_RATE_INFO_NOISE
02-26 16:37:32.800   715   715 E wificond: Failed to get NL80211_RATE_INFO_SNR
02-26 16:37:32.800   715   715 E wificond: Failed to get NL80211_STA_INFO_CNAHLOAD
02-26 16:37:36.885  1256  1256 I chatty  : uid=1000 system_server expire 13 lines
02-26 16:37:40.805   715   715 E wificond: Failed to get NL80211_RATE_INFO_NOISE
02-26 16:37:40.805   715   715 E wificond: Failed to get NL80211_RATE_INFO_SNR
02-26 16:37:40.806   715   715 E wificond: Failed to get NL80211_STA_INFO_CNAHLOAD
02-26 16:37:40.809   715   715 E wificond: Failed to get NL80211_RATE_INFO_NOISE
02-26 16:37:40.809   715   715 E wificond: Failed to get NL80211_RATE_INFO_SNR
02-26 16:37:40.809   715   715 E wificond: Failed to get NL80211_STA_INFO_CNAHLOAD
02-26 16:37:44.731  1256  2115 I chatty  : uid=1000(system) watchdog expire 4 lines
02-26 16:37:44.851   604  1233 W SocketListener: sending broadcast to Pid = 1256, Uid = 1000 
02-26 16:37:44.854  1256  1785 I chatty  : uid=1000(system) NetdConnector expire 10 lines
02-26 16:37:44.859  1256  1454 I chatty  : uid=1000(system) android.fg expire 7 lines
02-26 16:37:44.870  1256  4675 I chatty  : uid=1000(system) Binder:1256_14 expire 15 lines
02-26 16:37:48.805   715   715 E wificond: Failed to get NL80211_RATE_INFO_NOISE
02-26 16:37:48.805   715   715 E wificond: Failed to get NL80211_RATE_INFO_SNR
02-26 16:37:48.805   715   715 E wificond: Failed to get NL80211_STA_INFO_CNAHLOAD
02-26 16:37:48.808   715   715 E wificond: Failed to get NL80211_RATE_INFO_NOISE
02-26 16:37:48.808   715   715 E wificond: Failed to get NL80211_RATE_INFO_SNR
02-26 16:37:48.808   715   715 E wificond: Failed to get NL80211_STA_INFO_CNAHLOAD
02-26 16:37:56.810   715   715 E wificond: Failed to get NL80211_RATE_INFO_NOISE
02-26 16:37:56.811   715   715 E wificond: Failed to get NL80211_RATE_INFO_SNR
02-26 16:37:56.811   715   715 E wificond: Failed to get NL80211_STA_INFO_CNAHLOAD
02-26 16:37:56.817   715   715 E wificond: Failed to get NL80211_RATE_INFO_NOISE
02-26 16:37:56.817   715   715 E wificond: Failed to get NL80211_RATE_INFO_SNR
02-26 16:37:56.817   715   715 E wificond: Failed to get NL80211_STA_INFO_CNAHLOAD
02-26 16:37:59.237   604  1233 W SocketListener: sending broadcast to Pid = 1256, Uid = 1000 
02-26 16:37:59.247  1256  1586 I chatty  : uid=1000(system) Binder:1256_3 expire 51 lines
02-26 16:38:04.813   715   715 E wificond: Failed to get NL80211_RATE_INFO_NOISE
02-26 16:38:04.814   715   715 E wificond: Failed to get NL80211_RATE_INFO_SNR
02-26 16:38:04.814   715   715 E wificond: Failed to get NL80211_STA_INFO_CNAHLOAD
02-26 16:38:04.818   715   715 E wificond: Failed to get NL80211_RATE_INFO_NOISE
02-26 16:38:04.818   715   715 E wificond: Failed to get NL80211_RATE_INFO_SNR
02-26 16:38:04.818   715   715 E wificond: Failed to get NL80211_STA_INFO_CNAHLOAD
02-26 16:38:07.078  1256  1583 I chatty  : uid=1000(system) UEventObserver expire 6 lines
02-26 16:38:12.822   715   715 E wificond: Failed to get NL80211_RATE_INFO_NOISE
02-26 16:38:12.822   715   715 E wificond: Failed to get NL80211_RATE_INFO_SNR
02-26 16:38:12.822   715   715 E wificond: Failed to get NL80211_STA_INFO_CNAHLOAD
02-26 16:38:12.825   715   715 E wificond: Failed to get NL80211_RATE_INFO_NOISE
02-26 16:38:12.825   715   715 E wificond: Failed to get NL80211_RATE_INFO_SNR
02-26 16:38:12.825   715   715 E wificond: Failed to get NL80211_STA_INFO_CNAHLOAD
02-26 16:38:20.833   715   715 E wificond: Failed to get NL80211_RATE_INFO_NOISE
02-26 16:38:20.834   715   715 E wificond: Failed to get NL80211_RATE_INFO_SNR
02-26 16:38:20.834   715   715 E wificond: Failed to get NL80211_STA_INFO_CNAHLOAD
02-26 16:38:20.839   715   715 E wificond: Failed to get NL80211_RATE_INFO_NOISE
02-26 16:38:20.839   715   715 E wificond: Failed to get NL80211_RATE_INFO_SNR
02-26 16:38:20.839   715   715 E wificond: Failed to get NL80211_STA_INFO_CNAHLOAD
02-26 16:38:28.837   715   715 E wificond: Failed to get NL80211_RATE_INFO_NOISE
02-26 16:38:28.838   715   715 E wificond: Failed to get NL80211_RATE_INFO_SNR
02-26 16:38:28.838   715   715 E wificond: Failed to get NL80211_STA_INFO_CNAHLOAD
02-26 16:38:28.842   715   715 E wificond: Failed to get NL80211_RATE_INFO_NOISE
02-26 16:38:28.842   715   715 E wificond: Failed to get NL80211_RATE_INFO_SNR
02-26 16:38:28.842   715   715 E wificond: Failed to get NL80211_STA_INFO_CNAHLOAD
02-26 16:38:29.589   604  1233 W SocketListener: sending broadcast to Pid = 1256, Uid = 1000 
02-26 16:38:29.607  1256  1284 I chatty  : uid=1000(system) Binder:1256_1 expire 13 lines
02-26 16:38:30.579   604  1233 W SocketListener: sending broadcast to Pid = 1256, Uid = 1000 
02-26 16:38:31.272  1256  1603 I chatty  : uid=1000(system) InputReader expire 6 lines
02-26 16:38:31.274  1256  1462 I chatty  : uid=1000(system) PowerManagerSer expire 13 lines
02-26 16:38:31.302  1256  1576 I chatty  : uid=1000(system) android.anim expire 6 lines
02-26 16:38:31.304  1256  1605 I chatty  : uid=1000(system) StorageManagerS expire 2 lines
02-26 16:38:31.306  1256  1456 I chatty  : uid=1000(system) android.display expire 2 lines
02-26 16:38:31.315   418   446 I vold    : TrimTask running tasks: 0
02-26 16:38:31.316  1256  1608 I chatty  : uid=1000(system) VoldConnector expire 1 line
02-26 16:38:31.336  1256  1803 I chatty  : uid=1000(system) WifiP2pService expire 10 lines
02-26 16:38:31.342   715   715 E wificond: Failed to get NL80211_RATE_INFO_NOISE
02-26 16:38:31.343   715   715 E wificond: Failed to get NL80211_RATE_INFO_SNR
02-26 16:38:31.343   715   715 E wificond: Failed to get NL80211_STA_INFO_CNAHLOAD
02-26 16:38:31.453  3001  5961 W ContextImpl: Calling a method in the system process without a qualified user: android.app.ContextImpl.bindService:1736 android.content.ContextWrapper.bindService:678 com.huawei.nb.dataservice.dsclient.RemoteServiceConnection.open:90 com.huawei.nb.dataservice.dsclient.DataServiceProxy.connect:105 com.huawei.nb.dataservice.rsclient.internal.RemoteRuleService.start:27 
02-26 16:38:31.459  1256  2531 I chatty  : uid=1000(system) Binder:1256_C expire 16 lines
02-26 16:38:31.470  1256 12793 I chatty  : uid=1000(system) Binder:1256_1C expire 30 lines
02-26 16:38:31.527  1256  1439 I chatty  : uid=1000(system) android.ui expire 2 lines
02-26 16:38:32.246  2005  2005 V KeyguardDisplayManager: hide
02-26 16:38:32.255  1256  1437 I chatty  : uid=1000(system) ActivityManager expire 1 line
02-26 16:38:32.315  1256  1801 I chatty  : uid=1000(system) WifiScanningSer expire 1 line
02-26 16:38:32.347  1256  2027 I chatty  : uid=1000(system) Binder:1256_6 expire 8 lines
02-26 16:38:33.487   604  1234 W SocketListener: sending broadcast to Pid = 1256, Uid = 1000 
02-26 16:38:33.497  1256  1785 I chatty  : uid=1000(system) NetdConnector expire 6 lines
02-26 16:38:33.523  1256  1586 I chatty  : uid=1000(system) Binder:1256_3 expire 1 line
02-26 16:38:33.525  1256  1851 I chatty  : uid=1000(system) HwSelfCureEngin expire 1 line
02-26 16:38:33.525  1256  1256 I chatty  : uid=1000 system_server expire 7 lines
02-26 16:38:33.525  1256  1854 I chatty  : uid=1000(system) WifiProStateMac expire 1 line
02-26 16:38:34.208  1256  1599 I chatty  : uid=1000(system) sManagerService expire 7 lines
02-26 16:38:34.372   715   715 E wificond: Failed to get NL80211_RATE_INFO_NOISE
02-26 16:38:34.373   715   715 E wificond: Failed to get NL80211_RATE_INFO_SNR
02-26 16:38:34.373   715   715 E wificond: Failed to get NL80211_STA_INFO_CNAHLOAD
02-26 16:38:36.839   715   715 E wificond: Failed to get NL80211_RATE_INFO_NOISE
02-26 16:38:36.839   715   715 E wificond: Failed to get NL80211_RATE_INFO_SNR
02-26 16:38:36.839   715   715 E wificond: Failed to get NL80211_STA_INFO_CNAHLOAD
02-26 16:38:36.844   715   715 E wificond: Failed to get NL80211_RATE_INFO_NOISE
02-26 16:38:36.844   715   715 E wificond: Failed to get NL80211_RATE_INFO_SNR
02-26 16:38:36.844   715   715 E wificond: Failed to get NL80211_STA_INFO_CNAHLOAD
02-26 16:38:37.380   715   715 E wificond: Failed to get NL80211_RATE_INFO_NOISE
02-26 16:38:37.380   715   715 E wificond: Failed to get NL80211_RATE_INFO_SNR
02-26 16:38:37.380   715   715 E wificond: Failed to get NL80211_STA_INFO_CNAHLOAD
02-26 16:38:40.397   715   715 E wificond: Failed to get NL80211_RATE_INFO_NOISE
02-26 16:38:40.397   715   715 E wificond: Failed to get NL80211_RATE_INFO_SNR
02-26 16:38:40.397   715   715 E wificond: Failed to get NL80211_STA_INFO_CNAHLOAD
02-26 16:38:43.416   715   715 E wificond: Failed to get NL80211_RATE_INFO_NOISE
02-26 16:38:43.417   715   715 E wificond: Failed to get NL80211_RATE_INFO_SNR
02-26 16:38:43.417   715   715 E wificond: Failed to get NL80211_STA_INFO_CNAHLOAD
02-26 16:38:44.846   715   715 E wificond: Failed to get NL80211_RATE_INFO_NOISE
02-26 16:38:44.846   715   715 E wificond: Failed to get NL80211_RATE_INFO_SNR
02-26 16:38:44.846   715   715 E wificond: Failed to get NL80211_STA_INFO_CNAHLOAD
02-26 16:38:44.850   715   715 E wificond: Failed to get NL80211_RATE_INFO_NOISE
02-26 16:38:44.850   715   715 E wificond: Failed to get NL80211_RATE_INFO_SNR
02-26 16:38:44.850   715   715 E wificond: Failed to get NL80211_STA_INFO_CNAHLOAD
02-26 16:38:46.432   715   715 E wificond: Failed to get NL80211_RATE_INFO_NOISE
02-26 16:38:46.432   715   715 E wificond: Failed to get NL80211_RATE_INFO_SNR
02-26 16:38:46.432   715   715 E wificond: Failed to get NL80211_STA_INFO_CNAHLOAD
02-26 16:38:47.507   604  1233 W SocketListener: sending broadcast to Pid = 1256, Uid = 1000 
02-26 16:38:49.143   604  1233 W SocketListener: sending broadcast to Pid = 1256, Uid = 1000 
02-26 16:38:49.442   715   715 E wificond: Failed to get NL80211_RATE_INFO_NOISE
02-26 16:38:49.442   715   715 E wificond: Failed to get NL80211_RATE_INFO_SNR
02-26 16:38:49.442   715   715 E wificond: Failed to get NL80211_STA_INFO_CNAHLOAD
02-26 16:38:52.456   715   715 E wificond: Failed to get NL80211_RATE_INFO_NOISE
02-26 16:38:52.457   715   715 E wificond: Failed to get NL80211_RATE_INFO_SNR
02-26 16:38:52.457   715   715 E wificond: Failed to get NL80211_STA_INFO_CNAHLOAD
02-26 16:38:52.838   715   715 E wificond: Failed to get NL80211_RATE_INFO_NOISE
02-26 16:38:52.838   715   715 E wificond: Failed to get NL80211_RATE_INFO_SNR
02-26 16:38:52.838   715   715 E wificond: Failed to get NL80211_STA_INFO_CNAHLOAD
02-26 16:38:52.841   715   715 E wificond: Failed to get NL80211_RATE_INFO_NOISE
02-26 16:38:52.841   715   715 E wificond: Failed to get NL80211_RATE_INFO_SNR
02-26 16:38:52.841   715   715 E wificond: Failed to get NL80211_STA_INFO_CNAHLOAD
02-26 16:38:55.477   715   715 E wificond: Failed to get NL80211_RATE_INFO_NOISE
02-26 16:38:55.477   715   715 E wificond: Failed to get NL80211_RATE_INFO_SNR
02-26 16:38:55.477   715   715 E wificond: Failed to get NL80211_STA_INFO_CNAHLOAD
02-26 16:38:58.500   715   715 E wificond: Failed to get NL80211_RATE_INFO_NOISE
02-26 16:38:58.500   715   715 E wificond: Failed to get NL80211_RATE_INFO_SNR
02-26 16:38:58.500   715   715 E wificond: Failed to get NL80211_STA_INFO_CNAHLOAD
02-26 16:39:00.139  1256 12793 I chatty  : uid=1000(system) Binder:1256_1C expire 2 lines
02-26 16:39:00.858   715   715 E wificond: Failed to get NL80211_RATE_INFO_NOISE
02-26 16:39:00.858   715   715 E wificond: Failed to get NL80211_RATE_INFO_SNR
02-26 16:39:00.858   715   715 E wificond: Failed to get NL80211_STA_INFO_CNAHLOAD
02-26 16:39:00.861   715   715 E wificond: Failed to get NL80211_RATE_INFO_NOISE
02-26 16:39:00.861   715   715 E wificond: Failed to get NL80211_RATE_INFO_SNR
02-26 16:39:00.862   715   715 E wificond: Failed to get NL80211_STA_INFO_CNAHLOAD
02-26 16:39:01.508   715   715 E wificond: Failed to get NL80211_RATE_INFO_NOISE
02-26 16:39:01.508   715   715 E wificond: Failed to get NL80211_RATE_INFO_SNR
02-26 16:39:01.508   715   715 E wificond: Failed to get NL80211_STA_INFO_CNAHLOAD
02-26 16:39:02.527  1256  1284 I chatty  : uid=1000(system) Binder:1256_1 expire 11 lines
02-26 16:39:04.528   715   715 E wificond: Failed to get NL80211_RATE_INFO_NOISE
02-26 16:39:04.529   715   715 E wificond: Failed to get NL80211_RATE_INFO_SNR
02-26 16:39:04.529   715   715 E wificond: Failed to get NL80211_STA_INFO_CNAHLOAD
02-26 16:39:07.545   715   715 E wificond: Failed to get NL80211_RATE_INFO_NOISE
02-26 16:39:07.545   715   715 E wificond: Failed to get NL80211_RATE_INFO_SNR
02-26 16:39:07.545   715   715 E wificond: Failed to get NL80211_STA_INFO_CNAHLOAD
02-26 16:39:08.807  1256  1462 I chatty  : uid=1000(system) PowerManagerSer expire 20 lines
02-26 16:39:08.864   715   715 E wificond: Failed to get NL80211_RATE_INFO_NOISE
02-26 16:39:08.864   715   715 E wificond: Failed to get NL80211_RATE_INFO_SNR
02-26 16:39:08.864   715   715 E wificond: Failed to get NL80211_STA_INFO_CNAHLOAD
02-26 16:39:08.867   715   715 E wificond: Failed to get NL80211_RATE_INFO_NOISE
02-26 16:39:08.867   715   715 E wificond: Failed to get NL80211_RATE_INFO_SNR
02-26 16:39:08.867   715   715 E wificond: Failed to get NL80211_STA_INFO_CNAHLOAD
02-26 16:39:10.560   715   715 E wificond: Failed to get NL80211_RATE_INFO_NOISE
02-26 16:39:10.561   715   715 E wificond: Failed to get NL80211_RATE_INFO_SNR
02-26 16:39:10.561   715   715 E wificond: Failed to get NL80211_STA_INFO_CNAHLOAD
02-26 16:39:13.580   715   715 E wificond: Failed to get NL80211_RATE_INFO_NOISE
02-26 16:39:13.580   715   715 E wificond: Failed to get NL80211_RATE_INFO_SNR
02-26 16:39:13.581   715   715 E wificond: Failed to get NL80211_STA_INFO_CNAHLOAD
02-26 16:39:15.816  1256  1284 I chatty  : uid=1000(system) Binder:1256_1 expire 14 lines
02-26 16:39:15.830  1256  5619 I chatty  : uid=1000(system) Binder:1256_15 expire 27 lines
02-26 16:39:15.928  6247  6247 V ActivityThread: Finishing stop of ActivityRecord{d99cfa3 token=android.os.BinderProxy@fde464b {com.cambricon.productdisplay/com.cambricon.productdisplay.activity.TestActivity}}
02-26 16:39:15.933  1256  1439 I chatty  : uid=1000(system) android.ui expire 2 lines
02-26 16:39:16.067  1256  1456 I chatty  : uid=1000(system) android.display expire 1 line
02-26 16:39:16.107  1256  1256 I chatty  : uid=1000 system_server expire 11 lines
02-26 16:39:16.108  1256  1803 I chatty  : uid=1000(system) WifiP2pService expire 5 lines
02-26 16:39:16.141  1256  1586 I chatty  : uid=1000(system) Binder:1256_3 expire 11 lines
02-26 16:39:16.143  1256  1785 I chatty  : uid=1000(system) NetdConnector expire 10 lines
02-26 16:39:16.196  1256  2898 I chatty  : uid=1000(system) HwDeviceUsageCo expire 1 line
02-26 16:39:16.226  3001  6710 W ContextImpl: Calling a method in the system process without a qualified user: android.app.ContextImpl.bindService:1736 android.content.ContextWrapper.bindService:678 com.huawei.nb.dataservice.dsclient.RemoteServiceConnection.open:90 com.huawei.nb.dataservice.dsclient.DataServiceProxy.connect:105 com.huawei.nb.dataservice.rsclient.internal.RemoteRuleService.start:27 
02-26 16:39:16.351  1256  1599 I chatty  : uid=1000(system) sManagerService expire 1 line
02-26 16:39:16.867   715   715 E wificond: Failed to get NL80211_RATE_INFO_NOISE
02-26 16:39:16.868   715   715 E wificond: Failed to get NL80211_RATE_INFO_SNR
02-26 16:39:16.868   715   715 E wificond: Failed to get NL80211_STA_INFO_CNAHLOAD
02-26 16:39:16.872   715   715 E wificond: Failed to get NL80211_RATE_INFO_NOISE
02-26 16:39:16.872   715   715 E wificond: Failed to get NL80211_RATE_INFO_SNR
02-26 16:39:16.872   715   715 E wificond: Failed to get NL80211_STA_INFO_CNAHLOAD
02-26 16:39:19.114  1256  2136 I chatty  : uid=1000(system) MultiTaskManage expire 5 lines
02-26 16:39:19.133  1900  1900 I HwCoreAppHelperService: LocalReceiver receives:android.intent.action.PACKAGE_RESTARTED,pkg:com.huawei.appmarket,uid:10096
02-26 16:39:20.989  2005  2005 V KeyguardStatusView: refresh statusview showing:true
02-26 16:39:20.994  2005  2005 V KeyguardDisplayManager: show
02-26 16:39:21.046  6247  6247 V ActivityThread: Handle window ActivityRecord{d99cfa3 token=android.os.BinderProxy@fde464b {com.cambricon.productdisplay/com.cambricon.productdisplay.activity.TestActivity}} visibility: false
02-26 16:39:21.129  1256  1576 I chatty  : uid=1000(system) android.anim expire 1 line
02-26 16:39:24.881   715   715 E wificond: Failed to get NL80211_RATE_INFO_NOISE
02-26 16:39:24.882   715   715 E wificond: Failed to get NL80211_RATE_INFO_SNR
02-26 16:39:24.882   715   715 E wificond: Failed to get NL80211_STA_INFO_CNAHLOAD
02-26 16:39:24.888   715   715 E wificond: Failed to get NL80211_RATE_INFO_NOISE
02-26 16:39:24.888   715   715 E wificond: Failed to get NL80211_RATE_INFO_SNR
02-26 16:39:24.888   715   715 E wificond: Failed to get NL80211_STA_INFO_CNAHLOAD
02-26 16:39:32.889   715   715 E wificond: Failed to get NL80211_RATE_INFO_NOISE
02-26 16:39:32.890   715   715 E wificond: Failed to get NL80211_RATE_INFO_SNR
02-26 16:39:32.890   715   715 E wificond: Failed to get NL80211_STA_INFO_CNAHLOAD
02-26 16:39:32.892   715   715 E wificond: Failed to get NL80211_RATE_INFO_NOISE
02-26 16:39:32.892   715   715 E wificond: Failed to get NL80211_RATE_INFO_SNR
02-26 16:39:32.892   715   715 E wificond: Failed to get NL80211_STA_INFO_CNAHLOAD
02-26 16:39:36.780  1256  1437 I chatty  : uid=1000(system) ActivityManager expire 2 lines
02-26 16:39:36.785  1256  5619 I chatty  : uid=1000(system) Binder:1256_15 expire 2 lines
02-26 16:39:37.707  1256  1583 I chatty  : uid=1000(system) UEventObserver expire 10 lines
02-26 16:39:40.895   715   715 E wificond: Failed to get NL80211_RATE_INFO_NOISE
02-26 16:39:40.896   715   715 E wificond: Failed to get NL80211_RATE_INFO_SNR
02-26 16:39:40.896   715   715 E wificond: Failed to get NL80211_STA_INFO_CNAHLOAD
02-26 16:39:40.899   715   715 E wificond: Failed to get NL80211_RATE_INFO_NOISE
02-26 16:39:40.899   715   715 E wificond: Failed to get NL80211_RATE_INFO_SNR
02-26 16:39:40.899   715   715 E wificond: Failed to get NL80211_STA_INFO_CNAHLOAD
02-26 16:39:44.738  1256  2115 I chatty  : uid=1000(system) watchdog expire 9 lines
02-26 16:39:48.904   715   715 E wificond: Failed to get NL80211_RATE_INFO_NOISE
02-26 16:39:48.904   715   715 E wificond: Failed to get NL80211_RATE_INFO_SNR
02-26 16:39:48.904   715   715 E wificond: Failed to get NL80211_STA_INFO_CNAHLOAD
02-26 16:39:48.908   715   715 E wificond: Failed to get NL80211_RATE_INFO_NOISE
02-26 16:39:48.909   715   715 E wificond: Failed to get NL80211_RATE_INFO_SNR
02-26 16:39:48.909   715   715 E wificond: Failed to get NL80211_STA_INFO_CNAHLOAD
02-26 16:39:56.911   715   715 E wificond: Failed to get NL80211_RATE_INFO_NOISE
02-26 16:39:56.911   715   715 E wificond: Failed to get NL80211_RATE_INFO_SNR
02-26 16:39:56.911   715   715 E wificond: Failed to get NL80211_STA_INFO_CNAHLOAD
02-26 16:39:56.914   715   715 E wificond: Failed to get NL80211_RATE_INFO_NOISE
02-26 16:39:56.914   715   715 E wificond: Failed to get NL80211_RATE_INFO_SNR
02-26 16:39:56.914   715   715 E wificond: Failed to get NL80211_STA_INFO_CNAHLOAD
02-26 16:39:59.445   604  1233 W SocketListener: sending broadcast to Pid = 1256, Uid = 1000 
02-26 16:39:59.454  1256  1454 I chatty  : uid=1000(system) android.fg expire 7 lines
02-26 16:39:59.465  1256  1586 I chatty  : uid=1000(system) Binder:1256_3 expire 10 lines
02-26 16:39:59.625   604  1233 W SocketListener: sending broadcast to Pid = 1256, Uid = 1000 
02-26 16:40:04.908   715   715 E wificond: Failed to get NL80211_RATE_INFO_NOISE
02-26 16:40:04.908   715   715 E wificond: Failed to get NL80211_RATE_INFO_SNR
02-26 16:40:04.908   715   715 E wificond: Failed to get NL80211_STA_INFO_CNAHLOAD
02-26 16:40:04.911   715   715 E wificond: Failed to get NL80211_RATE_INFO_NOISE
02-26 16:40:04.912   715   715 E wificond: Failed to get NL80211_RATE_INFO_SNR
02-26 16:40:04.912   715   715 E wificond: Failed to get NL80211_STA_INFO_CNAHLOAD
02-26 16:40:12.920   715   715 E wificond: Failed to get NL80211_RATE_INFO_NOISE
02-26 16:40:12.920   715   715 E wificond: Failed to get NL80211_RATE_INFO_SNR
02-26 16:40:12.920   715   715 E wificond: Failed to get NL80211_STA_INFO_CNAHLOAD
02-26 16:40:12.923   715   715 E wificond: Failed to get NL80211_RATE_INFO_NOISE
02-26 16:40:12.923   715   715 E wificond: Failed to get NL80211_RATE_INFO_SNR
02-26 16:40:12.923   715   715 E wificond: Failed to get NL80211_STA_INFO_CNAHLOAD
02-26 16:40:20.930   715   715 E wificond: Failed to get NL80211_RATE_INFO_NOISE
02-26 16:40:20.931   715   715 E wificond: Failed to get NL80211_RATE_INFO_SNR
02-26 16:40:20.931   715   715 E wificond: Failed to get NL80211_STA_INFO_CNAHLOAD
02-26 16:40:20.935   715   715 E wificond: Failed to get NL80211_RATE_INFO_NOISE
02-26 16:40:20.935   715   715 E wificond: Failed to get NL80211_RATE_INFO_SNR
02-26 16:40:20.935   715   715 E wificond: Failed to get NL80211_STA_INFO_CNAHLOAD
02-26 16:40:27.861  1256  1256 I chatty  : uid=1000 system_server expire 10 lines
02-26 16:40:28.936   715   715 E wificond: Failed to get NL80211_RATE_INFO_NOISE
02-26 16:40:28.936   715   715 E wificond: Failed to get NL80211_RATE_INFO_SNR
02-26 16:40:28.936   715   715 E wificond: Failed to get NL80211_STA_INFO_CNAHLOAD
02-26 16:40:28.939   715   715 E wificond: Failed to get NL80211_RATE_INFO_NOISE
02-26 16:40:28.939   715   715 E wificond: Failed to get NL80211_RATE_INFO_SNR
02-26 16:40:28.939   715   715 E wificond: Failed to get NL80211_STA_INFO_CNAHLOAD
02-26 16:40:36.940   715   715 E wificond: Failed to get NL80211_RATE_INFO_NOISE
02-26 16:40:36.941   715   715 E wificond: Failed to get NL80211_RATE_INFO_SNR
02-26 16:40:36.941   715   715 E wificond: Failed to get NL80211_STA_INFO_CNAHLOAD
02-26 16:40:36.944   715   715 E wificond: Failed to get NL80211_RATE_INFO_NOISE
02-26 16:40:36.944   715   715 E wificond: Failed to get NL80211_RATE_INFO_SNR
02-26 16:40:36.944   715   715 E wificond: Failed to get NL80211_STA_INFO_CNAHLOAD
02-26 16:40:44.950   715   715 E wificond: Failed to get NL80211_RATE_INFO_NOISE
02-26 16:40:44.950   715   715 E wificond: Failed to get NL80211_RATE_INFO_SNR
02-26 16:40:44.950   715   715 E wificond: Failed to get NL80211_STA_INFO_CNAHLOAD
02-26 16:40:44.954   715   715 E wificond: Failed to get NL80211_RATE_INFO_NOISE
02-26 16:40:44.955   715   715 E wificond: Failed to get NL80211_RATE_INFO_SNR
02-26 16:40:44.955   715   715 E wificond: Failed to get NL80211_STA_INFO_CNAHLOAD
02-26 16:40:46.794  1256  1446 I chatty  : uid=1000(system) batterystats-sy expire 2 lines
02-26 16:40:52.764  1256  2027 I chatty  : uid=1000(system) Binder:1256_6 expire 14 lines
02-26 16:40:52.764  1256  1284 I chatty  : uid=1000(system) Binder:1256_1 expire 10 lines
02-26 16:40:52.949   715   715 E wificond: Failed to get NL80211_RATE_INFO_NOISE
02-26 16:40:52.950   715   715 E wificond: Failed to get NL80211_RATE_INFO_SNR
02-26 16:40:52.950   715   715 E wificond: Failed to get NL80211_STA_INFO_CNAHLOAD
02-26 16:40:52.952   715   715 E wificond: Failed to get NL80211_RATE_INFO_NOISE
02-26 16:40:52.952   715   715 E wificond: Failed to get NL80211_RATE_INFO_SNR
02-26 16:40:52.952   715   715 E wificond: Failed to get NL80211_STA_INFO_CNAHLOAD
02-26 16:40:53.655   713   794 E /system/bin/storaged: pid_info get_pids failed
02-26 16:41:00.966   715   715 E wificond: Failed to get NL80211_RATE_INFO_NOISE
02-26 16:41:00.967   715   715 E wificond: Failed to get NL80211_RATE_INFO_SNR
02-26 16:41:00.967   715   715 E wificond: Failed to get NL80211_STA_INFO_CNAHLOAD
02-26 16:41:00.972   715   715 E wificond: Failed to get NL80211_RATE_INFO_NOISE
02-26 16:41:00.972   715   715 E wificond: Failed to get NL80211_RATE_INFO_SNR
02-26 16:41:00.973   715   715 E wificond: Failed to get NL80211_STA_INFO_CNAHLOAD
02-26 16:41:08.975   715   715 E wificond: Failed to get NL80211_RATE_INFO_NOISE
02-26 16:41:08.975   715   715 E wificond: Failed to get NL80211_RATE_INFO_SNR
02-26 16:41:08.976   715   715 E wificond: Failed to get NL80211_STA_INFO_CNAHLOAD
02-26 16:41:08.979   715   715 E wificond: Failed to get NL80211_RATE_INFO_NOISE
02-26 16:41:08.979   715   715 E wificond: Failed to get NL80211_RATE_INFO_SNR
02-26 16:41:08.979   715   715 E wificond: Failed to get NL80211_STA_INFO_CNAHLOAD
02-26 16:41:16.984   715   715 E wificond: Failed to get NL80211_RATE_INFO_NOISE
02-26 16:41:16.984   715   715 E wificond: Failed to get NL80211_RATE_INFO_SNR
02-26 16:41:16.984   715   715 E wificond: Failed to get NL80211_STA_INFO_CNAHLOAD
02-26 16:41:16.989   715   715 E wificond: Failed to get NL80211_RATE_INFO_NOISE
02-26 16:41:16.989   715   715 E wificond: Failed to get NL80211_RATE_INFO_SNR
02-26 16:41:16.989   715   715 E wificond: Failed to get NL80211_STA_INFO_CNAHLOAD
02-26 16:41:18.152  1256  7408 I chatty  : uid=1000 system_server expire 1 line
02-26 16:41:24.575  1256  1855 I chatty  : uid=1000(system) StatisticsCHRMs expire 4 lines
02-26 16:41:24.990   715   715 E wificond: Failed to get NL80211_RATE_INFO_NOISE
02-26 16:41:24.990   715   715 E wificond: Failed to get NL80211_RATE_INFO_SNR
02-26 16:41:24.990   715   715 E wificond: Failed to get NL80211_STA_INFO_CNAHLOAD
02-26 16:41:24.994   715   715 E wificond: Failed to get NL80211_RATE_INFO_NOISE
02-26 16:41:24.994   715   715 E wificond: Failed to get NL80211_RATE_INFO_SNR
02-26 16:41:24.994   715   715 E wificond: Failed to get NL80211_STA_INFO_CNAHLOAD
02-26 16:41:32.996   715   715 E wificond: Failed to get NL80211_RATE_INFO_NOISE
02-26 16:41:32.996   715   715 E wificond: Failed to get NL80211_RATE_INFO_SNR
02-26 16:41:32.996   715   715 E wificond: Failed to get NL80211_STA_INFO_CNAHLOAD
02-26 16:41:32.998   715   715 E wificond: Failed to get NL80211_RATE_INFO_NOISE
02-26 16:41:32.998   715   715 E wificond: Failed to get NL80211_RATE_INFO_SNR
02-26 16:41:32.998   715   715 E wificond: Failed to get NL80211_STA_INFO_CNAHLOAD
02-26 16:41:34.230   604  1233 W SocketListener: sending broadcast to Pid = 1256, Uid = 1000 
02-26 16:41:34.248  1256  2027 I chatty  : uid=1000(system) Binder:1256_6 expire 13 lines
02-26 16:41:41.009   715   715 E wificond: Failed to get NL80211_RATE_INFO_NOISE
02-26 16:41:41.009   715   715 E wificond: Failed to get NL80211_RATE_INFO_SNR
02-26 16:41:41.009   715   715 E wificond: Failed to get NL80211_STA_INFO_CNAHLOAD
02-26 16:41:41.014   715   715 E wificond: Failed to get NL80211_RATE_INFO_NOISE
02-26 16:41:41.014   715   715 E wificond: Failed to get NL80211_RATE_INFO_SNR
02-26 16:41:41.014   715   715 E wificond: Failed to get NL80211_STA_INFO_CNAHLOAD
02-26 16:41:49.013   715   715 E wificond: Failed to get NL80211_RATE_INFO_NOISE
02-26 16:41:49.013   715   715 E wificond: Failed to get NL80211_RATE_INFO_SNR
02-26 16:41:49.013   715   715 E wificond: Failed to get NL80211_STA_INFO_CNAHLOAD
02-26 16:41:49.017   715   715 E wificond: Failed to get NL80211_RATE_INFO_NOISE
02-26 16:41:49.017   715   715 E wificond: Failed to get NL80211_RATE_INFO_SNR
02-26 16:41:49.017   715   715 E wificond: Failed to get NL80211_STA_INFO_CNAHLOAD
02-26 16:41:57.021   715   715 E wificond: Failed to get NL80211_RATE_INFO_NOISE
02-26 16:41:57.021   715   715 E wificond: Failed to get NL80211_RATE_INFO_SNR
02-26 16:41:57.021   715   715 E wificond: Failed to get NL80211_STA_INFO_CNAHLOAD
02-26 16:41:57.024   715   715 E wificond: Failed to get NL80211_RATE_INFO_NOISE
02-26 16:41:57.024   715   715 E wificond: Failed to get NL80211_RATE_INFO_SNR
02-26 16:41:57.024   715   715 E wificond: Failed to get NL80211_STA_INFO_CNAHLOAD
02-26 16:42:05.031   715   715 E wificond: Failed to get NL80211_RATE_INFO_NOISE
02-26 16:42:05.031   715   715 E wificond: Failed to get NL80211_RATE_INFO_SNR
02-26 16:42:05.031   715   715 E wificond: Failed to get NL80211_STA_INFO_CNAHLOAD
02-26 16:42:05.035   715   715 E wificond: Failed to get NL80211_RATE_INFO_NOISE
02-26 16:42:05.035   715   715 E wificond: Failed to get NL80211_RATE_INFO_SNR
02-26 16:42:05.035   715   715 E wificond: Failed to get NL80211_STA_INFO_CNAHLOAD
02-26 16:42:08.738  1256  1583 I chatty  : uid=1000(system) UEventObserver expire 8 lines
02-26 16:42:13.035   715   715 E wificond: Failed to get NL80211_RATE_INFO_NOISE
02-26 16:42:13.035   715   715 E wificond: Failed to get NL80211_RATE_INFO_SNR
02-26 16:42:13.035   715   715 E wificond: Failed to get NL80211_STA_INFO_CNAHLOAD
02-26 16:42:13.037   715   715 E wificond: Failed to get NL80211_RATE_INFO_NOISE
02-26 16:42:13.037   715   715 E wificond: Failed to get NL80211_RATE_INFO_SNR
02-26 16:42:13.037   715   715 E wificond: Failed to get NL80211_STA_INFO_CNAHLOAD
02-26 16:42:21.045   715   715 E wificond: Failed to get NL80211_RATE_INFO_NOISE
02-26 16:42:21.046   715   715 E wificond: Failed to get NL80211_RATE_INFO_SNR
02-26 16:42:21.046   715   715 E wificond: Failed to get NL80211_STA_INFO_CNAHLOAD
02-26 16:42:21.050   715   715 E wificond: Failed to get NL80211_RATE_INFO_NOISE
02-26 16:42:21.050   715   715 E wificond: Failed to get NL80211_RATE_INFO_SNR
02-26 16:42:21.050   715   715 E wificond: Failed to get NL80211_STA_INFO_CNAHLOAD
02-26 16:42:29.047   715   715 E wificond: Failed to get NL80211_RATE_INFO_NOISE
02-26 16:42:29.047   715   715 E wificond: Failed to get NL80211_RATE_INFO_SNR
02-26 16:42:29.047   715   715 E wificond: Failed to get NL80211_STA_INFO_CNAHLOAD
02-26 16:42:29.053   715   715 E wificond: Failed to get NL80211_RATE_INFO_NOISE
02-26 16:42:29.053   715   715 E wificond: Failed to get NL80211_RATE_INFO_SNR
02-26 16:42:29.053   715   715 E wificond: Failed to get NL80211_STA_INFO_CNAHLOAD
02-26 16:42:37.059   715   715 E wificond: Failed to get NL80211_RATE_INFO_NOISE
02-26 16:42:37.059   715   715 E wificond: Failed to get NL80211_RATE_INFO_SNR
02-26 16:42:37.059   715   715 E wificond: Failed to get NL80211_STA_INFO_CNAHLOAD
02-26 16:42:37.062   715   715 E wificond: Failed to get NL80211_RATE_INFO_NOISE
02-26 16:42:37.062   715   715 E wificond: Failed to get NL80211_RATE_INFO_SNR
02-26 16:42:37.062   715   715 E wificond: Failed to get NL80211_STA_INFO_CNAHLOAD
02-26 16:42:45.068   715   715 E wificond: Failed to get NL80211_RATE_INFO_NOISE
02-26 16:42:45.068   715   715 E wificond: Failed to get NL80211_RATE_INFO_SNR
02-26 16:42:45.068   715   715 E wificond: Failed to get NL80211_STA_INFO_CNAHLOAD
02-26 16:42:45.073   715   715 E wificond: Failed to get NL80211_RATE_INFO_NOISE
02-26 16:42:45.073   715   715 E wificond: Failed to get NL80211_RATE_INFO_SNR
02-26 16:42:45.073   715   715 E wificond: Failed to get NL80211_STA_INFO_CNAHLOAD
02-26 16:42:53.072   715   715 E wificond: Failed to get NL80211_RATE_INFO_NOISE
02-26 16:42:53.072   715   715 E wificond: Failed to get NL80211_RATE_INFO_SNR
02-26 16:42:53.072   715   715 E wificond: Failed to get NL80211_STA_INFO_CNAHLOAD
02-26 16:42:53.073   715   715 E wificond: Failed to get NL80211_RATE_INFO_NOISE
02-26 16:42:53.073   715   715 E wificond: Failed to get NL80211_RATE_INFO_SNR
02-26 16:42:53.073   715   715 E wificond: Failed to get NL80211_STA_INFO_CNAHLOAD
02-26 16:43:01.082   715   715 E wificond: Failed to get NL80211_RATE_INFO_NOISE
02-26 16:43:01.082   715   715 E wificond: Failed to get NL80211_RATE_INFO_SNR
02-26 16:43:01.082   715   715 E wificond: Failed to get NL80211_STA_INFO_CNAHLOAD
02-26 16:43:01.086   715   715 E wificond: Failed to get NL80211_RATE_INFO_NOISE
02-26 16:43:01.086   715   715 E wificond: Failed to get NL80211_RATE_INFO_SNR
02-26 16:43:01.087   715   715 E wificond: Failed to get NL80211_STA_INFO_CNAHLOAD
02-26 16:43:09.091   715   715 E wificond: Failed to get NL80211_RATE_INFO_NOISE
02-26 16:43:09.092   715   715 E wificond: Failed to get NL80211_RATE_INFO_SNR
02-26 16:43:09.092   715   715 E wificond: Failed to get NL80211_STA_INFO_CNAHLOAD
02-26 16:43:09.096   715   715 E wificond: Failed to get NL80211_RATE_INFO_NOISE
02-26 16:43:09.096   715   715 E wificond: Failed to get NL80211_RATE_INFO_SNR
02-26 16:43:09.096   715   715 E wificond: Failed to get NL80211_STA_INFO_CNAHLOAD
02-26 16:43:09.174  1256  1256 I chatty  : uid=1000 system_server expire 8 lines
02-26 16:43:13.177   604  1233 W SocketListener: sending broadcast to Pid = 1256, Uid = 1000 
02-26 16:43:17.102   715   715 E wificond: Failed to get NL80211_RATE_INFO_NOISE
02-26 16:43:17.102   715   715 E wificond: Failed to get NL80211_RATE_INFO_SNR
02-26 16:43:17.102   715   715 E wificond: Failed to get NL80211_STA_INFO_CNAHLOAD
02-26 16:43:17.107   715   715 E wificond: Failed to get NL80211_RATE_INFO_NOISE
02-26 16:43:17.107   715   715 E wificond: Failed to get NL80211_RATE_INFO_SNR
02-26 16:43:17.107   715   715 E wificond: Failed to get NL80211_STA_INFO_CNAHLOAD
02-26 16:43:25.109   715   715 E wificond: Failed to get NL80211_RATE_INFO_NOISE
02-26 16:43:25.110   715   715 E wificond: Failed to get NL80211_RATE_INFO_SNR
02-26 16:43:25.110   715   715 E wificond: Failed to get NL80211_STA_INFO_CNAHLOAD
02-26 16:43:25.115   715   715 E wificond: Failed to get NL80211_RATE_INFO_NOISE
02-26 16:43:25.115   715   715 E wificond: Failed to get NL80211_RATE_INFO_SNR
02-26 16:43:25.115   715   715 E wificond: Failed to get NL80211_STA_INFO_CNAHLOAD
02-26 16:43:28.341   604  1233 W SocketListener: sending broadcast to Pid = 1256, Uid = 1000 
02-26 16:43:28.345  1256  1785 I chatty  : uid=1000(system) NetdConnector expire 6 lines
02-26 16:43:28.358  1256  2027 I chatty  : uid=1000(system) Binder:1256_6 expire 18 lines
02-26 16:43:33.117   715   715 E wificond: Failed to get NL80211_RATE_INFO_NOISE
02-26 16:43:33.117   715   715 E wificond: Failed to get NL80211_RATE_INFO_SNR
02-26 16:43:33.117   715   715 E wificond: Failed to get NL80211_STA_INFO_CNAHLOAD
02-26 16:43:33.119   715   715 E wificond: Failed to get NL80211_RATE_INFO_NOISE
02-26 16:43:33.119   715   715 E wificond: Failed to get NL80211_RATE_INFO_SNR
02-26 16:43:33.119   715   715 E wificond: Failed to get NL80211_STA_INFO_CNAHLOAD
02-26 16:43:41.126   715   715 E wificond: Failed to get NL80211_RATE_INFO_NOISE
02-26 16:43:41.126   715   715 E wificond: Failed to get NL80211_RATE_INFO_SNR
02-26 16:43:41.126   715   715 E wificond: Failed to get NL80211_STA_INFO_CNAHLOAD
02-26 16:43:41.131   715   715 E wificond: Failed to get NL80211_RATE_INFO_NOISE
02-26 16:43:41.131   715   715 E wificond: Failed to get NL80211_RATE_INFO_SNR
02-26 16:43:41.131   715   715 E wificond: Failed to get NL80211_STA_INFO_CNAHLOAD
02-26 16:43:49.134   715   715 E wificond: Failed to get NL80211_RATE_INFO_NOISE
02-26 16:43:49.134   715   715 E wificond: Failed to get NL80211_RATE_INFO_SNR
02-26 16:43:49.134   715   715 E wificond: Failed to get NL80211_STA_INFO_CNAHLOAD
02-26 16:43:49.138   715   715 E wificond: Failed to get NL80211_RATE_INFO_NOISE
02-26 16:43:49.138   715   715 E wificond: Failed to get NL80211_RATE_INFO_SNR
02-26 16:43:49.138   715   715 E wificond: Failed to get NL80211_STA_INFO_CNAHLOAD
02-26 16:43:49.311   604  1233 W SocketListener: sending broadcast to Pid = 1256, Uid = 1000 
02-26 16:43:57.141   715   715 E wificond: Failed to get NL80211_RATE_INFO_NOISE
02-26 16:43:57.141   715   715 E wificond: Failed to get NL80211_RATE_INFO_SNR
02-26 16:43:57.141   715   715 E wificond: Failed to get NL80211_STA_INFO_CNAHLOAD
02-26 16:43:57.146   715   715 E wificond: Failed to get NL80211_RATE_INFO_NOISE
02-26 16:43:57.146   715   715 E wificond: Failed to get NL80211_RATE_INFO_SNR
02-26 16:43:57.146   715   715 E wificond: Failed to get NL80211_STA_INFO_CNAHLOAD
02-26 16:44:04.342   604  1233 W SocketListener: sending broadcast to Pid = 1256, Uid = 1000 
02-26 16:44:05.151   715   715 E wificond: Failed to get NL80211_RATE_INFO_NOISE
02-26 16:44:05.151   715   715 E wificond: Failed to get NL80211_RATE_INFO_SNR
02-26 16:44:05.151   715   715 E wificond: Failed to get NL80211_STA_INFO_CNAHLOAD
02-26 16:44:05.156   715   715 E wificond: Failed to get NL80211_RATE_INFO_NOISE
02-26 16:44:05.156   715   715 E wificond: Failed to get NL80211_RATE_INFO_SNR
02-26 16:44:05.156   715   715 E wificond: Failed to get NL80211_STA_INFO_CNAHLOAD
02-26 16:44:09.010   604  1233 W SocketListener: sending broadcast to Pid = 1256, Uid = 1000 
02-26 16:44:09.013  1256  1785 I chatty  : uid=1000(system) NetdConnector expire 10 lines
02-26 16:44:09.018  1256  1454 I chatty  : uid=1000(system) android.fg expire 10 lines
02-26 16:44:09.564  1256  1583 I chatty  : uid=1000(system) UEventObserver expire 10 lines
02-26 16:44:09.581  1256  1256 I chatty  : uid=1000 system_server expire 10 lines
02-26 16:44:13.151   715   715 E wificond: Failed to get NL80211_RATE_INFO_NOISE
02-26 16:44:13.151   715   715 E wificond: Failed to get NL80211_RATE_INFO_SNR
02-26 16:44:13.151   715   715 E wificond: Failed to get NL80211_STA_INFO_CNAHLOAD
02-26 16:44:13.154   715   715 E wificond: Failed to get NL80211_RATE_INFO_NOISE
02-26 16:44:13.154   715   715 E wificond: Failed to get NL80211_RATE_INFO_SNR
02-26 16:44:13.154   715   715 E wificond: Failed to get NL80211_STA_INFO_CNAHLOAD
02-26 16:44:14.760  1256  2115 I chatty  : uid=1000(system) watchdog expire 10 lines
02-26 16:44:21.154   715   715 E wificond: Failed to get NL80211_RATE_INFO_NOISE
02-26 16:44:21.154   715   715 E wificond: Failed to get NL80211_RATE_INFO_SNR
02-26 16:44:21.154   715   715 E wificond: Failed to get NL80211_STA_INFO_CNAHLOAD
02-26 16:44:21.158   715   715 E wificond: Failed to get NL80211_RATE_INFO_NOISE
02-26 16:44:21.158   715   715 E wificond: Failed to get NL80211_RATE_INFO_SNR
02-26 16:44:21.158   715   715 E wificond: Failed to get NL80211_STA_INFO_CNAHLOAD
02-26 16:44:29.158   715   715 E wificond: Failed to get NL80211_RATE_INFO_NOISE
02-26 16:44:29.158   715   715 E wificond: Failed to get NL80211_RATE_INFO_SNR
02-26 16:44:29.158   715   715 E wificond: Failed to get NL80211_STA_INFO_CNAHLOAD
02-26 16:44:29.162   715   715 E wificond: Failed to get NL80211_RATE_INFO_NOISE
02-26 16:44:29.162   715   715 E wificond: Failed to get NL80211_RATE_INFO_SNR
02-26 16:44:29.162   715   715 E wificond: Failed to get NL80211_STA_INFO_CNAHLOAD
02-26 16:44:37.161   715   715 E wificond: Failed to get NL80211_RATE_INFO_NOISE
02-26 16:44:37.162   715   715 E wificond: Failed to get NL80211_RATE_INFO_SNR
02-26 16:44:37.162   715   715 E wificond: Failed to get NL80211_STA_INFO_CNAHLOAD
02-26 16:44:37.164   715   715 E wificond: Failed to get NL80211_RATE_INFO_NOISE
02-26 16:44:37.164   715   715 E wificond: Failed to get NL80211_RATE_INFO_SNR
02-26 16:44:37.165   715   715 E wificond: Failed to get NL80211_STA_INFO_CNAHLOAD
02-26 16:44:45.171   715   715 E wificond: Failed to get NL80211_RATE_INFO_NOISE
02-26 16:44:45.171   715   715 E wificond: Failed to get NL80211_RATE_INFO_SNR
02-26 16:44:45.171   715   715 E wificond: Failed to get NL80211_STA_INFO_CNAHLOAD
02-26 16:44:45.177   715   715 E wificond: Failed to get NL80211_RATE_INFO_NOISE
02-26 16:44:45.177   715   715 E wificond: Failed to get NL80211_RATE_INFO_SNR
02-26 16:44:45.177   715   715 E wificond: Failed to get NL80211_STA_INFO_CNAHLOAD
02-26 16:44:53.176   715   715 E wificond: Failed to get NL80211_RATE_INFO_NOISE
02-26 16:44:53.176   715   715 E wificond: Failed to get NL80211_RATE_INFO_SNR
02-26 16:44:53.176   715   715 E wificond: Failed to get NL80211_STA_INFO_CNAHLOAD
02-26 16:44:53.179   715   715 E wificond: Failed to get NL80211_RATE_INFO_NOISE
02-26 16:44:53.179   715   715 E wificond: Failed to get NL80211_RATE_INFO_SNR
02-26 16:44:53.179   715   715 E wificond: Failed to get NL80211_STA_INFO_CNAHLOAD
02-26 16:45:01.078   604  1233 W SocketListener: sending broadcast to Pid = 1256, Uid = 1000 
02-26 16:45:01.098  1256  1586 I chatty  : uid=1000(system) Binder:1256_3 expire 11 lines
02-26 16:45:01.184   715   715 E wificond: Failed to get NL80211_RATE_INFO_NOISE
02-26 16:45:01.184   715   715 E wificond: Failed to get NL80211_RATE_INFO_SNR
02-26 16:45:01.184   715   715 E wificond: Failed to get NL80211_STA_INFO_CNAHLOAD
02-26 16:45:01.187   715   715 E wificond: Failed to get NL80211_RATE_INFO_NOISE
02-26 16:45:01.187   715   715 E wificond: Failed to get NL80211_RATE_INFO_SNR
02-26 16:45:01.187   715   715 E wificond: Failed to get NL80211_STA_INFO_CNAHLOAD
02-26 16:45:04.471   604  1233 W SocketListener: sending broadcast to Pid = 1256, Uid = 1000 
02-26 16:45:09.193   715   715 E wificond: Failed to get NL80211_RATE_INFO_NOISE
02-26 16:45:09.194   715   715 E wificond: Failed to get NL80211_RATE_INFO_SNR
02-26 16:45:09.194   715   715 E wificond: Failed to get NL80211_STA_INFO_CNAHLOAD
02-26 16:45:09.198   715   715 E wificond: Failed to get NL80211_RATE_INFO_NOISE
02-26 16:45:09.198   715   715 E wificond: Failed to get NL80211_RATE_INFO_SNR
02-26 16:45:09.198   715   715 E wificond: Failed to get NL80211_STA_INFO_CNAHLOAD
02-26 16:45:17.200   715   715 E wificond: Failed to get NL80211_RATE_INFO_NOISE
02-26 16:45:17.201   715   715 E wificond: Failed to get NL80211_RATE_INFO_SNR
02-26 16:45:17.201   715   715 E wificond: Failed to get NL80211_STA_INFO_CNAHLOAD
02-26 16:45:17.203   715   715 E wificond: Failed to get NL80211_RATE_INFO_NOISE
02-26 16:45:17.203   715   715 E wificond: Failed to get NL80211_RATE_INFO_SNR
02-26 16:45:17.203   715   715 E wificond: Failed to get NL80211_STA_INFO_CNAHLOAD
02-26 16:45:22.834   604  1233 W SocketListener: sending broadcast to Pid = 1256, Uid = 1000 
02-26 16:45:25.210   715   715 E wificond: Failed to get NL80211_RATE_INFO_NOISE
02-26 16:45:25.210   715   715 E wificond: Failed to get NL80211_RATE_INFO_SNR
02-26 16:45:25.210   715   715 E wificond: Failed to get NL80211_STA_INFO_CNAHLOAD
02-26 16:45:25.215   715   715 E wificond: Failed to get NL80211_RATE_INFO_NOISE
