03-06 13:50:01.352   759   759 E wificond: Failed to get NL80211_RATE_INFO_NOISE
03-06 13:50:01.352   759   759 E wificond: Failed to get NL80211_RATE_INFO_SNR
03-06 13:50:01.352   759   759 E wificond: Failed to get NL80211_STA_INFO_CNAHLOAD
03-06 13:50:09.350   759   759 E wificond: Failed to get NL80211_RATE_INFO_NOISE
03-06 13:50:09.350   759   759 E wificond: Failed to get NL80211_RATE_INFO_SNR
03-06 13:50:09.350   759   759 E wificond: Failed to get NL80211_STA_INFO_CNAHLOAD
03-06 13:50:09.353   759   759 E wificond: Failed to get NL80211_RATE_INFO_NOISE
03-06 13:50:09.353   759   759 E wificond: Failed to get NL80211_RATE_INFO_SNR
03-06 13:50:09.353   759   759 E wificond: Failed to get NL80211_STA_INFO_CNAHLOAD
03-06 13:50:17.364   759   759 E wificond: Failed to get NL80211_RATE_INFO_NOISE
03-06 13:50:17.364   759   759 E wificond: Failed to get NL80211_RATE_INFO_SNR
03-06 13:50:17.364   759   759 E wificond: Failed to get NL80211_STA_INFO_CNAHLOAD
03-06 13:50:17.366   759   759 E wificond: Failed to get NL80211_RATE_INFO_NOISE
03-06 13:50:17.366   759   759 E wificond: Failed to get NL80211_RATE_INFO_SNR
03-06 13:50:17.366   759   759 E wificond: Failed to get NL80211_STA_INFO_CNAHLOAD
03-06 13:50:24.644  1256  1779 I chatty  : uid=1000(system) NetworkStats expire 7 lines
03-06 13:50:24.677  1256 10569 I chatty  : uid=1000(system) Binder:1256_1D expire 8 lines
03-06 13:50:25.376   759   759 E wificond: Failed to get NL80211_RATE_INFO_NOISE
03-06 13:50:25.376   759   759 E wificond: Failed to get NL80211_RATE_INFO_SNR
03-06 13:50:25.376   759   759 E wificond: Failed to get NL80211_STA_INFO_CNAHLOAD
03-06 13:50:25.379   759   759 E wificond: Failed to get NL80211_RATE_INFO_NOISE
03-06 13:50:25.379   759   759 E wificond: Failed to get NL80211_RATE_INFO_SNR
03-06 13:50:25.379   759   759 E wificond: Failed to get NL80211_STA_INFO_CNAHLOAD
03-06 13:50:30.552  1256  1256 I chatty  : uid=1000 system_server expire 10 lines
03-06 13:50:33.375   759   759 E wificond: Failed to get NL80211_RATE_INFO_NOISE
03-06 13:50:33.376   759   759 E wificond: Failed to get NL80211_RATE_INFO_SNR
03-06 13:50:33.376   759   759 E wificond: Failed to get NL80211_STA_INFO_CNAHLOAD
03-06 13:50:33.378   759   759 E wificond: Failed to get NL80211_RATE_INFO_NOISE
03-06 13:50:33.378   759   759 E wificond: Failed to get NL80211_RATE_INFO_SNR
03-06 13:50:33.378   759   759 E wificond: Failed to get NL80211_STA_INFO_CNAHLOAD
03-06 13:50:41.379   759   759 E wificond: Failed to get NL80211_RATE_INFO_NOISE
03-06 13:50:41.379   759   759 E wificond: Failed to get NL80211_RATE_INFO_SNR
03-06 13:50:41.379   759   759 E wificond: Failed to get NL80211_STA_INFO_CNAHLOAD
03-06 13:50:41.382   759   759 E wificond: Failed to get NL80211_RATE_INFO_NOISE
03-06 13:50:41.383   759   759 E wificond: Failed to get NL80211_RATE_INFO_SNR
03-06 13:50:41.383   759   759 E wificond: Failed to get NL80211_STA_INFO_CNAHLOAD
03-06 13:50:49.391   759   759 E wificond: Failed to get NL80211_RATE_INFO_NOISE
03-06 13:50:49.391   759   759 E wificond: Failed to get NL80211_RATE_INFO_SNR
03-06 13:50:49.392   759   759 E wificond: Failed to get NL80211_STA_INFO_CNAHLOAD
03-06 13:50:49.394   759   759 E wificond: Failed to get NL80211_RATE_INFO_NOISE
03-06 13:50:49.394   759   759 E wificond: Failed to get NL80211_RATE_INFO_SNR
03-06 13:50:49.394   759   759 E wificond: Failed to get NL80211_STA_INFO_CNAHLOAD
03-06 13:50:57.393   759   759 E wificond: Failed to get NL80211_RATE_INFO_NOISE
03-06 13:50:57.393   759   759 E wificond: Failed to get NL80211_RATE_INFO_SNR
03-06 13:50:57.393   759   759 E wificond: Failed to get NL80211_STA_INFO_CNAHLOAD
03-06 13:50:57.395   759   759 E wificond: Failed to get NL80211_RATE_INFO_NOISE
03-06 13:50:57.395   759   759 E wificond: Failed to get NL80211_RATE_INFO_SNR
03-06 13:50:57.395   759   759 E wificond: Failed to get NL80211_STA_INFO_CNAHLOAD
03-06 13:51:05.402   759   759 E wificond: Failed to get NL80211_RATE_INFO_NOISE
03-06 13:51:05.402   759   759 E wificond: Failed to get NL80211_RATE_INFO_SNR
03-06 13:51:05.402   759   759 E wificond: Failed to get NL80211_STA_INFO_CNAHLOAD
03-06 13:51:05.405   759   759 E wificond: Failed to get NL80211_RATE_INFO_NOISE
03-06 13:51:05.405   759   759 E wificond: Failed to get NL80211_RATE_INFO_SNR
03-06 13:51:05.405   759   759 E wificond: Failed to get NL80211_STA_INFO_CNAHLOAD
03-06 13:51:13.410   759   759 E wificond: Failed to get NL80211_RATE_INFO_NOISE
03-06 13:51:13.410   759   759 E wificond: Failed to get NL80211_RATE_INFO_SNR
03-06 13:51:13.410   759   759 E wificond: Failed to get NL80211_STA_INFO_CNAHLOAD
03-06 13:51:13.412   759   759 E wificond: Failed to get NL80211_RATE_INFO_NOISE
03-06 13:51:13.412   759   759 E wificond: Failed to get NL80211_RATE_INFO_SNR
03-06 13:51:13.412   759   759 E wificond: Failed to get NL80211_STA_INFO_CNAHLOAD
03-06 13:51:21.418   759   759 E wificond: Failed to get NL80211_RATE_INFO_NOISE
03-06 13:51:21.418   759   759 E wificond: Failed to get NL80211_RATE_INFO_SNR
03-06 13:51:21.418   759   759 E wificond: Failed to get NL80211_STA_INFO_CNAHLOAD
03-06 13:51:21.421   759   759 E wificond: Failed to get NL80211_RATE_INFO_NOISE
03-06 13:51:21.421   759   759 E wificond: Failed to get NL80211_RATE_INFO_SNR
03-06 13:51:21.421   759   759 E wificond: Failed to get NL80211_STA_INFO_CNAHLOAD
03-06 13:51:29.426   759   759 E wificond: Failed to get NL80211_RATE_INFO_NOISE
03-06 13:51:29.426   759   759 E wificond: Failed to get NL80211_RATE_INFO_SNR
03-06 13:51:29.426   759   759 E wificond: Failed to get NL80211_STA_INFO_CNAHLOAD
03-06 13:51:29.429   759   759 E wificond: Failed to get NL80211_RATE_INFO_NOISE
03-06 13:51:29.429   759   759 E wificond: Failed to get NL80211_RATE_INFO_SNR
03-06 13:51:29.429   759   759 E wificond: Failed to get NL80211_STA_INFO_CNAHLOAD
03-06 13:51:37.434   759   759 E wificond: Failed to get NL80211_RATE_INFO_NOISE
03-06 13:51:37.434   759   759 E wificond: Failed to get NL80211_RATE_INFO_SNR
03-06 13:51:37.434   759   759 E wificond: Failed to get NL80211_STA_INFO_CNAHLOAD
03-06 13:51:37.437   759   759 E wificond: Failed to get NL80211_RATE_INFO_NOISE
03-06 13:51:37.437   759   759 E wificond: Failed to get NL80211_RATE_INFO_SNR
03-06 13:51:37.437   759   759 E wificond: Failed to get NL80211_STA_INFO_CNAHLOAD
03-06 13:51:45.440   759   759 E wificond: Failed to get NL80211_RATE_INFO_NOISE
03-06 13:51:45.440   759   759 E wificond: Failed to get NL80211_RATE_INFO_SNR
03-06 13:51:45.440   759   759 E wificond: Failed to get NL80211_STA_INFO_CNAHLOAD
03-06 13:51:45.443   759   759 E wificond: Failed to get NL80211_RATE_INFO_NOISE
03-06 13:51:45.443   759   759 E wificond: Failed to get NL80211_RATE_INFO_SNR
03-06 13:51:45.443   759   759 E wificond: Failed to get NL80211_STA_INFO_CNAHLOAD
03-06 13:51:53.446   759   759 E wificond: Failed to get NL80211_RATE_INFO_NOISE
03-06 13:51:53.446   759   759 E wificond: Failed to get NL80211_RATE_INFO_SNR
03-06 13:51:53.446   759   759 E wificond: Failed to get NL80211_STA_INFO_CNAHLOAD
03-06 13:51:53.448   759   759 E wificond: Failed to get NL80211_RATE_INFO_NOISE
03-06 13:51:53.448   759   759 E wificond: Failed to get NL80211_RATE_INFO_SNR
03-06 13:51:53.448   759   759 E wificond: Failed to get NL80211_STA_INFO_CNAHLOAD
03-06 13:52:01.151  1256  1579 I chatty  : uid=1000(system) UEventObserver expire 10 lines
03-06 13:52:01.447   759   759 E wificond: Failed to get NL80211_RATE_INFO_NOISE
03-06 13:52:01.447   759   759 E wificond: Failed to get NL80211_RATE_INFO_SNR
03-06 13:52:01.447   759   759 E wificond: Failed to get NL80211_STA_INFO_CNAHLOAD
03-06 13:52:01.449   759   759 E wificond: Failed to get NL80211_RATE_INFO_NOISE
03-06 13:52:01.449   759   759 E wificond: Failed to get NL80211_RATE_INFO_SNR
03-06 13:52:01.449   759   759 E wificond: Failed to get NL80211_STA_INFO_CNAHLOAD
03-06 13:52:09.455   759   759 E wificond: Failed to get NL80211_RATE_INFO_NOISE
03-06 13:52:09.455   759   759 E wificond: Failed to get NL80211_RATE_INFO_SNR
03-06 13:52:09.455   759   759 E wificond: Failed to get NL80211_STA_INFO_CNAHLOAD
03-06 13:52:09.459   759   759 E wificond: Failed to get NL80211_RATE_INFO_NOISE
03-06 13:52:09.459   759   759 E wificond: Failed to get NL80211_RATE_INFO_SNR
03-06 13:52:09.459   759   759 E wificond: Failed to get NL80211_STA_INFO_CNAHLOAD
03-06 13:52:17.464   759   759 E wificond: Failed to get NL80211_RATE_INFO_NOISE
03-06 13:52:17.464   759   759 E wificond: Failed to get NL80211_RATE_INFO_SNR
03-06 13:52:17.464   759   759 E wificond: Failed to get NL80211_STA_INFO_CNAHLOAD
03-06 13:52:17.466   759   759 E wificond: Failed to get NL80211_RATE_INFO_NOISE
03-06 13:52:17.466   759   759 E wificond: Failed to get NL80211_RATE_INFO_SNR
03-06 13:52:17.466   759   759 E wificond: Failed to get NL80211_STA_INFO_CNAHLOAD
03-06 13:52:17.950  1256  2104 I chatty  : uid=1000(system) watchdog expire 10 lines
03-06 13:52:25.473   759   759 E wificond: Failed to get NL80211_RATE_INFO_NOISE
03-06 13:52:25.473   759   759 E wificond: Failed to get NL80211_RATE_INFO_SNR
03-06 13:52:25.473   759   759 E wificond: Failed to get NL80211_STA_INFO_CNAHLOAD
03-06 13:52:25.476   759   759 E wificond: Failed to get NL80211_RATE_INFO_NOISE
03-06 13:52:25.476   759   759 E wificond: Failed to get NL80211_RATE_INFO_SNR
03-06 13:52:25.476   759   759 E wificond: Failed to get NL80211_STA_INFO_CNAHLOAD
03-06 13:52:33.480   759   759 E wificond: Failed to get NL80211_RATE_INFO_NOISE
03-06 13:52:33.480   759   759 E wificond: Failed to get NL80211_RATE_INFO_SNR
03-06 13:52:33.480   759   759 E wificond: Failed to get NL80211_STA_INFO_CNAHLOAD
03-06 13:52:33.483   759   759 E wificond: Failed to get NL80211_RATE_INFO_NOISE
03-06 13:52:33.483   759   759 E wificond: Failed to get NL80211_RATE_INFO_SNR
03-06 13:52:33.483   759   759 E wificond: Failed to get NL80211_STA_INFO_CNAHLOAD
03-06 13:52:41.491   759   759 E wificond: Failed to get NL80211_RATE_INFO_NOISE
03-06 13:52:41.492   759   759 E wificond: Failed to get NL80211_RATE_INFO_SNR
03-06 13:52:41.492   759   759 E wificond: Failed to get NL80211_STA_INFO_CNAHLOAD
03-06 13:52:41.495   759   759 E wificond: Failed to get NL80211_RATE_INFO_NOISE
03-06 13:52:41.495   759   759 E wificond: Failed to get NL80211_RATE_INFO_SNR
03-06 13:52:41.495   759   759 E wificond: Failed to get NL80211_STA_INFO_CNAHLOAD
03-06 13:52:49.495   759   759 E wificond: Failed to get NL80211_RATE_INFO_NOISE
03-06 13:52:49.495   759   759 E wificond: Failed to get NL80211_RATE_INFO_SNR
03-06 13:52:49.495   759   759 E wificond: Failed to get NL80211_STA_INFO_CNAHLOAD
03-06 13:52:49.497   759   759 E wificond: Failed to get NL80211_RATE_INFO_NOISE
03-06 13:52:49.497   759   759 E wificond: Failed to get NL80211_RATE_INFO_SNR
03-06 13:52:49.497   759   759 E wificond: Failed to get NL80211_STA_INFO_CNAHLOAD
03-06 13:52:57.503   759   759 E wificond: Failed to get NL80211_RATE_INFO_NOISE
03-06 13:52:57.503   759   759 E wificond: Failed to get NL80211_RATE_INFO_SNR
03-06 13:52:57.503   759   759 E wificond: Failed to get NL80211_STA_INFO_CNAHLOAD
03-06 13:52:57.505   759   759 E wificond: Failed to get NL80211_RATE_INFO_NOISE
03-06 13:52:57.505   759   759 E wificond: Failed to get NL80211_RATE_INFO_SNR
03-06 13:52:57.505   759   759 E wificond: Failed to get NL80211_STA_INFO_CNAHLOAD
03-06 13:53:05.512   759   759 E wificond: Failed to get NL80211_RATE_INFO_NOISE
03-06 13:53:05.512   759   759 E wificond: Failed to get NL80211_RATE_INFO_SNR
03-06 13:53:05.512   759   759 E wificond: Failed to get NL80211_STA_INFO_CNAHLOAD
03-06 13:53:05.516   759   759 E wificond: Failed to get NL80211_RATE_INFO_NOISE
03-06 13:53:05.516   759   759 E wificond: Failed to get NL80211_RATE_INFO_SNR
03-06 13:53:05.516   759   759 E wificond: Failed to get NL80211_STA_INFO_CNAHLOAD
03-06 13:53:13.520   759   759 E wificond: Failed to get NL80211_RATE_INFO_NOISE
03-06 13:53:13.520   759   759 E wificond: Failed to get NL80211_RATE_INFO_SNR
03-06 13:53:13.520   759   759 E wificond: Failed to get NL80211_STA_INFO_CNAHLOAD
03-06 13:53:13.522   759   759 E wificond: Failed to get NL80211_RATE_INFO_NOISE
03-06 13:53:13.523   759   759 E wificond: Failed to get NL80211_RATE_INFO_SNR
03-06 13:53:13.523   759   759 E wificond: Failed to get NL80211_STA_INFO_CNAHLOAD
03-06 13:53:21.524   759   759 E wificond: Failed to get NL80211_RATE_INFO_NOISE
03-06 13:53:21.524   759   759 E wificond: Failed to get NL80211_RATE_INFO_SNR
03-06 13:53:21.524   759   759 E wificond: Failed to get NL80211_STA_INFO_CNAHLOAD
03-06 13:53:21.527   759   759 E wificond: Failed to get NL80211_RATE_INFO_NOISE
03-06 13:53:21.527   759   759 E wificond: Failed to get NL80211_RATE_INFO_SNR
03-06 13:53:21.527   759   759 E wificond: Failed to get NL80211_STA_INFO_CNAHLOAD
03-06 13:53:29.533   759   759 E wificond: Failed to get NL80211_RATE_INFO_NOISE
03-06 13:53:29.533   759   759 E wificond: Failed to get NL80211_RATE_INFO_SNR
03-06 13:53:29.533   759   759 E wificond: Failed to get NL80211_STA_INFO_CNAHLOAD
03-06 13:53:29.535   759   759 E wificond: Failed to get NL80211_RATE_INFO_NOISE
03-06 13:53:29.535   759   759 E wificond: Failed to get NL80211_RATE_INFO_SNR
03-06 13:53:29.535   759   759 E wificond: Failed to get NL80211_STA_INFO_CNAHLOAD
03-06 13:53:37.542   759   759 E wificond: Failed to get NL80211_RATE_INFO_NOISE
03-06 13:53:37.542   759   759 E wificond: Failed to get NL80211_RATE_INFO_SNR
03-06 13:53:37.542   759   759 E wificond: Failed to get NL80211_STA_INFO_CNAHLOAD
03-06 13:53:37.544   759   759 E wificond: Failed to get NL80211_RATE_INFO_NOISE
03-06 13:53:37.544   759   759 E wificond: Failed to get NL80211_RATE_INFO_SNR
03-06 13:53:37.544   759   759 E wificond: Failed to get NL80211_STA_INFO_CNAHLOAD
03-06 13:53:45.547   759   759 E wificond: Failed to get NL80211_RATE_INFO_NOISE
03-06 13:53:45.547   759   759 E wificond: Failed to get NL80211_RATE_INFO_SNR
03-06 13:53:45.547   759   759 E wificond: Failed to get NL80211_STA_INFO_CNAHLOAD
03-06 13:53:45.551   759   759 E wificond: Failed to get NL80211_RATE_INFO_NOISE
03-06 13:53:45.551   759   759 E wificond: Failed to get NL80211_RATE_INFO_SNR
03-06 13:53:45.551   759   759 E wificond: Failed to get NL80211_STA_INFO_CNAHLOAD
03-06 13:53:53.555   759   759 E wificond: Failed to get NL80211_RATE_INFO_NOISE
03-06 13:53:53.555   759   759 E wificond: Failed to get NL80211_RATE_INFO_SNR
03-06 13:53:53.555   759   759 E wificond: Failed to get NL80211_STA_INFO_CNAHLOAD
03-06 13:53:53.558   759   759 E wificond: Failed to get NL80211_RATE_INFO_NOISE
03-06 13:53:53.558   759   759 E wificond: Failed to get NL80211_RATE_INFO_SNR
03-06 13:53:53.558   759   759 E wificond: Failed to get NL80211_STA_INFO_CNAHLOAD
03-06 13:54:01.566   759   759 E wificond: Failed to get NL80211_RATE_INFO_NOISE
03-06 13:54:01.566   759   759 E wificond: Failed to get NL80211_RATE_INFO_SNR
03-06 13:54:01.567   759   759 E wificond: Failed to get NL80211_STA_INFO_CNAHLOAD
03-06 13:54:01.571   759   759 E wificond: Failed to get NL80211_RATE_INFO_NOISE
03-06 13:54:01.571   759   759 E wificond: Failed to get NL80211_RATE_INFO_SNR
03-06 13:54:01.571   759   759 E wificond: Failed to get NL80211_STA_INFO_CNAHLOAD
03-06 13:54:01.990  1256  1256 I chatty  : uid=1000 system_server expire 10 lines
03-06 13:54:09.565   759   759 E wificond: Failed to get NL80211_RATE_INFO_NOISE
03-06 13:54:09.566   759   759 E wificond: Failed to get NL80211_RATE_INFO_SNR
03-06 13:54:09.566   759   759 E wificond: Failed to get NL80211_STA_INFO_CNAHLOAD
03-06 13:54:09.569   759   759 E wificond: Failed to get NL80211_RATE_INFO_NOISE
03-06 13:54:09.569   759   759 E wificond: Failed to get NL80211_RATE_INFO_SNR
03-06 13:54:09.569   759   759 E wificond: Failed to get NL80211_STA_INFO_CNAHLOAD
03-06 13:54:17.579   759   759 E wificond: Failed to get NL80211_RATE_INFO_NOISE
03-06 13:54:17.579   759   759 E wificond: Failed to get NL80211_RATE_INFO_SNR
03-06 13:54:17.579   759   759 E wificond: Failed to get NL80211_STA_INFO_CNAHLOAD
03-06 13:54:17.582   759   759 E wificond: Failed to get NL80211_RATE_INFO_NOISE
03-06 13:54:17.582   759   759 E wificond: Failed to get NL80211_RATE_INFO_SNR
03-06 13:54:17.582   759   759 E wificond: Failed to get NL80211_STA_INFO_CNAHLOAD
03-06 13:54:25.586   759   759 E wificond: Failed to get NL80211_RATE_INFO_NOISE
03-06 13:54:25.586   759   759 E wificond: Failed to get NL80211_RATE_INFO_SNR
03-06 13:54:25.586   759   759 E wificond: Failed to get NL80211_STA_INFO_CNAHLOAD
03-06 13:54:25.589   759   759 E wificond: Failed to get NL80211_RATE_INFO_NOISE
03-06 13:54:25.589   759   759 E wificond: Failed to get NL80211_RATE_INFO_SNR
03-06 13:54:25.589   759   759 E wificond: Failed to get NL80211_STA_INFO_CNAHLOAD
03-06 13:54:32.193  1256  1579 I chatty  : uid=1000(system) UEventObserver expire 10 lines
03-06 13:54:33.596   759   759 E wificond: Failed to get NL80211_RATE_INFO_NOISE
03-06 13:54:33.596   759   759 E wificond: Failed to get NL80211_RATE_INFO_SNR
03-06 13:54:33.596   759   759 E wificond: Failed to get NL80211_STA_INFO_CNAHLOAD
03-06 13:54:33.599   759   759 E wificond: Failed to get NL80211_RATE_INFO_NOISE
03-06 13:54:33.599   759   759 E wificond: Failed to get NL80211_RATE_INFO_SNR
03-06 13:54:33.599   759   759 E wificond: Failed to get NL80211_STA_INFO_CNAHLOAD
03-06 13:54:41.598   759   759 E wificond: Failed to get NL80211_RATE_INFO_NOISE
03-06 13:54:41.599   759   759 E wificond: Failed to get NL80211_RATE_INFO_SNR
03-06 13:54:41.599   759   759 E wificond: Failed to get NL80211_STA_INFO_CNAHLOAD
03-06 13:54:41.602   759   759 E wificond: Failed to get NL80211_RATE_INFO_NOISE
03-06 13:54:41.602   759   759 E wificond: Failed to get NL80211_RATE_INFO_SNR
03-06 13:54:41.602   759   759 E wificond: Failed to get NL80211_STA_INFO_CNAHLOAD
03-06 13:54:49.608   759   759 E wificond: Failed to get NL80211_RATE_INFO_NOISE
03-06 13:54:49.608   759   759 E wificond: Failed to get NL80211_RATE_INFO_SNR
03-06 13:54:49.608   759   759 E wificond: Failed to get NL80211_STA_INFO_CNAHLOAD
03-06 13:54:49.611   759   759 E wificond: Failed to get NL80211_RATE_INFO_NOISE
03-06 13:54:49.611   759   759 E wificond: Failed to get NL80211_RATE_INFO_SNR
03-06 13:54:49.611   759   759 E wificond: Failed to get NL80211_STA_INFO_CNAHLOAD
03-06 13:54:57.617   759   759 E wificond: Failed to get NL80211_RATE_INFO_NOISE
03-06 13:54:57.617   759   759 E wificond: Failed to get NL80211_RATE_INFO_SNR
03-06 13:54:57.617   759   759 E wificond: Failed to get NL80211_STA_INFO_CNAHLOAD
03-06 13:54:57.619   759   759 E wificond: Failed to get NL80211_RATE_INFO_NOISE
03-06 13:54:57.619   759   759 E wificond: Failed to get NL80211_RATE_INFO_SNR
03-06 13:54:57.619   759   759 E wificond: Failed to get NL80211_STA_INFO_CNAHLOAD
03-06 13:55:05.625   759   759 E wificond: Failed to get NL80211_RATE_INFO_NOISE
03-06 13:55:05.625   759   759 E wificond: Failed to get NL80211_RATE_INFO_SNR
03-06 13:55:05.625   759   759 E wificond: Failed to get NL80211_STA_INFO_CNAHLOAD
03-06 13:55:05.628   759   759 E wificond: Failed to get NL80211_RATE_INFO_NOISE
03-06 13:55:05.628   759   759 E wificond: Failed to get NL80211_RATE_INFO_SNR
03-06 13:55:05.628   759   759 E wificond: Failed to get NL80211_STA_INFO_CNAHLOAD
03-06 13:55:13.634   759   759 E wificond: Failed to get NL80211_RATE_INFO_NOISE
03-06 13:55:13.634   759   759 E wificond: Failed to get NL80211_RATE_INFO_SNR
03-06 13:55:13.634   759   759 E wificond: Failed to get NL80211_STA_INFO_CNAHLOAD
03-06 13:55:13.636   759   759 E wificond: Failed to get NL80211_RATE_INFO_NOISE
03-06 13:55:13.636   759   759 E wificond: Failed to get NL80211_RATE_INFO_SNR
03-06 13:55:13.636   759   759 E wificond: Failed to get NL80211_STA_INFO_CNAHLOAD
03-06 13:55:21.643   759   759 E wificond: Failed to get NL80211_RATE_INFO_NOISE
03-06 13:55:21.643   759   759 E wificond: Failed to get NL80211_RATE_INFO_SNR
03-06 13:55:21.643   759   759 E wificond: Failed to get NL80211_STA_INFO_CNAHLOAD
03-06 13:55:21.647   759   759 E wificond: Failed to get NL80211_RATE_INFO_NOISE
03-06 13:55:21.647   759   759 E wificond: Failed to get NL80211_RATE_INFO_SNR
03-06 13:55:21.647   759   759 E wificond: Failed to get NL80211_STA_INFO_CNAHLOAD
03-06 13:55:29.093   605  1232 W SocketListener: sending broadcast to Pid = 1256, Uid = 1000 
03-06 13:55:29.094  1256  1778 I chatty  : uid=1000(system) NetdConnector expire 6 lines
03-06 13:55:29.644   759   759 E wificond: Failed to get NL80211_RATE_INFO_NOISE
03-06 13:55:29.645   759   759 E wificond: Failed to get NL80211_RATE_INFO_SNR
03-06 13:55:29.645   759   759 E wificond: Failed to get NL80211_STA_INFO_CNAHLOAD
03-06 13:55:29.648   759   759 E wificond: Failed to get NL80211_RATE_INFO_NOISE
03-06 13:55:29.648   759   759 E wificond: Failed to get NL80211_RATE_INFO_SNR
03-06 13:55:29.648   759   759 E wificond: Failed to get NL80211_STA_INFO_CNAHLOAD
03-06 13:55:37.656   759   759 E wificond: Failed to get NL80211_RATE_INFO_NOISE
03-06 13:55:37.656   759   759 E wificond: Failed to get NL80211_RATE_INFO_SNR
03-06 13:55:37.656   759   759 E wificond: Failed to get NL80211_STA_INFO_CNAHLOAD
03-06 13:55:37.659   759   759 E wificond: Failed to get NL80211_RATE_INFO_NOISE
03-06 13:55:37.659   759   759 E wificond: Failed to get NL80211_RATE_INFO_SNR
03-06 13:55:37.659   759   759 E wificond: Failed to get NL80211_STA_INFO_CNAHLOAD
03-06 13:55:44.175   605  1232 W SocketListener: sending broadcast to Pid = 1256, Uid = 1000 
03-06 13:55:44.189  1256  3146 I chatty  : uid=1000(system) Binder:1256_13 expire 3 lines
03-06 13:55:45.663   759   759 E wificond: Failed to get NL80211_RATE_INFO_NOISE
03-06 13:55:45.663   759   759 E wificond: Failed to get NL80211_RATE_INFO_SNR
03-06 13:55:45.663   759   759 E wificond: Failed to get NL80211_STA_INFO_CNAHLOAD
03-06 13:55:45.667   759   759 E wificond: Failed to get NL80211_RATE_INFO_NOISE
03-06 13:55:45.667   759   759 E wificond: Failed to get NL80211_RATE_INFO_SNR
03-06 13:55:45.667   759   759 E wificond: Failed to get NL80211_STA_INFO_CNAHLOAD
03-06 13:55:53.671   759   759 E wificond: Failed to get NL80211_RATE_INFO_NOISE
03-06 13:55:53.672   759   759 E wificond: Failed to get NL80211_RATE_INFO_SNR
03-06 13:55:53.672   759   759 E wificond: Failed to get NL80211_STA_INFO_CNAHLOAD
03-06 13:55:53.674   759   759 E wificond: Failed to get NL80211_RATE_INFO_NOISE
03-06 13:55:53.674   759   759 E wificond: Failed to get NL80211_RATE_INFO_SNR
03-06 13:55:53.674   759   759 E wificond: Failed to get NL80211_STA_INFO_CNAHLOAD
03-06 13:56:01.680   759   759 E wificond: Failed to get NL80211_RATE_INFO_NOISE
03-06 13:56:01.680   759   759 E wificond: Failed to get NL80211_RATE_INFO_SNR
03-06 13:56:01.680   759   759 E wificond: Failed to get NL80211_STA_INFO_CNAHLOAD
03-06 13:56:01.682   759   759 E wificond: Failed to get NL80211_RATE_INFO_NOISE
03-06 13:56:01.682   759   759 E wificond: Failed to get NL80211_RATE_INFO_SNR
03-06 13:56:01.682   759   759 E wificond: Failed to get NL80211_STA_INFO_CNAHLOAD
03-06 13:56:02.827  1256  1256 I chatty  : uid=1000 system_server expire 10 lines
03-06 13:56:09.685   759   759 E wificond: Failed to get NL80211_RATE_INFO_NOISE
03-06 13:56:09.685   759   759 E wificond: Failed to get NL80211_RATE_INFO_SNR
03-06 13:56:09.685   759   759 E wificond: Failed to get NL80211_STA_INFO_CNAHLOAD
03-06 13:56:09.688   759   759 E wificond: Failed to get NL80211_RATE_INFO_NOISE
03-06 13:56:09.688   759   759 E wificond: Failed to get NL80211_RATE_INFO_SNR
03-06 13:56:09.688   759   759 E wificond: Failed to get NL80211_STA_INFO_CNAHLOAD
03-06 13:56:17.695   759   759 E wificond: Failed to get NL80211_RATE_INFO_NOISE
03-06 13:56:17.695   759   759 E wificond: Failed to get NL80211_RATE_INFO_SNR
03-06 13:56:17.695   759   759 E wificond: Failed to get NL80211_STA_INFO_CNAHLOAD
03-06 13:56:17.698   759   759 E wificond: Failed to get NL80211_RATE_INFO_NOISE
03-06 13:56:17.698   759   759 E wificond: Failed to get NL80211_RATE_INFO_SNR
03-06 13:56:17.698   759   759 E wificond: Failed to get NL80211_STA_INFO_CNAHLOAD
03-06 13:56:25.705   759   759 E wificond: Failed to get NL80211_RATE_INFO_NOISE
03-06 13:56:25.705   759   759 E wificond: Failed to get NL80211_RATE_INFO_SNR
03-06 13:56:25.705   759   759 E wificond: Failed to get NL80211_STA_INFO_CNAHLOAD
03-06 13:56:25.707   759   759 E wificond: Failed to get NL80211_RATE_INFO_NOISE
03-06 13:56:25.707   759   759 E wificond: Failed to get NL80211_RATE_INFO_SNR
03-06 13:56:25.707   759   759 E wificond: Failed to get NL80211_STA_INFO_CNAHLOAD
03-06 13:56:33.710   759   759 E wificond: Failed to get NL80211_RATE_INFO_NOISE
03-06 13:56:33.711   759   759 E wificond: Failed to get NL80211_RATE_INFO_SNR
03-06 13:56:33.711   759   759 E wificond: Failed to get NL80211_STA_INFO_CNAHLOAD
03-06 13:56:33.713   759   759 E wificond: Failed to get NL80211_RATE_INFO_NOISE
03-06 13:56:33.713   759   759 E wificond: Failed to get NL80211_RATE_INFO_SNR
03-06 13:56:33.713   759   759 E wificond: Failed to get NL80211_STA_INFO_CNAHLOAD
03-06 13:56:41.717   759   759 E wificond: Failed to get NL80211_RATE_INFO_NOISE
03-06 13:56:41.717   759   759 E wificond: Failed to get NL80211_RATE_INFO_SNR
03-06 13:56:41.717   759   759 E wificond: Failed to get NL80211_STA_INFO_CNAHLOAD
03-06 13:56:41.720   759   759 E wificond: Failed to get NL80211_RATE_INFO_NOISE
03-06 13:56:41.720   759   759 E wificond: Failed to get NL80211_RATE_INFO_SNR
03-06 13:56:41.720   759   759 E wificond: Failed to get NL80211_STA_INFO_CNAHLOAD
03-06 13:56:49.725   759   759 E wificond: Failed to get NL80211_RATE_INFO_NOISE
03-06 13:56:49.725   759   759 E wificond: Failed to get NL80211_RATE_INFO_SNR
03-06 13:56:49.725   759   759 E wificond: Failed to get NL80211_STA_INFO_CNAHLOAD
03-06 13:56:49.729   759   759 E wificond: Failed to get NL80211_RATE_INFO_NOISE
03-06 13:56:49.729   759   759 E wificond: Failed to get NL80211_RATE_INFO_SNR
03-06 13:56:49.729   759   759 E wificond: Failed to get NL80211_STA_INFO_CNAHLOAD
03-06 13:56:57.730   759   759 E wificond: Failed to get NL80211_RATE_INFO_NOISE
03-06 13:56:57.730   759   759 E wificond: Failed to get NL80211_RATE_INFO_SNR
03-06 13:56:57.730   759   759 E wificond: Failed to get NL80211_STA_INFO_CNAHLOAD
03-06 13:56:57.733   759   759 E wificond: Failed to get NL80211_RATE_INFO_NOISE
03-06 13:56:57.733   759   759 E wificond: Failed to get NL80211_RATE_INFO_SNR
03-06 13:56:57.733   759   759 E wificond: Failed to get NL80211_STA_INFO_CNAHLOAD
03-06 13:57:03.223  1256  1579 I chatty  : uid=1000(system) UEventObserver expire 8 lines
03-06 13:57:05.737   759   759 E wificond: Failed to get NL80211_RATE_INFO_NOISE
03-06 13:57:05.738   759   759 E wificond: Failed to get NL80211_RATE_INFO_SNR
03-06 13:57:05.738   759   759 E wificond: Failed to get NL80211_STA_INFO_CNAHLOAD
03-06 13:57:05.741   759   759 E wificond: Failed to get NL80211_RATE_INFO_NOISE
03-06 13:57:05.741   759   759 E wificond: Failed to get NL80211_RATE_INFO_SNR
03-06 13:57:05.741   759   759 E wificond: Failed to get NL80211_STA_INFO_CNAHLOAD
03-06 13:57:13.745   759   759 E wificond: Failed to get NL80211_RATE_INFO_NOISE
03-06 13:57:13.746   759   759 E wificond: Failed to get NL80211_RATE_INFO_SNR
03-06 13:57:13.746   759   759 E wificond: Failed to get NL80211_STA_INFO_CNAHLOAD
03-06 13:57:13.749   759   759 E wificond: Failed to get NL80211_RATE_INFO_NOISE
03-06 13:57:13.749   759   759 E wificond: Failed to get NL80211_RATE_INFO_SNR
03-06 13:57:13.749   759   759 E wificond: Failed to get NL80211_STA_INFO_CNAHLOAD
03-06 13:57:17.965  1256  2104 I chatty  : uid=1000(system) watchdog expire 4 lines
03-06 13:57:21.756   759   759 E wificond: Failed to get NL80211_RATE_INFO_NOISE
03-06 13:57:21.756   759   759 E wificond: Failed to get NL80211_RATE_INFO_SNR
03-06 13:57:21.756   759   759 E wificond: Failed to get NL80211_STA_INFO_CNAHLOAD
03-06 13:57:21.760   759   759 E wificond: Failed to get NL80211_RATE_INFO_NOISE
03-06 13:57:21.760   759   759 E wificond: Failed to get NL80211_RATE_INFO_SNR
03-06 13:57:21.760   759   759 E wificond: Failed to get NL80211_STA_INFO_CNAHLOAD
03-06 13:57:29.760   759   759 E wificond: Failed to get NL80211_RATE_INFO_NOISE
03-06 13:57:29.760   759   759 E wificond: Failed to get NL80211_RATE_INFO_SNR
03-06 13:57:29.760   759   759 E wificond: Failed to get NL80211_STA_INFO_CNAHLOAD
03-06 13:57:29.762   759   759 E wificond: Failed to get NL80211_RATE_INFO_NOISE
03-06 13:57:29.762   759   759 E wificond: Failed to get NL80211_RATE_INFO_SNR
03-06 13:57:29.762   759   759 E wificond: Failed to get NL80211_STA_INFO_CNAHLOAD
03-06 13:57:37.771   759   759 E wificond: Failed to get NL80211_RATE_INFO_NOISE
03-06 13:57:37.772   759   759 E wificond: Failed to get NL80211_RATE_INFO_SNR
03-06 13:57:37.772   759   759 E wificond: Failed to get NL80211_STA_INFO_CNAHLOAD
03-06 13:57:37.774   759   759 E wificond: Failed to get NL80211_RATE_INFO_NOISE
03-06 13:57:37.774   759   759 E wificond: Failed to get NL80211_RATE_INFO_SNR
03-06 13:57:37.774   759   759 E wificond: Failed to get NL80211_STA_INFO_CNAHLOAD
03-06 13:57:45.780   759   759 E wificond: Failed to get NL80211_RATE_INFO_NOISE
03-06 13:57:45.780   759   759 E wificond: Failed to get NL80211_RATE_INFO_SNR
03-06 13:57:45.780   759   759 E wificond: Failed to get NL80211_STA_INFO_CNAHLOAD
03-06 13:57:45.783   759   759 E wificond: Failed to get NL80211_RATE_INFO_NOISE
03-06 13:57:45.783   759   759 E wificond: Failed to get NL80211_RATE_INFO_SNR
03-06 13:57:45.783   759   759 E wificond: Failed to get NL80211_STA_INFO_CNAHLOAD
03-06 13:57:53.788   759   759 E wificond: Failed to get NL80211_RATE_INFO_NOISE
03-06 13:57:53.788   759   759 E wificond: Failed to get NL80211_RATE_INFO_SNR
03-06 13:57:53.788   759   759 E wificond: Failed to get NL80211_STA_INFO_CNAHLOAD
03-06 13:57:53.790   759   759 E wificond: Failed to get NL80211_RATE_INFO_NOISE
03-06 13:57:53.791   759   759 E wificond: Failed to get NL80211_RATE_INFO_SNR
03-06 13:57:53.791   759   759 E wificond: Failed to get NL80211_STA_INFO_CNAHLOAD
03-06 13:58:01.796   759   759 E wificond: Failed to get NL80211_RATE_INFO_NOISE
03-06 13:58:01.797   759   759 E wificond: Failed to get NL80211_RATE_INFO_SNR
03-06 13:58:01.797   759   759 E wificond: Failed to get NL80211_STA_INFO_CNAHLOAD
03-06 13:58:01.801   759   759 E wificond: Failed to get NL80211_RATE_INFO_NOISE
03-06 13:58:01.801   759   759 E wificond: Failed to get NL80211_RATE_INFO_SNR
03-06 13:58:01.801   759   759 E wificond: Failed to get NL80211_STA_INFO_CNAHLOAD
03-06 13:58:09.807   759   759 E wificond: Failed to get NL80211_RATE_INFO_NOISE
03-06 13:58:09.807   759   759 E wificond: Failed to get NL80211_RATE_INFO_SNR
03-06 13:58:09.807   759   759 E wificond: Failed to get NL80211_STA_INFO_CNAHLOAD
03-06 13:58:09.809   759   759 E wificond: Failed to get NL80211_RATE_INFO_NOISE
03-06 13:58:09.809   759   759 E wificond: Failed to get NL80211_RATE_INFO_SNR
03-06 13:58:09.809   759   759 E wificond: Failed to get NL80211_STA_INFO_CNAHLOAD
03-06 13:58:17.814   759   759 E wificond: Failed to get NL80211_RATE_INFO_NOISE
03-06 13:58:17.814   759   759 E wificond: Failed to get NL80211_RATE_INFO_SNR
03-06 13:58:17.814   759   759 E wificond: Failed to get NL80211_STA_INFO_CNAHLOAD
03-06 13:58:17.816   759   759 E wificond: Failed to get NL80211_RATE_INFO_NOISE
03-06 13:58:17.816   759   759 E wificond: Failed to get NL80211_RATE_INFO_SNR
03-06 13:58:17.816   759   759 E wificond: Failed to get NL80211_STA_INFO_CNAHLOAD
03-06 13:58:25.824   759   759 E wificond: Failed to get NL80211_RATE_INFO_NOISE
03-06 13:58:25.824   759   759 E wificond: Failed to get NL80211_RATE_INFO_SNR
03-06 13:58:25.824   759   759 E wificond: Failed to get NL80211_STA_INFO_CNAHLOAD
03-06 13:58:25.829   759   759 E wificond: Failed to get NL80211_RATE_INFO_NOISE
03-06 13:58:25.829   759   759 E wificond: Failed to get NL80211_RATE_INFO_SNR
03-06 13:58:25.829   759   759 E wificond: Failed to get NL80211_STA_INFO_CNAHLOAD
03-06 13:58:33.826   759   759 E wificond: Failed to get NL80211_RATE_INFO_NOISE
03-06 13:58:33.826   759   759 E wificond: Failed to get NL80211_RATE_INFO_SNR
03-06 13:58:33.826   759   759 E wificond: Failed to get NL80211_STA_INFO_CNAHLOAD
03-06 13:58:33.829   759   759 E wificond: Failed to get NL80211_RATE_INFO_NOISE
03-06 13:58:33.829   759   759 E wificond: Failed to get NL80211_RATE_INFO_SNR
03-06 13:58:33.829   759   759 E wificond: Failed to get NL80211_STA_INFO_CNAHLOAD
03-06 13:58:41.835   759   759 E wificond: Failed to get NL80211_RATE_INFO_NOISE
03-06 13:58:41.835   759   759 E wificond: Failed to get NL80211_RATE_INFO_SNR
03-06 13:58:41.835   759   759 E wificond: Failed to get NL80211_STA_INFO_CNAHLOAD
03-06 13:58:41.838   759   759 E wificond: Failed to get NL80211_RATE_INFO_NOISE
03-06 13:58:41.838   759   759 E wificond: Failed to get NL80211_RATE_INFO_SNR
03-06 13:58:41.838   759   759 E wificond: Failed to get NL80211_STA_INFO_CNAHLOAD
03-06 13:58:49.842   759   759 E wificond: Failed to get NL80211_RATE_INFO_NOISE
03-06 13:58:49.842   759   759 E wificond: Failed to get NL80211_RATE_INFO_SNR
03-06 13:58:49.842   759   759 E wificond: Failed to get NL80211_STA_INFO_CNAHLOAD
03-06 13:58:49.844   759   759 E wificond: Failed to get NL80211_RATE_INFO_NOISE
03-06 13:58:49.844   759   759 E wificond: Failed to get NL80211_RATE_INFO_SNR
03-06 13:58:49.844   759   759 E wificond: Failed to get NL80211_STA_INFO_CNAHLOAD
03-06 13:58:54.347  1256 13422 I chatty  : uid=1000 system_server expire 1 line
03-06 13:58:54.350   605  1232 W SocketListener: sending broadcast to Pid = 1256, Uid = 1000 
03-06 13:58:57.415  1256  1256 I chatty  : uid=1000 system_server expire 2 lines
03-06 13:58:57.425  1256  1788 I chatty  : uid=1000(system) IpManager.wlan0 expire 1 line
03-06 13:58:57.429  1256  1796 I chatty  : uid=1000(system) WifiP2pService expire 6 lines
03-06 13:58:57.434  1256  5294 I chatty  : uid=1000(system) DhcpClient expire 2 lines
03-06 13:58:57.472  1256  1799 I chatty  : uid=1000(system) ConnectivitySer expire 10 lines
03-06 13:58:57.477  1256  5294 I chatty  : uid=1000(system) DhcpClient expire 2 lines
03-06 13:58:57.478   759   759 E wificond: Failed to get NL80211_RATE_INFO_NOISE
03-06 13:58:57.478   759   759 E wificond: Failed to get NL80211_RATE_INFO_SNR
03-06 13:58:57.478   759   759 E wificond: Failed to get NL80211_STA_INFO_CNAHLOAD
03-06 13:58:57.482  1256  1256 I chatty  : uid=1000 system_server expire 11 lines
03-06 13:58:57.482  1256  1844 I chatty  : uid=1000(system) hw_wechatbooste expire 1 line
03-06 13:58:57.484  1256  1778 I chatty  : uid=1000(system) NetdConnector expire 10 lines
03-06 13:58:57.494  1256  9302 I chatty  : uid=1000(system) Binder:1256_1C expire 10 lines
03-06 13:58:57.499 28852 28852 W ContextImpl: Calling a method in the system process without a qualified user: android.app.ContextImpl.startService:1656 android.content.ContextWrapper.startService:644 android.content.ContextWrapper.startService:644 com.android.settings.wifi.AccessPointConnectedReceiver.onReceive:25 android.app.ActivityThread.handleReceiver:3662 
03-06 13:58:57.499  1256  1282 I chatty  : uid=1000(system) Binder:1256_1 expire 3 lines
03-06 13:58:57.505  1256 10569 I chatty  : uid=1000(system) Binder:1256_1D expire 9 lines
03-06 13:58:57.836   759   759 E wificond: Failed to get NL80211_RATE_INFO_NOISE
03-06 13:58:57.836   759   759 E wificond: Failed to get NL80211_RATE_INFO_SNR
03-06 13:58:57.836   759   759 E wificond: Failed to get NL80211_STA_INFO_CNAHLOAD
03-06 13:58:57.838   759   759 E wificond: Failed to get NL80211_RATE_INFO_NOISE
03-06 13:58:57.838   759   759 E wificond: Failed to get NL80211_RATE_INFO_SNR
03-06 13:58:57.838   759   759 E wificond: Failed to get NL80211_STA_INFO_CNAHLOAD
03-06 13:59:04.058  1256  1579 I chatty  : uid=1000(system) UEventObserver expire 10 lines
03-06 13:59:05.854   759   759 E wificond: Failed to get NL80211_RATE_INFO_NOISE
03-06 13:59:05.855   759   759 E wificond: Failed to get NL80211_RATE_INFO_SNR
03-06 13:59:05.855   759   759 E wificond: Failed to get NL80211_STA_INFO_CNAHLOAD
03-06 13:59:05.858   759   759 E wificond: Failed to get NL80211_RATE_INFO_NOISE
03-06 13:59:05.858   759   759 E wificond: Failed to get NL80211_RATE_INFO_SNR
03-06 13:59:05.858   759   759 E wificond: Failed to get NL80211_STA_INFO_CNAHLOAD
03-06 13:59:12.495   605  1232 W SocketListener: sending broadcast to Pid = 1256, Uid = 1000 
03-06 13:59:12.501  1256  1438 I chatty  : uid=1000(system) android.fg expire 7 lines
03-06 13:59:13.853   759   759 E wificond: Failed to get NL80211_RATE_INFO_NOISE
03-06 13:59:13.853   759   759 E wificond: Failed to get NL80211_RATE_INFO_SNR
03-06 13:59:13.853   759   759 E wificond: Failed to get NL80211_STA_INFO_CNAHLOAD
03-06 13:59:13.856   759   759 E wificond: Failed to get NL80211_RATE_INFO_NOISE
03-06 13:59:13.856   759   759 E wificond: Failed to get NL80211_RATE_INFO_SNR
03-06 13:59:13.856   759   759 E wificond: Failed to get NL80211_STA_INFO_CNAHLOAD
03-06 13:59:17.971  1256  2104 I chatty  : uid=1000(system) watchdog expire 10 lines
03-06 13:59:21.860   759   759 E wificond: Failed to get NL80211_RATE_INFO_NOISE
03-06 13:59:21.860   759   759 E wificond: Failed to get NL80211_RATE_INFO_SNR
03-06 13:59:21.860   759   759 E wificond: Failed to get NL80211_STA_INFO_CNAHLOAD
03-06 13:59:21.864   759   759 E wificond: Failed to get NL80211_RATE_INFO_NOISE
03-06 13:59:21.864   759   759 E wificond: Failed to get NL80211_RATE_INFO_SNR
03-06 13:59:21.864   759   759 E wificond: Failed to get NL80211_STA_INFO_CNAHLOAD
03-06 13:59:29.867   759   759 E wificond: Failed to get NL80211_RATE_INFO_NOISE
03-06 13:59:29.867   759   759 E wificond: Failed to get NL80211_RATE_INFO_SNR
03-06 13:59:29.867   759   759 E wificond: Failed to get NL80211_STA_INFO_CNAHLOAD
03-06 13:59:29.868   759   759 E wificond: Failed to get NL80211_RATE_INFO_NOISE
03-06 13:59:29.868   759   759 E wificond: Failed to get NL80211_RATE_INFO_SNR
03-06 13:59:29.868   759   759 E wificond: Failed to get NL80211_STA_INFO_CNAHLOAD
03-06 13:59:37.878   759   759 E wificond: Failed to get NL80211_RATE_INFO_NOISE
03-06 13:59:37.878   759   759 E wificond: Failed to get NL80211_RATE_INFO_SNR
03-06 13:59:37.878   759   759 E wificond: Failed to get NL80211_STA_INFO_CNAHLOAD
03-06 13:59:37.882   759   759 E wificond: Failed to get NL80211_RATE_INFO_NOISE
03-06 13:59:37.882   759   759 E wificond: Failed to get NL80211_RATE_INFO_SNR
03-06 13:59:37.882   759   759 E wificond: Failed to get NL80211_STA_INFO_CNAHLOAD
03-06 13:59:45.887   759   759 E wificond: Failed to get NL80211_RATE_INFO_NOISE
03-06 13:59:45.887   759   759 E wificond: Failed to get NL80211_RATE_INFO_SNR
03-06 13:59:45.887   759   759 E wificond: Failed to get NL80211_STA_INFO_CNAHLOAD
03-06 13:59:45.890   759   759 E wificond: Failed to get NL80211_RATE_INFO_NOISE
03-06 13:59:45.890   759   759 E wificond: Failed to get NL80211_RATE_INFO_SNR
03-06 13:59:45.890   759   759 E wificond: Failed to get NL80211_STA_INFO_CNAHLOAD
03-06 13:59:53.896   759   759 E wificond: Failed to get NL80211_RATE_INFO_NOISE
03-06 13:59:53.896   759   759 E wificond: Failed to get NL80211_RATE_INFO_SNR
03-06 13:59:53.896   759   759 E wificond: Failed to get NL80211_STA_INFO_CNAHLOAD
03-06 13:59:53.899   759   759 E wificond: Failed to get NL80211_RATE_INFO_NOISE
03-06 13:59:53.899   759   759 E wificond: Failed to get NL80211_RATE_INFO_SNR
03-06 13:59:53.899   759   759 E wificond: Failed to get NL80211_STA_INFO_CNAHLOAD
03-06 14:00:01.902   759   759 E wificond: Failed to get NL80211_RATE_INFO_NOISE
03-06 14:00:01.902   759   759 E wificond: Failed to get NL80211_RATE_INFO_SNR
03-06 14:00:01.902   759   759 E wificond: Failed to get NL80211_STA_INFO_CNAHLOAD
03-06 14:00:01.904   759   759 E wificond: Failed to get NL80211_RATE_INFO_NOISE
03-06 14:00:01.904   759   759 E wificond: Failed to get NL80211_RATE_INFO_SNR
03-06 14:00:01.904   759   759 E wificond: Failed to get NL80211_STA_INFO_CNAHLOAD
03-06 14:00:09.910   759   759 E wificond: Failed to get NL80211_RATE_INFO_NOISE
03-06 14:00:09.910   759   759 E wificond: Failed to get NL80211_RATE_INFO_SNR
03-06 14:00:09.910   759   759 E wificond: Failed to get NL80211_STA_INFO_CNAHLOAD
03-06 14:00:09.912   759   759 E wificond: Failed to get NL80211_RATE_INFO_NOISE
03-06 14:00:09.912   759   759 E wificond: Failed to get NL80211_RATE_INFO_SNR
03-06 14:00:09.912   759   759 E wificond: Failed to get NL80211_STA_INFO_CNAHLOAD
03-06 14:00:17.914   759   759 E wificond: Failed to get NL80211_RATE_INFO_NOISE
03-06 14:00:17.914   759   759 E wificond: Failed to get NL80211_RATE_INFO_SNR
03-06 14:00:17.914   759   759 E wificond: Failed to get NL80211_STA_INFO_CNAHLOAD
03-06 14:00:17.916   759   759 E wificond: Failed to get NL80211_RATE_INFO_NOISE
03-06 14:00:17.916   759   759 E wificond: Failed to get NL80211_RATE_INFO_SNR
03-06 14:00:17.916   759   759 E wificond: Failed to get NL80211_STA_INFO_CNAHLOAD
03-06 14:00:25.918   759   759 E wificond: Failed to get NL80211_RATE_INFO_NOISE
03-06 14:00:25.919   759   759 E wificond: Failed to get NL80211_RATE_INFO_SNR
03-06 14:00:25.919   759   759 E wificond: Failed to get NL80211_STA_INFO_CNAHLOAD
03-06 14:00:25.922   759   759 E wificond: Failed to get NL80211_RATE_INFO_NOISE
03-06 14:00:25.922   759   759 E wificond: Failed to get NL80211_RATE_INFO_SNR
03-06 14:00:25.922   759   759 E wificond: Failed to get NL80211_STA_INFO_CNAHLOAD
03-06 14:00:33.927   759   759 E wificond: Failed to get NL80211_RATE_INFO_NOISE
03-06 14:00:33.927   759   759 E wificond: Failed to get NL80211_RATE_INFO_SNR
03-06 14:00:33.927   759   759 E wificond: Failed to get NL80211_STA_INFO_CNAHLOAD
03-06 14:00:33.929   759   759 E wificond: Failed to get NL80211_RATE_INFO_NOISE
03-06 14:00:33.930   759   759 E wificond: Failed to get NL80211_RATE_INFO_SNR
03-06 14:00:33.930   759   759 E wificond: Failed to get NL80211_STA_INFO_CNAHLOAD
03-06 14:00:41.936   759   759 E wificond: Failed to get NL80211_RATE_INFO_NOISE
03-06 14:00:41.937   759   759 E wificond: Failed to get NL80211_RATE_INFO_SNR
03-06 14:00:41.937   759   759 E wificond: Failed to get NL80211_STA_INFO_CNAHLOAD
03-06 14:00:41.940   759   759 E wificond: Failed to get NL80211_RATE_INFO_NOISE
03-06 14:00:41.940   759   759 E wificond: Failed to get NL80211_RATE_INFO_SNR
03-06 14:00:41.940   759   759 E wificond: Failed to get NL80211_STA_INFO_CNAHLOAD
03-06 14:00:49.943   759   759 E wificond: Failed to get NL80211_RATE_INFO_NOISE
03-06 14:00:49.943   759   759 E wificond: Failed to get NL80211_RATE_INFO_SNR
03-06 14:00:49.943   759   759 E wificond: Failed to get NL80211_STA_INFO_CNAHLOAD
03-06 14:00:49.944   759   759 E wificond: Failed to get NL80211_RATE_INFO_NOISE
03-06 14:00:49.944   759   759 E wificond: Failed to get NL80211_RATE_INFO_SNR
03-06 14:00:49.944   759   759 E wificond: Failed to get NL80211_STA_INFO_CNAHLOAD
03-06 14:00:57.951   759   759 E wificond: Failed to get NL80211_RATE_INFO_NOISE
03-06 14:00:57.951   759   759 E wificond: Failed to get NL80211_RATE_INFO_SNR
03-06 14:00:57.951   759   759 E wificond: Failed to get NL80211_STA_INFO_CNAHLOAD
03-06 14:00:57.954   759   759 E wificond: Failed to get NL80211_RATE_INFO_NOISE
03-06 14:00:57.954   759   759 E wificond: Failed to get NL80211_RATE_INFO_SNR
03-06 14:00:57.954   759   759 E wificond: Failed to get NL80211_STA_INFO_CNAHLOAD
03-06 14:01:04.898  1256  1256 I chatty  : uid=1000 system_server expire 10 lines
03-06 14:01:05.960   759   759 E wificond: Failed to get NL80211_RATE_INFO_NOISE
03-06 14:01:05.961   759   759 E wificond: Failed to get NL80211_RATE_INFO_SNR
03-06 14:01:05.961   759   759 E wificond: Failed to get NL80211_STA_INFO_CNAHLOAD
03-06 14:01:05.964   759   759 E wificond: Failed to get NL80211_RATE_INFO_NOISE
03-06 14:01:05.964   759   759 E wificond: Failed to get NL80211_RATE_INFO_SNR
03-06 14:01:05.964   759   759 E wificond: Failed to get NL80211_STA_INFO_CNAHLOAD
03-06 14:01:13.967   759   759 E wificond: Failed to get NL80211_RATE_INFO_NOISE
03-06 14:01:13.967   759   759 E wificond: Failed to get NL80211_RATE_INFO_SNR
03-06 14:01:13.967   759   759 E wificond: Failed to get NL80211_STA_INFO_CNAHLOAD
03-06 14:01:13.968   759   759 E wificond: Failed to get NL80211_RATE_INFO_NOISE
03-06 14:01:13.968   759   759 E wificond: Failed to get NL80211_RATE_INFO_SNR
03-06 14:01:13.968   759   759 E wificond: Failed to get NL80211_STA_INFO_CNAHLOAD
03-06 14:01:21.971   759   759 E wificond: Failed to get NL80211_RATE_INFO_NOISE
03-06 14:01:21.971   759   759 E wificond: Failed to get NL80211_RATE_INFO_SNR
03-06 14:01:21.971   759   759 E wificond: Failed to get NL80211_STA_INFO_CNAHLOAD
03-06 14:01:21.974   759   759 E wificond: Failed to get NL80211_RATE_INFO_NOISE
03-06 14:01:21.974   759   759 E wificond: Failed to get NL80211_RATE_INFO_SNR
03-06 14:01:21.974   759   759 E wificond: Failed to get NL80211_STA_INFO_CNAHLOAD
03-06 14:01:29.978   759   759 E wificond: Failed to get NL80211_RATE_INFO_NOISE
03-06 14:01:29.978   759   759 E wificond: Failed to get NL80211_RATE_INFO_SNR
03-06 14:01:29.978   759   759 E wificond: Failed to get NL80211_STA_INFO_CNAHLOAD
03-06 14:01:29.979   759   759 E wificond: Failed to get NL80211_RATE_INFO_NOISE
03-06 14:01:29.980   759   759 E wificond: Failed to get NL80211_RATE_INFO_SNR
03-06 14:01:29.980   759   759 E wificond: Failed to get NL80211_STA_INFO_CNAHLOAD
03-06 14:01:35.105  1256  1579 I chatty  : uid=1000(system) UEventObserver expire 10 lines
03-06 14:01:37.987   759   759 E wificond: Failed to get NL80211_RATE_INFO_NOISE
03-06 14:01:37.988   759   759 E wificond: Failed to get NL80211_RATE_INFO_SNR
03-06 14:01:37.988   759   759 E wificond: Failed to get NL80211_STA_INFO_CNAHLOAD
03-06 14:01:37.990   759   759 E wificond: Failed to get NL80211_RATE_INFO_NOISE
03-06 14:01:37.990   759   759 E wificond: Failed to get NL80211_RATE_INFO_SNR
03-06 14:01:37.990   759   759 E wificond: Failed to get NL80211_STA_INFO_CNAHLOAD
03-06 14:01:45.999   759   759 E wificond: Failed to get NL80211_RATE_INFO_NOISE
03-06 14:01:45.999   759   759 E wificond: Failed to get NL80211_RATE_INFO_SNR
03-06 14:01:45.999   759   759 E wificond: Failed to get NL80211_STA_INFO_CNAHLOAD
03-06 14:01:46.001   759   759 E wificond: Failed to get NL80211_RATE_INFO_NOISE
03-06 14:01:46.002   759   759 E wificond: Failed to get NL80211_RATE_INFO_SNR
03-06 14:01:46.002   759   759 E wificond: Failed to get NL80211_STA_INFO_CNAHLOAD
03-06 14:01:54.003   759   759 E wificond: Failed to get NL80211_RATE_INFO_NOISE
03-06 14:01:54.003   759   759 E wificond: Failed to get NL80211_RATE_INFO_SNR
03-06 14:01:54.003   759   759 E wificond: Failed to get NL80211_STA_INFO_CNAHLOAD
03-06 14:01:54.004   759   759 E wificond: Failed to get NL80211_RATE_INFO_NOISE
03-06 14:01:54.004   759   759 E wificond: Failed to get NL80211_RATE_INFO_SNR
03-06 14:01:54.004   759   759 E wificond: Failed to get NL80211_STA_INFO_CNAHLOAD
03-06 14:01:59.205  1256  3146 I chatty  : uid=1000(system) Binder:1256_13 expire 6 lines
03-06 14:01:59.208   605  1232 W SocketListener: sending broadcast to Pid = 1256, Uid = 1000 
03-06 14:02:02.011   759   759 E wificond: Failed to get NL80211_RATE_INFO_NOISE
03-06 14:02:02.012   759   759 E wificond: Failed to get NL80211_RATE_INFO_SNR
03-06 14:02:02.012   759   759 E wificond: Failed to get NL80211_STA_INFO_CNAHLOAD
03-06 14:02:02.015   759   759 E wificond: Failed to get NL80211_RATE_INFO_NOISE
03-06 14:02:02.015   759   759 E wificond: Failed to get NL80211_RATE_INFO_SNR
03-06 14:02:02.015   759   759 E wificond: Failed to get NL80211_STA_INFO_CNAHLOAD
03-06 14:02:05.077  1256  1385 I chatty  : uid=1000(system) batterystats-sy expire 4 lines
03-06 14:02:06.519   753   927 E /system/bin/storaged: pid_info get_pids failed
03-06 14:02:10.013   759   759 E wificond: Failed to get NL80211_RATE_INFO_NOISE
03-06 14:02:10.013   759   759 E wificond: Failed to get NL80211_RATE_INFO_SNR
03-06 14:02:10.013   759   759 E wificond: Failed to get NL80211_STA_INFO_CNAHLOAD
03-06 14:02:10.016   759   759 E wificond: Failed to get NL80211_RATE_INFO_NOISE
03-06 14:02:10.016   759   759 E wificond: Failed to get NL80211_RATE_INFO_SNR
03-06 14:02:10.016   759   759 E wificond: Failed to get NL80211_STA_INFO_CNAHLOAD
03-06 14:02:14.255   605  1232 W SocketListener: sending broadcast to Pid = 1256, Uid = 1000 
03-06 14:02:14.259  1256  1778 I chatty  : uid=1000(system) NetdConnector expire 10 lines
03-06 14:02:18.021   759   759 E wificond: Failed to get NL80211_RATE_INFO_NOISE
03-06 14:02:18.021   759   759 E wificond: Failed to get NL80211_RATE_INFO_SNR
03-06 14:02:18.021   759   759 E wificond: Failed to get NL80211_STA_INFO_CNAHLOAD
03-06 14:02:18.024   759   759 E wificond: Failed to get NL80211_RATE_INFO_NOISE
03-06 14:02:18.024   759   759 E wificond: Failed to get NL80211_RATE_INFO_SNR
03-06 14:02:18.024   759   759 E wificond: Failed to get NL80211_STA_INFO_CNAHLOAD
03-06 14:02:26.031   759   759 E wificond: Failed to get NL80211_RATE_INFO_NOISE
03-06 14:02:26.032   759   759 E wificond: Failed to get NL80211_RATE_INFO_SNR
03-06 14:02:26.032   759   759 E wificond: Failed to get NL80211_STA_INFO_CNAHLOAD
03-06 14:02:26.035   759   759 E wificond: Failed to get NL80211_RATE_INFO_NOISE
03-06 14:02:26.035   759   759 E wificond: Failed to get NL80211_RATE_INFO_SNR
03-06 14:02:26.035   759   759 E wificond: Failed to get NL80211_STA_INFO_CNAHLOAD
03-06 14:02:34.035   759   759 E wificond: Failed to get NL80211_RATE_INFO_NOISE
03-06 14:02:34.035   759   759 E wificond: Failed to get NL80211_RATE_INFO_SNR
03-06 14:02:34.035   759   759 E wificond: Failed to get NL80211_STA_INFO_CNAHLOAD
03-06 14:02:34.037   759   759 E wificond: Failed to get NL80211_RATE_INFO_NOISE
03-06 14:02:34.038   759   759 E wificond: Failed to get NL80211_RATE_INFO_SNR
