02-12 15:14:19.023   715   715 E wificond: Failed to get NL80211_STA_INFO_CNAHLOAD
02-12 15:14:19.290   604  1233 W SocketListener: sending broadcast to Pid = 1256, Uid = 1000 
02-12 15:14:20.828   715   715 E wificond: Failed to get NL80211_RATE_INFO_NOISE
02-12 15:14:20.828   715   715 E wificond: Failed to get NL80211_RATE_INFO_SNR
02-12 15:14:20.829   715   715 E wificond: Failed to get NL80211_STA_INFO_CNAHLOAD
02-12 15:14:23.847   715   715 E wificond: Failed to get NL80211_RATE_INFO_NOISE
02-12 15:14:23.847   715   715 E wificond: Failed to get NL80211_RATE_INFO_SNR
02-12 15:14:23.847   715   715 E wificond: Failed to get NL80211_STA_INFO_CNAHLOAD
02-12 15:14:24.399  1256  1462 I chatty  : uid=1000(system) PowerManagerSer expire 20 lines
02-12 15:14:26.865   715   715 E wificond: Failed to get NL80211_RATE_INFO_NOISE
02-12 15:14:26.865   715   715 E wificond: Failed to get NL80211_RATE_INFO_SNR
02-12 15:14:26.865   715   715 E wificond: Failed to get NL80211_STA_INFO_CNAHLOAD
02-12 15:14:27.024   715   715 E wificond: Failed to get NL80211_RATE_INFO_NOISE
02-12 15:14:27.024   715   715 E wificond: Failed to get NL80211_RATE_INFO_SNR
02-12 15:14:27.024   715   715 E wificond: Failed to get NL80211_STA_INFO_CNAHLOAD
02-12 15:14:27.026   715   715 E wificond: Failed to get NL80211_RATE_INFO_NOISE
02-12 15:14:27.026   715   715 E wificond: Failed to get NL80211_RATE_INFO_SNR
02-12 15:14:27.026   715   715 E wificond: Failed to get NL80211_STA_INFO_CNAHLOAD
02-12 15:14:29.836  1256  2115 I chatty  : uid=1000(system) watchdog expire 10 lines
02-12 15:14:29.883   715   715 E wificond: Failed to get NL80211_RATE_INFO_NOISE
02-12 15:14:29.883   715   715 E wificond: Failed to get NL80211_RATE_INFO_SNR
02-12 15:14:29.883   715   715 E wificond: Failed to get NL80211_STA_INFO_CNAHLOAD
02-12 15:14:31.421  1256  1285 I chatty  : uid=1000(system) Binder:1256_2 expire 1 line
02-12 15:14:31.526 13658 13658 V ActivityThread: Finishing stop of ActivityRecord{c67c0b0 token=android.os.BinderProxy@157c287 {com.cambricon.productdisplay/com.cambricon.productdisplay.activity.MainActivity}}
02-12 15:14:31.677  1256  1456 I chatty  : uid=1000(system) android.display expire 2 lines
02-12 15:14:31.719  1256  1803 I chatty  : uid=1000(system) WifiP2pService expire 5 lines
02-12 15:14:31.798  1256  2898 I chatty  : uid=1000(system) HwDeviceUsageCo expire 1 line
02-12 15:14:31.827  3001  6710 W ContextImpl: Calling a method in the system process without a qualified user: android.app.ContextImpl.bindService:1736 android.content.ContextWrapper.bindService:678 com.huawei.nb.dataservice.dsclient.RemoteServiceConnection.open:90 com.huawei.nb.dataservice.dsclient.DataServiceProxy.connect:105 com.huawei.nb.dataservice.rsclient.internal.RemoteRuleService.start:27 
02-12 15:14:31.915  1256  2036 I chatty  : uid=1000(system) Binder:1256_7 expire 8 lines
02-12 15:14:31.919  1256  1599 I chatty  : uid=1000(system) sManagerService expire 1 line
02-12 15:14:35.040   715   715 E wificond: Failed to get NL80211_RATE_INFO_NOISE
02-12 15:14:35.041   715   715 E wificond: Failed to get NL80211_RATE_INFO_SNR
02-12 15:14:35.041   715   715 E wificond: Failed to get NL80211_STA_INFO_CNAHLOAD
02-12 15:14:35.045   715   715 E wificond: Failed to get NL80211_RATE_INFO_NOISE
02-12 15:14:35.045   715   715 E wificond: Failed to get NL80211_RATE_INFO_SNR
02-12 15:14:35.045   715   715 E wificond: Failed to get NL80211_STA_INFO_CNAHLOAD
02-12 15:14:36.547  1256  4092 I chatty  : uid=1000(system) Binder:1256_12 expire 17 lines
02-12 15:14:36.589  2005  2005 V KeyguardStatusView: refresh statusview showing:true
02-12 15:14:36.594  2005  2005 V KeyguardDisplayManager: show
02-12 15:14:36.642 13658 13658 V ActivityThread: Handle window ActivityRecord{c67c0b0 token=android.os.BinderProxy@157c287 {com.cambricon.productdisplay/com.cambricon.productdisplay.activity.MainActivity}} visibility: false
02-12 15:14:36.703  1256 12793 I chatty  : uid=1000(system) Binder:1256_1C expire 8 lines
02-12 15:14:43.052   715   715 E wificond: Failed to get NL80211_RATE_INFO_NOISE
02-12 15:14:43.052   715   715 E wificond: Failed to get NL80211_RATE_INFO_SNR
02-12 15:14:43.053   715   715 E wificond: Failed to get NL80211_STA_INFO_CNAHLOAD
02-12 15:14:43.055   715   715 E wificond: Failed to get NL80211_RATE_INFO_NOISE
02-12 15:14:43.055   715   715 E wificond: Failed to get NL80211_RATE_INFO_SNR
02-12 15:14:43.055   715   715 E wificond: Failed to get NL80211_STA_INFO_CNAHLOAD
02-12 15:14:51.061   715   715 E wificond: Failed to get NL80211_RATE_INFO_NOISE
02-12 15:14:51.062   715   715 E wificond: Failed to get NL80211_RATE_INFO_SNR
02-12 15:14:51.062   715   715 E wificond: Failed to get NL80211_STA_INFO_CNAHLOAD
02-12 15:14:51.066   715   715 E wificond: Failed to get NL80211_RATE_INFO_NOISE
02-12 15:14:51.066   715   715 E wificond: Failed to get NL80211_RATE_INFO_SNR
02-12 15:14:51.066   715   715 E wificond: Failed to get NL80211_STA_INFO_CNAHLOAD
02-12 15:14:51.590   604  1233 W SocketListener: sending broadcast to Pid = 1256, Uid = 1000 
02-12 15:14:51.607  1256  4092 I chatty  : uid=1000(system) Binder:1256_12 expire 7 lines
02-12 15:14:59.067   715   715 E wificond: Failed to get NL80211_RATE_INFO_NOISE
02-12 15:14:59.067   715   715 E wificond: Failed to get NL80211_RATE_INFO_SNR
02-12 15:14:59.067   715   715 E wificond: Failed to get NL80211_STA_INFO_CNAHLOAD
02-12 15:14:59.069   715   715 E wificond: Failed to get NL80211_RATE_INFO_NOISE
02-12 15:14:59.069   715   715 E wificond: Failed to get NL80211_RATE_INFO_SNR
02-12 15:14:59.069   715   715 E wificond: Failed to get NL80211_STA_INFO_CNAHLOAD
02-12 15:15:07.075   604  1233 W SocketListener: sending broadcast to Pid = 1256, Uid = 1000 
02-12 15:15:07.079   715   715 E wificond: Failed to get NL80211_RATE_INFO_NOISE
02-12 15:15:07.079   715   715 E wificond: Failed to get NL80211_RATE_INFO_SNR
02-12 15:15:07.079   715   715 E wificond: Failed to get NL80211_STA_INFO_CNAHLOAD
02-12 15:15:07.082   715   715 E wificond: Failed to get NL80211_RATE_INFO_NOISE
02-12 15:15:07.082   715   715 E wificond: Failed to get NL80211_RATE_INFO_SNR
02-12 15:15:07.082   715   715 E wificond: Failed to get NL80211_STA_INFO_CNAHLOAD
02-12 15:15:13.227  1256  1256 I chatty  : uid=1000 system_server expire 10 lines
02-12 15:15:15.082   715   715 E wificond: Failed to get NL80211_RATE_INFO_NOISE
02-12 15:15:15.082   715   715 E wificond: Failed to get NL80211_RATE_INFO_SNR
02-12 15:15:15.082   715   715 E wificond: Failed to get NL80211_STA_INFO_CNAHLOAD
02-12 15:15:15.086   715   715 E wificond: Failed to get NL80211_RATE_INFO_NOISE
02-12 15:15:15.086   715   715 E wificond: Failed to get NL80211_RATE_INFO_SNR
02-12 15:15:15.086   715   715 E wificond: Failed to get NL80211_STA_INFO_CNAHLOAD
02-12 15:15:22.119   604  1233 W SocketListener: sending broadcast to Pid = 1256, Uid = 1000 
02-12 15:15:22.122  1256  1785 I chatty  : uid=1000(system) NetdConnector expire 10 lines
02-12 15:15:23.091   715   715 E wificond: Failed to get NL80211_RATE_INFO_NOISE
02-12 15:15:23.091   715   715 E wificond: Failed to get NL80211_RATE_INFO_SNR
02-12 15:15:23.091   715   715 E wificond: Failed to get NL80211_STA_INFO_CNAHLOAD
02-12 15:15:23.096   715   715 E wificond: Failed to get NL80211_RATE_INFO_NOISE
02-12 15:15:23.096   715   715 E wificond: Failed to get NL80211_RATE_INFO_SNR
02-12 15:15:23.096   715   715 E wificond: Failed to get NL80211_STA_INFO_CNAHLOAD
02-12 15:15:31.091   715   715 E wificond: Failed to get NL80211_RATE_INFO_NOISE
02-12 15:15:31.091   715   715 E wificond: Failed to get NL80211_RATE_INFO_SNR
02-12 15:15:31.091   715   715 E wificond: Failed to get NL80211_STA_INFO_CNAHLOAD
02-12 15:15:31.094   715   715 E wificond: Failed to get NL80211_RATE_INFO_NOISE
02-12 15:15:31.094   715   715 E wificond: Failed to get NL80211_RATE_INFO_SNR
02-12 15:15:31.094   715   715 E wificond: Failed to get NL80211_STA_INFO_CNAHLOAD
02-12 15:15:39.099   715   715 E wificond: Failed to get NL80211_RATE_INFO_NOISE
02-12 15:15:39.099   715   715 E wificond: Failed to get NL80211_RATE_INFO_SNR
02-12 15:15:39.099   715   715 E wificond: Failed to get NL80211_STA_INFO_CNAHLOAD
02-12 15:15:39.102   715   715 E wificond: Failed to get NL80211_RATE_INFO_NOISE
02-12 15:15:39.102   715   715 E wificond: Failed to get NL80211_RATE_INFO_SNR
02-12 15:15:39.102   715   715 E wificond: Failed to get NL80211_STA_INFO_CNAHLOAD
02-12 15:15:47.104   715   715 E wificond: Failed to get NL80211_RATE_INFO_NOISE
02-12 15:15:47.105   715   715 E wificond: Failed to get NL80211_RATE_INFO_SNR
02-12 15:15:47.105   715   715 E wificond: Failed to get NL80211_STA_INFO_CNAHLOAD
02-12 15:15:47.109   715   715 E wificond: Failed to get NL80211_RATE_INFO_NOISE
02-12 15:15:47.109   715   715 E wificond: Failed to get NL80211_RATE_INFO_SNR
02-12 15:15:47.109   715   715 E wificond: Failed to get NL80211_STA_INFO_CNAHLOAD
02-12 15:15:55.109   715   715 E wificond: Failed to get NL80211_RATE_INFO_NOISE
02-12 15:15:55.109   715   715 E wificond: Failed to get NL80211_RATE_INFO_SNR
02-12 15:15:55.109   715   715 E wificond: Failed to get NL80211_STA_INFO_CNAHLOAD
02-12 15:15:55.114   715   715 E wificond: Failed to get NL80211_RATE_INFO_NOISE
02-12 15:15:55.114   715   715 E wificond: Failed to get NL80211_RATE_INFO_SNR
02-12 15:15:55.114   715   715 E wificond: Failed to get NL80211_STA_INFO_CNAHLOAD
02-12 15:16:03.109   715   715 E wificond: Failed to get NL80211_RATE_INFO_NOISE
02-12 15:16:03.110   715   715 E wificond: Failed to get NL80211_RATE_INFO_SNR
02-12 15:16:03.110   715   715 E wificond: Failed to get NL80211_STA_INFO_CNAHLOAD
02-12 15:16:03.113   715   715 E wificond: Failed to get NL80211_RATE_INFO_NOISE
02-12 15:16:03.113   715   715 E wificond: Failed to get NL80211_RATE_INFO_SNR
02-12 15:16:03.113   715   715 E wificond: Failed to get NL80211_STA_INFO_CNAHLOAD
02-12 15:16:11.116   715   715 E wificond: Failed to get NL80211_RATE_INFO_NOISE
02-12 15:16:11.116   715   715 E wificond: Failed to get NL80211_RATE_INFO_SNR
02-12 15:16:11.116   715   715 E wificond: Failed to get NL80211_STA_INFO_CNAHLOAD
02-12 15:16:11.120   715   715 E wificond: Failed to get NL80211_RATE_INFO_NOISE
02-12 15:16:11.120   715   715 E wificond: Failed to get NL80211_RATE_INFO_SNR
02-12 15:16:11.120   715   715 E wificond: Failed to get NL80211_STA_INFO_CNAHLOAD
02-12 15:16:19.125   715   715 E wificond: Failed to get NL80211_RATE_INFO_NOISE
02-12 15:16:19.125   715   715 E wificond: Failed to get NL80211_RATE_INFO_SNR
02-12 15:16:19.125   715   715 E wificond: Failed to get NL80211_STA_INFO_CNAHLOAD
02-12 15:16:19.128   715   715 E wificond: Failed to get NL80211_RATE_INFO_NOISE
02-12 15:16:19.128   715   715 E wificond: Failed to get NL80211_RATE_INFO_SNR
02-12 15:16:19.128   715   715 E wificond: Failed to get NL80211_STA_INFO_CNAHLOAD
02-12 15:16:27.133   715   715 E wificond: Failed to get NL80211_RATE_INFO_NOISE
02-12 15:16:27.133   715   715 E wificond: Failed to get NL80211_RATE_INFO_SNR
02-12 15:16:27.133   715   715 E wificond: Failed to get NL80211_STA_INFO_CNAHLOAD
02-12 15:16:27.136   715   715 E wificond: Failed to get NL80211_RATE_INFO_NOISE
02-12 15:16:27.136   715   715 E wificond: Failed to get NL80211_RATE_INFO_SNR
02-12 15:16:27.136   715   715 E wificond: Failed to get NL80211_STA_INFO_CNAHLOAD
02-12 15:16:35.140   715   715 E wificond: Failed to get NL80211_RATE_INFO_NOISE
02-12 15:16:35.141   715   715 E wificond: Failed to get NL80211_RATE_INFO_SNR
02-12 15:16:35.141   715   715 E wificond: Failed to get NL80211_STA_INFO_CNAHLOAD
02-12 15:16:35.146   715   715 E wificond: Failed to get NL80211_RATE_INFO_NOISE
02-12 15:16:35.146   715   715 E wificond: Failed to get NL80211_RATE_INFO_SNR
02-12 15:16:35.146   715   715 E wificond: Failed to get NL80211_STA_INFO_CNAHLOAD
02-12 15:16:43.152   715   715 E wificond: Failed to get NL80211_RATE_INFO_NOISE
02-12 15:16:43.152   715   715 E wificond: Failed to get NL80211_RATE_INFO_SNR
02-12 15:16:43.152   715   715 E wificond: Failed to get NL80211_STA_INFO_CNAHLOAD
02-12 15:16:43.157   715   715 E wificond: Failed to get NL80211_RATE_INFO_NOISE
02-12 15:16:43.157   715   715 E wificond: Failed to get NL80211_RATE_INFO_SNR
02-12 15:16:43.157   715   715 E wificond: Failed to get NL80211_STA_INFO_CNAHLOAD
02-12 15:16:43.847  1256  1583 I chatty  : uid=1000(system) UEventObserver expire 10 lines
02-12 15:16:51.159   715   715 E wificond: Failed to get NL80211_RATE_INFO_NOISE
02-12 15:16:51.159   715   715 E wificond: Failed to get NL80211_RATE_INFO_SNR
02-12 15:16:51.159   715   715 E wificond: Failed to get NL80211_STA_INFO_CNAHLOAD
02-12 15:16:51.162   715   715 E wificond: Failed to get NL80211_RATE_INFO_NOISE
02-12 15:16:51.163   715   715 E wificond: Failed to get NL80211_RATE_INFO_SNR
02-12 15:16:51.163   715   715 E wificond: Failed to get NL80211_STA_INFO_CNAHLOAD
02-12 15:16:54.805   604  1233 W SocketListener: sending broadcast to Pid = 1256, Uid = 1000 
02-12 15:16:59.169   715   715 E wificond: Failed to get NL80211_RATE_INFO_NOISE
02-12 15:16:59.169   715   715 E wificond: Failed to get NL80211_RATE_INFO_SNR
02-12 15:16:59.169   715   715 E wificond: Failed to get NL80211_STA_INFO_CNAHLOAD
02-12 15:16:59.171   715   715 E wificond: Failed to get NL80211_RATE_INFO_NOISE
02-12 15:16:59.171   715   715 E wificond: Failed to get NL80211_RATE_INFO_SNR
02-12 15:16:59.171   715   715 E wificond: Failed to get NL80211_STA_INFO_CNAHLOAD
02-12 15:17:07.178   715   715 E wificond: Failed to get NL80211_RATE_INFO_NOISE
02-12 15:17:07.178   715   715 E wificond: Failed to get NL80211_RATE_INFO_SNR
02-12 15:17:07.178   715   715 E wificond: Failed to get NL80211_STA_INFO_CNAHLOAD
02-12 15:17:07.183   715   715 E wificond: Failed to get NL80211_RATE_INFO_NOISE
02-12 15:17:07.183   715   715 E wificond: Failed to get NL80211_RATE_INFO_SNR
02-12 15:17:07.184   715   715 E wificond: Failed to get NL80211_STA_INFO_CNAHLOAD
02-12 15:17:09.830   604  1233 W SocketListener: sending broadcast to Pid = 1256, Uid = 1000 
02-12 15:17:15.185   715   715 E wificond: Failed to get NL80211_RATE_INFO_NOISE
02-12 15:17:15.185   715   715 E wificond: Failed to get NL80211_RATE_INFO_SNR
02-12 15:17:15.185   715   715 E wificond: Failed to get NL80211_STA_INFO_CNAHLOAD
02-12 15:17:15.190   715   715 E wificond: Failed to get NL80211_RATE_INFO_NOISE
02-12 15:17:15.190   715   715 E wificond: Failed to get NL80211_RATE_INFO_SNR
02-12 15:17:15.190   715   715 E wificond: Failed to get NL80211_STA_INFO_CNAHLOAD
02-12 15:17:23.194   715   715 E wificond: Failed to get NL80211_RATE_INFO_NOISE
02-12 15:17:23.194   715   715 E wificond: Failed to get NL80211_RATE_INFO_SNR
02-12 15:17:23.194   715   715 E wificond: Failed to get NL80211_STA_INFO_CNAHLOAD
02-12 15:17:23.197   715   715 E wificond: Failed to get NL80211_RATE_INFO_NOISE
02-12 15:17:23.197   715   715 E wificond: Failed to get NL80211_RATE_INFO_SNR
02-12 15:17:23.198   715   715 E wificond: Failed to get NL80211_STA_INFO_CNAHLOAD
02-12 15:17:31.204   715   715 E wificond: Failed to get NL80211_RATE_INFO_NOISE
02-12 15:17:31.204   715   715 E wificond: Failed to get NL80211_RATE_INFO_SNR
02-12 15:17:31.204   715   715 E wificond: Failed to get NL80211_STA_INFO_CNAHLOAD
02-12 15:17:31.207   715   715 E wificond: Failed to get NL80211_RATE_INFO_NOISE
02-12 15:17:31.207   715   715 E wificond: Failed to get NL80211_RATE_INFO_SNR
02-12 15:17:31.207   715   715 E wificond: Failed to get NL80211_STA_INFO_CNAHLOAD
02-12 15:17:39.210   715   715 E wificond: Failed to get NL80211_RATE_INFO_NOISE
02-12 15:17:39.210   715   715 E wificond: Failed to get NL80211_RATE_INFO_SNR
02-12 15:17:39.210   715   715 E wificond: Failed to get NL80211_STA_INFO_CNAHLOAD
02-12 15:17:39.213   715   715 E wificond: Failed to get NL80211_RATE_INFO_NOISE
02-12 15:17:39.213   715   715 E wificond: Failed to get NL80211_RATE_INFO_SNR
02-12 15:17:39.213   715   715 E wificond: Failed to get NL80211_STA_INFO_CNAHLOAD
02-12 15:17:44.286  1256  1256 I chatty  : uid=1000 system_server expire 12 lines
02-12 15:17:47.220   715   715 E wificond: Failed to get NL80211_RATE_INFO_NOISE
02-12 15:17:47.220   715   715 E wificond: Failed to get NL80211_RATE_INFO_SNR
02-12 15:17:47.220   715   715 E wificond: Failed to get NL80211_STA_INFO_CNAHLOAD
02-12 15:17:47.225   715   715 E wificond: Failed to get NL80211_RATE_INFO_NOISE
02-12 15:17:47.226   715   715 E wificond: Failed to get NL80211_RATE_INFO_SNR
02-12 15:17:47.226   715   715 E wificond: Failed to get NL80211_STA_INFO_CNAHLOAD
02-12 15:17:55.227   715   715 E wificond: Failed to get NL80211_RATE_INFO_NOISE
02-12 15:17:55.227   715   715 E wificond: Failed to get NL80211_RATE_INFO_SNR
02-12 15:17:55.227   715   715 E wificond: Failed to get NL80211_STA_INFO_CNAHLOAD
02-12 15:17:55.232   715   715 E wificond: Failed to get NL80211_RATE_INFO_NOISE
02-12 15:17:55.232   715   715 E wificond: Failed to get NL80211_RATE_INFO_SNR
02-12 15:17:55.233   715   715 E wificond: Failed to get NL80211_STA_INFO_CNAHLOAD
02-12 15:18:03.231   715   715 E wificond: Failed to get NL80211_RATE_INFO_NOISE
02-12 15:18:03.231   715   715 E wificond: Failed to get NL80211_RATE_INFO_SNR
02-12 15:18:03.231   715   715 E wificond: Failed to get NL80211_STA_INFO_CNAHLOAD
02-12 15:18:03.236   715   715 E wificond: Failed to get NL80211_RATE_INFO_NOISE
02-12 15:18:03.236   715   715 E wificond: Failed to get NL80211_RATE_INFO_SNR
02-12 15:18:03.236   715   715 E wificond: Failed to get NL80211_STA_INFO_CNAHLOAD
02-12 15:18:11.231   715   715 E wificond: Failed to get NL80211_RATE_INFO_NOISE
02-12 15:18:11.231   715   715 E wificond: Failed to get NL80211_RATE_INFO_SNR
02-12 15:18:11.231   715   715 E wificond: Failed to get NL80211_STA_INFO_CNAHLOAD
02-12 15:18:11.234   715   715 E wificond: Failed to get NL80211_RATE_INFO_NOISE
02-12 15:18:11.234   715   715 E wificond: Failed to get NL80211_RATE_INFO_SNR
02-12 15:18:11.234   715   715 E wificond: Failed to get NL80211_STA_INFO_CNAHLOAD
02-12 15:18:19.239   715   715 E wificond: Failed to get NL80211_RATE_INFO_NOISE
02-12 15:18:19.239   715   715 E wificond: Failed to get NL80211_RATE_INFO_SNR
02-12 15:18:19.239   715   715 E wificond: Failed to get NL80211_STA_INFO_CNAHLOAD
02-12 15:18:19.243   715   715 E wificond: Failed to get NL80211_RATE_INFO_NOISE
02-12 15:18:19.243   715   715 E wificond: Failed to get NL80211_RATE_INFO_SNR
02-12 15:18:19.243   715   715 E wificond: Failed to get NL80211_STA_INFO_CNAHLOAD
02-12 15:18:27.247   715   715 E wificond: Failed to get NL80211_RATE_INFO_NOISE
02-12 15:18:27.247   715   715 E wificond: Failed to get NL80211_RATE_INFO_SNR
02-12 15:18:27.247   715   715 E wificond: Failed to get NL80211_STA_INFO_CNAHLOAD
02-12 15:18:27.250   715   715 E wificond: Failed to get NL80211_RATE_INFO_NOISE
02-12 15:18:27.250   715   715 E wificond: Failed to get NL80211_RATE_INFO_SNR
02-12 15:18:27.250   715   715 E wificond: Failed to get NL80211_STA_INFO_CNAHLOAD
02-12 15:18:35.256   715   715 E wificond: Failed to get NL80211_RATE_INFO_NOISE
02-12 15:18:35.256   715   715 E wificond: Failed to get NL80211_RATE_INFO_SNR
02-12 15:18:35.256   715   715 E wificond: Failed to get NL80211_STA_INFO_CNAHLOAD
02-12 15:18:35.261   715   715 E wificond: Failed to get NL80211_RATE_INFO_NOISE
02-12 15:18:35.261   715   715 E wificond: Failed to get NL80211_RATE_INFO_SNR
02-12 15:18:35.261   715   715 E wificond: Failed to get NL80211_STA_INFO_CNAHLOAD
02-12 15:18:43.263   715   715 E wificond: Failed to get NL80211_RATE_INFO_NOISE
02-12 15:18:43.263   715   715 E wificond: Failed to get NL80211_RATE_INFO_SNR
02-12 15:18:43.263   715   715 E wificond: Failed to get NL80211_STA_INFO_CNAHLOAD
02-12 15:18:43.266   715   715 E wificond: Failed to get NL80211_RATE_INFO_NOISE
02-12 15:18:43.266   715   715 E wificond: Failed to get NL80211_RATE_INFO_SNR
02-12 15:18:43.266   715   715 E wificond: Failed to get NL80211_STA_INFO_CNAHLOAD
02-12 15:18:51.273   715   715 E wificond: Failed to get NL80211_RATE_INFO_NOISE
02-12 15:18:51.273   715   715 E wificond: Failed to get NL80211_RATE_INFO_SNR
02-12 15:18:51.273   715   715 E wificond: Failed to get NL80211_STA_INFO_CNAHLOAD
02-12 15:18:51.276   715   715 E wificond: Failed to get NL80211_RATE_INFO_NOISE
02-12 15:18:51.276   715   715 E wificond: Failed to get NL80211_RATE_INFO_SNR
02-12 15:18:51.276   715   715 E wificond: Failed to get NL80211_STA_INFO_CNAHLOAD
02-12 15:18:59.277   715   715 E wificond: Failed to get NL80211_RATE_INFO_NOISE
02-12 15:18:59.277   715   715 E wificond: Failed to get NL80211_RATE_INFO_SNR
02-12 15:18:59.277   715   715 E wificond: Failed to get NL80211_STA_INFO_CNAHLOAD
02-12 15:18:59.281   715   715 E wificond: Failed to get NL80211_RATE_INFO_NOISE
02-12 15:18:59.281   715   715 E wificond: Failed to get NL80211_RATE_INFO_SNR
02-12 15:18:59.281   715   715 E wificond: Failed to get NL80211_STA_INFO_CNAHLOAD
02-12 15:19:00.086  1256  2027 I chatty  : uid=1000(system) Binder:1256_6 expire 1 line
02-12 15:19:00.135  1256  2104 I chatty  : uid=1000(system) Binder:1256_8 expire 1 line
02-12 15:19:00.142  1256 12874 I chatty  : uid=1000(system) Binder:1256_20 expire 4 lines
02-12 15:19:00.164  1256  2753 I chatty  : uid=1000(system) Binder:1256_10 expire 1 line
02-12 15:19:07.288   715   715 E wificond: Failed to get NL80211_RATE_INFO_NOISE
02-12 15:19:07.288   715   715 E wificond: Failed to get NL80211_RATE_INFO_SNR
02-12 15:19:07.288   715   715 E wificond: Failed to get NL80211_STA_INFO_CNAHLOAD
02-12 15:19:07.293   715   715 E wificond: Failed to get NL80211_RATE_INFO_NOISE
02-12 15:19:07.293   715   715 E wificond: Failed to get NL80211_RATE_INFO_SNR
02-12 15:19:07.293   715   715 E wificond: Failed to get NL80211_STA_INFO_CNAHLOAD
02-12 15:19:14.889  1256  1583 I chatty  : uid=1000(system) UEventObserver expire 10 lines
02-12 15:19:14.907  1256  1256 I chatty  : uid=1000 system_server expire 10 lines
02-12 15:19:15.293   715   715 E wificond: Failed to get NL80211_RATE_INFO_NOISE
02-12 15:19:15.294   715   715 E wificond: Failed to get NL80211_RATE_INFO_SNR
02-12 15:19:15.294   715   715 E wificond: Failed to get NL80211_STA_INFO_CNAHLOAD
02-12 15:19:15.297   715   715 E wificond: Failed to get NL80211_RATE_INFO_NOISE
02-12 15:19:15.297   715   715 E wificond: Failed to get NL80211_RATE_INFO_SNR
02-12 15:19:15.297   715   715 E wificond: Failed to get NL80211_STA_INFO_CNAHLOAD
02-12 15:19:23.305   715   715 E wificond: Failed to get NL80211_RATE_INFO_NOISE
02-12 15:19:23.305   715   715 E wificond: Failed to get NL80211_RATE_INFO_SNR
02-12 15:19:23.305   715   715 E wificond: Failed to get NL80211_STA_INFO_CNAHLOAD
02-12 15:19:23.309   715   715 E wificond: Failed to get NL80211_RATE_INFO_NOISE
02-12 15:19:23.310   715   715 E wificond: Failed to get NL80211_RATE_INFO_SNR
02-12 15:19:23.310   715   715 E wificond: Failed to get NL80211_STA_INFO_CNAHLOAD
02-12 15:19:29.867  1256  2115 I chatty  : uid=1000(system) watchdog expire 7 lines
02-12 15:19:31.308   715   715 E wificond: Failed to get NL80211_RATE_INFO_NOISE
02-12 15:19:31.309   715   715 E wificond: Failed to get NL80211_RATE_INFO_SNR
02-12 15:19:31.309   715   715 E wificond: Failed to get NL80211_STA_INFO_CNAHLOAD
02-12 15:19:31.312   715   715 E wificond: Failed to get NL80211_RATE_INFO_NOISE
02-12 15:19:31.312   715   715 E wificond: Failed to get NL80211_RATE_INFO_SNR
02-12 15:19:31.312   715   715 E wificond: Failed to get NL80211_STA_INFO_CNAHLOAD
02-12 15:19:39.308   715   715 E wificond: Failed to get NL80211_RATE_INFO_NOISE
02-12 15:19:39.308   715   715 E wificond: Failed to get NL80211_RATE_INFO_SNR
02-12 15:19:39.308   715   715 E wificond: Failed to get NL80211_STA_INFO_CNAHLOAD
02-12 15:19:39.311   715   715 E wificond: Failed to get NL80211_RATE_INFO_NOISE
02-12 15:19:39.311   715   715 E wificond: Failed to get NL80211_RATE_INFO_SNR
02-12 15:19:39.312   715   715 E wificond: Failed to get NL80211_STA_INFO_CNAHLOAD
02-12 15:19:47.319   715   715 E wificond: Failed to get NL80211_RATE_INFO_NOISE
02-12 15:19:47.320   715   715 E wificond: Failed to get NL80211_RATE_INFO_SNR
02-12 15:19:47.320   715   715 E wificond: Failed to get NL80211_STA_INFO_CNAHLOAD
02-12 15:19:47.325   715   715 E wificond: Failed to get NL80211_RATE_INFO_NOISE
02-12 15:19:47.325   715   715 E wificond: Failed to get NL80211_RATE_INFO_SNR
02-12 15:19:47.325   715   715 E wificond: Failed to get NL80211_STA_INFO_CNAHLOAD
02-12 15:19:55.327   715   715 E wificond: Failed to get NL80211_RATE_INFO_NOISE
02-12 15:19:55.327   715   715 E wificond: Failed to get NL80211_RATE_INFO_SNR
02-12 15:19:55.327   715   715 E wificond: Failed to get NL80211_STA_INFO_CNAHLOAD
02-12 15:19:55.331   715   715 E wificond: Failed to get NL80211_RATE_INFO_NOISE
02-12 15:19:55.331   715   715 E wificond: Failed to get NL80211_RATE_INFO_SNR
02-12 15:19:55.331   715   715 E wificond: Failed to get NL80211_STA_INFO_CNAHLOAD
02-12 15:20:03.330   715   715 E wificond: Failed to get NL80211_RATE_INFO_NOISE
02-12 15:20:03.330   715   715 E wificond: Failed to get NL80211_RATE_INFO_SNR
02-12 15:20:03.330   715   715 E wificond: Failed to get NL80211_STA_INFO_CNAHLOAD
02-12 15:20:03.334   715   715 E wificond: Failed to get NL80211_RATE_INFO_NOISE
02-12 15:20:03.334   715   715 E wificond: Failed to get NL80211_RATE_INFO_SNR
02-12 15:20:03.334   715   715 E wificond: Failed to get NL80211_STA_INFO_CNAHLOAD
02-12 15:20:11.337   715   715 E wificond: Failed to get NL80211_RATE_INFO_NOISE
02-12 15:20:11.338   715   715 E wificond: Failed to get NL80211_RATE_INFO_SNR
02-12 15:20:11.338   715   715 E wificond: Failed to get NL80211_STA_INFO_CNAHLOAD
02-12 15:20:11.342   715   715 E wificond: Failed to get NL80211_RATE_INFO_NOISE
02-12 15:20:11.342   715   715 E wificond: Failed to get NL80211_RATE_INFO_SNR
02-12 15:20:11.342   715   715 E wificond: Failed to get NL80211_STA_INFO_CNAHLOAD
02-12 15:20:19.341   715   715 E wificond: Failed to get NL80211_RATE_INFO_NOISE
02-12 15:20:19.341   715   715 E wificond: Failed to get NL80211_RATE_INFO_SNR
02-12 15:20:19.341   715   715 E wificond: Failed to get NL80211_STA_INFO_CNAHLOAD
02-12 15:20:19.345   715   715 E wificond: Failed to get NL80211_RATE_INFO_NOISE
02-12 15:20:19.345   715   715 E wificond: Failed to get NL80211_RATE_INFO_SNR
02-12 15:20:19.345   715   715 E wificond: Failed to get NL80211_STA_INFO_CNAHLOAD
02-12 15:20:27.350   715   715 E wificond: Failed to get NL80211_RATE_INFO_NOISE
02-12 15:20:27.350   715   715 E wificond: Failed to get NL80211_RATE_INFO_SNR
02-12 15:20:27.350   715   715 E wificond: Failed to get NL80211_STA_INFO_CNAHLOAD
02-12 15:20:27.354   715   715 E wificond: Failed to get NL80211_RATE_INFO_NOISE
02-12 15:20:27.354   715   715 E wificond: Failed to get NL80211_RATE_INFO_SNR
02-12 15:20:27.354   715   715 E wificond: Failed to get NL80211_STA_INFO_CNAHLOAD
02-12 15:20:35.358   715   715 E wificond: Failed to get NL80211_RATE_INFO_NOISE
02-12 15:20:35.358   715   715 E wificond: Failed to get NL80211_RATE_INFO_SNR
02-12 15:20:35.358   715   715 E wificond: Failed to get NL80211_STA_INFO_CNAHLOAD
02-12 15:20:35.361   715   715 E wificond: Failed to get NL80211_RATE_INFO_NOISE
02-12 15:20:35.361   715   715 E wificond: Failed to get NL80211_RATE_INFO_SNR
02-12 15:20:35.361   715   715 E wificond: Failed to get NL80211_STA_INFO_CNAHLOAD
02-12 15:20:43.368   715   715 E wificond: Failed to get NL80211_RATE_INFO_NOISE
02-12 15:20:43.368   715   715 E wificond: Failed to get NL80211_RATE_INFO_SNR
02-12 15:20:43.368   715   715 E wificond: Failed to get NL80211_STA_INFO_CNAHLOAD
02-12 15:20:43.371   715   715 E wificond: Failed to get NL80211_RATE_INFO_NOISE
02-12 15:20:43.371   715   715 E wificond: Failed to get NL80211_RATE_INFO_SNR
02-12 15:20:43.372   715   715 E wificond: Failed to get NL80211_STA_INFO_CNAHLOAD
02-12 15:20:51.370   715   715 E wificond: Failed to get NL80211_RATE_INFO_NOISE
02-12 15:20:51.370   715   715 E wificond: Failed to get NL80211_RATE_INFO_SNR
02-12 15:20:51.370   715   715 E wificond: Failed to get NL80211_STA_INFO_CNAHLOAD
02-12 15:20:51.375   715   715 E wificond: Failed to get NL80211_RATE_INFO_NOISE
02-12 15:20:51.375   715   715 E wificond: Failed to get NL80211_RATE_INFO_SNR
02-12 15:20:51.375   715   715 E wificond: Failed to get NL80211_STA_INFO_CNAHLOAD
02-12 15:20:59.375   715   715 E wificond: Failed to get NL80211_RATE_INFO_NOISE
02-12 15:20:59.376   715   715 E wificond: Failed to get NL80211_RATE_INFO_SNR
02-12 15:20:59.376   715   715 E wificond: Failed to get NL80211_STA_INFO_CNAHLOAD
02-12 15:20:59.383   715   715 E wificond: Failed to get NL80211_RATE_INFO_NOISE
02-12 15:20:59.384   715   715 E wificond: Failed to get NL80211_RATE_INFO_SNR
02-12 15:20:59.384   715   715 E wificond: Failed to get NL80211_STA_INFO_CNAHLOAD
02-12 15:21:07.383   715   715 E wificond: Failed to get NL80211_RATE_INFO_NOISE
02-12 15:21:07.383   715   715 E wificond: Failed to get NL80211_RATE_INFO_SNR
02-12 15:21:07.383   715   715 E wificond: Failed to get NL80211_STA_INFO_CNAHLOAD
02-12 15:21:07.388   715   715 E wificond: Failed to get NL80211_RATE_INFO_NOISE
02-12 15:21:07.388   715   715 E wificond: Failed to get NL80211_RATE_INFO_SNR
02-12 15:21:07.388   715   715 E wificond: Failed to get NL80211_STA_INFO_CNAHLOAD
02-12 15:21:15.391   715   715 E wificond: Failed to get NL80211_RATE_INFO_NOISE
02-12 15:21:15.391   715   715 E wificond: Failed to get NL80211_RATE_INFO_SNR
02-12 15:21:15.391   715   715 E wificond: Failed to get NL80211_STA_INFO_CNAHLOAD
02-12 15:21:15.396   715   715 E wificond: Failed to get NL80211_RATE_INFO_NOISE
02-12 15:21:15.396   715   715 E wificond: Failed to get NL80211_RATE_INFO_SNR
02-12 15:21:15.396   715   715 E wificond: Failed to get NL80211_STA_INFO_CNAHLOAD
02-12 15:21:23.395   715   715 E wificond: Failed to get NL80211_RATE_INFO_NOISE
02-12 15:21:23.395   715   715 E wificond: Failed to get NL80211_RATE_INFO_SNR
02-12 15:21:23.395   715   715 E wificond: Failed to get NL80211_STA_INFO_CNAHLOAD
02-12 15:21:23.399   715   715 E wificond: Failed to get NL80211_RATE_INFO_NOISE
02-12 15:21:23.399   715   715 E wificond: Failed to get NL80211_RATE_INFO_SNR
02-12 15:21:23.399   715   715 E wificond: Failed to get NL80211_STA_INFO_CNAHLOAD
02-12 15:21:31.403   715   715 E wificond: Failed to get NL80211_RATE_INFO_NOISE
02-12 15:21:31.403   715   715 E wificond: Failed to get NL80211_RATE_INFO_SNR
02-12 15:21:31.403   715   715 E wificond: Failed to get NL80211_STA_INFO_CNAHLOAD
02-12 15:21:31.406   715   715 E wificond: Failed to get NL80211_RATE_INFO_NOISE
02-12 15:21:31.406   715   715 E wificond: Failed to get NL80211_RATE_INFO_SNR
02-12 15:21:31.406   715   715 E wificond: Failed to get NL80211_STA_INFO_CNAHLOAD
02-12 15:21:37.157  1256  1256 I chatty  : uid=1000 system_server expire 6 lines
02-12 15:21:37.239   604  1233 W SocketListener: sending broadcast to Pid = 1256, Uid = 1000 
02-12 15:21:39.409   715   715 E wificond: Failed to get NL80211_RATE_INFO_NOISE
02-12 15:21:39.409   715   715 E wificond: Failed to get NL80211_RATE_INFO_SNR
02-12 15:21:39.409   715   715 E wificond: Failed to get NL80211_STA_INFO_CNAHLOAD
02-12 15:21:39.413   715   715 E wificond: Failed to get NL80211_RATE_INFO_NOISE
02-12 15:21:39.413   715   715 E wificond: Failed to get NL80211_RATE_INFO_SNR
02-12 15:21:39.413   715   715 E wificond: Failed to get NL80211_STA_INFO_CNAHLOAD
02-12 15:21:45.935  1256  1583 I chatty  : uid=1000(system) UEventObserver expire 10 lines
02-12 15:21:47.419   715   715 E wificond: Failed to get NL80211_RATE_INFO_NOISE
02-12 15:21:47.419   715   715 E wificond: Failed to get NL80211_RATE_INFO_SNR
02-12 15:21:47.419   715   715 E wificond: Failed to get NL80211_STA_INFO_CNAHLOAD
02-12 15:21:47.422   715   715 E wificond: Failed to get NL80211_RATE_INFO_NOISE
02-12 15:21:47.422   715   715 E wificond: Failed to get NL80211_RATE_INFO_SNR
02-12 15:21:47.423   715   715 E wificond: Failed to get NL80211_STA_INFO_CNAHLOAD
02-12 15:21:52.325   604  1233 W SocketListener: sending broadcast to Pid = 1256, Uid = 1000 
02-12 15:21:55.427   715   715 E wificond: Failed to get NL80211_RATE_INFO_NOISE
02-12 15:21:55.427   715   715 E wificond: Failed to get NL80211_RATE_INFO_SNR
02-12 15:21:55.427   715   715 E wificond: Failed to get NL80211_STA_INFO_CNAHLOAD
02-12 15:21:55.431   715   715 E wificond: Failed to get NL80211_RATE_INFO_NOISE
02-12 15:21:55.431   715   715 E wificond: Failed to get NL80211_RATE_INFO_SNR
02-12 15:21:55.431   715   715 E wificond: Failed to get NL80211_STA_INFO_CNAHLOAD
02-12 15:22:03.437   715   715 E wificond: Failed to get NL80211_RATE_INFO_NOISE
02-12 15:22:03.438   715   715 E wificond: Failed to get NL80211_RATE_INFO_SNR
02-12 15:22:03.438   715   715 E wificond: Failed to get NL80211_STA_INFO_CNAHLOAD
02-12 15:22:03.443   715   715 E wificond: Failed to get NL80211_RATE_INFO_NOISE
02-12 15:22:03.443   715   715 E wificond: Failed to get NL80211_RATE_INFO_SNR
02-12 15:22:03.443   715   715 E wificond: Failed to get NL80211_STA_INFO_CNAHLOAD
02-12 15:22:11.444   715   715 E wificond: Failed to get NL80211_RATE_INFO_NOISE
02-12 15:22:11.444   715   715 E wificond: Failed to get NL80211_RATE_INFO_SNR
02-12 15:22:11.445   715   715 E wificond: Failed to get NL80211_STA_INFO_CNAHLOAD
02-12 15:22:11.448   715   715 E wificond: Failed to get NL80211_RATE_INFO_NOISE
02-12 15:22:11.448   715   715 E wificond: Failed to get NL80211_RATE_INFO_SNR
02-12 15:22:11.448   715   715 E wificond: Failed to get NL80211_STA_INFO_CNAHLOAD
02-12 15:22:19.453   715   715 E wificond: Failed to get NL80211_RATE_INFO_NOISE
02-12 15:22:19.453   715   715 E wificond: Failed to get NL80211_RATE_INFO_SNR
02-12 15:22:19.453   715   715 E wificond: Failed to get NL80211_STA_INFO_CNAHLOAD
02-12 15:22:19.456   715   715 E wificond: Failed to get NL80211_RATE_INFO_NOISE
02-12 15:22:19.456   715   715 E wificond: Failed to get NL80211_RATE_INFO_SNR
02-12 15:22:19.456   715   715 E wificond: Failed to get NL80211_STA_INFO_CNAHLOAD
02-12 15:22:27.463   715   715 E wificond: Failed to get NL80211_RATE_INFO_NOISE
02-12 15:22:27.464   715   715 E wificond: Failed to get NL80211_RATE_INFO_SNR
02-12 15:22:27.464   715   715 E wificond: Failed to get NL80211_STA_INFO_CNAHLOAD
02-12 15:22:27.467   715   715 E wificond: Failed to get NL80211_RATE_INFO_NOISE
02-12 15:22:27.467   715   715 E wificond: Failed to get NL80211_RATE_INFO_SNR
02-12 15:22:27.467   715   715 E wificond: Failed to get NL80211_STA_INFO_CNAHLOAD
02-12 15:22:35.471   715   715 E wificond: Failed to get NL80211_RATE_INFO_NOISE
02-12 15:22:35.471   715   715 E wificond: Failed to get NL80211_RATE_INFO_SNR
02-12 15:22:35.471   715   715 E wificond: Failed to get NL80211_STA_INFO_CNAHLOAD
02-12 15:22:35.475   715   715 E wificond: Failed to get NL80211_RATE_INFO_NOISE
02-12 15:22:35.475   715   715 E wificond: Failed to get NL80211_RATE_INFO_SNR
02-12 15:22:35.475   715   715 E wificond: Failed to get NL80211_STA_INFO_CNAHLOAD
02-12 15:22:43.479   715   715 E wificond: Failed to get NL80211_RATE_INFO_NOISE
02-12 15:22:43.479   715   715 E wificond: Failed to get NL80211_RATE_INFO_SNR
02-12 15:22:43.479   715   715 E wificond: Failed to get NL80211_STA_INFO_CNAHLOAD
02-12 15:22:43.482   715   715 E wificond: Failed to get NL80211_RATE_INFO_NOISE
02-12 15:22:43.482   715   715 E wificond: Failed to get NL80211_RATE_INFO_SNR
02-12 15:22:43.482   715   715 E wificond: Failed to get NL80211_STA_INFO_CNAHLOAD
02-12 15:22:46.375  1256  1256 I chatty  : uid=1000 system_server expire 10 lines
02-12 15:22:51.485   715   715 E wificond: Failed to get NL80211_RATE_INFO_NOISE
02-12 15:22:51.485   715   715 E wificond: Failed to get NL80211_RATE_INFO_SNR
02-12 15:22:51.485   715   715 E wificond: Failed to get NL80211_STA_INFO_CNAHLOAD
02-12 15:22:51.488   715   715 E wificond: Failed to get NL80211_RATE_INFO_NOISE
02-12 15:22:51.488   715   715 E wificond: Failed to get NL80211_RATE_INFO_SNR
02-12 15:22:51.488   715   715 E wificond: Failed to get NL80211_STA_INFO_CNAHLOAD
02-12 15:22:59.495   715   715 E wificond: Failed to get NL80211_RATE_INFO_NOISE
02-12 15:22:59.495   715   715 E wificond: Failed to get NL80211_RATE_INFO_SNR
02-12 15:22:59.495   715   715 E wificond: Failed to get NL80211_STA_INFO_CNAHLOAD
02-12 15:22:59.498   715   715 E wificond: Failed to get NL80211_RATE_INFO_NOISE
02-12 15:22:59.498   715   715 E wificond: Failed to get NL80211_RATE_INFO_SNR
02-12 15:22:59.498   715   715 E wificond: Failed to get NL80211_STA_INFO_CNAHLOAD
02-12 15:22:59.885  1256  2115 I chatty  : uid=1000(system) watchdog expire 9 lines
02-12 15:23:07.501   715   715 E wificond: Failed to get NL80211_RATE_INFO_NOISE
02-12 15:23:07.502   715   715 E wificond: Failed to get NL80211_RATE_INFO_SNR
02-12 15:23:07.502   715   715 E wificond: Failed to get NL80211_STA_INFO_CNAHLOAD
02-12 15:23:07.505   715   715 E wificond: Failed to get NL80211_RATE_INFO_NOISE
02-12 15:23:07.505   715   715 E wificond: Failed to get NL80211_RATE_INFO_SNR
02-12 15:23:07.505   715   715 E wificond: Failed to get NL80211_STA_INFO_CNAHLOAD
02-12 15:23:15.512   715   715 E wificond: Failed to get NL80211_RATE_INFO_NOISE
02-12 15:23:15.512   715   715 E wificond: Failed to get NL80211_RATE_INFO_SNR
02-12 15:23:15.512   715   715 E wificond: Failed to get NL80211_STA_INFO_CNAHLOAD
02-12 15:23:15.515   715   715 E wificond: Failed to get NL80211_RATE_INFO_NOISE
02-12 15:23:15.515   715   715 E wificond: Failed to get NL80211_RATE_INFO_SNR
02-12 15:23:15.515   715   715 E wificond: Failed to get NL80211_STA_INFO_CNAHLOAD
02-12 15:23:23.511   715   715 E wificond: Failed to get NL80211_RATE_INFO_NOISE
02-12 15:23:23.511   715   715 E wificond: Failed to get NL80211_RATE_INFO_SNR
02-12 15:23:23.511   715   715 E wificond: Failed to get NL80211_STA_INFO_CNAHLOAD
02-12 15:23:23.513   715   715 E wificond: Failed to get NL80211_RATE_INFO_NOISE
02-12 15:23:23.513   715   715 E wificond: Failed to get NL80211_RATE_INFO_SNR
02-12 15:23:23.513   715   715 E wificond: Failed to get NL80211_STA_INFO_CNAHLOAD
02-12 15:23:31.509   715   715 E wificond: Failed to get NL80211_RATE_INFO_NOISE
02-12 15:23:31.509   715   715 E wificond: Failed to get NL80211_RATE_INFO_SNR
02-12 15:23:31.509   715   715 E wificond: Failed to get NL80211_STA_INFO_CNAHLOAD
02-12 15:23:31.512   715   715 E wificond: Failed to get NL80211_RATE_INFO_NOISE
02-12 15:23:31.512   715   715 E wificond: Failed to get NL80211_RATE_INFO_SNR
02-12 15:23:31.512   715   715 E wificond: Failed to get NL80211_STA_INFO_CNAHLOAD
02-12 15:23:39.521   715   715 E wificond: Failed to get NL80211_RATE_INFO_NOISE
02-12 15:23:39.521   715   715 E wificond: Failed to get NL80211_RATE_INFO_SNR
02-12 15:23:39.521   715   715 E wificond: Failed to get NL80211_STA_INFO_CNAHLOAD
02-12 15:23:39.524   715   715 E wificond: Failed to get NL80211_RATE_INFO_NOISE
02-12 15:23:39.524   715   715 E wificond: Failed to get NL80211_RATE_INFO_SNR
02-12 15:23:39.524   715   715 E wificond: Failed to get NL80211_STA_INFO_CNAHLOAD
02-12 15:23:47.526   715   715 E wificond: Failed to get NL80211_RATE_INFO_NOISE
02-12 15:23:47.526   715   715 E wificond: Failed to get NL80211_RATE_INFO_SNR
02-12 15:23:47.526   715   715 E wificond: Failed to get NL80211_STA_INFO_CNAHLOAD
02-12 15:23:47.529   715   715 E wificond: Failed to get NL80211_RATE_INFO_NOISE
02-12 15:23:47.529   715   715 E wificond: Failed to get NL80211_RATE_INFO_SNR
02-12 15:23:47.529   715   715 E wificond: Failed to get NL80211_STA_INFO_CNAHLOAD
02-12 15:23:55.535   715   715 E wificond: Failed to get NL80211_RATE_INFO_NOISE
02-12 15:23:55.535   715   715 E wificond: Failed to get NL80211_RATE_INFO_SNR
02-12 15:23:55.535   715   715 E wificond: Failed to get NL80211_STA_INFO_CNAHLOAD
02-12 15:23:55.539   715   715 E wificond: Failed to get NL80211_RATE_INFO_NOISE
02-12 15:23:55.539   715   715 E wificond: Failed to get NL80211_RATE_INFO_SNR
02-12 15:23:55.539   715   715 E wificond: Failed to get NL80211_STA_INFO_CNAHLOAD
02-12 15:24:03.544   715   715 E wificond: Failed to get NL80211_RATE_INFO_NOISE
02-12 15:24:03.544   715   715 E wificond: Failed to get NL80211_RATE_INFO_SNR
02-12 15:24:03.544   715   715 E wificond: Failed to get NL80211_STA_INFO_CNAHLOAD
02-12 15:24:03.547   715   715 E wificond: Failed to get NL80211_RATE_INFO_NOISE
02-12 15:24:03.548   715   715 E wificond: Failed to get NL80211_RATE_INFO_SNR
02-12 15:24:03.548   715   715 E wificond: Failed to get NL80211_STA_INFO_CNAHLOAD
02-12 15:24:11.552   715   715 E wificond: Failed to get NL80211_RATE_INFO_NOISE
02-12 15:24:11.552   715   715 E wificond: Failed to get NL80211_RATE_INFO_SNR
02-12 15:24:11.552   715   715 E wificond: Failed to get NL80211_STA_INFO_CNAHLOAD
02-12 15:24:11.556   715   715 E wificond: Failed to get NL80211_RATE_INFO_NOISE
02-12 15:24:11.556   715   715 E wificond: Failed to get NL80211_RATE_INFO_SNR
02-12 15:24:11.556   715   715 E wificond: Failed to get NL80211_STA_INFO_CNAHLOAD
02-12 15:24:16.972  1256  1583 I chatty  : uid=1000(system) UEventObserver expire 10 lines
02-12 15:24:19.559   715   715 E wificond: Failed to get NL80211_RATE_INFO_NOISE
02-12 15:24:19.559   715   715 E wificond: Failed to get NL80211_RATE_INFO_SNR
02-12 15:24:19.559   715   715 E wificond: Failed to get NL80211_STA_INFO_CNAHLOAD
02-12 15:24:19.563   715   715 E wificond: Failed to get NL80211_RATE_INFO_NOISE
02-12 15:24:19.563   715   715 E wificond: Failed to get NL80211_RATE_INFO_SNR
02-12 15:24:19.563   715   715 E wificond: Failed to get NL80211_STA_INFO_CNAHLOAD
02-12 15:24:25.193   713   794 E /system/bin/storaged: pid_info get_pids failed
02-12 15:24:27.569   715   715 E wificond: Failed to get NL80211_RATE_INFO_NOISE
02-12 15:24:27.570   715   715 E wificond: Failed to get NL80211_RATE_INFO_SNR
02-12 15:24:27.570   715   715 E wificond: Failed to get NL80211_STA_INFO_CNAHLOAD
02-12 15:24:27.573   715   715 E wificond: Failed to get NL80211_RATE_INFO_NOISE
02-12 15:24:27.573   715   715 E wificond: Failed to get NL80211_RATE_INFO_SNR
02-12 15:24:27.573   715   715 E wificond: Failed to get NL80211_STA_INFO_CNAHLOAD
02-12 15:24:35.576   715   715 E wificond: Failed to get NL80211_RATE_INFO_NOISE
02-12 15:24:35.576   715   715 E wificond: Failed to get NL80211_RATE_INFO_SNR
02-12 15:24:35.576   715   715 E wificond: Failed to get NL80211_STA_INFO_CNAHLOAD
02-12 15:24:35.579   715   715 E wificond: Failed to get NL80211_RATE_INFO_NOISE
02-12 15:24:35.579   715   715 E wificond: Failed to get NL80211_RATE_INFO_SNR
02-12 15:24:35.579   715   715 E wificond: Failed to get NL80211_STA_INFO_CNAHLOAD
02-12 15:24:43.582   715   715 E wificond: Failed to get NL80211_RATE_INFO_NOISE
02-12 15:24:43.582   715   715 E wificond: Failed to get NL80211_RATE_INFO_SNR
02-12 15:24:43.582   715   715 E wificond: Failed to get NL80211_STA_INFO_CNAHLOAD
02-12 15:24:43.585   715   715 E wificond: Failed to get NL80211_RATE_INFO_NOISE
02-12 15:24:43.585   715   715 E wificond: Failed to get NL80211_RATE_INFO_SNR
02-12 15:24:43.585   715   715 E wificond: Failed to get NL80211_STA_INFO_CNAHLOAD
02-12 15:24:51.591   715   715 E wificond: Failed to get NL80211_RATE_INFO_NOISE
02-12 15:24:51.591   715   715 E wificond: Failed to get NL80211_RATE_INFO_SNR
02-12 15:24:51.591   715   715 E wificond: Failed to get NL80211_STA_INFO_CNAHLOAD
02-12 15:24:51.595   715   715 E wificond: Failed to get NL80211_RATE_INFO_NOISE
02-12 15:24:51.595   715   715 E wificond: Failed to get NL80211_RATE_INFO_SNR
02-12 15:24:51.595   715   715 E wificond: Failed to get NL80211_STA_INFO_CNAHLOAD
02-12 15:24:59.594   715   715 E wificond: Failed to get NL80211_RATE_INFO_NOISE
02-12 15:24:59.594   715   715 E wificond: Failed to get NL80211_RATE_INFO_SNR
02-12 15:24:59.594   715   715 E wificond: Failed to get NL80211_STA_INFO_CNAHLOAD
02-12 15:24:59.599   715   715 E wificond: Failed to get NL80211_RATE_INFO_NOISE
02-12 15:24:59.599   715   715 E wificond: Failed to get NL80211_RATE_INFO_SNR
02-12 15:24:59.599   715   715 E wificond: Failed to get NL80211_STA_INFO_CNAHLOAD
02-12 15:25:07.594   715   715 E wificond: Failed to get NL80211_RATE_INFO_NOISE
02-12 15:25:07.594   715   715 E wificond: Failed to get NL80211_RATE_INFO_SNR
02-12 15:25:07.594   715   715 E wificond: Failed to get NL80211_STA_INFO_CNAHLOAD
02-12 15:25:07.598   715   715 E wificond: Failed to get NL80211_RATE_INFO_NOISE
02-12 15:25:07.598   715   715 E wificond: Failed to get NL80211_RATE_INFO_SNR
02-12 15:25:07.598   715   715 E wificond: Failed to get NL80211_STA_INFO_CNAHLOAD
02-12 15:25:15.605   715   715 E wificond: Failed to get NL80211_RATE_INFO_NOISE
02-12 15:25:15.605   715   715 E wificond: Failed to get NL80211_RATE_INFO_SNR
02-12 15:25:15.605   715   715 E wificond: Failed to get NL80211_STA_INFO_CNAHLOAD
02-12 15:25:15.608   715   715 E wificond: Failed to get NL80211_RATE_INFO_NOISE
02-12 15:25:15.609   715   715 E wificond: Failed to get NL80211_RATE_INFO_SNR
02-12 15:25:15.609   715   715 E wificond: Failed to get NL80211_STA_INFO_CNAHLOAD
02-12 15:25:17.399  1256  1256 I chatty  : uid=1000 system_server expire 12 lines
02-12 15:25:23.614   715   715 E wificond: Failed to get NL80211_RATE_INFO_NOISE
02-12 15:25:23.614   715   715 E wificond: Failed to get NL80211_RATE_INFO_SNR
02-12 15:25:23.614   715   715 E wificond: Failed to get NL80211_STA_INFO_CNAHLOAD
02-12 15:25:23.617   715   715 E wificond: Failed to get NL80211_RATE_INFO_NOISE
02-12 15:25:23.617   715   715 E wificond: Failed to get NL80211_RATE_INFO_SNR
02-12 15:25:23.617   715   715 E wificond: Failed to get NL80211_STA_INFO_CNAHLOAD
02-12 15:25:31.625   715   715 E wificond: Failed to get NL80211_RATE_INFO_NOISE
02-12 15:25:31.625   715   715 E wificond: Failed to get NL80211_RATE_INFO_SNR
02-12 15:25:31.625   715   715 E wificond: Failed to get NL80211_STA_INFO_CNAHLOAD
02-12 15:25:31.630   715   715 E wificond: Failed to get NL80211_RATE_INFO_NOISE
02-12 15:25:31.630   715   715 E wificond: Failed to get NL80211_RATE_INFO_SNR
02-12 15:25:31.630   715   715 E wificond: Failed to get NL80211_STA_INFO_CNAHLOAD
02-12 15:25:39.632   715   715 E wificond: Failed to get NL80211_RATE_INFO_NOISE
02-12 15:25:39.632   715   715 E wificond: Failed to get NL80211_RATE_INFO_SNR
02-12 15:25:39.632   715   715 E wificond: Failed to get NL80211_STA_INFO_CNAHLOAD
02-12 15:25:39.636   715   715 E wificond: Failed to get NL80211_RATE_INFO_NOISE
02-12 15:25:39.636   715   715 E wificond: Failed to get NL80211_RATE_INFO_SNR
02-12 15:25:39.636   715   715 E wificond: Failed to get NL80211_STA_INFO_CNAHLOAD
02-12 15:25:45.577  1256  1434 I chatty  : uid=1000(system) android.bg expire 1 line
02-12 15:25:47.642   715   715 E wificond: Failed to get NL80211_RATE_INFO_NOISE
02-12 15:25:47.642   715   715 E wificond: Failed to get NL80211_RATE_INFO_SNR
02-12 15:25:47.642   715   715 E wificond: Failed to get NL80211_STA_INFO_CNAHLOAD
02-12 15:25:47.645   715   715 E wificond: Failed to get NL80211_RATE_INFO_NOISE
02-12 15:25:47.645   715   715 E wificond: Failed to get NL80211_RATE_INFO_SNR
02-12 15:25:47.645   715   715 E wificond: Failed to get NL80211_STA_INFO_CNAHLOAD
02-12 15:25:55.651   715   715 E wificond: Failed to get NL80211_RATE_INFO_NOISE
02-12 15:25:55.651   715   715 E wificond: Failed to get NL80211_RATE_INFO_SNR
02-12 15:25:55.651   715   715 E wificond: Failed to get NL80211_STA_INFO_CNAHLOAD
02-12 15:25:55.654   715   715 E wificond: Failed to get NL80211_RATE_INFO_NOISE
02-12 15:25:55.654   715   715 E wificond: Failed to get NL80211_RATE_INFO_SNR
02-12 15:25:55.654   715   715 E wificond: Failed to get NL80211_STA_INFO_CNAHLOAD
02-12 15:26:03.655   715   715 E wificond: Failed to get NL80211_RATE_INFO_NOISE
02-12 15:26:03.655   715   715 E wificond: Failed to get NL80211_RATE_INFO_SNR
02-12 15:26:03.655   715   715 E wificond: Failed to get NL80211_STA_INFO_CNAHLOAD
02-12 15:26:03.659   715   715 E wificond: Failed to get NL80211_RATE_INFO_NOISE
02-12 15:26:03.659   715   715 E wificond: Failed to get NL80211_RATE_INFO_SNR
02-12 15:26:03.659   715   715 E wificond: Failed to get NL80211_STA_INFO_CNAHLOAD
02-12 15:26:09.718  1256 14487 I chatty  : uid=1000 system_server expire 1 line
02-12 15:26:09.732   604  1233 W SocketListener: sending broadcast to Pid = 1256, Uid = 1000 
02-12 15:26:09.735  1256  1785 I chatty  : uid=1000(system) NetdConnector expire 10 lines
02-12 15:26:09.740  1256  1454 I chatty  : uid=1000(system) android.fg expire 6 lines
02-12 15:26:09.750  1256  4092 I chatty  : uid=1000(system) Binder:1256_12 expire 14 lines
02-12 15:26:11.661   715   715 E wificond: Failed to get NL80211_RATE_INFO_NOISE
02-12 15:26:11.662   715   715 E wificond: Failed to get NL80211_RATE_INFO_SNR
02-12 15:26:11.662   715   715 E wificond: Failed to get NL80211_STA_INFO_CNAHLOAD
02-12 15:26:11.665   715   715 E wificond: Failed to get NL80211_RATE_INFO_NOISE
02-12 15:26:11.665   715   715 E wificond: Failed to get NL80211_RATE_INFO_SNR
02-12 15:26:11.665   715   715 E wificond: Failed to get NL80211_STA_INFO_CNAHLOAD
02-12 15:26:19.663   715   715 E wificond: Failed to get NL80211_RATE_INFO_NOISE
02-12 15:26:19.664   715   715 E wificond: Failed to get NL80211_RATE_INFO_SNR
02-12 15:26:19.664   715   715 E wificond: Failed to get NL80211_STA_INFO_CNAHLOAD
02-12 15:26:19.668   715   715 E wificond: Failed to get NL80211_RATE_INFO_NOISE
02-12 15:26:19.668   715   715 E wificond: Failed to get NL80211_RATE_INFO_SNR
02-12 15:26:19.668   715   715 E wificond: Failed to get NL80211_STA_INFO_CNAHLOAD
02-12 15:26:25.798   604  1233 W SocketListener: sending broadcast to Pid = 1256, Uid = 1000 
02-12 15:26:27.673   715   715 E wificond: Failed to get NL80211_RATE_INFO_NOISE
02-12 15:26:27.674   715   715 E wificond: Failed to get NL80211_RATE_INFO_SNR
02-12 15:26:27.674   715   715 E wificond: Failed to get NL80211_STA_INFO_CNAHLOAD
