02-28 03:29:53.512  1256  2104 I chatty  : uid=1000(system) watchdog expire 10 lines
02-28 03:30:00.042  1256  1779 I chatty  : uid=1000(system) NetworkStats expire 7 lines
02-28 03:30:00.051  1256  1783 I chatty  : uid=1000(system) WifiStateMachin expire 1 line
02-28 03:30:00.108 11186 11186 D ActivityThread: ActivityThread,attachApplication
02-28 03:30:00.126  1256  3114 I chatty  : uid=1000(system) Binder:1256_E expire 7 lines
02-28 03:30:00.372  1256  9301 I chatty  : uid=1000(system) Binder:1256_1B expire 4 lines
02-28 03:30:01.278   605  1233 W SocketListener: sending broadcast to Pid = 1256, Uid = 1000 
02-28 03:30:01.281  1256  1778 I chatty  : uid=1000(system) NetdConnector expire 4 lines
02-28 03:34:38.722   605  1233 W SocketListener: sending broadcast to Pid = 1256, Uid = 1000 
02-28 03:34:51.045  1256  1579 I chatty  : uid=1000(system) UEventObserver expire 15 lines
02-28 03:34:51.059  1256  1256 I chatty  : uid=1000 system_server expire 12 lines
02-28 03:34:53.524  1256  2104 I chatty  : uid=1000(system) watchdog expire 10 lines
02-28 03:38:22.497  1256  1579 I chatty  : uid=1000(system) UEventObserver expire 23 lines
02-28 03:38:52.718  1256  1256 I chatty  : uid=1000 system_server expire 22 lines
02-28 03:39:37.595  1256  1794 I chatty  : uid=1000(system) WifiScanningSer expire 5 lines
02-28 03:39:38.845   605  1233 W SocketListener: sending broadcast to Pid = 1256, Uid = 1000 
02-28 03:39:38.847  1256  1778 I chatty  : uid=1000(system) NetdConnector expire 10 lines
02-28 03:39:38.851  1256  1438 I chatty  : uid=1000(system) android.fg expire 5 lines
02-28 03:39:38.868  1256  1845 I chatty  : uid=1000(system) HwSelfCureEngin expire 6 lines
02-28 03:39:38.869  1256  2388 I chatty  : uid=1000(system) Binder:1256_B expire 6 lines
02-28 03:39:38.869  1256  3114 I chatty  : uid=1000(system) Binder:1256_E expire 2 lines
02-28 03:39:38.869  1256  9301 I chatty  : uid=1000(system) Binder:1256_1B expire 8 lines
02-28 03:39:53.536  1256  2104 I chatty  : uid=1000(system) watchdog expire 10 lines
02-28 03:43:55.171  1256  1385 I chatty  : uid=1000(system) batterystats-sy expire 4 lines
02-28 03:44:00.573   753   927 E /system/bin/storaged: pid_info get_pids failed
02-28 03:44:20.899  1256  1849 I chatty  : uid=1000(system) StatisticsCHRMs expire 4 lines
02-28 03:44:24.995  1256  1579 I chatty  : uid=1000(system) UEventObserver expire 22 lines
02-28 03:44:32.551  1256 12159 I chatty  : uid=1000 system_server expire 1 line
02-28 03:44:38.892   605  1233 W SocketListener: sending broadcast to Pid = 1256, Uid = 1000 
02-28 03:44:38.922  1256  1283 I chatty  : uid=1000(system) Binder:1256_2 expire 4 lines
02-28 03:44:53.550  1256  2104 I chatty  : uid=1000(system) watchdog expire 10 lines
02-28 03:44:55.224  1256  1256 I chatty  : uid=1000 system_server expire 20 lines
02-28 03:49:38.874   605  1233 W SocketListener: sending broadcast to Pid = 1256, Uid = 1000 
02-28 03:49:38.903  1256  2152 I chatty  : uid=1000(system) Binder:1256_7 expire 5 lines
02-28 03:49:53.572  1256  2104 I chatty  : uid=1000(system) watchdog expire 10 lines
02-28 03:49:57.285  1256  1579 I chatty  : uid=1000(system) UEventObserver expire 20 lines
02-28 03:49:57.297  1256  1256 I chatty  : uid=1000 system_server expire 24 lines
02-28 03:50:00.050  1256  1779 I chatty  : uid=1000(system) NetworkStats expire 7 lines
02-28 03:50:00.054  1256  1783 I chatty  : uid=1000(system) WifiStateMachin expire 1 line
02-28 03:50:01.282   605  1233 W SocketListener: sending broadcast to Pid = 1256, Uid = 1000 
02-28 03:50:01.285  1256  1778 I chatty  : uid=1000(system) NetdConnector expire 4 lines
02-28 03:54:38.935   605  1233 W SocketListener: sending broadcast to Pid = 1256, Uid = 1000 
02-28 03:54:53.589  1256  2104 I chatty  : uid=1000(system) watchdog expire 5 lines
02-28 03:54:59.364  1256  1579 I chatty  : uid=1000(system) UEventObserver expire 8 lines
02-28 03:54:59.385  1256  1256 I chatty  : uid=1000 system_server expire 14 lines
02-28 03:57:00.189  1256  1579 I chatty  : uid=1000(system) UEventObserver expire 12 lines
02-28 03:57:23.597  1256  2104 I chatty  : uid=1000(system) watchdog expire 15 lines
02-28 03:59:00.579   753   927 E /system/bin/storaged: pid_info get_pids failed
02-28 03:59:01.052  1256  1256 I chatty  : uid=1000 system_server expire 45 lines
02-28 03:59:37.824  1256  1794 I chatty  : uid=1000(system) WifiScanningSer expire 4 lines
02-28 03:59:39.044   605  1233 W SocketListener: sending broadcast to Pid = 1256, Uid = 1000 
02-28 03:59:39.046  1256  1778 I chatty  : uid=1000(system) NetdConnector expire 8 lines
02-28 03:59:39.050  1256  1438 I chatty  : uid=1000(system) android.fg expire 4 lines
02-28 03:59:39.068  1256  2152 I chatty  : uid=1000(system) Binder:1256_7 expire 22 lines
02-28 03:59:39.069  1256  9301 I chatty  : uid=1000(system) Binder:1256_1B expire 16 lines
02-28 03:59:39.071  1256  1845 I chatty  : uid=1000(system) HwSelfCureEngin expire 5 lines
02-28 03:59:39.072  1256  2388 I chatty  : uid=1000(system) Binder:1256_B expire 4 lines
02-28 03:59:39.072  1256  1283 I chatty  : uid=1000(system) Binder:1256_2 expire 5 lines
02-28 04:00:01.453  1256  1579 I chatty  : uid=1000(system) UEventObserver expire 20 lines
02-28 04:04:39.113   605  1233 W SocketListener: sending broadcast to Pid = 1256, Uid = 1000 
02-28 04:04:39.139  1256  9301 I chatty  : uid=1000(system) Binder:1256_1B expire 5 lines
02-28 04:04:53.619  1256  2104 I chatty  : uid=1000(system) watchdog expire 10 lines
02-28 04:05:03.516  1256  1579 I chatty  : uid=1000(system) UEventObserver expire 20 lines
02-28 04:05:03.530  1256  1256 I chatty  : uid=1000 system_server expire 22 lines
02-28 04:09:39.198   605  1233 W SocketListener: sending broadcast to Pid = 1256, Uid = 1000 
02-28 04:09:39.233  1256  2152 I chatty  : uid=1000(system) Binder:1256_7 expire 3 lines
02-28 04:09:53.634  1256  2104 I chatty  : uid=1000(system) watchdog expire 5 lines
02-28 04:10:00.050  1256  1256 I chatty  : uid=1000 system_server expire 11 lines
02-28 04:10:00.056  1256  1783 I chatty  : uid=1000(system) WifiStateMachin expire 1 line
02-28 04:10:01.303   605  1233 W SocketListener: sending broadcast to Pid = 1256, Uid = 1000 
02-28 04:10:05.596  1256  1579 I chatty  : uid=1000(system) UEventObserver expire 16 lines
02-28 04:12:06.454  1256  1256 I chatty  : uid=1000 system_server expire 21 lines
02-28 04:12:23.640  1256  2104 I chatty  : uid=1000(system) watchdog expire 15 lines
02-28 04:13:55.186  1256  1385 I chatty  : uid=1000(system) batterystats-sy expire 4 lines
02-28 04:13:55.214  1256  2388 I chatty  : uid=1000(system) Binder:1256_B expire 6 lines
02-28 04:14:00.587   753   927 E /system/bin/storaged: open file /data/storaged/storaged.txt failed!2
02-28 04:14:00.587   753   927 E /system/bin/storaged: write(append)  diskstat data failed!ts:1519762440,read bytes:387760128, write bytes: 46825472
02-28 04:14:00.595   753   927 E /system/bin/storaged: curr_io_stats:  size: 185
02-28 04:14:00.597   753   927 E /system/bin/storaged: open file /data/storaged/storaged.txt failed!2
02-28 04:14:00.597   753   927 E /system/bin/storaged: write(append)  uid data failed!
02-28 04:14:00.599   753   927 E /system/bin/storaged: pid_info get_pids failed
02-28 04:14:07.280  1256  1579 I chatty  : uid=1000(system) UEventObserver expire 22 lines
02-28 04:14:21.000  1256  1849 I chatty  : uid=1000(system) StatisticsCHRMs expire 4 lines
02-28 04:14:32.567  1256 14129 I chatty  : uid=1000 system_server expire 1 line
02-28 04:14:38.018  1256  1794 I chatty  : uid=1000(system) WifiScanningSer expire 5 lines
02-28 04:14:39.243   605  1233 W SocketListener: sending broadcast to Pid = 1256, Uid = 1000 
02-28 04:14:39.246  1256  1778 I chatty  : uid=1000(system) NetdConnector expire 12 lines
02-28 04:14:39.250  1256  1438 I chatty  : uid=1000(system) android.fg expire 5 lines
02-28 04:14:39.265  1256  2152 I chatty  : uid=1000(system) Binder:1256_7 expire 4 lines
02-28 04:14:39.265  1256  1283 I chatty  : uid=1000(system) Binder:1256_2 expire 7 lines
02-28 04:14:39.271  1256  1845 I chatty  : uid=1000(system) HwSelfCureEngin expire 6 lines
02-28 04:14:39.271  1256  9301 I chatty  : uid=1000(system) Binder:1256_1B expire 7 lines
02-28 04:19:39.342   605  1233 W SocketListener: sending broadcast to Pid = 1256, Uid = 1000 
02-28 04:19:39.548  1256  1579 I chatty  : uid=1000(system) UEventObserver expire 20 lines
02-28 04:19:39.564  1256  1256 I chatty  : uid=1000 system_server expire 22 lines
02-28 04:19:53.667  1256  2104 I chatty  : uid=1000(system) watchdog expire 10 lines
02-28 04:24:39.446   605  1233 W SocketListener: sending broadcast to Pid = 1256, Uid = 1000 
02-28 04:24:41.629  1256  1579 I chatty  : uid=1000(system) UEventObserver expire 18 lines
02-28 04:24:41.644  1256  1256 I chatty  : uid=1000 system_server expire 14 lines
02-28 04:24:53.681  1256  2104 I chatty  : uid=1000(system) watchdog expire 10 lines
02-28 04:29:00.604   753   927 E /system/bin/storaged: pid_info get_pids failed
02-28 04:29:13.503  1256  1579 I chatty  : uid=1000(system) UEventObserver expire 10 lines
02-28 04:29:13.515  1256  1256 I chatty  : uid=1000 system_server expire 11 lines
02-28 04:29:39.479   605  1233 W SocketListener: sending broadcast to Pid = 1256, Uid = 1000 
02-28 04:29:53.695  1256  2104 I chatty  : uid=1000(system) watchdog expire 3 lines
02-28 04:30:00.060  1256  1779 I chatty  : uid=1000(system) NetworkStats expire 7 lines
02-28 04:30:00.065  1256  1783 I chatty  : uid=1000(system) WifiStateMachin expire 1 line
02-28 04:30:00.124  1256  3114 I chatty  : uid=1000(system) Binder:1256_E expire 2 lines
02-28 04:30:01.294   605  1233 W SocketListener: sending broadcast to Pid = 1256, Uid = 1000 
02-28 04:30:01.295  1256  1778 I chatty  : uid=1000(system) NetdConnector expire 14 lines
02-28 04:31:14.347  1256  1256 I chatty  : uid=1000 system_server expire 13 lines
02-28 04:31:23.698  1256  2104 I chatty  : uid=1000(system) watchdog expire 17 lines
02-28 04:31:44.546  1256  1579 I chatty  : uid=1000(system) UEventObserver expire 12 lines
02-28 04:34:38.346  1256  1794 I chatty  : uid=1000(system) WifiScanningSer expire 5 lines
02-28 04:34:39.594   605  1233 W SocketListener: sending broadcast to Pid = 1256, Uid = 1000 
02-28 04:34:39.602  1256  1438 I chatty  : uid=1000(system) android.fg expire 5 lines
02-28 04:34:39.622  1256  1845 I chatty  : uid=1000(system) HwSelfCureEngin expire 5 lines
02-28 04:34:39.623  1256  9301 I chatty  : uid=1000(system) Binder:1256_1B expire 8 lines
02-28 04:34:39.624  1256  1283 I chatty  : uid=1000(system) Binder:1256_2 expire 6 lines
02-28 04:34:39.625  1256  3114 I chatty  : uid=1000(system) Binder:1256_E expire 5 lines
02-28 04:34:45.793  1256  1579 I chatty  : uid=1000(system) UEventObserver expire 20 lines
02-28 04:34:45.812  1256  1256 I chatty  : uid=1000 system_server expire 20 lines
02-28 04:39:39.667   605  1233 W SocketListener: sending broadcast to Pid = 1256, Uid = 1000 
02-28 04:39:47.860  1256  1579 I chatty  : uid=1000(system) UEventObserver expire 18 lines
02-28 04:39:47.871  1256  1256 I chatty  : uid=1000 system_server expire 16 lines
02-28 04:39:53.721  1256  2104 I chatty  : uid=1000(system) watchdog expire 10 lines
02-28 04:43:55.260  1256  1385 I chatty  : uid=1000(system) batterystats-sy expire 4 lines
02-28 04:44:00.610   753   927 E /system/bin/storaged: pid_info get_pids failed
02-28 04:44:19.742  1256  1579 I chatty  : uid=1000(system) UEventObserver expire 22 lines
02-28 04:44:19.755  1256  1256 I chatty  : uid=1000 system_server expire 18 lines
02-28 04:44:21.101  1256  1849 I chatty  : uid=1000(system) StatisticsCHRMs expire 4 lines
02-28 04:44:32.570  1256 16105 I chatty  : uid=1000 system_server expire 1 line
02-28 04:44:39.670   605  1233 W SocketListener: sending broadcast to Pid = 1256, Uid = 1000 
02-28 04:44:39.697  1256  2152 I chatty  : uid=1000(system) Binder:1256_7 expire 6 lines
02-28 04:44:53.736  1256  2104 I chatty  : uid=1000(system) watchdog expire 10 lines
02-28 04:48:21.465  1256  1446 I chatty  : uid=1000(system) CpuTracker expire 3 lines
02-28 04:49:39.744   605  1233 W SocketListener: sending broadcast to Pid = 1256, Uid = 1000 
02-28 04:49:52.037  1256  1579 I chatty  : uid=1000(system) UEventObserver expire 2 lines
02-28 04:49:53.754  1256  2104 I chatty  : uid=1000(system) watchdog expire 1 line
02-28 04:50:00.056  1256  1256 I chatty  : uid=1000 system_server expire 2 lines
02-28 04:50:00.060  1256  1779 I chatty  : uid=1000(system) NetworkStats expire 7 lines
02-28 04:50:00.064  1256  1783 I chatty  : uid=1000(system) WifiStateMachin expire 1 line
02-28 04:50:01.314   605  1233 W SocketListener: sending broadcast to Pid = 1256, Uid = 1000 
02-28 04:50:01.315  1256  1778 I chatty  : uid=1000(system) NetdConnector expire 10 lines
02-28 04:50:01.356  1256  1845 I chatty  : uid=1000(system) HwSelfCureEngin expire 5 lines
02-28 04:50:22.245  1256  1579 I chatty  : uid=1000(system) UEventObserver expire 18 lines
02-28 04:50:22.263  1256  1256 I chatty  : uid=1000 system_server expire 18 lines
02-28 04:50:23.755  1256  2104 I chatty  : uid=1000(system) watchdog expire 18 lines
02-28 04:54:38.633  1256  1794 I chatty  : uid=1000(system) WifiScanningSer expire 4 lines
02-28 04:54:39.862   605  1233 W SocketListener: sending broadcast to Pid = 1256, Uid = 1000 
02-28 04:54:39.869  1256  1438 I chatty  : uid=1000(system) android.fg expire 4 lines
02-28 04:54:39.888  1256  1283 I chatty  : uid=1000(system) Binder:1256_2 expire 10 lines
02-28 04:54:39.890  1256  9301 I chatty  : uid=1000(system) Binder:1256_1B expire 4 lines
02-28 04:54:39.891  1256  2152 I chatty  : uid=1000(system) Binder:1256_7 expire 8 lines
02-28 04:54:39.892  1256  3114 I chatty  : uid=1000(system) Binder:1256_E expire 3 lines
02-28 04:54:54.115  1256  1579 I chatty  : uid=1000(system) UEventObserver expire 18 lines
02-28 04:54:54.125  1256  1256 I chatty  : uid=1000 system_server expire 16 lines
02-28 04:59:00.615   753   927 E /system/bin/storaged: pid_info get_pids failed
02-28 04:59:23.781  1256  2104 I chatty  : uid=1000(system) watchdog expire 11 lines
02-28 04:59:25.975  1256  1579 I chatty  : uid=1000(system) UEventObserver expire 22 lines
02-28 04:59:39.882   605  1233 W SocketListener: sending broadcast to Pid = 1256, Uid = 1000 
02-28 05:00:00.166  1256  1256 I chatty  : uid=1000 system_server expire 36 lines
02-28 05:04:39.975   605  1233 W SocketListener: sending broadcast to Pid = 1256, Uid = 1000 
02-28 05:04:53.798  1256  2104 I chatty  : uid=1000(system) watchdog expire 10 lines
02-28 05:04:58.270  1256  1579 I chatty  : uid=1000(system) UEventObserver expire 20 lines
02-28 05:05:28.500  1256  1256 I chatty  : uid=1000 system_server expire 20 lines
02-28 05:09:40.112   605  1233 W SocketListener: sending broadcast to Pid = 1256, Uid = 1000 
02-28 05:09:40.139  1256  1283 I chatty  : uid=1000(system) Binder:1256_2 expire 1 line
02-28 05:09:53.812  1256  2104 I chatty  : uid=1000(system) watchdog expire 10 lines
02-28 05:10:00.060  1256  1256 I chatty  : uid=1000 system_server expire 18 lines
02-28 05:10:00.066  1256  1783 I chatty  : uid=1000(system) WifiStateMachin expire 1 line
02-28 05:10:00.068  1256  9301 I chatty  : uid=1000(system) Binder:1256_1B expire 7 lines
02-28 05:10:00.069  1256  1794 I chatty  : uid=1000(system) WifiScanningSer expire 5 lines
02-28 05:10:00.126  1256  2152 I chatty  : uid=1000(system) Binder:1256_7 expire 6 lines
02-28 05:10:00.348  1256  1579 I chatty  : uid=1000(system) UEventObserver expire 16 lines
02-28 05:10:01.312   605  1233 W SocketListener: sending broadcast to Pid = 1256, Uid = 1000 
02-28 05:10:01.313  1256  1778 I chatty  : uid=1000(system) NetdConnector expire 10 lines
02-28 05:10:01.314  1256  1438 I chatty  : uid=1000(system) android.fg expire 5 lines
02-28 05:10:01.318  1256  1283 I chatty  : uid=1000(system) Binder:1256_2 expire 3 lines
02-28 05:10:01.319  1256  1845 I chatty  : uid=1000(system) HwSelfCureEngin expire 5 lines
02-28 05:13:55.337  1256  1385 I chatty  : uid=1000(system) batterystats-sy expire 4 lines
02-28 05:14:00.624   753   927 E /system/bin/storaged: open file /data/storaged/storaged.txt failed!2
02-28 05:14:00.625   753   927 E /system/bin/storaged: write(append)  diskstat data failed!ts:1519766040,read bytes:388812800, write bytes: 46559232
02-28 05:14:00.639   753   927 E /system/bin/storaged: curr_io_stats:  size: 185
02-28 05:14:00.645   753   927 E /system/bin/storaged: open file /data/storaged/storaged.txt failed!2
02-28 05:14:00.645   753   927 E /system/bin/storaged: write(append)  uid data failed!
02-28 05:14:00.646   753   927 E /system/bin/storaged: pid_info get_pids failed
02-28 05:14:02.016  1256  1579 I chatty  : uid=1000(system) UEventObserver expire 24 lines
02-28 05:14:02.027  1256  1256 I chatty  : uid=1000 system_server expire 24 lines
02-28 05:14:21.202  1256  1849 I chatty  : uid=1000(system) StatisticsCHRMs expire 4 lines
02-28 05:14:32.574  1256 18047 I chatty  : uid=1000 system_server expire 1 line
02-28 05:14:40.124   605  1233 W SocketListener: sending broadcast to Pid = 1256, Uid = 1000 
02-28 05:14:40.151  1256  3114 I chatty  : uid=1000(system) Binder:1256_E expire 3 lines
02-28 05:14:53.827  1256  2104 I chatty  : uid=1000(system) watchdog expire 10 lines
02-28 05:19:40.115   605  1233 W SocketListener: sending broadcast to Pid = 1256, Uid = 1000 
02-28 05:19:53.845  1256  2104 I chatty  : uid=1000(system) watchdog expire 10 lines
02-28 05:20:04.506  1256  1579 I chatty  : uid=1000(system) UEventObserver expire 20 lines
02-28 05:20:04.522  1256  1256 I chatty  : uid=1000 system_server expire 22 lines
02-28 05:24:40.213   605  1233 W SocketListener: sending broadcast to Pid = 1256, Uid = 1000 
02-28 05:24:53.859  1256  2104 I chatty  : uid=1000(system) watchdog expire 10 lines
02-28 05:25:06.593  1256  1579 I chatty  : uid=1000(system) UEventObserver expire 16 lines
02-28 05:25:06.607  1256  1256 I chatty  : uid=1000 system_server expire 14 lines
02-28 05:29:00.652   753   927 E /system/bin/storaged: pid_info get_pids failed
02-28 05:29:08.257  1256  1579 I chatty  : uid=1000(system) UEventObserver expire 4 lines
02-28 05:29:08.269  1256  1256 I chatty  : uid=1000 system_server expire 24 lines
02-28 05:29:40.320   605  1233 W SocketListener: sending broadcast to Pid = 1256, Uid = 1000 
02-28 05:29:40.348  1256  1283 I chatty  : uid=1000(system) Binder:1256_2 expire 5 lines
02-28 05:29:40.349  1256  2152 I chatty  : uid=1000(system) Binder:1256_7 expire 9 lines
02-28 05:29:40.350  1256  1845 I chatty  : uid=1000(system) HwSelfCureEngin expire 6 lines
02-28 05:29:40.351  1256  9301 I chatty  : uid=1000(system) Binder:1256_1B expire 7 lines
02-28 05:29:53.872  1256  2104 I chatty  : uid=1000(system) watchdog expire 10 lines
02-28 05:30:00.066  1256  1779 I chatty  : uid=1000(system) NetworkStats expire 7 lines
02-28 05:30:00.067  1256  1778 I chatty  : uid=1000(system) NetdConnector expire 10 lines
02-28 05:30:00.071  1256  1783 I chatty  : uid=1000(system) WifiStateMachin expire 1 line
02-28 05:30:00.074  1256  1794 I chatty  : uid=1000(system) WifiScanningSer expire 4 lines
02-28 05:30:00.124  1256  3114 I chatty  : uid=1000(system) Binder:1256_E expire 5 lines
02-28 05:30:01.272   605  1233 W SocketListener: sending broadcast to Pid = 1256, Uid = 1000 
02-28 05:30:01.278  1256  1438 I chatty  : uid=1000(system) android.fg expire 4 lines
02-28 05:30:08.675  1256  1579 I chatty  : uid=1000(system) UEventObserver expire 18 lines
02-28 05:34:40.406   605  1233 W SocketListener: sending broadcast to Pid = 1256, Uid = 1000 
02-28 05:34:40.546  1256  1579 I chatty  : uid=1000(system) UEventObserver expire 20 lines
02-28 05:34:40.558  1256  1256 I chatty  : uid=1000 system_server expire 18 lines
02-28 05:34:53.888  1256  2104 I chatty  : uid=1000(system) watchdog expire 10 lines
02-28 05:39:40.438   605  1233 W SocketListener: sending broadcast to Pid = 1256, Uid = 1000 
02-28 05:39:42.621  1256  1579 I chatty  : uid=1000(system) UEventObserver expire 18 lines
02-28 05:39:42.635  1256  1256 I chatty  : uid=1000 system_server expire 14 lines
02-28 05:39:53.902  1256  2104 I chatty  : uid=1000(system) watchdog expire 10 lines
02-28 05:43:55.335  1256  1385 I chatty  : uid=1000(system) batterystats-sy expire 4 lines
02-28 05:44:00.660   753   927 E /system/bin/storaged: pid_info get_pids failed
02-28 05:44:14.504  1256  1579 I chatty  : uid=1000(system) UEventObserver expire 21 lines
02-28 05:44:14.521  1256  1256 I chatty  : uid=1000 system_server expire 18 lines
02-28 05:44:21.300  1256  1849 I chatty  : uid=1000(system) StatisticsCHRMs expire 4 lines
02-28 05:44:32.595  1256 19999 I chatty  : uid=1000 system_server expire 1 line
02-28 05:44:40.478   605  1233 W SocketListener: sending broadcast to Pid = 1256, Uid = 1000 
02-28 05:44:40.480  1256  1778 I chatty  : uid=1000(system) NetdConnector expire 2 lines
02-28 05:44:53.917  1256  2104 I chatty  : uid=1000(system) watchdog expire 10 lines
02-28 05:49:16.571  1256  1579 I chatty  : uid=1000(system) UEventObserver expire 21 lines
02-28 05:49:16.581  1256  1256 I chatty  : uid=1000 system_server expire 24 lines
02-28 05:49:39.358  1256  1794 I chatty  : uid=1000(system) WifiScanningSer expire 4 lines
02-28 05:49:40.589   605  1233 W SocketListener: sending broadcast to Pid = 1256, Uid = 1000 
02-28 05:49:40.592  1256  1778 I chatty  : uid=1000(system) NetdConnector expire 10 lines
02-28 05:49:40.596  1256  1438 I chatty  : uid=1000(system) android.fg expire 4 lines
02-28 05:49:40.617  1256  1283 I chatty  : uid=1000(system) Binder:1256_2 expire 6 lines
02-28 05:49:40.618  1256  2152 I chatty  : uid=1000(system) Binder:1256_7 expire 6 lines
02-28 05:49:40.621  1256  1845 I chatty  : uid=1000(system) HwSelfCureEngin expire 5 lines
02-28 05:49:40.622  1256  3114 I chatty  : uid=1000(system) Binder:1256_E expire 19 lines
02-28 05:49:40.622  1256  9301 I chatty  : uid=1000(system) Binder:1256_1B expire 20 lines
02-28 05:49:53.938  1256  2104 I chatty  : uid=1000(system) watchdog expire 10 lines
02-28 05:50:00.069  1256  1779 I chatty  : uid=1000(system) NetworkStats expire 7 lines
02-28 05:50:00.072  1256  1783 I chatty  : uid=1000(system) WifiStateMachin expire 1 line
02-28 05:50:01.328   605  1233 W SocketListener: sending broadcast to Pid = 1256, Uid = 1000 
02-28 05:54:40.676   605  1233 W SocketListener: sending broadcast to Pid = 1256, Uid = 1000 
02-28 05:54:48.868  1256  1579 I chatty  : uid=1000(system) UEventObserver expire 18 lines
02-28 05:54:48.882  1256  1256 I chatty  : uid=1000 system_server expire 18 lines
02-28 05:54:53.952  1256  2104 I chatty  : uid=1000(system) watchdog expire 10 lines
02-28 05:59:00.665   753   927 E /system/bin/storaged: pid_info get_pids failed
02-28 05:59:20.738  1256  1579 I chatty  : uid=1000(system) UEventObserver expire 20 lines
02-28 05:59:20.751  1256  1256 I chatty  : uid=1000 system_server expire 41 lines
02-28 05:59:40.754   605  1233 W SocketListener: sending broadcast to Pid = 1256, Uid = 1000 
02-28 05:59:40.756  1256  1778 I chatty  : uid=1000(system) NetdConnector expire 2 lines
02-28 05:59:53.966  1256  2104 I chatty  : uid=1000(system) watchdog expire 10 lines
02-28 06:04:22.818  1256  1579 I chatty  : uid=1000(system) UEventObserver expire 22 lines
02-28 06:04:22.831  1256  1256 I chatty  : uid=1000 system_server expire 22 lines
02-28 06:04:39.629  1256  1794 I chatty  : uid=1000(system) WifiScanningSer expire 5 lines
02-28 06:04:40.851   605  1233 W SocketListener: sending broadcast to Pid = 1256, Uid = 1000 
02-28 06:04:40.854  1256  1778 I chatty  : uid=1000(system) NetdConnector expire 10 lines
02-28 06:04:40.858  1256  1438 I chatty  : uid=1000(system) android.fg expire 5 lines
02-28 06:04:40.882  1256  9301 I chatty  : uid=1000(system) Binder:1256_1B expire 7 lines
02-28 06:04:40.882  1256  3114 I chatty  : uid=1000(system) Binder:1256_E expire 4 lines
02-28 06:04:40.882  1256  2152 I chatty  : uid=1000(system) Binder:1256_7 expire 8 lines
02-28 06:04:40.885  1256  1845 I chatty  : uid=1000(system) HwSelfCureEngin expire 6 lines
02-28 06:04:40.885  1256  1283 I chatty  : uid=1000(system) Binder:1256_2 expire 4 lines
02-28 06:04:53.979  1256  2104 I chatty  : uid=1000(system) watchdog expire 10 lines
02-28 06:09:40.934   605  1233 W SocketListener: sending broadcast to Pid = 1256, Uid = 1000 
02-28 06:09:53.992  1256  2104 I chatty  : uid=1000(system) watchdog expire 10 lines
02-28 06:09:55.103  1256  1579 I chatty  : uid=1000(system) UEventObserver expire 18 lines
02-28 06:09:55.120  1256  1256 I chatty  : uid=1000 system_server expire 20 lines
02-28 06:10:00.078  1256  1783 I chatty  : uid=1000(system) WifiStateMachin expire 1 line
02-28 06:10:01.330   605  1233 W SocketListener: sending broadcast to Pid = 1256, Uid = 1000 
02-28 06:13:55.404  1256  1385 I chatty  : uid=1000(system) batterystats-sy expire 4 lines
02-28 06:14:00.674   753   927 E /system/bin/storaged: open file /data/storaged/storaged.txt failed!2
02-28 06:14:00.675   753   927 E /system/bin/storaged: write(append)  diskstat data failed!ts:1519769640,read bytes:391802880, write bytes: 38023168
02-28 06:14:00.690   753   927 E /system/bin/storaged: curr_io_stats:  size: 185
02-28 06:14:00.695   753   927 E /system/bin/storaged: open file /data/storaged/storaged.txt failed!2
02-28 06:14:00.695   753   927 E /system/bin/storaged: write(append)  uid data failed!
02-28 06:14:00.695   753   927 E /system/bin/storaged: pid_info get_pids failed
02-28 06:14:04.794  1256  1256 I chatty  : uid=1000 system_server expire 21 lines
02-28 06:14:21.402  1256  1849 I chatty  : uid=1000(system) StatisticsCHRMs expire 4 lines
02-28 06:14:26.968  1256  1579 I chatty  : uid=1000(system) UEventObserver expire 22 lines
02-28 06:14:32.605  1256 21930 I chatty  : uid=1000 system_server expire 1 line
02-28 06:14:40.985   605  1233 W SocketListener: sending broadcast to Pid = 1256, Uid = 1000 
02-28 06:14:54.008  1256  2104 I chatty  : uid=1000(system) watchdog expire 10 lines
02-28 06:19:41.058   605  1233 W SocketListener: sending broadcast to Pid = 1256, Uid = 1000 
02-28 06:19:54.029  1256  2104 I chatty  : uid=1000(system) watchdog expire 8 lines
02-28 06:19:59.263  1256  1579 I chatty  : uid=1000(system) UEventObserver expire 16 lines
02-28 06:19:59.278  1256  1256 I chatty  : uid=1000 system_server expire 20 lines
02-28 06:23:54.039  1256  2104 I chatty  : uid=1000(system) watchdog expire 11 lines
02-28 06:24:00.926  1256  1579 I chatty  : uid=1000(system) UEventObserver expire 20 lines
02-28 06:24:39.923  1256  1794 I chatty  : uid=1000(system) WifiScanningSer expire 5 lines
02-28 06:24:41.142   605  1233 W SocketListener: sending broadcast to Pid = 1256, Uid = 1000 
02-28 06:24:41.145  1256  1778 I chatty  : uid=1000(system) NetdConnector expire 10 lines
02-28 06:24:41.149  1256  1438 I chatty  : uid=1000(system) android.fg expire 5 lines
02-28 06:24:41.156  1256  2152 I chatty  : uid=1000(system) Binder:1256_7 expire 9 lines
02-28 06:24:41.158  1256  1283 I chatty  : uid=1000(system) Binder:1256_2 expire 6 lines
02-28 06:24:41.158  1256  1845 I chatty  : uid=1000(system) HwSelfCureEngin expire 6 lines
02-28 06:24:41.159  1256  9301 I chatty  : uid=1000(system) Binder:1256_1B expire 2 lines
02-28 06:25:01.364  1256  1256 I chatty  : uid=1000 system_server expire 14 lines
02-28 06:29:00.702   753   927 E /system/bin/storaged: pid_info get_pids failed
02-28 06:29:03.009  1256  1579 I chatty  : uid=1000(system) UEventObserver expire 20 lines
02-28 06:29:03.019  1256  1256 I chatty  : uid=1000 system_server expire 18 lines
02-28 06:29:24.054  1256  2104 I chatty  : uid=1000(system) watchdog expire 10 lines
02-28 06:29:41.231   605  1233 W SocketListener: sending broadcast to Pid = 1256, Uid = 1000 
02-28 06:33:54.180  1256  1779 I chatty  : uid=1000(system) NetworkStats expire 7 lines
02-28 06:33:54.192  1256  1783 I chatty  : uid=1000(system) WifiStateMachin expire 1 line
02-28 06:33:54.237  2143  3838 W ContextImpl: Calling a method in the system process without a qualified user: android.app.ContextImpl.sendBroadcast:1095 com.huawei.android.chr.statistics.TelStatusService.updateStatisticDB:628 com.huawei.android.chr.statistics.TelStatusService.triggerStatsReport:545 com.huawei.android.chr.statistics.TelStatusService.triggerAllStatsReport:554 com.huawei.android.chr.statistics.TelStatusManager.triggerAllStatsReport:328 
02-28 06:33:54.275 23168 23168 D ActivityThread: ActivityThread,attachApplication
02-28 06:33:54.281  2143  3838 W ContextImpl: Calling a method in the system process without a qualified user: android.app.ContextImpl.sendBroadcast:1095 com.huawei.android.chr.statistics.TelStatusService.updateStatisticDB:628 com.huawei.android.chr.statistics.TelStatusService.triggerStatsReport:545 com.huawei.android.chr.statistics.TelStatusService.triggerAllStatsReport:554 com.huawei.android.chr.statistics.TelStatusManager.triggerAllStatsReport:328 
02-28 06:33:54.287  1256  3146 I chatty  : uid=1000(system) Binder:1256_13 expire 8 lines
02-28 06:33:54.300  1256  1588 I chatty  : uid=1000(system) Binder:1256_3 expire 6 lines
02-28 06:33:54.332  2143  3838 W ContextImpl: Calling a method in the system process without a qualified user: android.app.ContextImpl.sendBroadcast:1095 com.huawei.android.chr.statistics.TelStatusService.updateStatisticDB:628 com.huawei.android.chr.statistics.TelStatusService.triggerStatsReport:545 com.huawei.android.chr.statistics.TelStatusService.triggerAllStatsReport:554 com.huawei.android.chr.statistics.TelStatusManager.triggerAllStatsReport:328 
02-28 06:33:54.573  1256  2388 I chatty  : uid=1000(system) Binder:1256_B expire 10 lines
02-28 06:33:55.443   605  1233 W SocketListener: sending broadcast to Pid = 1256, Uid = 1000 
02-28 06:34:05.092  1256  1579 I chatty  : uid=1000(system) UEventObserver expire 24 lines
02-28 06:34:05.103  1256  1256 I chatty  : uid=1000 system_server expire 20 lines
02-28 06:34:24.070  1256  2104 I chatty  : uid=1000(system) watchdog expire 11 lines
02-28 06:34:41.267   605  1233 W SocketListener: sending broadcast to Pid = 1256, Uid = 1000 
02-28 06:34:41.268  1256  1778 I chatty  : uid=1000(system) NetdConnector expire 4 lines
02-28 06:39:41.293   605  1233 W SocketListener: sending broadcast to Pid = 1256, Uid = 1000 
02-28 06:39:54.085  1256  2104 I chatty  : uid=1000(system) watchdog expire 6 lines
02-28 06:40:07.588  1256  1579 I chatty  : uid=1000(system) UEventObserver expire 11 lines
02-28 06:40:37.798  1256  1256 I chatty  : uid=1000 system_server expire 10 lines
02-28 06:42:38.626  1256  1579 I chatty  : uid=1000(system) UEventObserver expire 27 lines
02-28 06:42:54.093  1256  2104 I chatty  : uid=1000(system) watchdog expire 14 lines
02-28 06:43:55.407  1256  1385 I chatty  : uid=1000(system) batterystats-sy expire 4 lines
02-28 06:43:55.438  1256  1283 I chatty  : uid=1000(system) Binder:1256_2 expire 5 lines
02-28 06:44:00.708   753   927 E /system/bin/storaged: pid_info get_pids failed
02-28 06:44:09.258  1256  1256 I chatty  : uid=1000 system_server expire 22 lines
02-28 06:44:21.500  1256  1849 I chatty  : uid=1000(system) StatisticsCHRMs expire 4 lines
02-28 06:44:32.615  1256 23874 I chatty  : uid=1000 system_server expire 1 line
02-28 06:44:40.136  1256  1794 I chatty  : uid=1000(system) WifiScanningSer expire 5 lines
02-28 06:44:41.348   605  1233 W SocketListener: sending broadcast to Pid = 1256, Uid = 1000 
02-28 06:44:41.349  1256  1778 I chatty  : uid=1000(system) NetdConnector expire 12 lines
02-28 06:44:41.350  1256  1438 I chatty  : uid=1000(system) android.fg expire 4 lines
02-28 06:44:41.372  1256  1588 I chatty  : uid=1000(system) Binder:1256_3 expire 4 lines
02-28 06:44:41.373  1256  3146 I chatty  : uid=1000(system) Binder:1256_13 expire 8 lines
02-28 06:44:41.373  1256  1845 I chatty  : uid=1000(system) HwSelfCureEngin expire 4 lines
02-28 06:44:41.373  1256  2388 I chatty  : uid=1000(system) Binder:1256_B expire 6 lines
02-28 06:49:41.468   605  1233 W SocketListener: sending broadcast to Pid = 1256, Uid = 1000 
02-28 06:49:41.545  1256  1579 I chatty  : uid=1000(system) UEventObserver expire 20 lines
02-28 06:49:41.562  1256  1256 I chatty  : uid=1000 system_server expire 18 lines
02-28 06:49:54.121  1256  2104 I chatty  : uid=1000(system) watchdog expire 10 lines
02-28 06:54:41.541   605  1233 W SocketListener: sending broadcast to Pid = 1256, Uid = 1000 
02-28 06:54:43.617  1256  1579 I chatty  : uid=1000(system) UEventObserver expire 18 lines
02-28 06:54:43.637  1256  1256 I chatty  : uid=1000 system_server expire 16 lines
02-28 06:54:54.134  1256  2104 I chatty  : uid=1000(system) watchdog expire 10 lines
02-28 06:59:00.715   753   927 E /system/bin/storaged: pid_info get_pids failed
02-28 06:59:15.488  1256  1579 I chatty  : uid=1000(system) UEventObserver expire 4 lines
02-28 06:59:15.498  1256  1256 I chatty  : uid=1000 system_server expire 26 lines
02-28 06:59:41.643   605  1233 W SocketListener: sending broadcast to Pid = 1256, Uid = 1000 
02-28 06:59:54.147  1256  2104 I chatty  : uid=1000(system) watchdog expire 1 line
02-28 07:00:00.011  1256  1779 I chatty  : uid=1000(system) NetworkStats expire 7 lines
02-28 07:00:00.290  1256  1783 I chatty  : uid=1000(system) WifiStateMachin expire 1 line
02-28 07:00:00.310  1256  3146 I chatty  : uid=1000(system) Binder:1256_13 expire 10 lines
02-28 07:00:01.528   605  1233 W SocketListener: sending broadcast to Pid = 1256, Uid = 1000 
02-28 07:00:01.529  1256  1778 I chatty  : uid=1000(system) NetdConnector expire 10 lines
02-28 07:00:01.530  1256  1438 I chatty  : uid=1000(system) android.fg expire 5 lines
02-28 07:00:01.536  1256  1845 I chatty  : uid=1000(system) HwSelfCureEngin expire 6 lines
02-28 07:00:01.536  1256  1588 I chatty  : uid=1000(system) Binder:1256_3 expire 6 lines
02-28 07:00:01.537  1256  2152 I chatty  : uid=1000(system) Binder:1256_7 expire 4 lines
02-28 07:00:15.905  1256  1579 I chatty  : uid=1000(system) UEventObserver expire 18 lines
02-28 07:00:15.922  1256  1256 I chatty  : uid=1000 system_server expire 18 lines
02-28 07:00:24.149  1256  2104 I chatty  : uid=1000(system) watchdog expire 19 lines
02-28 07:04:40.430  1256  1794 I chatty  : uid=1000(system) WifiScanningSer expire 4 lines
02-28 07:04:41.679   605  1233 W SocketListener: sending broadcast to Pid = 1256, Uid = 1000 
02-28 07:04:41.707  1256  2388 I chatty  : uid=1000(system) Binder:1256_B expire 4 lines
02-28 07:04:47.764  1256  1579 I chatty  : uid=1000(system) UEventObserver expire 20 lines
02-28 07:04:47.778  1256  1256 I chatty  : uid=1000 system_server expire 18 lines
02-28 07:09:41.678   605  1233 W SocketListener: sending broadcast to Pid = 1256, Uid = 1000 
02-28 07:09:49.852  1256  1579 I chatty  : uid=1000(system) UEventObserver expire 18 lines
02-28 07:09:49.865  1256  1256 I chatty  : uid=1000 system_server expire 16 lines
02-28 07:09:54.176  1256  2104 I chatty  : uid=1000(system) watchdog expire 10 lines
02-28 07:13:55.412  1256  1385 I chatty  : uid=1000(system) batterystats-sy expire 4 lines
02-28 07:14:00.726   753   927 E /system/bin/storaged: open file /data/storaged/storaged.txt failed!2
02-28 07:14:00.726   753   927 E /system/bin/storaged: write(append)  diskstat data failed!ts:1519773240,read bytes:389025792, write bytes: 49078272
02-28 07:14:00.742   753   927 E /system/bin/storaged: curr_io_stats:  size: 185
02-28 07:14:00.751   753   927 E /system/bin/storaged: open file /data/storaged/storaged.txt failed!2
02-28 07:14:00.751   753   927 E /system/bin/storaged: write(append)  uid data failed!
02-28 07:14:00.751   753   927 E /system/bin/storaged: pid_info get_pids failed
02-28 07:14:21.504  1256  1849 I chatty  : uid=1000(system) StatisticsCHRMs expire 4 lines
02-28 07:14:21.726  1256  1579 I chatty  : uid=1000(system) UEventObserver expire 22 lines
02-28 07:14:21.744  1256  1256 I chatty  : uid=1000 system_server expire 20 lines
02-28 07:14:32.627  1256 25801 I chatty  : uid=1000 system_server expire 1 line
02-28 07:14:41.675   605  1233 W SocketListener: sending broadcast to Pid = 1256, Uid = 1000 
02-28 07:14:41.691  1256  3146 I chatty  : uid=1000(system) Binder:1256_13 expire 3 lines
02-28 07:14:54.190  1256  2104 I chatty  : uid=1000(system) watchdog expire 10 lines
02-28 07:19:41.722   605  1233 W SocketListener: sending broadcast to Pid = 1256, Uid = 1000 
02-28 07:19:54.010  1256  1579 I chatty  : uid=1000(system) UEventObserver expire 2 lines
02-28 07:19:54.024  1256  1256 I chatty  : uid=1000 system_server expire 2 lines
02-28 07:19:54.205  1256  2104 I chatty  : uid=1000(system) watchdog expire 10 lines
02-28 07:20:00.287  1256  1256 I chatty  : uid=1000 system_server expire 27 lines
02-28 07:20:00.295  1256  1779 I chatty  : uid=1000(system) NetworkStats expire 7 lines
02-28 07:20:00.298  1256  1778 I chatty  : uid=1000(system) NetdConnector expire 10 lines
02-28 07:20:00.303  1256  1783 I chatty  : uid=1000(system) WifiStateMachin expire 1 line
02-28 07:20:00.311  1256  2388 I chatty  : uid=1000(system) Binder:1256_B expire 8 lines
02-28 07:20:00.312  1256  1794 I chatty  : uid=1000(system) WifiScanningSer expire 4 lines
02-28 07:20:00.321  1256  1588 I chatty  : uid=1000(system) Binder:1256_3 expire 9 lines
02-28 07:20:00.329  1256  2152 I chatty  : uid=1000(system) Binder:1256_7 expire 7 lines
02-28 07:20:00.351  1256  3146 I chatty  : uid=1000(system) Binder:1256_13 expire 1 line
02-28 07:20:00.356  1256  1283 I chatty  : uid=1000(system) Binder:1256_2 expire 3 lines
02-28 07:20:01.530   605  1233 W SocketListener: sending broadcast to Pid = 1256, Uid = 1000 
02-28 07:20:01.537  1256  1438 I chatty  : uid=1000(system) android.fg expire 4 lines
02-28 07:20:01.548  1256  1845 I chatty  : uid=1000(system) HwSelfCureEngin expire 5 lines
02-28 07:20:24.224  1256  1579 I chatty  : uid=1000(system) UEventObserver expire 18 lines
02-28 07:24:41.725   605  1233 W SocketListener: sending broadcast to Pid = 1256, Uid = 1000 
02-28 07:24:54.221  1256  2104 I chatty  : uid=1000(system) watchdog expire 10 lines
02-28 07:24:56.095  1256  1579 I chatty  : uid=1000(system) UEventObserver expire 18 lines
02-28 07:24:56.110  1256  1256 I chatty  : uid=1000 system_server expire 18 lines
02-28 07:29:00.757   753   927 E /system/bin/storaged: pid_info get_pids failed
02-28 07:29:27.979  1256  1579 I chatty  : uid=1000(system) UEventObserver expire 22 lines
02-28 07:29:41.802   605  1233 W SocketListener: sending broadcast to Pid = 1256, Uid = 1000 
02-28 07:29:54.235  1256  2104 I chatty  : uid=1000(system) watchdog expire 10 lines
02-28 07:30:28.394  1256  1256 I chatty  : uid=1000 system_server expire 12 lines
02-28 07:34:41.902   605  1233 W SocketListener: sending broadcast to Pid = 1256, Uid = 1000 
02-28 07:34:41.905  1256  1778 I chatty  : uid=1000(system) NetdConnector expire 2 lines
02-28 07:34:54.252  1256  2104 I chatty  : uid=1000(system) watchdog expire 10 lines
02-28 07:35:00.266  1256  1579 I chatty  : uid=1000(system) UEventObserver expire 20 lines
02-28 07:35:00.278  1256  1256 I chatty  : uid=1000 system_server expire 20 lines
02-28 07:39:40.765  1256  1794 I chatty  : uid=1000(system) WifiScanningSer expire 5 lines
02-28 07:39:41.963   605  1233 W SocketListener: sending broadcast to Pid = 1256, Uid = 1000 
02-28 07:39:41.965  1256  1778 I chatty  : uid=1000(system) NetdConnector expire 10 lines
02-28 07:39:41.969  1256  1438 I chatty  : uid=1000(system) android.fg expire 5 lines
02-28 07:39:41.985  1256  1588 I chatty  : uid=1000(system) Binder:1256_3 expire 6 lines
02-28 07:39:41.987  1256  1845 I chatty  : uid=1000(system) HwSelfCureEngin expire 6 lines
02-28 07:39:41.988  1256  2388 I chatty  : uid=1000(system) Binder:1256_B expire 5 lines
02-28 07:39:54.265  1256  2104 I chatty  : uid=1000(system) watchdog expire 10 lines
02-28 07:40:02.334  1256  1579 I chatty  : uid=1000(system) UEventObserver expire 16 lines
02-28 07:40:02.353  1256  1256 I chatty  : uid=1000 system_server expire 12 lines
02-28 07:43:55.495  1256  1385 I chatty  : uid=1000(system) batterystats-sy expire 4 lines
02-28 07:44:00.762   753   927 E /system/bin/storaged: pid_info get_pids failed
02-28 07:44:03.999  1256  1579 I chatty  : uid=1000(system) UEventObserver expire 24 lines
02-28 07:44:04.014  1256  1256 I chatty  : uid=1000 system_server expire 22 lines
02-28 07:44:20.698  1256  1779 I chatty  : uid=1000(system) NetworkStats expire 7 lines
02-28 07:44:20.702  1256  1783 I chatty  : uid=1000(system) WifiStateMachin expire 1 line
02-28 07:44:20.724  1256  2152 I chatty  : uid=1000(system) Binder:1256_7 expire 9 lines
02-28 07:44:20.762  1256  1283 I chatty  : uid=1000(system) Binder:1256_2 expire 7 lines
02-28 07:44:21.595  1256  1849 I chatty  : uid=1000(system) StatisticsCHRMs expire 4 lines
02-28 07:44:21.936   605  1233 W SocketListener: sending broadcast to Pid = 1256, Uid = 1000 
02-28 07:44:32.638  1256 27719 I chatty  : uid=1000 system_server expire 1 line
02-28 07:44:42.010   605  1233 W SocketListener: sending broadcast to Pid = 1256, Uid = 1000 
02-28 07:44:54.281  1256  2104 I chatty  : uid=1000(system) watchdog expire 10 lines
02-28 07:49:42.033   605  1233 W SocketListener: sending broadcast to Pid = 1256, Uid = 1000 
02-28 07:49:42.036  1256  1778 I chatty  : uid=1000(system) NetdConnector expire 4 lines
02-28 07:49:54.301  1256  2104 I chatty  : uid=1000(system) watchdog expire 10 lines
02-28 07:50:06.497  1256  1579 I chatty  : uid=1000(system) UEventObserver expire 20 lines
02-28 07:50:06.509  1256  1256 I chatty  : uid=1000 system_server expire 18 lines
02-28 07:54:42.092   605  1233 W SocketListener: sending broadcast to Pid = 1256, Uid = 1000 
02-28 07:54:54.316  1256  2104 I chatty  : uid=1000(system) watchdog expire 9 lines
02-28 07:55:08.574  1256  1579 I chatty  : uid=1000(system) UEventObserver expire 16 lines
02-28 07:55:38.801  1256  1256 I chatty  : uid=1000 system_server expire 12 lines
02-28 07:59:00.768   753   927 E /system/bin/storaged: pid_info get_pids failed
02-28 07:59:10.235  1256  1579 I chatty  : uid=1000(system) UEventObserver expire 22 lines
02-28 07:59:24.328  1256  2104 I chatty  : uid=1000(system) watchdog expire 10 lines
02-28 07:59:40.458  1256  1256 I chatty  : uid=1000 system_server expire 41 lines
02-28 07:59:40.897  1256  1794 I chatty  : uid=1000(system) WifiScanningSer expire 4 lines
02-28 07:59:42.135   605  1233 W SocketListener: sending broadcast to Pid = 1256, Uid = 1000 
02-28 07:59:42.136  1256  1778 I chatty  : uid=1000(system) NetdConnector expire 8 lines
02-28 07:59:42.137  1256  1438 I chatty  : uid=1000(system) android.fg expire 4 lines
02-28 07:59:42.156  1256  2152 I chatty  : uid=1000(system) Binder:1256_7 expire 5 lines
02-28 07:59:42.163  1256  1283 I chatty  : uid=1000(system) Binder:1256_2 expire 10 lines
02-28 07:59:42.165  1256  1845 I chatty  : uid=1000(system) HwSelfCureEngin expire 5 lines
02-28 07:59:42.165  1256  1588 I chatty  : uid=1000(system) Binder:1256_3 expire 6 lines
02-28 08:00:00.323  1256  1827 I chatty  : uid=1000(system) GraphicsStats-d expire 1 line
02-28 08:00:00.360  1256  3146 I chatty  : uid=1000(system) Binder:1256_13 expire 19 lines
02-28 08:00:00.406  1256  3114 I chatty  : uid=1000(system) Binder:1256_E expire 13 lines
02-28 08:04:20.714  1256  1783 I chatty  : uid=1000(system) WifiStateMachin expire 1 line
02-28 08:04:21.981   605  1233 W SocketListener: sending broadcast to Pid = 1256, Uid = 1000 
02-28 08:04:21.994  1256  3114 I chatty  : uid=1000(system) Binder:1256_E expire 4 lines
02-28 08:04:24.342  1256  2104 I chatty  : uid=1000(system) watchdog expire 11 lines
02-28 08:04:42.157   605  1233 W SocketListener: sending broadcast to Pid = 1256, Uid = 1000 
02-28 08:04:42.184  1256  3146 I chatty  : uid=1000(system) Binder:1256_13 expire 2 lines
02-28 08:04:42.523  1256  1579 I chatty  : uid=1000(system) UEventObserver expire 20 lines
02-28 08:04:42.537  1256  1256 I chatty  : uid=1000 system_server expire 18 lines
02-28 08:09:42.238   605  1233 W SocketListener: sending broadcast to Pid = 1256, Uid = 1000 
02-28 08:09:44.610  1256  1579 I chatty  : uid=1000(system) UEventObserver expire 18 lines
02-28 08:09:44.619  1256  1256 I chatty  : uid=1000 system_server expire 16 lines
02-28 08:09:54.357  1256  2104 I chatty  : uid=1000(system) watchdog expire 9 lines
02-28 08:13:55.550  1256  1385 I chatty  : uid=1000(system) batterystats-sy expire 4 lines
02-28 08:14:00.779   753   927 E /system/bin/storaged: open file /data/storaged/storaged.txt failed!2
02-28 08:14:00.779   753   927 E /system/bin/storaged: write(append)  diskstat data failed!ts:1519776840,read bytes:393273344, write bytes: 55906304
02-28 08:14:00.793   753   927 E /system/bin/storaged: curr_io_stats:  size: 185
02-28 08:14:00.802   753   927 E /system/bin/storaged: open file /data/storaged/storaged.txt failed!2
02-28 08:14:00.802   753   927 E /system/bin/storaged: write(append)  uid data failed!
02-28 08:14:00.802   753   927 E /system/bin/storaged: pid_info get_pids failed
02-28 08:14:16.481  1256  1579 I chatty  : uid=1000(system) UEventObserver expire 2 lines
02-28 08:14:16.496  1256  1256 I chatty  : uid=1000 system_server expire 2 lines
02-28 08:14:21.673  1256  1849 I chatty  : uid=1000(system) StatisticsCHRMs expire 4 lines
02-28 08:14:24.370  1256  2104 I chatty  : uid=1000(system) watchdog expire 11 lines
02-28 08:14:32.647  1256 29681 I chatty  : uid=1000 system_server expire 1 line
02-28 08:14:41.044  1256  1794 I chatty  : uid=1000(system) WifiScanningSer expire 5 lines
02-28 08:14:42.295   605  1233 W SocketListener: sending broadcast to Pid = 1256, Uid = 1000 
02-28 08:14:42.297  1256  1778 I chatty  : uid=1000(system) NetdConnector expire 12 lines
02-28 08:14:42.301  1256  1438 I chatty  : uid=1000(system) android.fg expire 5 lines
02-28 08:14:42.314  1256  3146 I chatty  : uid=1000(system) Binder:1256_13 expire 5 lines
02-28 08:14:42.318  1256  1845 I chatty  : uid=1000(system) HwSelfCureEngin expire 6 lines
02-28 08:14:42.318  1256  1283 I chatty  : uid=1000(system) Binder:1256_2 expire 8 lines
02-28 08:14:42.319  1256  3114 I chatty  : uid=1000(system) Binder:1256_E expire 9 lines
02-28 08:14:46.691  1256  1579 I chatty  : uid=1000(system) UEventObserver expire 20 lines
02-28 08:14:46.707  1256  1256 I chatty  : uid=1000 system_server expire 20 lines
02-28 08:17:47.986  1256  1446 I chatty  : uid=1000(system) CpuTracker expire 3 lines
02-28 08:19:42.282   605  1233 W SocketListener: sending broadcast to Pid = 1256, Uid = 1000 
02-28 08:19:48.778  1256  1579 I chatty  : uid=1000(system) UEventObserver expire 20 lines
02-28 08:19:48.791  1256  1256 I chatty  : uid=1000 system_server expire 18 lines
02-28 08:19:54.390  1256  2104 I chatty  : uid=1000(system) watchdog expire 10 lines
02-28 08:24:42.384   605  1233 W SocketListener: sending broadcast to Pid = 1256, Uid = 1000 
02-28 08:24:42.413  1256  1588 I chatty  : uid=1000(system) Binder:1256_3 expire 3 lines
02-28 08:24:50.849  1256  1579 I chatty  : uid=1000(system) UEventObserver expire 18 lines
02-28 08:24:54.403  1256  2104 I chatty  : uid=1000(system) watchdog expire 10 lines
02-28 08:25:51.275  1256  1256 I chatty  : uid=1000 system_server expire 14 lines
02-28 08:29:00.808   753   927 E /system/bin/storaged: pid_info get_pids failed
02-28 08:29:22.719  1256  1579 I chatty  : uid=1000(system) UEventObserver expire 20 lines
02-28 08:29:22.733  1256  1256 I chatty  : uid=1000 system_server expire 16 lines
02-28 08:29:42.474   605  1233 W SocketListener: sending broadcast to Pid = 1256, Uid = 1000 
02-28 08:29:54.417  1256  2104 I chatty  : uid=1000(system) watchdog expire 9 lines
02-28 08:30:00.033  1256  1779 I chatty  : uid=1000(system) NetworkStats expire 7 lines
02-28 08:30:00.041  1256  1783 I chatty  : uid=1000(system) WifiStateMachin expire 1 line
02-28 08:30:01.278   605  1233 W SocketListener: sending broadcast to Pid = 1256, Uid = 1000 
02-28 08:30:01.280  1256  1778 I chatty  : uid=1000(system) NetdConnector expire 14 lines
02-28 08:34:24.428  1256  2104 I chatty  : uid=1000(system) watchdog expire 11 lines
02-28 08:34:24.797  1256  1579 I chatty  : uid=1000(system) UEventObserver expire 22 lines
02-28 08:34:24.810  1256  1256 I chatty  : uid=1000 system_server expire 22 lines
02-28 08:34:41.338  1256  1794 I chatty  : uid=1000(system) WifiScanningSer expire 5 lines
02-28 08:34:42.577   605  1233 W SocketListener: sending broadcast to Pid = 1256, Uid = 1000 
02-28 08:34:42.584  1256  1438 I chatty  : uid=1000(system) android.fg expire 5 lines
02-28 08:34:42.594  1256  1588 I chatty  : uid=1000(system) Binder:1256_3 expire 5 lines
02-28 08:34:42.595  1256  2152 I chatty  : uid=1000(system) Binder:1256_7 expire 10 lines
02-28 08:34:42.598  1256  1845 I chatty  : uid=1000(system) HwSelfCureEngin expire 6 lines
02-28 08:34:42.598  1256  3146 I chatty  : uid=1000(system) Binder:1256_13 expire 5 lines
02-28 08:39:42.636   605  1233 W SocketListener: sending broadcast to Pid = 1256, Uid = 1000 
02-28 08:39:42.663  1256  1283 I chatty  : uid=1000(system) Binder:1256_2 expire 2 lines
02-28 08:39:54.444  1256  2104 I chatty  : uid=1000(system) watchdog expire 10 lines
02-28 08:39:57.087  1256  1579 I chatty  : uid=1000(system) UEventObserver expire 18 lines
02-28 08:39:57.097  1256  1256 I chatty  : uid=1000 system_server expire 18 lines
02-28 08:43:55.614  1256  1385 I chatty  : uid=1000(system) batterystats-sy expire 4 lines
02-28 08:44:00.814   753   927 E /system/bin/storaged: pid_info get_pids failed
02-28 08:44:21.682  1256  1849 I chatty  : uid=1000(system) StatisticsCHRMs expire 4 lines
02-28 08:44:28.969  1256  1579 I chatty  : uid=1000(system) UEventObserver expire 22 lines
02-28 08:44:28.979  1256  1256 I chatty  : uid=1000 system_server expire 18 lines
02-28 08:44:32.649  1256 31608 I chatty  : uid=1000 system_server expire 1 line
02-28 08:44:42.683   605  1233 W SocketListener: sending broadcast to Pid = 1256, Uid = 1000 
