02-26 15:00:25.941 29633 29633 F DEBUG   :     #14 pc 001f27fb  /system/lib/libart.so (_ZN3art11interpreter34ArtInterpreterToCompiledCodeBridgeEPNS_6ThreadEPNS_9ArtMethodEPKNS_7DexFile8CodeItemEPNS_11ShadowFrameEPNS_6JValueE+238)
02-26 15:00:25.941 29633 29633 F DEBUG   :     #15 pc 001edd71  /system/lib/libart.so (_ZN3art11interpreter6DoCallILb0ELb0EEEbPNS_9ArtMethodEPNS_6ThreadERNS_11ShadowFrameEPKNS_11InstructionEtPNS_6JValueE+576)
02-26 15:00:25.941 29633 29633 F DEBUG   :     #16 pc 003ca879  /system/lib/libart.so (MterpInvokeVirtual+440)
02-26 15:00:25.941 29633 29633 F DEBUG   :     #17 pc 003d2c14  /system/lib/libart.so (ExecuteMterpImpl+14228)
02-26 15:00:25.941 29633 29633 F DEBUG   :     #18 pc 001d5351  /system/lib/libart.so (_ZN3art11interpreterL7ExecuteEPNS_6ThreadEPKNS_7DexFile8CodeItemERNS_11ShadowFrameENS_6JValueEb+340)
02-26 15:00:25.941 29633 29633 F DEBUG   :     #19 pc 001da6a3  /system/lib/libart.so (_ZN3art11interpreter33ArtInterpreterToInterpreterBridgeEPNS_6ThreadEPKNS_7DexFile8CodeItemEPNS_11ShadowFrameEPNS_6JValueE+142)
02-26 15:00:25.941 29633 29633 F DEBUG   :     #20 pc 001edd5b  /system/lib/libart.so (_ZN3art11interpreter6DoCallILb0ELb0EEEbPNS_9ArtMethodEPNS_6ThreadERNS_11ShadowFrameEPKNS_11InstructionEtPNS_6JValueE+554)
02-26 15:00:25.941 29633 29633 F DEBUG   :     #21 pc 003ca879  /system/lib/libart.so (MterpInvokeVirtual+440)
02-26 15:00:25.941 29633 29633 F DEBUG   :     #22 pc 003d2c14  /system/lib/libart.so (ExecuteMterpImpl+14228)
02-26 15:00:25.941 29633 29633 F DEBUG   :     #23 pc 001d5351  /system/lib/libart.so (_ZN3art11interpreterL7ExecuteEPNS_6ThreadEPKNS_7DexFile8CodeItemERNS_11ShadowFrameENS_6JValueEb+340)
02-26 15:00:25.941 29633 29633 F DEBUG   :     #24 pc 001da6a3  /system/lib/libart.so (_ZN3art11interpreter33ArtInterpreterToInterpreterBridgeEPNS_6ThreadEPKNS_7DexFile8CodeItemEPNS_11ShadowFrameEPNS_6JValueE+142)
02-26 15:00:25.941 29633 29633 F DEBUG   :     #25 pc 001edd5b  /system/lib/libart.so (_ZN3art11interpreter6DoCallILb0ELb0EEEbPNS_9ArtMethodEPNS_6ThreadERNS_11ShadowFrameEPKNS_11InstructionEtPNS_6JValueE+554)
02-26 15:00:25.941 29633 29633 F DEBUG   :     #26 pc 003ca879  /system/lib/libart.so (MterpInvokeVirtual+440)
02-26 15:00:25.941 29633 29633 F DEBUG   :     #27 pc 003d2c14  /system/lib/libart.so (ExecuteMterpImpl+14228)
02-26 15:00:25.941 29633 29633 F DEBUG   :     #28 pc 001d5351  /system/lib/libart.so (_ZN3art11interpreterL7ExecuteEPNS_6ThreadEPKNS_7DexFile8CodeItemERNS_11ShadowFrameENS_6JValueEb+340)
02-26 15:00:25.941 29633 29633 F DEBUG   :     #29 pc 001da6a3  /system/lib/libart.so (_ZN3art11interpreter33ArtInterpreterToInterpreterBridgeEPNS_6ThreadEPKNS_7DexFile8CodeItemEPNS_11ShadowFrameEPNS_6JValueE+142)
02-26 15:00:25.941 29633 29633 F DEBUG   :     #30 pc 001edd5b  /system/lib/libart.so (_ZN3art11interpreter6DoCallILb0ELb0EEEbPNS_9ArtMethodEPNS_6ThreadERNS_11ShadowFrameEPKNS_11InstructionEtPNS_6JValueE+554)
02-26 15:00:25.941 29633 29633 F DEBUG   :     #31 pc 003ca879  /system/lib/libart.so (MterpInvokeVirtual+440)
02-26 15:00:25.941 29633 29633 F DEBUG   :     #32 pc 003d2c14  /system/lib/libart.so (ExecuteMterpImpl+14228)
02-26 15:00:25.941 29633 29633 F DEBUG   :     #33 pc 001d5351  /system/lib/libart.so (_ZN3art11interpreterL7ExecuteEPNS_6ThreadEPKNS_7DexFile8CodeItemERNS_11ShadowFrameENS_6JValueEb+340)
02-26 15:00:25.941 29633 29633 F DEBUG   :     #34 pc 001da6a3  /system/lib/libart.so (_ZN3art11interpreter33ArtInterpreterToInterpreterBridgeEPNS_6ThreadEPKNS_7DexFile8CodeItemEPNS_11ShadowFrameEPNS_6JValueE+142)
02-26 15:00:25.941 29633 29633 F DEBUG   :     #35 pc 001edd5b  /system/lib/libart.so (_ZN3art11interpreter6DoCallILb0ELb0EEEbPNS_9ArtMethodEPNS_6ThreadERNS_11ShadowFrameEPKNS_11InstructionEtPNS_6JValueE+554)
02-26 15:00:25.941 29633 29633 F DEBUG   :     #36 pc 003cb735  /system/lib/libart.so (MterpInvokeDirect+356)
02-26 15:00:25.941 29633 29633 F DEBUG   :     #37 pc 003d2d14  /system/lib/libart.so (ExecuteMterpImpl+14484)
02-26 15:00:25.941 29633 29633 F DEBUG   :     #38 pc 001d5351  /system/lib/libart.so (_ZN3art11interpreterL7ExecuteEPNS_6ThreadEPKNS_7DexFile8CodeItemERNS_11ShadowFrameENS_6JValueEb+340)
02-26 15:00:25.941 29633 29633 F DEBUG   :     #39 pc 001da6a3  /system/lib/libart.so (_ZN3art11interpreter33ArtInterpreterToInterpreterBridgeEPNS_6ThreadEPKNS_7DexFile8CodeItemEPNS_11ShadowFrameEPNS_6JValueE+142)
02-26 15:00:25.941 29633 29633 F DEBUG   :     #40 pc 001edd5b  /system/lib/libart.so (_ZN3art11interpreter6DoCallILb0ELb0EEEbPNS_9ArtMethodEPNS_6ThreadERNS_11ShadowFrameEPKNS_11InstructionEtPNS_6JValueE+554)
02-26 15:00:25.941 29633 29633 F DEBUG   :     #41 pc 003cb735  /system/lib/libart.so (MterpInvokeDirect+356)
02-26 15:00:25.941 29633 29633 F DEBUG   :     #42 pc 003d2d14  /system/lib/libart.so (ExecuteMterpImpl+14484)
02-26 15:00:25.941 29633 29633 F DEBUG   :     #43 pc 001d5351  /system/lib/libart.so (_ZN3art11interpreterL7ExecuteEPNS_6ThreadEPKNS_7DexFile8CodeItemERNS_11ShadowFrameENS_6JValueEb+340)
02-26 15:00:25.941 29633 29633 F DEBUG   :     #44 pc 001da6a3  /system/lib/libart.so (_ZN3art11interpreter33ArtInterpreterToInterpreterBridgeEPNS_6ThreadEPKNS_7DexFile8CodeItemEPNS_11ShadowFrameEPNS_6JValueE+142)
02-26 15:00:25.941 29633 29633 F DEBUG   :     #45 pc 001edd5b  /system/lib/libart.so (_ZN3art11interpreter6DoCallILb0ELb0EEEbPNS_9ArtMethodEPNS_6ThreadERNS_11ShadowFrameEPKNS_11InstructionEtPNS_6JValueE+554)
02-26 15:00:25.941 29633 29633 F DEBUG   :     #46 pc 003cb92f  /system/lib/libart.so (MterpInvokeStatic+322)
02-26 15:00:25.941 29633 29633 F DEBUG   :     #47 pc 003d2d94  /system/lib/libart.so (ExecuteMterpImpl+14612)
02-26 15:00:25.941 29633 29633 F DEBUG   :     #48 pc 001d5351  /system/lib/libart.so (_ZN3art11interpreterL7ExecuteEPNS_6ThreadEPKNS_7DexFile8CodeItemERNS_11ShadowFrameENS_6JValueEb+340)
02-26 15:00:25.941 29633 29633 F DEBUG   :     #49 pc 001da6a3  /system/lib/libart.so (_ZN3art11interpreter33ArtInterpreterToInterpreterBridgeEPNS_6ThreadEPKNS_7DexFile8CodeItemEPNS_11ShadowFrameEPNS_6JValueE+142)
02-26 15:00:25.941 29633 29633 F DEBUG   :     #50 pc 001edd5b  /system/lib/libart.so (_ZN3art11interpreter6DoCallILb0ELb0EEEbPNS_9ArtMethodEPNS_6ThreadERNS_11ShadowFrameEPKNS_11InstructionEtPNS_6JValueE+554)
02-26 15:00:25.941 29633 29633 F DEBUG   :     #51 pc 003ca879  /system/lib/libart.so (MterpInvokeVirtual+440)
02-26 15:00:25.941 29633 29633 F DEBUG   :     #52 pc 003d2c14  /system/lib/libart.so (ExecuteMterpImpl+14228)
02-26 15:00:25.941 29633 29633 F DEBUG   :     #53 pc 001d5351  /system/lib/libart.so (_ZN3art11interpreterL7ExecuteEPNS_6ThreadEPKNS_7DexFile8CodeItemERNS_11ShadowFrameENS_6JValueEb+340)
02-26 15:00:25.941 29633 29633 F DEBUG   :     #54 pc 001da6a3  /system/lib/libart.so (_ZN3art11interpreter33ArtInterpreterToInterpreterBridgeEPNS_6ThreadEPKNS_7DexFile8CodeItemEPNS_11ShadowFrameEPNS_6JValueE+142)
02-26 15:00:25.941 29633 29633 F DEBUG   :     #55 pc 001edd5b  /system/lib/libart.so (_ZN3art11interpreter6DoCallILb0ELb0EEEbPNS_9ArtMethodEPNS_6ThreadERNS_11ShadowFrameEPKNS_11InstructionEtPNS_6JValueE+554)
02-26 15:00:25.941 29633 29633 F DEBUG   :     #56 pc 003ca879  /system/lib/libart.so (MterpInvokeVirtual+440)
02-26 15:00:25.941 29633 29633 F DEBUG   :     #57 pc 003d2c14  /system/lib/libart.so (ExecuteMterpImpl+14228)
02-26 15:00:25.941 29633 29633 F DEBUG   :     #58 pc 001d5351  /system/lib/libart.so (_ZN3art11interpreterL7ExecuteEPNS_6ThreadEPKNS_7DexFile8CodeItemERNS_11ShadowFrameENS_6JValueEb+340)
02-26 15:00:25.941 29633 29633 F DEBUG   :     #59 pc 001da6a3  /system/lib/libart.so (_ZN3art11interpreter33ArtInterpreterToInterpreterBridgeEPNS_6ThreadEPKNS_7DexFile8CodeItemEPNS_11ShadowFrameEPNS_6JValueE+142)
02-26 15:00:25.941 29633 29633 F DEBUG   :     #60 pc 001edd5b  /system/lib/libart.so (_ZN3art11interpreter6DoCallILb0ELb0EEEbPNS_9ArtMethodEPNS_6ThreadERNS_11ShadowFrameEPKNS_11InstructionEtPNS_6JValueE+554)
02-26 15:00:25.941 29633 29633 F DEBUG   :     #61 pc 003cb92f  /system/lib/libart.so (MterpInvokeStatic+322)
02-26 15:00:25.941 29633 29633 F DEBUG   :     #62 pc 003d2d94  /system/lib/libart.so (ExecuteMterpImpl+14612)
02-26 15:00:25.941 29633 29633 F DEBUG   :     #63 pc 001d5351  /system/lib/libart.so (_ZN3art11interpreterL7ExecuteEPNS_6ThreadEPKNS_7DexFile8CodeItemERNS_11ShadowFrameENS_6JValueEb+340)
02-26 15:04:04.177 30039 30039 F libc    : Fatal signal 6 (SIGABRT), code -6 in tid 30039 (.productdisplay)
02-26 15:04:04.247 30141 30141 F DEBUG   : *** *** *** *** *** *** *** *** *** *** *** *** *** *** *** ***
02-26 15:04:04.247 30141 30141 F DEBUG   : Build fingerprint: 'HONOR/BKL-AL00/HWBKL:8.0.0/HUAWEIBKL-AL00/116(C00):user/release-keys'
02-26 15:04:04.247 30141 30141 F DEBUG   : Revision: '0'
02-26 15:04:04.247 30141 30141 F DEBUG   : ABI: 'arm'
02-26 15:04:04.247 30141 30141 F DEBUG   : pid: 30039, tid: 30039, name: .productdisplay  >>> com.cambricon.productdisplay <<<
02-26 15:04:04.247 30141 30141 F DEBUG   : signal 6 (SIGABRT), code -6 (SI_TKILL), fault addr --------
02-26 15:04:04.248 30141 30141 F DEBUG   : Abort message: 'F0226 15:04:04.175956 30039 caffe_detection.cpp:60] Check failed: net_->num_outputs() == 1 (2 vs. 1) Network should have exactly one output.
02-26 15:04:04.248 30141 30141 F DEBUG   : '
02-26 15:04:04.248 30141 30141 F DEBUG   :     r0 00000000  r1 00007557  r2 00000006  r3 00000008
02-26 15:04:04.248 30141 30141 F DEBUG   :     r4 00007557  r5 00007557  r6 ff868ce8  r7 0000010c
02-26 15:04:04.248 30141 30141 F DEBUG   :     r8 ccfbca4a  r9 ff868e28  sl cd0c4bf4  fp f0bcb000
02-26 15:04:04.248 30141 30141 F DEBUG   :     ip 00000000  sp ff868cd8  lr f16fb457  pc f172c174  cpsr 200f0010
02-26 15:04:04.257 30141 30141 F DEBUG   : 
02-26 15:04:04.257 30141 30141 F DEBUG   : backtrace:
02-26 15:04:04.257 30141 30141 F DEBUG   :     #00 pc 0004b174  /system/lib/libc.so (tgkill+12)
02-26 15:04:04.257 30141 30141 F DEBUG   :     #01 pc 0001a453  /system/lib/libc.so (abort+54)
02-26 15:04:04.257 30141 30141 F DEBUG   :     #02 pc 0027f88b  /data/app/com.cambricon.productdisplay-ZyWv9YknpsSiauIs5WJUpw==/lib/arm/libcaffe.so
02-26 15:04:04.258 30141 30141 F DEBUG   :     #03 pc 002811a7  /data/app/com.cambricon.productdisplay-ZyWv9YknpsSiauIs5WJUpw==/lib/arm/libcaffe.so (_ZN6google10LogMessage4FailEv+10)
02-26 15:04:04.258 30141 30141 F DEBUG   :     #04 pc 002837f1  /data/app/com.cambricon.productdisplay-ZyWv9YknpsSiauIs5WJUpw==/lib/arm/libcaffe.so (_ZN6google10LogMessage9SendToLogEv+244)
02-26 15:04:04.258 30141 30141 F DEBUG   :     #05 pc 00280f11  /data/app/com.cambricon.productdisplay-ZyWv9YknpsSiauIs5WJUpw==/lib/arm/libcaffe.so (_ZN6google10LogMessage5FlushEv+120)
02-26 15:04:04.258 30141 30141 F DEBUG   :     #06 pc 00283add  /data/app/com.cambricon.productdisplay-ZyWv9YknpsSiauIs5WJUpw==/lib/arm/libcaffe.so (_ZN6google15LogMessageFatalD1Ev+4)
02-26 15:04:04.258 30141 30141 F DEBUG   :     #07 pc 00012d43  /data/app/com.cambricon.productdisplay-ZyWv9YknpsSiauIs5WJUpw==/lib/arm/libdetecte_jni.so (_ZN5caffe9DetectionC2ERKSsS2_+562)
02-26 15:04:04.258 30141 30141 F DEBUG   :     #08 pc 00012f6f  /data/app/com.cambricon.productdisplay-ZyWv9YknpsSiauIs5WJUpw==/lib/arm/libdetecte_jni.so (_ZN5caffe9Detection3GetERKSsS2_+62)
02-26 15:04:04.258 30141 30141 F DEBUG   :     #09 pc 0000f9fb  /data/app/com.cambricon.productdisplay-ZyWv9YknpsSiauIs5WJUpw==/lib/arm/libdetecte_jni.so (Java_com_cambricon_productdisplay_caffenative_CaffeDetection_loadModel+82)
02-26 15:04:04.258 30141 30141 F DEBUG   :     #10 pc 003e4679  /system/lib/libart.so (art_quick_generic_jni_trampoline+40)
02-26 15:04:04.258 30141 30141 F DEBUG   :     #11 pc 003e0931  /system/lib/libart.so (art_quick_invoke_stub_internal+64)
02-26 15:04:04.258 30141 30141 F DEBUG   :     #12 pc 003e4ea3  /system/lib/libart.so (art_quick_invoke_stub+226)
02-26 15:04:04.258 30141 30141 F DEBUG   :     #13 pc 000ac2d9  /system/lib/libart.so (_ZN3art9ArtMethod6InvokeEPNS_6ThreadEPjjPNS_6JValueEPKc+140)
02-26 15:04:04.258 30141 30141 F DEBUG   :     #14 pc 001f27fb  /system/lib/libart.so (_ZN3art11interpreter34ArtInterpreterToCompiledCodeBridgeEPNS_6ThreadEPNS_9ArtMethodEPKNS_7DexFile8CodeItemEPNS_11ShadowFrameEPNS_6JValueE+238)
02-26 15:04:04.258 30141 30141 F DEBUG   :     #15 pc 001edd71  /system/lib/libart.so (_ZN3art11interpreter6DoCallILb0ELb0EEEbPNS_9ArtMethodEPNS_6ThreadERNS_11ShadowFrameEPKNS_11InstructionEtPNS_6JValueE+576)
02-26 15:04:04.258 30141 30141 F DEBUG   :     #16 pc 003ca879  /system/lib/libart.so (MterpInvokeVirtual+440)
02-26 15:04:04.258 30141 30141 F DEBUG   :     #17 pc 003d2c14  /system/lib/libart.so (ExecuteMterpImpl+14228)
02-26 15:04:04.258 30141 30141 F DEBUG   :     #18 pc 001d5351  /system/lib/libart.so (_ZN3art11interpreterL7ExecuteEPNS_6ThreadEPKNS_7DexFile8CodeItemERNS_11ShadowFrameENS_6JValueEb+340)
02-26 15:04:04.258 30141 30141 F DEBUG   :     #19 pc 001da6a3  /system/lib/libart.so (_ZN3art11interpreter33ArtInterpreterToInterpreterBridgeEPNS_6ThreadEPKNS_7DexFile8CodeItemEPNS_11ShadowFrameEPNS_6JValueE+142)
02-26 15:04:04.258 30141 30141 F DEBUG   :     #20 pc 001edd5b  /system/lib/libart.so (_ZN3art11interpreter6DoCallILb0ELb0EEEbPNS_9ArtMethodEPNS_6ThreadERNS_11ShadowFrameEPKNS_11InstructionEtPNS_6JValueE+554)
02-26 15:04:04.258 30141 30141 F DEBUG   :     #21 pc 003ca879  /system/lib/libart.so (MterpInvokeVirtual+440)
02-26 15:04:04.258 30141 30141 F DEBUG   :     #22 pc 003d2c14  /system/lib/libart.so (ExecuteMterpImpl+14228)
02-26 15:04:04.258 30141 30141 F DEBUG   :     #23 pc 001d5351  /system/lib/libart.so (_ZN3art11interpreterL7ExecuteEPNS_6ThreadEPKNS_7DexFile8CodeItemERNS_11ShadowFrameENS_6JValueEb+340)
02-26 15:04:04.258 30141 30141 F DEBUG   :     #24 pc 001da6a3  /system/lib/libart.so (_ZN3art11interpreter33ArtInterpreterToInterpreterBridgeEPNS_6ThreadEPKNS_7DexFile8CodeItemEPNS_11ShadowFrameEPNS_6JValueE+142)
02-26 15:04:04.258 30141 30141 F DEBUG   :     #25 pc 001edd5b  /system/lib/libart.so (_ZN3art11interpreter6DoCallILb0ELb0EEEbPNS_9ArtMethodEPNS_6ThreadERNS_11ShadowFrameEPKNS_11InstructionEtPNS_6JValueE+554)
02-26 15:04:04.258 30141 30141 F DEBUG   :     #26 pc 003ca879  /system/lib/libart.so (MterpInvokeVirtual+440)
02-26 15:04:04.258 30141 30141 F DEBUG   :     #27 pc 003d2c14  /system/lib/libart.so (ExecuteMterpImpl+14228)
02-26 15:04:04.258 30141 30141 F DEBUG   :     #28 pc 001d5351  /system/lib/libart.so (_ZN3art11interpreterL7ExecuteEPNS_6ThreadEPKNS_7DexFile8CodeItemERNS_11ShadowFrameENS_6JValueEb+340)
02-26 15:04:04.258 30141 30141 F DEBUG   :     #29 pc 001da6a3  /system/lib/libart.so (_ZN3art11interpreter33ArtInterpreterToInterpreterBridgeEPNS_6ThreadEPKNS_7DexFile8CodeItemEPNS_11ShadowFrameEPNS_6JValueE+142)
02-26 15:04:04.258 30141 30141 F DEBUG   :     #30 pc 001edd5b  /system/lib/libart.so (_ZN3art11interpreter6DoCallILb0ELb0EEEbPNS_9ArtMethodEPNS_6ThreadERNS_11ShadowFrameEPKNS_11InstructionEtPNS_6JValueE+554)
02-26 15:04:04.258 30141 30141 F DEBUG   :     #31 pc 003ca879  /system/lib/libart.so (MterpInvokeVirtual+440)
02-26 15:04:04.258 30141 30141 F DEBUG   :     #32 pc 003d2c14  /system/lib/libart.so (ExecuteMterpImpl+14228)
02-26 15:04:04.258 30141 30141 F DEBUG   :     #33 pc 001d5351  /system/lib/libart.so (_ZN3art11interpreterL7ExecuteEPNS_6ThreadEPKNS_7DexFile8CodeItemERNS_11ShadowFrameENS_6JValueEb+340)
02-26 15:04:04.258 30141 30141 F DEBUG   :     #34 pc 001da6a3  /system/lib/libart.so (_ZN3art11interpreter33ArtInterpreterToInterpreterBridgeEPNS_6ThreadEPKNS_7DexFile8CodeItemEPNS_11ShadowFrameEPNS_6JValueE+142)
02-26 15:04:04.258 30141 30141 F DEBUG   :     #35 pc 001edd5b  /system/lib/libart.so (_ZN3art11interpreter6DoCallILb0ELb0EEEbPNS_9ArtMethodEPNS_6ThreadERNS_11ShadowFrameEPKNS_11InstructionEtPNS_6JValueE+554)
02-26 15:04:04.258 30141 30141 F DEBUG   :     #36 pc 003cb735  /system/lib/libart.so (MterpInvokeDirect+356)
02-26 15:04:04.258 30141 30141 F DEBUG   :     #37 pc 003d2d14  /system/lib/libart.so (ExecuteMterpImpl+14484)
02-26 15:04:04.258 30141 30141 F DEBUG   :     #38 pc 001d5351  /system/lib/libart.so (_ZN3art11interpreterL7ExecuteEPNS_6ThreadEPKNS_7DexFile8CodeItemERNS_11ShadowFrameENS_6JValueEb+340)
02-26 15:04:04.258 30141 30141 F DEBUG   :     #39 pc 001da6a3  /system/lib/libart.so (_ZN3art11interpreter33ArtInterpreterToInterpreterBridgeEPNS_6ThreadEPKNS_7DexFile8CodeItemEPNS_11ShadowFrameEPNS_6JValueE+142)
02-26 15:04:04.258 30141 30141 F DEBUG   :     #40 pc 001edd5b  /system/lib/libart.so (_ZN3art11interpreter6DoCallILb0ELb0EEEbPNS_9ArtMethodEPNS_6ThreadERNS_11ShadowFrameEPKNS_11InstructionEtPNS_6JValueE+554)
02-26 15:04:04.258 30141 30141 F DEBUG   :     #41 pc 003cb735  /system/lib/libart.so (MterpInvokeDirect+356)
02-26 15:04:04.258 30141 30141 F DEBUG   :     #42 pc 003d2d14  /system/lib/libart.so (ExecuteMterpImpl+14484)
02-26 15:04:04.258 30141 30141 F DEBUG   :     #43 pc 001d5351  /system/lib/libart.so (_ZN3art11interpreterL7ExecuteEPNS_6ThreadEPKNS_7DexFile8CodeItemERNS_11ShadowFrameENS_6JValueEb+340)
02-26 15:04:04.258 30141 30141 F DEBUG   :     #44 pc 001da6a3  /system/lib/libart.so (_ZN3art11interpreter33ArtInterpreterToInterpreterBridgeEPNS_6ThreadEPKNS_7DexFile8CodeItemEPNS_11ShadowFrameEPNS_6JValueE+142)
02-26 15:04:04.258 30141 30141 F DEBUG   :     #45 pc 001edd5b  /system/lib/libart.so (_ZN3art11interpreter6DoCallILb0ELb0EEEbPNS_9ArtMethodEPNS_6ThreadERNS_11ShadowFrameEPKNS_11InstructionEtPNS_6JValueE+554)
02-26 15:04:04.258 30141 30141 F DEBUG   :     #46 pc 003cb92f  /system/lib/libart.so (MterpInvokeStatic+322)
02-26 15:04:04.258 30141 30141 F DEBUG   :     #47 pc 003d2d94  /system/lib/libart.so (ExecuteMterpImpl+14612)
02-26 15:04:04.258 30141 30141 F DEBUG   :     #48 pc 001d5351  /system/lib/libart.so (_ZN3art11interpreterL7ExecuteEPNS_6ThreadEPKNS_7DexFile8CodeItemERNS_11ShadowFrameENS_6JValueEb+340)
02-26 15:04:04.258 30141 30141 F DEBUG   :     #49 pc 001da6a3  /system/lib/libart.so (_ZN3art11interpreter33ArtInterpreterToInterpreterBridgeEPNS_6ThreadEPKNS_7DexFile8CodeItemEPNS_11ShadowFrameEPNS_6JValueE+142)
02-26 15:04:04.258 30141 30141 F DEBUG   :     #50 pc 001edd5b  /system/lib/libart.so (_ZN3art11interpreter6DoCallILb0ELb0EEEbPNS_9ArtMethodEPNS_6ThreadERNS_11ShadowFrameEPKNS_11InstructionEtPNS_6JValueE+554)
02-26 15:04:04.258 30141 30141 F DEBUG   :     #51 pc 003ca879  /system/lib/libart.so (MterpInvokeVirtual+440)
02-26 15:04:04.258 30141 30141 F DEBUG   :     #52 pc 003d2c14  /system/lib/libart.so (ExecuteMterpImpl+14228)
02-26 15:04:04.258 30141 30141 F DEBUG   :     #53 pc 001d5351  /system/lib/libart.so (_ZN3art11interpreterL7ExecuteEPNS_6ThreadEPKNS_7DexFile8CodeItemERNS_11ShadowFrameENS_6JValueEb+340)
02-26 15:04:04.258 30141 30141 F DEBUG   :     #54 pc 001da6a3  /system/lib/libart.so (_ZN3art11interpreter33ArtInterpreterToInterpreterBridgeEPNS_6ThreadEPKNS_7DexFile8CodeItemEPNS_11ShadowFrameEPNS_6JValueE+142)
02-26 15:04:04.258 30141 30141 F DEBUG   :     #55 pc 001edd5b  /system/lib/libart.so (_ZN3art11interpreter6DoCallILb0ELb0EEEbPNS_9ArtMethodEPNS_6ThreadERNS_11ShadowFrameEPKNS_11InstructionEtPNS_6JValueE+554)
02-26 15:04:04.258 30141 30141 F DEBUG   :     #56 pc 003ca879  /system/lib/libart.so (MterpInvokeVirtual+440)
02-26 15:04:04.258 30141 30141 F DEBUG   :     #57 pc 003d2c14  /system/lib/libart.so (ExecuteMterpImpl+14228)
02-26 15:04:04.258 30141 30141 F DEBUG   :     #58 pc 001d5351  /system/lib/libart.so (_ZN3art11interpreterL7ExecuteEPNS_6ThreadEPKNS_7DexFile8CodeItemERNS_11ShadowFrameENS_6JValueEb+340)
02-26 15:04:04.258 30141 30141 F DEBUG   :     #59 pc 001da6a3  /system/lib/libart.so (_ZN3art11interpreter33ArtInterpreterToInterpreterBridgeEPNS_6ThreadEPKNS_7DexFile8CodeItemEPNS_11ShadowFrameEPNS_6JValueE+142)
02-26 15:04:04.258 30141 30141 F DEBUG   :     #60 pc 001edd5b  /system/lib/libart.so (_ZN3art11interpreter6DoCallILb0ELb0EEEbPNS_9ArtMethodEPNS_6ThreadERNS_11ShadowFrameEPKNS_11InstructionEtPNS_6JValueE+554)
02-26 15:04:04.258 30141 30141 F DEBUG   :     #61 pc 003cb92f  /system/lib/libart.so (MterpInvokeStatic+322)
02-26 15:04:04.258 30141 30141 F DEBUG   :     #62 pc 003d2d94  /system/lib/libart.so (ExecuteMterpImpl+14612)
02-26 15:04:04.258 30141 30141 F DEBUG   :     #63 pc 001d5351  /system/lib/libart.so (_ZN3art11interpreterL7ExecuteEPNS_6ThreadEPKNS_7DexFile8CodeItemERNS_11ShadowFrameENS_6JValueEb+340)
--------- beginning of system
02-26 15:11:32.192  1256  1439 I chatty  : uid=1000(system) android.ui expire 1 line
02-26 15:11:32.217  1256  6432 I chatty  : uid=1000(system) Binder:1256_17 expire 15 lines
02-26 15:11:32.220  1256  1599 I chatty  : uid=1000(system) sManagerService expire 1 line
02-26 15:11:35.038  1256  2136 I chatty  : uid=1000(system) MultiTaskManage expire 5 lines
02-26 15:11:35.056  1900  1900 I HwCoreAppHelperService: LocalReceiver receives:android.intent.action.PACKAGE_RESTARTED,pkg:com.huawei.appmarket,uid:10096
02-26 15:11:36.317   715   715 I chatty  : uid=1010(wifi) /system/bin/wificond expire 12 lines
02-26 15:11:36.815  1256  1917 I chatty  : uid=1000(system) Binder:1256_4 expire 16 lines
02-26 15:11:36.854  2005  2005 V KeyguardStatusView: refresh statusview showing:true
02-26 15:11:36.859  2005  2005 V KeyguardDisplayManager: show
02-26 15:11:36.908 31152 31152 V ActivityThread: Handle window ActivityRecord{e43ba35 token=android.os.BinderProxy@dc60941 {com.cambricon.productdisplay/com.cambricon.productdisplay.activity.TestActivity}} visibility: false
02-26 15:11:48.243   604  1237 W SocketListener: sending broadcast to Pid = 1256, Uid = 1000 
02-26 15:11:48.255  1256  1454 I chatty  : uid=1000(system) android.fg expire 10 lines
02-26 15:11:52.330   715   715 I chatty  : uid=1010(wifi) /system/bin/wificond expire 54 lines
02-26 15:12:01.516  1256  1256 I chatty  : uid=1000 system_server expire 10 lines
02-26 15:12:58.197   604  1233 W SocketListener: sending broadcast to Pid = 1256, Uid = 1000 
02-26 15:12:59.219   604  1233 W SocketListener: sending broadcast to Pid = 1256, Uid = 1000 
02-26 15:13:04.400   715   715 I chatty  : uid=1010(wifi) /system/bin/wificond expire 18 lines
02-26 15:13:10.240  1256  6432 I chatty  : uid=1000(system) Binder:1256_17 expire 12 lines
02-26 15:13:10.255  1256 12874 I chatty  : uid=1000(system) Binder:1256_20 expire 49 lines
02-26 15:13:25.526   604  1233 W SocketListener: sending broadcast to Pid = 1256, Uid = 1000 
02-26 15:13:25.543  1256  6432 I chatty  : uid=1000(system) Binder:1256_17 expire 18 lines
02-26 15:13:28.241   604  1233 W SocketListener: sending broadcast to Pid = 1256, Uid = 1000 
02-26 15:13:28.244  1256  1785 I chatty  : uid=1000(system) NetdConnector expire 10 lines
02-26 15:13:28.417   715   715 I chatty  : uid=1010(wifi) /system/bin/wificond expire 48 lines
02-26 15:13:32.124  1256  1583 I chatty  : uid=1000(system) UEventObserver expire 10 lines
02-26 15:14:02.340  1256  1256 I chatty  : uid=1000 system_server expire 17 lines
02-26 15:14:28.758   604  1233 W SocketListener: sending broadcast to Pid = 1256, Uid = 1000 
02-26 15:14:29.453   604  1233 W SocketListener: sending broadcast to Pid = 1256, Uid = 1000 
02-26 15:14:32.468   715   715 I chatty  : uid=1010(wifi) /system/bin/wificond expire 24 lines
02-26 15:14:59.543   604  1233 W SocketListener: sending broadcast to Pid = 1256, Uid = 1000 
02-26 15:15:00.500   604  1233 W SocketListener: sending broadcast to Pid = 1256, Uid = 1000 
02-26 15:15:00.509  1256  1454 I chatty  : uid=1000(system) android.fg expire 4 lines
02-26 15:15:04.506   715   715 I chatty  : uid=1010(wifi) /system/bin/wificond expire 12 lines
02-26 15:15:14.400  1256  2115 I chatty  : uid=1000(system) watchdog expire 5 lines
02-26 15:15:15.541   604  1233 W SocketListener: sending broadcast to Pid = 1256, Uid = 1000 
02-26 15:15:15.545  1256  1785 I chatty  : uid=1000(system) NetdConnector expire 12 lines
02-26 15:15:20.522   715   715 I chatty  : uid=1010(wifi) /system/bin/wificond expire 12 lines
02-26 15:15:29.552   604  1233 W SocketListener: sending broadcast to Pid = 1256, Uid = 1000 
02-26 15:15:30.651  1256 14961 I chatty  : uid=1000(system) Binder:1256_1E expire 33 lines
02-26 15:15:31.488  1256  1603 I chatty  : uid=1000(system) InputReader expire 6 lines
02-26 15:15:31.490  1256  1462 I chatty  : uid=1000(system) PowerManagerSer expire 13 lines
02-26 15:15:31.509  1256  1605 I chatty  : uid=1000(system) StorageManagerS expire 2 lines
02-26 15:15:31.511   418   446 I vold    : TrimTask running tasks: 0
02-26 15:15:31.512  1256  1608 I chatty  : uid=1000(system) VoldConnector expire 1 line
02-26 15:15:31.513  1256  1456 I chatty  : uid=1000(system) android.display expire 3 lines
02-26 15:15:31.526  1256  1917 I chatty  : uid=1000(system) Binder:1256_4 expire 23 lines
02-26 15:15:31.536  1256  6432 I chatty  : uid=1000(system) Binder:1256_17 expire 7 lines
02-26 15:15:31.546  1256  1803 I chatty  : uid=1000(system) WifiP2pService expire 10 lines
02-26 15:15:31.548   715   715 I chatty  : uid=1010(wifi) /system/bin/wificond expire 27 lines
02-26 15:15:31.555  1256  1576 I chatty  : uid=1000(system) android.anim expire 32 lines
02-26 15:15:31.659  3001  9432 W ContextImpl: Calling a method in the system process without a qualified user: android.app.ContextImpl.bindService:1736 android.content.ContextWrapper.bindService:678 com.huawei.nb.dataservice.dsclient.RemoteServiceConnection.open:90 com.huawei.nb.dataservice.dsclient.DataServiceProxy.connect:105 com.huawei.nb.dataservice.rsclient.internal.RemoteRuleService.start:27 
02-26 15:15:31.699  1256  1586 I chatty  : uid=1000(system) Binder:1256_3 expire 41 lines
02-26 15:15:31.759  1256  1439 I chatty  : uid=1000(system) android.ui expire 7 lines
02-26 15:15:32.361  2005  2005 V KeyguardDisplayManager: hide
02-26 15:15:32.373  1256  1437 I chatty  : uid=1000(system) ActivityManager expire 12 lines
02-26 15:15:32.422  1256  1801 I chatty  : uid=1000(system) WifiScanningSer expire 1 line
02-26 15:15:33.585   604  1234 W SocketListener: sending broadcast to Pid = 1256, Uid = 1000 
02-26 15:15:33.610  1256  1256 I chatty  : uid=1000 system_server expire 16 lines
02-26 15:15:33.614  1256  1854 I chatty  : uid=1000(system) WifiProStateMac expire 1 line
02-26 15:15:33.615  1256  1851 I chatty  : uid=1000(system) HwSelfCureEngin expire 1 line
02-26 15:15:36.558 31576 31576 D ActivityThread: ActivityThread,attachApplication
02-26 15:15:36.574  1256  4092 I chatty  : uid=1000(system) Binder:1256_12 expire 7 lines
02-26 15:15:36.586  1900  1900 I HwCoreAppHelperService: LocalReceiver receives:android.intent.action.PACKAGE_RESTARTED,pkg:com.cambricon.productdisplay,uid:10112
02-26 15:15:36.615  1256  2325 I chatty  : uid=1000(system) Binder:1256_B expire 2 lines
02-26 15:15:36.630  1256  2296 I chatty  : uid=1000(system) Binder:1256_A expire 16 lines
02-26 15:15:36.635  2005 19342 I CommandQueue: updateBarBgColor
02-26 15:15:36.635  2005 19342 D CommandQueue: CommandQueue, setBarBackgroundColor
02-26 15:15:36.639  1975  2571 I HwNetworkPolicyManager: getHwUidPolicy uid = 10067 policy = 0
02-26 15:15:39.135  1256 12874 I chatty  : uid=1000(system) Binder:1256_20 expire 1 line
02-26 15:15:39.135  1256  8714 I chatty  : uid=1000(system) Binder:1256_1A expire 2 lines
02-26 15:15:44.722  1256  1575 I chatty  : uid=1000(system) PackageInstalle expire 3 lines
02-26 15:15:45.040  1256  1481 I chatty  : uid=1000(system) PackageManager expire 13 lines
02-26 15:15:45.735  1256  1434 I chatty  : uid=1000(system) android.bg expire 18 lines
02-26 15:15:45.741 31701 31701 D ActivityThread: ActivityThread,attachApplication
02-26 15:15:45.751  1256  2538 I chatty  : uid=1000(system) Binder:1256_E expire 121 lines
02-26 15:15:45.753  1256  2537 I chatty  : uid=1000(system) Binder:1256_D expire 55 lines
02-26 15:15:45.774  1256  1917 I chatty  : uid=1000(system) Binder:1256_4 expire 1 line
02-26 15:15:45.809  1256  1285 I chatty  : uid=1000(system) Binder:1256_2 expire 92 lines
02-26 15:15:45.819  1256  1576 I chatty  : uid=1000(system) android.anim expire 29 lines
02-26 15:15:45.852 31720 31720 D ActivityThread: ActivityThread,attachApplication
02-26 15:15:45.870  1256  8713 I chatty  : uid=1000(system) Binder:1256_19 expire 154 lines
02-26 15:15:45.871  1975  2571 I HwNetworkPolicyManager: getHwUidPolicy uid = 10112 policy = 0
02-26 15:15:45.896  1256  1599 I chatty  : uid=1000(system) sManagerService expire 4 lines
02-26 15:15:46.051 31720 31720 V ActivityThread: ActivityThread,callActivityOnCreate
02-26 15:15:46.120 31720 31720 D ActivityThread: add activity client record, r= ActivityRecord{220f976 token=android.os.BinderProxy@157c287 {com.cambricon.productdisplay/com.cambricon.productdisplay.activity.SplashActivity}} token= android.os.BinderProxy@157c287
02-26 15:15:46.160  2005 19342 I CommandQueue: updateBarBgColor
02-26 15:15:46.160  2005 19342 D CommandQueue: CommandQueue, setBarBackgroundColor
02-26 15:15:46.648   715   715 I chatty  : uid=1010(wifi) /system/bin/wificond expire 84 lines
02-26 15:15:47.487 22247 22247 W ContextImpl: Calling a method in the system process without a qualified user: android.app.ContextImpl.startService:1656 android.content.ContextWrapper.startService:644 android.content.ContextWrapper.startService:644 com.android.settings.applications.BlackListReceiver.onReceive:35 android.app.ActivityThread.handleReceiver:3662 
02-26 15:15:47.575 21128 21128 W ContextImpl: Calling a method in the system process without a qualified user: android.app.ContextImpl.startService:1656 android.content.ContextWrapper.startService:644 android.content.ContextWrapper.startService:644 com.huawei.systemmanager.antivirus.utils.AntiVirusTools.deleteVirusApk:632 com.huawei.systemmanager.antivirus.AntiVirusReceiver.handlerPackageRemoved:52 
02-26 15:15:47.582 21128 26379 W ContextImpl: Calling a method in the system process without a qualified user: android.app.ContextImpl.startService:1656 android.content.ContextWrapper.startService:644 com.huawei.systemmanager.spacecleanner.receiver.SpaceCleanReceiver.checkRarelyUsedApp:87 com.huawei.systemmanager.spacecleanner.receiver.SpaceCleanReceiver.doInBackground:39 java.lang.reflect.Method.invoke:-2 
02-26 15:15:47.651 31720 31720 V ActivityThread: ActivityThread,callActivityOnCreate
02-26 15:15:47.652 22247 22247 W ContextImpl: Calling a method in the system process without a qualified user: android.app.ContextImpl.startService:1656 android.content.ContextWrapper.startService:644 android.content.ContextWrapper.startService:644 com.android.settings.applications.BlackListReceiver.onReceive:35 android.app.ActivityThread.handleReceiver:3662 
02-26 15:15:47.691  1256  1284 I chatty  : uid=1000(system) Binder:1256_1 expire 4 lines
02-26 15:15:47.708 21128 21128 W ContextImpl: Calling a method in the system process without a qualified user: android.app.ContextImpl.startService:1656 android.content.ContextWrapper.startService:644 android.content.ContextWrapper.startService:644 com.huawei.systemmanager.antivirus.utils.AntiVirusTools.checkVirusForNewInstalledApk:620 com.huawei.systemmanager.antivirus.AntiVirusReceiver.onReceive:36 
02-26 15:15:47.718 21128 26337 W ContextImpl: Calling a method in the system process without a qualified user: android.app.ContextImpl.startService:1656 android.content.ContextWrapper.startService:644 com.huawei.systemmanager.spacecleanner.receiver.SpaceCleanReceiver.checkRarelyUsedApp:87 com.huawei.systemmanager.spacecleanner.receiver.SpaceCleanReceiver.doInBackground:39 java.lang.reflect.Method.invoke:-2 
02-26 15:15:47.799 31720 31720 D ActivityThread: add activity client record, r= ActivityRecord{f4500e5 token=android.os.BinderProxy@e1426f {com.cambricon.productdisplay/com.cambricon.productdisplay.activity.HomeActivity}} token= android.os.BinderProxy@e1426f
02-26 15:15:48.289 22247 22247 W ContextImpl: Calling a method in the system process without a qualified user: android.app.ContextImpl.startService:1656 android.content.ContextWrapper.startService:644 android.content.ContextWrapper.startService:644 com.android.settings.applications.BlackListReceiver.onReceive:35 android.app.ActivityThread.handleReceiver:3662 
02-26 15:15:48.297  1256  1806 I chatty  : uid=1000(system) ConnectivitySer expire 5 lines
02-26 15:15:48.316 31720 31720 D ActivityThread: Remove activity client record, r= ActivityRecord{220f976 token=android.os.BinderProxy@157c287 {com.cambricon.productdisplay/com.cambricon.productdisplay.activity.SplashActivity}} token= android.os.BinderProxy@157c287
02-26 15:15:48.408  1256  1437 I chatty  : uid=1000(system) ActivityManager expire 1 line
02-26 15:15:51.225 31720 31720 V ActivityThread: ActivityThread,callActivityOnCreate
02-26 15:15:52.772 31720 31720 D ActivityThread: add activity client record, r= ActivityRecord{d99cfa3 token=android.os.BinderProxy@fde464b {com.cambricon.productdisplay/com.cambricon.productdisplay.activity.TestActivity}} token= android.os.BinderProxy@fde464b
02-26 15:15:52.798  1256  1586 I chatty  : uid=1000(system) Binder:1256_3 expire 15 lines
02-26 15:16:00.001  1256  1256 I chatty  : uid=1000 system_server expire 11 lines
02-26 15:16:02.665  1256  1598 I chatty  : uid=1000(system) AlarmManager expire 1 line
02-26 15:16:02.672  1256  1786 I chatty  : uid=1000(system) NetworkStats expire 7 lines
02-26 15:16:03.154  1256  1583 I chatty  : uid=1000(system) UEventObserver expire 6 lines
02-26 15:16:17.630  1256  1462 I chatty  : uid=1000(system) PowerManagerSer expire 10 lines
02-26 15:16:34.536 31912 31912 D ActivityThread: ActivityThread,attachApplication
02-26 15:16:34.543  1256  8713 I chatty  : uid=1000(system) Binder:1256_19 expire 27 lines
02-26 15:16:34.771 31933 31933 D ActivityThread: ActivityThread,attachApplication
02-26 15:16:34.852  1256  2537 I chatty  : uid=1000(system) Binder:1256_D expire 8 lines
02-26 15:16:34.908   715   715 I chatty  : uid=1010(wifi) /system/bin/wificond expire 141 lines
02-26 15:17:00.099  1256  1285 I chatty  : uid=1000(system) Binder:1256_2 expire 28 lines
02-26 15:17:03.599  1256  1256 I chatty  : uid=1000 system_server expire 12 lines
02-26 15:17:04.617  1256  1586 I chatty  : uid=1000(system) Binder:1256_3 expire 11 lines
02-26 15:17:20.687  1256  8713 I chatty  : uid=1000(system) Binder:1256_19 expire 25 lines
02-26 15:17:23.870  1256  1462 I chatty  : uid=1000(system) PowerManagerSer expire 13 lines
02-26 15:17:33.790  1256  1583 I chatty  : uid=1000(system) UEventObserver expire 12 lines
02-26 15:17:44.410  1256  2115 I chatty  : uid=1000(system) watchdog expire 12 lines
02-26 15:17:54.499 31720 31720 V ActivityThread: Finishing stop of ActivityRecord{d99cfa3 token=android.os.BinderProxy@fde464b {com.cambricon.productdisplay/com.cambricon.productdisplay.activity.TestActivity}}
02-26 15:17:54.505  1256  1586 I chatty  : uid=1000(system) Binder:1256_3 expire 11 lines
02-26 15:17:54.505  1256  2537 I chatty  : uid=1000(system) Binder:1256_D expire 21 lines
02-26 15:17:54.591  1256  1462 I chatty  : uid=1000(system) PowerManagerSer expire 10 lines
02-26 15:17:54.622  1256  1456 I chatty  : uid=1000(system) android.display expire 1 line
02-26 15:17:54.655  1256  1803 I chatty  : uid=1000(system) WifiP2pService expire 5 lines
02-26 15:17:54.688  1256  1785 I chatty  : uid=1000(system) NetdConnector expire 18 lines
02-26 15:17:54.738  1256  2898 I chatty  : uid=1000(system) HwDeviceUsageCo expire 1 line
02-26 15:17:54.767  3001 10331 W ContextImpl: Calling a method in the system process without a qualified user: android.app.ContextImpl.bindService:1736 android.content.ContextWrapper.bindService:678 com.huawei.nb.dataservice.dsclient.RemoteServiceConnection.open:90 com.huawei.nb.dataservice.dsclient.DataServiceProxy.connect:105 com.huawei.nb.dataservice.rsclient.internal.RemoteRuleService.start:27 
02-26 15:17:54.821  1256  1439 I chatty  : uid=1000(system) android.ui expire 1 line
02-26 15:17:54.882  1256 14961 I chatty  : uid=1000(system) Binder:1256_1E expire 16 lines
02-26 15:17:54.886  1256  1599 I chatty  : uid=1000(system) sManagerService expire 1 line
02-26 15:17:59.538  2005  2005 V KeyguardStatusView: refresh statusview showing:true
02-26 15:17:59.541  2005  2005 V KeyguardDisplayManager: show
02-26 15:17:59.584 31720 31720 V ActivityThread: Handle window ActivityRecord{d99cfa3 token=android.os.BinderProxy@fde464b {com.cambricon.productdisplay/com.cambricon.productdisplay.activity.TestActivity}} visibility: false
02-26 15:17:59.635  1256  1576 I chatty  : uid=1000(system) android.anim expire 1 line
02-26 15:18:00.667   715   715 I chatty  : uid=1010(wifi) /system/bin/wificond expire 24 lines
02-26 15:18:29.394   604  1233 W SocketListener: sending broadcast to Pid = 1256, Uid = 1000 
02-26 15:18:29.397  1256  1454 I chatty  : uid=1000(system) android.fg expire 16 lines
02-26 15:18:30.419   604  1233 W SocketListener: sending broadcast to Pid = 1256, Uid = 1000 
02-26 15:18:32.693   715   715 I chatty  : uid=1010(wifi) /system/bin/wificond expire 24 lines
02-26 15:19:03.510   604  1233 W SocketListener: sending broadcast to Pid = 1256, Uid = 1000 
02-26 15:19:03.527  1256  8713 I chatty  : uid=1000(system) Binder:1256_19 expire 2 lines
02-26 15:19:04.424  1256  1256 I chatty  : uid=1000 system_server expire 16 lines
02-26 15:19:04.530   604  1233 W SocketListener: sending broadcast to Pid = 1256, Uid = 1000 
02-26 15:19:04.724   715   715 I chatty  : uid=1010(wifi) /system/bin/wificond expire 12 lines
02-26 15:19:19.572   604  1233 W SocketListener: sending broadcast to Pid = 1256, Uid = 1000 
02-26 15:19:20.740   715   715 I chatty  : uid=1010(wifi) /system/bin/wificond expire 12 lines
02-26 15:19:33.561   604  1233 W SocketListener: sending broadcast to Pid = 1256, Uid = 1000 
02-26 15:19:36.760   715   715 I chatty  : uid=1010(wifi) /system/bin/wificond expire 24 lines
02-26 15:19:41.249  1256  1586 I chatty  : uid=1000(system) Binder:1256_3 expire 13 lines
02-26 15:19:41.260  1256  2537 I chatty  : uid=1000(system) Binder:1256_D expire 20 lines
02-26 15:20:04.626   604  1233 W SocketListener: sending broadcast to Pid = 1256, Uid = 1000 
02-26 15:20:05.651   604  1233 W SocketListener: sending broadcast to Pid = 1256, Uid = 1000 
02-26 15:20:08.784   715   715 I chatty  : uid=1010(wifi) /system/bin/wificond expire 12 lines
02-26 15:20:20.692   604  1233 W SocketListener: sending broadcast to Pid = 1256, Uid = 1000 
02-26 15:20:20.694  1256  1785 I chatty  : uid=1000(system) NetdConnector expire 10 lines
02-26 15:20:24.794   715   715 I chatty  : uid=1010(wifi) /system/bin/wificond expire 48 lines
02-26 15:20:34.699   604  1233 W SocketListener: sending broadcast to Pid = 1256, Uid = 1000 
02-26 15:20:35.031  1256  1583 I chatty  : uid=1000(system) UEventObserver expire 10 lines
02-26 15:21:23.295  1256 14961 I chatty  : uid=1000(system) Binder:1256_1E expire 5 lines
02-26 15:21:23.308  1256  1586 I chatty  : uid=1000(system) Binder:1256_3 expire 16 lines
02-26 15:21:23.394  2142  3837 W ContextImpl: Calling a method in the system process without a qualified user: android.app.ContextImpl.sendBroadcast:1095 com.huawei.android.chr.statistics.TelStatusService.updateStatisticDB:628 com.huawei.android.chr.statistics.TelStatusService.triggerStatsReport:545 com.huawei.android.chr.statistics.TelStatusService.triggerAllStatsReport:554 com.huawei.android.chr.statistics.TelStatusManager.triggerAllStatsReport:328 
02-26 15:21:23.425  2142  3837 W ContextImpl: Calling a method in the system process without a qualified user: android.app.ContextImpl.sendBroadcast:1095 com.huawei.android.chr.statistics.TelStatusService.updateStatisticDB:628 com.huawei.android.chr.statistics.TelStatusService.triggerStatsReport:545 com.huawei.android.chr.statistics.TelStatusService.triggerAllStatsReport:554 com.huawei.android.chr.statistics.TelStatusManager.triggerAllStatsReport:328 
02-26 15:21:23.451  2142  3837 W ContextImpl: Calling a method in the system process without a qualified user: android.app.ContextImpl.sendBroadcast:1095 com.huawei.android.chr.statistics.TelStatusService.updateStatisticDB:628 com.huawei.android.chr.statistics.TelStatusService.triggerStatsReport:545 com.huawei.android.chr.statistics.TelStatusService.triggerAllStatsReport:554 com.huawei.android.chr.statistics.TelStatusManager.triggerAllStatsReport:328 
02-26 15:21:28.865   715   715 I chatty  : uid=1010(wifi) /system/bin/wificond expire 42 lines
02-26 15:22:01.863  1256  8713 I chatty  : uid=1000(system) Binder:1256_19 expire 9 lines
02-26 15:22:21.970   604  1233 W SocketListener: sending broadcast to Pid = 1256, Uid = 1000 
02-26 15:22:22.996   604  1233 W SocketListener: sending broadcast to Pid = 1256, Uid = 1000 
02-26 15:22:24.918   715   715 I chatty  : uid=1010(wifi) /system/bin/wificond expire 18 lines
02-26 15:22:26.009  1256  1256 I chatty  : uid=1000 system_server expire 8 lines
02-26 15:22:26.050  1256  2537 I chatty  : uid=1000(system) Binder:1256_D expire 1 line
02-26 15:22:45.137   604  1233 W SocketListener: sending broadcast to Pid = 1256, Uid = 1000 
02-26 15:22:45.147  1256  1586 I chatty  : uid=1000(system) Binder:1256_3 expire 4 lines
02-26 15:22:48.942   715   715 I chatty  : uid=1010(wifi) /system/bin/wificond expire 30 lines
02-26 15:22:52.043   604  1233 W SocketListener: sending broadcast to Pid = 1256, Uid = 1000 
02-26 15:22:52.047  1256  1785 I chatty  : uid=1000(system) NetdConnector expire 18 lines
02-26 15:23:06.080  1256  1583 I chatty  : uid=1000(system) UEventObserver expire 10 lines
02-26 15:23:22.129   604  1233 W SocketListener: sending broadcast to Pid = 1256, Uid = 1000 
02-26 15:23:23.091   604  1233 W SocketListener: sending broadcast to Pid = 1256, Uid = 1000 
02-26 15:23:28.980   715   715 I chatty  : uid=1010(wifi) /system/bin/wificond expire 12 lines
02-26 15:23:38.130   604  1233 W SocketListener: sending broadcast to Pid = 1256, Uid = 1000 
02-26 15:23:38.139  1256  1454 I chatty  : uid=1000(system) android.fg expire 10 lines
02-26 15:23:38.144  1256  2537 I chatty  : uid=1000(system) Binder:1256_D expire 14 lines
02-26 15:23:39.565   604  1233 W SocketListener: sending broadcast to Pid = 1256, Uid = 1000 
02-26 15:23:44.431  1256  2115 I chatty  : uid=1000(system) watchdog expire 10 lines
02-26 15:23:44.990   715   715 I chatty  : uid=1010(wifi) /system/bin/wificond expire 42 lines
02-26 15:24:06.513  1256  1256 I chatty  : uid=1000 system_server expire 10 lines
02-26 15:24:22.190  1256  1586 I chatty  : uid=1000(system) Binder:1256_3 expire 7 lines
02-26 15:24:22.263  1256  8713 I chatty  : uid=1000(system) Binder:1256_19 expire 13 lines
02-26 15:24:38.545   604  1233 W SocketListener: sending broadcast to Pid = 1256, Uid = 1000 
02-26 15:24:38.553  1256  2537 I chatty  : uid=1000(system) Binder:1256_D expire 2 lines
02-26 15:24:41.030   715   715 I chatty  : uid=1010(wifi) /system/bin/wificond expire 12 lines
02-26 15:24:52.582   604  1233 W SocketListener: sending broadcast to Pid = 1256, Uid = 1000 
02-26 15:24:57.036   715   715 I chatty  : uid=1010(wifi) /system/bin/wificond expire 24 lines
02-26 15:25:24.049   604  1233 W SocketListener: sending broadcast to Pid = 1256, Uid = 1000 
02-26 15:25:25.043   604  1233 W SocketListener: sending broadcast to Pid = 1256, Uid = 1000 
02-26 15:25:29.054   715   715 I chatty  : uid=1010(wifi) /system/bin/wificond expire 12 lines
02-26 15:25:37.126  1256  1583 I chatty  : uid=1000(system) UEventObserver expire 10 lines
02-26 15:25:40.050   604  1233 W SocketListener: sending broadcast to Pid = 1256, Uid = 1000 
02-26 15:25:40.053  1256  1785 I chatty  : uid=1000(system) NetdConnector expire 10 lines
02-26 15:25:45.071   715   715 I chatty  : uid=1010(wifi) /system/bin/wificond expire 36 lines
02-26 15:25:53.594   713   794 E /system/bin/storaged: pid_info get_pids failed
02-26 15:25:54.013   604  1233 W SocketListener: sending broadcast to Pid = 1256, Uid = 1000 
02-26 15:26:27.093   604  1233 W SocketListener: sending broadcast to Pid = 1256, Uid = 1000 
02-26 15:26:28.115   604  1233 W SocketListener: sending broadcast to Pid = 1256, Uid = 1000 
02-26 15:26:33.115   715   715 I chatty  : uid=1010(wifi) /system/bin/wificond expire 54 lines
02-26 15:26:42.725  1256  2296 I chatty  : uid=1000(system) Binder:1256_A expire 10 lines
02-26 15:26:42.751  1256 14961 I chatty  : uid=1000(system) Binder:1256_1E expire 5 lines
02-26 15:26:42.754  1256  1285 I chatty  : uid=1000(system) Binder:1256_2 expire 2 lines
02-26 15:27:07.764  1256  1256 I chatty  : uid=1000 system_server expire 10 lines
02-26 15:27:43.954   604  1233 W SocketListener: sending broadcast to Pid = 1256, Uid = 1000 
02-26 15:27:43.956  1256  1454 I chatty  : uid=1000(system) android.fg expire 6 lines
02-26 15:27:45.187   715   715 I chatty  : uid=1010(wifi) /system/bin/wificond expire 12 lines
02-26 15:27:57.947   604  1233 W SocketListener: sending broadcast to Pid = 1256, Uid = 1000 
02-26 15:27:57.949  1256  1785 I chatty  : uid=1000(system) NetdConnector expire 10 lines
02-26 15:28:01.198   715   715 I chatty  : uid=1010(wifi) /system/bin/wificond expire 24 lines
02-26 15:28:08.160  1256  1583 I chatty  : uid=1000(system) UEventObserver expire 4 lines
02-26 15:28:18.563  1256  1434 I chatty  : uid=1000(system) android.bg expire 1 line
02-26 15:28:31.377   604  1233 W SocketListener: sending broadcast to Pid = 1256, Uid = 1000 
02-26 15:28:31.388  1256  2296 I chatty  : uid=1000(system) Binder:1256_A expire 7 lines
02-26 15:28:32.402   604  1233 W SocketListener: sending broadcast to Pid = 1256, Uid = 1000 
02-26 15:28:33.239   715   715 I chatty  : uid=1010(wifi) /system/bin/wificond expire 12 lines
02-26 15:28:44.446  1256  2115 I chatty  : uid=1000(system) watchdog expire 11 lines
02-26 15:28:47.442   604  1233 W SocketListener: sending broadcast to Pid = 1256, Uid = 1000 
02-26 15:28:49.244   715   715 I chatty  : uid=1010(wifi) /system/bin/wificond expire 48 lines
02-26 15:28:56.195   604  1233 W SocketListener: sending broadcast to Pid = 1256, Uid = 1000 
02-26 15:28:56.225  1256  8713 I chatty  : uid=1000(system) Binder:1256_19 expire 19 lines
02-26 15:29:03.263  1256  2296 I chatty  : uid=1000(system) Binder:1256_A expire 11 lines
02-26 15:29:08.590  1256  1583 I chatty  : uid=1000(system) UEventObserver expire 10 lines
02-26 15:29:08.603  1256  1256 I chatty  : uid=1000 system_server expire 10 lines
02-26 15:29:49.970   604  1233 W SocketListener: sending broadcast to Pid = 1256, Uid = 1000 
02-26 15:29:49.970  1256  1785 I chatty  : uid=1000(system) NetdConnector expire 10 lines
02-26 15:29:49.972  1256  1454 I chatty  : uid=1000(system) android.fg expire 10 lines
02-26 15:29:50.994   604  1233 W SocketListener: sending broadcast to Pid = 1256, Uid = 1000 
02-26 15:29:51.006  1256  8713 I chatty  : uid=1000(system) Binder:1256_19 expire 17 lines
02-26 15:29:53.299   715   715 I chatty  : uid=1010(wifi) /system/bin/wificond expire 84 lines
02-26 15:31:11.697  1256  1285 I chatty  : uid=1000(system) Binder:1256_2 expire 1 line
02-26 15:31:23.636  1256 14961 I chatty  : uid=1000(system) Binder:1256_1E expire 16 lines
02-26 15:31:23.745  1256  8714 I chatty  : uid=1000(system) Binder:1256_1A expire 10 lines
02-26 15:31:39.621  1256  1583 I chatty  : uid=1000(system) UEventObserver expire 10 lines
02-26 15:31:42.417   604  1233 W SocketListener: sending broadcast to Pid = 1256, Uid = 1000 
02-26 15:31:42.427  1256  8714 I chatty  : uid=1000(system) Binder:1256_1A expire 8 lines
02-26 15:31:43.412   604  1233 W SocketListener: sending broadcast to Pid = 1256, Uid = 1000 
02-26 15:31:45.390   715   715 I chatty  : uid=1010(wifi) /system/bin/wificond expire 12 lines
02-26 15:31:58.419   604  1233 W SocketListener: sending broadcast to Pid = 1256, Uid = 1000 
02-26 15:32:01.407   715   715 I chatty  : uid=1010(wifi) /system/bin/wificond expire 12 lines
02-26 15:32:09.830  1256  1256 I chatty  : uid=1000 system_server expire 10 lines
02-26 15:32:12.469   604  1233 W SocketListener: sending broadcast to Pid = 1256, Uid = 1000 
02-26 15:32:12.471  1256  1785 I chatty  : uid=1000(system) NetdConnector expire 10 lines
02-26 15:32:17.425   715   715 I chatty  : uid=1010(wifi) /system/bin/wificond expire 24 lines
02-26 15:32:42.899   604  1233 W SocketListener: sending broadcast to Pid = 1256, Uid = 1000 
02-26 15:32:43.892   604  1233 W SocketListener: sending broadcast to Pid = 1256, Uid = 1000 
02-26 15:32:49.453   715   715 I chatty  : uid=1010(wifi) /system/bin/wificond expire 18 lines
02-26 15:32:58.901   604  1233 W SocketListener: sending broadcast to Pid = 1256, Uid = 1000 
02-26 15:33:12.939   604  1233 W SocketListener: sending broadcast to Pid = 1256, Uid = 1000 
02-26 15:33:13.476   715   715 I chatty  : uid=1010(wifi) /system/bin/wificond expire 24 lines
02-26 15:33:43.057   604  1233 W SocketListener: sending broadcast to Pid = 1256, Uid = 1000 
02-26 15:33:43.058  1256  1785 I chatty  : uid=1000(system) NetdConnector expire 10 lines
02-26 15:33:43.060  1256  1454 I chatty  : uid=1000(system) android.fg expire 16 lines
02-26 15:33:44.051   604  1233 W SocketListener: sending broadcast to Pid = 1256, Uid = 1000 
02-26 15:33:45.505   715   715 I chatty  : uid=1010(wifi) /system/bin/wificond expire 12 lines
02-26 15:33:59.189   604  1233 W SocketListener: sending broadcast to Pid = 1256, Uid = 1000 
02-26 15:33:59.203  1256 14961 I chatty  : uid=1000(system) Binder:1256_1E expire 4 lines
02-26 15:34:01.520   715   715 I chatty  : uid=1010(wifi) /system/bin/wificond expire 12 lines
02-26 15:34:10.656  1256  1583 I chatty  : uid=1000(system) UEventObserver expire 16 lines
02-26 15:34:13.090   604  1233 W SocketListener: sending broadcast to Pid = 1256, Uid = 1000 
02-26 15:34:14.127  1256  8713 I chatty  : uid=1000(system) Binder:1256_19 expire 15 lines
02-26 15:34:14.464  1256  2115 I chatty  : uid=1000(system) watchdog expire 13 lines
02-26 15:34:17.535   715   715 I chatty  : uid=1010(wifi) /system/bin/wificond expire 12 lines
02-26 15:34:29.141   604  1233 W SocketListener: sending broadcast to Pid = 1256, Uid = 1000 
