02-27 20:44:34.004  1256  3146 I chatty  : uid=1000(system) Binder:1256_13 expire 9 lines
02-27 20:44:34.005  1256  1367 I chatty  : uid=1000(system) ActivityManager expire 3 lines
02-27 20:44:34.006  1256  6058 I chatty  : uid=1000(system) Binder:1256_17 expire 22 lines
02-27 20:44:34.008  1256  1845 I chatty  : uid=1000(system) HwSelfCureEngin expire 2 lines
02-27 20:44:34.018  1256  3138 I chatty  : uid=1000(system) Binder:1256_11 expire 1 line
02-27 20:45:01.732  1256  1579 I chatty  : uid=1000(system) UEventObserver expire 4 lines
02-27 20:45:01.746  1256  1256 I chatty  : uid=1000 system_server expire 10 lines
02-27 20:45:10.408  1256  6432 I chatty  : uid=1000(system) Binder:1256_19 expire 21 lines
02-27 20:45:13.629  1256  1597 I chatty  : uid=1000(system) InputReader expire 6 lines
02-27 20:45:13.631  1256  1453 I chatty  : uid=1000(system) PowerManagerSer expire 26 lines
02-27 20:45:13.643  1256  1440 I chatty  : uid=1000(system) android.display expire 3 lines
02-27 20:45:13.647  1256  1599 I chatty  : uid=1000(system) StorageManagerS expire 2 lines
02-27 20:45:13.648   437   445 I vold    : TrimTask running tasks: 0
02-27 20:45:13.649  1256  1601 I chatty  : uid=1000(system) VoldConnector expire 1 line
02-27 20:45:13.656  1256  2199 I chatty  : uid=1000(system) Binder:1256_A expire 12 lines
02-27 20:45:13.658  1256  1796 I chatty  : uid=1000(system) WifiP2pService expire 10 lines
02-27 20:45:13.660  1256  1783 I chatty  : uid=1000(system) WifiStateMachin expire 2 lines
02-27 20:45:13.673  1256  1570 I chatty  : uid=1000(system) android.anim expire 5 lines
02-27 20:45:13.702  1256  1909 I chatty  : uid=1000(system) Binder:1256_5 expire 15 lines
02-27 20:45:13.760  3043  6721 W ContextImpl: Calling a method in the system process without a qualified user: android.app.ContextImpl.bindService:1736 android.content.ContextWrapper.bindService:678 com.huawei.nb.dataservice.dsclient.RemoteServiceConnection.open:90 com.huawei.nb.dataservice.dsclient.DataServiceProxy.connect:105 com.huawei.nb.dataservice.rsclient.internal.RemoteRuleService.start:27 
02-27 20:45:13.844  1256  1369 I chatty  : uid=1000(system) android.ui expire 3 lines
02-27 20:45:14.373  2004  2004 V KeyguardDisplayManager: hide
02-27 20:45:14.390  1256  6058 I chatty  : uid=1000(system) Binder:1256_17 expire 14 lines
02-27 20:45:14.878   605  1233 W SocketListener: sending broadcast to Pid = 1256, Uid = 1000 
02-27 20:45:14.907  1256  1256 I chatty  : uid=1000 system_server expire 6 lines
02-27 20:45:14.909  1256  1848 I chatty  : uid=1000(system) WifiProStateMac expire 1 line
02-27 20:45:20.411  1256  1593 I chatty  : uid=1000(system) sManagerService expire 3 lines
02-27 20:45:51.595  1256  3114 I chatty  : uid=1000(system) Binder:1256_E expire 2 lines
02-27 20:45:51.599  1256  2198 I chatty  : uid=1000(system) Binder:1256_9 expire 18 lines
02-27 20:45:51.647 14750 14750 V ActivityThread: Finishing stop of ActivityRecord{6454132 token=android.os.BinderProxy@ffdad7a {com.cambricon.productdisplay/com.cambricon.productdisplay.activity.TestActivity}}
02-27 20:45:51.648  1256  1909 I chatty  : uid=1000(system) Binder:1256_5 expire 14 lines
02-27 20:45:51.774  1256  1453 I chatty  : uid=1000(system) PowerManagerSer expire 10 lines
02-27 20:45:51.780  1256  2199 I chatty  : uid=1000(system) Binder:1256_A expire 11 lines
02-27 20:45:51.811  1256  1796 I chatty  : uid=1000(system) WifiP2pService expire 5 lines
02-27 20:45:51.877  1256  2901 I chatty  : uid=1000(system) HwDeviceUsageCo expire 2 lines
02-27 20:45:51.943  3043  7292 W ContextImpl: Calling a method in the system process without a qualified user: android.app.ContextImpl.bindService:1736 android.content.ContextWrapper.bindService:678 com.huawei.nb.dataservice.dsclient.RemoteServiceConnection.open:90 com.huawei.nb.dataservice.dsclient.DataServiceProxy.connect:105 com.huawei.nb.dataservice.rsclient.internal.RemoteRuleService.start:27 
02-27 20:45:56.653  2004  2004 V KeyguardStatusView: refresh statusview showing:true
02-27 20:45:56.659  2004  2004 V KeyguardDisplayManager: show
02-27 20:45:56.706 14750 14750 V ActivityThread: Handle window ActivityRecord{6454132 token=android.os.BinderProxy@ffdad7a {com.cambricon.productdisplay/com.cambricon.productdisplay.activity.TestActivity}} visibility: false
02-27 20:45:56.777  1256  2199 I chatty  : uid=1000(system) Binder:1256_A expire 24 lines
02-27 20:45:56.798  1256  2198 I chatty  : uid=1000(system) Binder:1256_9 expire 10 lines
02-27 20:45:56.869  1256  1256 I chatty  : uid=1000 system_server expire 11 lines
02-27 20:46:02.131  1256  1579 I chatty  : uid=1000(system) UEventObserver expire 6 lines
02-27 20:46:10.581  1256  1597 I chatty  : uid=1000(system) InputReader expire 12 lines
02-27 20:46:10.582  1256  1453 I chatty  : uid=1000(system) PowerManagerSer expire 23 lines
02-27 20:46:10.594  1256  1599 I chatty  : uid=1000(system) StorageManagerS expire 4 lines
02-27 20:46:10.595   437   445 I vold    : TrimTask running tasks: 0
02-27 20:46:10.596  1256  1601 I chatty  : uid=1000(system) VoldConnector expire 2 lines
02-27 20:46:10.597  1256  6058 I chatty  : uid=1000(system) Binder:1256_17 expire 10 lines
02-27 20:46:10.598  1256  1570 I chatty  : uid=1000(system) android.anim expire 11 lines
02-27 20:46:10.599  1256  1440 I chatty  : uid=1000(system) android.display expire 5 lines
02-27 20:46:10.609  1256  1783 I chatty  : uid=1000(system) WifiStateMachin expire 4 lines
02-27 20:46:10.612  1256  1796 I chatty  : uid=1000(system) WifiP2pService expire 10 lines
02-27 20:46:10.618  1256  1794 I chatty  : uid=1000(system) WifiScanningSer expire 2 lines
02-27 20:46:10.701  1256  3114 I chatty  : uid=1000(system) Binder:1256_E expire 17 lines
02-27 20:46:10.714  3043  7672 W ContextImpl: Calling a method in the system process without a qualified user: android.app.ContextImpl.bindService:1736 android.content.ContextWrapper.bindService:678 com.huawei.nb.dataservice.dsclient.RemoteServiceConnection.open:90 com.huawei.nb.dataservice.dsclient.DataServiceProxy.connect:105 com.huawei.nb.dataservice.rsclient.internal.RemoteRuleService.start:27 
02-27 20:46:10.798  1256  1369 I chatty  : uid=1000(system) android.ui expire 5 lines
02-27 20:46:11.502  2004  2004 V KeyguardDisplayManager: hide
02-27 20:46:11.513  1256  1367 I chatty  : uid=1000(system) ActivityManager expire 1 line
02-27 20:46:11.519  1256  1778 I chatty  : uid=1000(system) NetdConnector expire 6 lines
02-27 20:46:11.603  1256  1909 I chatty  : uid=1000(system) Binder:1256_5 expire 7 lines
02-27 20:46:11.842   605  1233 W SocketListener: sending broadcast to Pid = 1256, Uid = 1000 
02-27 20:46:11.849  1256  1438 I chatty  : uid=1000(system) android.fg expire 1 line
02-27 20:46:11.852  1256  1848 I chatty  : uid=1000(system) WifiProStateMac expire 1 line
02-27 20:46:11.852  1256  2199 I chatty  : uid=1000(system) Binder:1256_A expire 1 line
02-27 20:46:11.854  1256  1845 I chatty  : uid=1000(system) HwSelfCureEngin expire 1 line
02-27 20:46:12.029  1256  1256 I chatty  : uid=1000 system_server expire 12 lines
02-27 20:46:22.328  1256  2104 I chatty  : uid=1000(system) watchdog expire 3 lines
02-27 20:46:41.301  1256  6432 I chatty  : uid=1000(system) Binder:1256_19 expire 24 lines
02-27 20:46:41.395 14750 14750 V ActivityThread: Finishing stop of ActivityRecord{6454132 token=android.os.BinderProxy@ffdad7a {com.cambricon.productdisplay/com.cambricon.productdisplay.activity.TestActivity}}
02-27 20:46:41.493  1256  1453 I chatty  : uid=1000(system) PowerManagerSer expire 13 lines
02-27 20:46:41.566  1256  1796 I chatty  : uid=1000(system) WifiP2pService expire 10 lines
02-27 20:46:41.670  3043  7690 W ContextImpl: Calling a method in the system process without a qualified user: android.app.ContextImpl.bindService:1736 android.content.ContextWrapper.bindService:678 com.huawei.nb.dataservice.dsclient.RemoteServiceConnection.open:90 com.huawei.nb.dataservice.dsclient.DataServiceProxy.connect:105 com.huawei.nb.dataservice.rsclient.internal.RemoteRuleService.start:27 
02-27 20:46:41.725  1256  1593 I chatty  : uid=1000(system) sManagerService expire 1 line
02-27 20:46:46.335  1256  2198 I chatty  : uid=1000(system) Binder:1256_9 expire 10 lines
02-27 20:46:46.356  2004  2004 V KeyguardStatusView: refresh statusview showing:true
02-27 20:46:46.359  2004  2004 V KeyguardDisplayManager: show
02-27 20:46:46.393 14750 14750 V ActivityThread: Handle window ActivityRecord{6454132 token=android.os.BinderProxy@ffdad7a {com.cambricon.productdisplay/com.cambricon.productdisplay.activity.TestActivity}} visibility: false
02-27 20:47:32.217  1256  2171 I chatty  : uid=1000(system) Binder:1256_8 expire 3 lines
02-27 20:47:32.228   437   445 I vold    : TrimTask running tasks: 0
02-27 20:47:32.292  1256  3114 I chatty  : uid=1000(system) Binder:1256_E expire 1 line
02-27 20:47:32.298  1256  1453 I chatty  : uid=1000(system) PowerManagerSer expire 1 line
02-27 20:47:32.374  3043  7770 W ContextImpl: Calling a method in the system process without a qualified user: android.app.ContextImpl.bindService:1736 android.content.ContextWrapper.bindService:678 com.huawei.nb.dataservice.dsclient.RemoteServiceConnection.open:90 com.huawei.nb.dataservice.dsclient.DataServiceProxy.connect:105 com.huawei.nb.dataservice.rsclient.internal.RemoteRuleService.start:27 
02-27 20:47:32.379  1256  3146 I chatty  : uid=1000(system) Binder:1256_13 expire 1 line
02-27 20:47:32.399  1256  6058 I chatty  : uid=1000(system) Binder:1256_17 expire 1 line
02-27 20:47:32.399  1256  1256 I chatty  : uid=1000 system_server expire 12 lines
02-27 20:47:32.402  1256  1453 I chatty  : uid=1000(system) PowerManagerSer expire 9 lines
02-27 20:47:32.403  1256  2198 I chatty  : uid=1000(system) Binder:1256_9 expire 58 lines
02-27 20:47:32.420  1256  3114 I chatty  : uid=1000(system) Binder:1256_E expire 16 lines
02-27 20:47:32.754  1256  1579 I chatty  : uid=1000(system) UEventObserver expire 2 lines
02-27 20:47:33.051  1256  2171 I chatty  : uid=1000(system) Binder:1256_8 expire 59 lines
02-27 20:47:33.089  1256  1570 I chatty  : uid=1000(system) android.anim expire 28 lines
02-27 20:47:33.100  2004  2004 V KeyguardDisplayManager: hide
02-27 20:47:33.111  1256  1367 I chatty  : uid=1000(system) ActivityManager expire 7 lines
02-27 20:47:33.114  1256  1909 I chatty  : uid=1000(system) Binder:1256_5 expire 12 lines
02-27 20:47:33.114  1256  1778 I chatty  : uid=1000(system) NetdConnector expire 4 lines
02-27 20:47:33.114  1256  6058 I chatty  : uid=1000(system) Binder:1256_17 expire 4 lines
02-27 20:47:33.120  1256  3146 I chatty  : uid=1000(system) Binder:1256_13 expire 2 lines
02-27 20:47:33.139  1256  1796 I chatty  : uid=1000(system) WifiP2pService expire 5 lines
02-27 20:47:33.482   605  1233 W SocketListener: sending broadcast to Pid = 1256, Uid = 1000 
02-27 20:47:33.495  1256  1438 I chatty  : uid=1000(system) android.fg expire 1 line
02-27 20:47:33.513  1256  1848 I chatty  : uid=1000(system) WifiProStateMac expire 1 line
02-27 20:47:33.523  1256  1845 I chatty  : uid=1000(system) HwSelfCureEngin expire 1 line
02-27 20:47:35.147 15483 15483 D ActivityThread: ActivityThread,attachApplication
02-27 20:47:35.171  1890  1890 I HwCoreAppHelperService: LocalReceiver receives:android.intent.action.PACKAGE_RESTARTED,pkg:com.cambricon.productdisplay,uid:10110
02-27 20:47:35.179  1256  1369 I chatty  : uid=1000(system) android.ui expire 2 lines
02-27 20:47:35.185  1972  2584 I HwNetworkPolicyManager: getHwUidPolicy uid = 10067 policy = 0
02-27 20:47:35.186  1256  1588 I chatty  : uid=1000(system) Binder:1256_3 expire 33 lines
02-27 20:47:35.186  2004  5909 I CommandQueue: updateBarBgColor
02-27 20:47:35.186  2004  5909 D CommandQueue: CommandQueue, setBarBackgroundColor
02-27 20:47:35.188  1256  1440 I chatty  : uid=1000(system) android.display expire 1 line
02-27 20:47:35.409 15504 15504 D ActivityThread: ActivityThread,attachApplication
02-27 20:47:35.626 15555 15555 D ActivityThread: ActivityThread,attachApplication
02-27 20:47:35.664 15555 15555 I         : RegisterNatives OK!
02-27 20:47:37.597  1256  1569 I chatty  : uid=1000(system) PackageInstalle expire 3 lines
02-27 20:47:37.681  1256  3129 I chatty  : uid=1000(system) Binder:1256_10 expire 1 line
02-27 20:47:37.787  1256  1474 I chatty  : uid=1000(system) PackageManager expire 13 lines
02-27 20:47:38.186  1256  1365 I chatty  : uid=1000(system) android.bg expire 18 lines
02-27 20:47:38.230  1256  3146 I chatty  : uid=1000(system) Binder:1256_13 expire 12 lines
02-27 20:47:38.251  1256  1256 I chatty  : uid=1000 system_server expire 12 lines
02-27 20:47:38.258  1256  2152 I chatty  : uid=1000(system) Binder:1256_7 expire 1 line
02-27 20:47:38.260  1256  3129 I chatty  : uid=1000(system) Binder:1256_10 expire 15 lines
02-27 20:47:38.262  1256 10704 I chatty  : uid=1000(system) Binder:1256_1E expire 68 lines
02-27 20:47:38.308  1256  1570 I chatty  : uid=1000(system) android.anim expire 20 lines
02-27 20:47:38.324  1256  1593 I chatty  : uid=1000(system) sManagerService expire 1 line
02-27 20:47:38.329  2056  2056 W ContextImpl: Calling a method in the system process without a qualified user: android.app.ContextImpl.startService:1656 android.content.ContextWrapper.startService:644 android.content.ContextWrapper.startService:644 com.android.settings.applications.BlackListReceiver.onReceive:35 android.app.ActivityThread.handleReceiver:3662 
02-27 20:47:38.331  1256  1588 I chatty  : uid=1000(system) Binder:1256_3 expire 14 lines
02-27 20:47:38.345 15645 15645 D ActivityThread: ActivityThread,attachApplication
02-27 20:47:38.364  1256  1369 I chatty  : uid=1000(system) android.ui expire 2 lines
02-27 20:47:38.367  1256  3114 I chatty  : uid=1000(system) Binder:1256_E expire 10 lines
02-27 20:47:38.371  1256  6058 I chatty  : uid=1000(system) Binder:1256_17 expire 19 lines
02-27 20:47:38.371  1972  2584 I HwNetworkPolicyManager: getHwUidPolicy uid = 10110 policy = 0
02-27 20:47:38.404  1256  2171 I chatty  : uid=1000(system) Binder:1256_8 expire 17 lines
02-27 20:47:38.424 10579 10579 W ContextImpl: Calling a method in the system process without a qualified user: android.app.ContextImpl.startService:1656 android.content.ContextWrapper.startService:644 android.content.ContextWrapper.startService:644 com.huawei.systemmanager.antivirus.utils.AntiVirusTools.deleteVirusApk:632 com.huawei.systemmanager.antivirus.AntiVirusReceiver.handlerPackageRemoved:52 
02-27 20:47:38.435 10579 12528 W ContextImpl: Calling a method in the system process without a qualified user: android.app.ContextImpl.startService:1656 android.content.ContextWrapper.startService:644 com.huawei.systemmanager.spacecleanner.receiver.SpaceCleanReceiver.checkRarelyUsedApp:87 com.huawei.systemmanager.spacecleanner.receiver.SpaceCleanReceiver.doInBackground:39 java.lang.reflect.Method.invoke:-2 
02-27 20:47:38.550 15645 15645 V ActivityThread: ActivityThread,callActivityOnCreate
02-27 20:47:38.618 15645 15645 D ActivityThread: add activity client record, r= ActivityRecord{ae2a9f1 token=android.os.BinderProxy@1bc7b26 {com.cambricon.productdisplay/com.cambricon.productdisplay.activity.SplashActivity}} token= android.os.BinderProxy@1bc7b26
02-27 20:47:38.665  2004  5909 I CommandQueue: updateBarBgColor
02-27 20:47:38.665  2004  5909 D CommandQueue: CommandQueue, setBarBackgroundColor
02-27 20:47:39.959  2056  2056 W ContextImpl: Calling a method in the system process without a qualified user: android.app.ContextImpl.startService:1656 android.content.ContextWrapper.startService:644 android.content.ContextWrapper.startService:644 com.android.settings.applications.BlackListReceiver.onReceive:35 android.app.ActivityThread.handleReceiver:3662 
02-27 20:47:40.061 10579 10579 W ContextImpl: Calling a method in the system process without a qualified user: android.app.ContextImpl.startService:1656 android.content.ContextWrapper.startService:644 android.content.ContextWrapper.startService:644 com.huawei.systemmanager.antivirus.utils.AntiVirusTools.checkVirusForNewInstalledApk:620 com.huawei.systemmanager.antivirus.AntiVirusReceiver.onReceive:36 
02-27 20:47:40.092 10579 13021 W ContextImpl: Calling a method in the system process without a qualified user: android.app.ContextImpl.startService:1656 android.content.ContextWrapper.startService:644 com.huawei.systemmanager.spacecleanner.receiver.SpaceCleanReceiver.checkRarelyUsedApp:87 com.huawei.systemmanager.spacecleanner.receiver.SpaceCleanReceiver.doInBackground:39 java.lang.reflect.Method.invoke:-2 
02-27 20:47:40.109  2056  2056 W ContextImpl: Calling a method in the system process without a qualified user: android.app.ContextImpl.startService:1656 android.content.ContextWrapper.startService:644 android.content.ContextWrapper.startService:644 com.android.settings.applications.BlackListReceiver.onReceive:35 android.app.ActivityThread.handleReceiver:3662 
02-27 20:47:40.139  1256  9302 I chatty  : uid=1000(system) Binder:1256_1C expire 142 lines
02-27 20:47:40.154 15645 15645 V ActivityThread: ActivityThread,callActivityOnCreate
02-27 20:47:40.218  1256 10704 I chatty  : uid=1000(system) Binder:1256_1E expire 75 lines
02-27 20:47:40.240  1256  3114 I chatty  : uid=1000(system) Binder:1256_E expire 18 lines
02-27 20:47:40.303 15645 15645 D ActivityThread: add activity client record, r= ActivityRecord{9a7db3c token=android.os.BinderProxy@92c6dae {com.cambricon.productdisplay/com.cambricon.productdisplay.activity.HomeActivity}} token= android.os.BinderProxy@92c6dae
02-27 20:47:40.468  1256  1570 I chatty  : uid=1000(system) android.anim expire 6 lines
02-27 20:47:40.812 15645 15645 D ActivityThread: Remove activity client record, r= ActivityRecord{ae2a9f1 token=android.os.BinderProxy@1bc7b26 {com.cambricon.productdisplay/com.cambricon.productdisplay.activity.SplashActivity}} token= android.os.BinderProxy@1bc7b26
02-27 20:47:42.106 15645 15645 V ActivityThread: ActivityThread,callActivityOnCreate
02-27 20:47:43.668 15645 15645 D ActivityThread: add activity client record, r= ActivityRecord{51fe800 token=android.os.BinderProxy@877a188 {com.cambricon.productdisplay/com.cambricon.productdisplay.activity.TestActivity}} token= android.os.BinderProxy@877a188
02-27 20:47:43.674  1256  6059 I chatty  : uid=1000(system) Binder:1256_18 expire 6 lines
02-27 20:47:43.743  1256  6058 I chatty  : uid=1000(system) Binder:1256_17 expire 9 lines
02-27 20:47:52.332  1256  2104 I chatty  : uid=1000(system) watchdog expire 1 line
02-27 20:47:53.203  1256  1453 I chatty  : uid=1000(system) PowerManagerSer expire 12 lines
02-27 20:47:54.969  1256  1592 I chatty  : uid=1000(system) AlarmManager expire 1 line
02-27 20:48:00.000  1256  1256 I chatty  : uid=1000 system_server expire 6 lines
02-27 20:48:02.962  1256  1579 I chatty  : uid=1000(system) UEventObserver expire 2 lines
02-27 20:48:15.207 15645 15645 V ActivityThread: Finishing stop of ActivityRecord{51fe800 token=android.os.BinderProxy@877a188 {com.cambricon.productdisplay/com.cambricon.productdisplay.activity.TestActivity}}
02-27 20:48:15.210  1256  9302 I chatty  : uid=1000(system) Binder:1256_1C expire 9 lines
02-27 20:48:15.211  1256  3129 I chatty  : uid=1000(system) Binder:1256_10 expire 1 line
02-27 20:48:15.335  1256  1453 I chatty  : uid=1000(system) PowerManagerSer expire 9 lines
02-27 20:48:15.350  1256  1440 I chatty  : uid=1000(system) android.display expire 1 line
02-27 20:48:15.366  1256  1796 I chatty  : uid=1000(system) WifiP2pService expire 10 lines
02-27 20:48:15.383  1256  6058 I chatty  : uid=1000(system) Binder:1256_17 expire 14 lines
02-27 20:48:15.386  1256  1778 I chatty  : uid=1000(system) NetdConnector expire 10 lines
02-27 20:48:15.430  1256  2901 I chatty  : uid=1000(system) HwDeviceUsageCo expire 2 lines
02-27 20:48:15.474  3043  5442 W ContextImpl: Calling a method in the system process without a qualified user: android.app.ContextImpl.bindService:1736 android.content.ContextWrapper.bindService:678 com.huawei.nb.dataservice.dsclient.RemoteServiceConnection.open:90 com.huawei.nb.dataservice.dsclient.DataServiceProxy.connect:105 com.huawei.nb.dataservice.rsclient.internal.RemoteRuleService.start:27 
02-27 20:48:15.550  1256  1369 I chatty  : uid=1000(system) android.ui expire 4 lines
02-27 20:48:15.558  1256  1593 I chatty  : uid=1000(system) sManagerService expire 3 lines
02-27 20:48:15.564  1256  3146 I chatty  : uid=1000(system) Binder:1256_13 expire 2 lines
02-27 20:48:15.705  1256  1453 I chatty  : uid=1000(system) PowerManagerSer expire 29 lines
02-27 20:48:16.917  1256  1597 I chatty  : uid=1000(system) InputReader expire 6 lines
02-27 20:48:16.961  1256  1599 I chatty  : uid=1000(system) StorageManagerS expire 2 lines
02-27 20:48:16.963   437   445 I vold    : TrimTask running tasks: 0
02-27 20:48:16.965  1256  1601 I chatty  : uid=1000(system) VoldConnector expire 1 line
02-27 20:48:16.968  1256  1256 I chatty  : uid=1000 system_server expire 14 lines
02-27 20:48:16.974  1256  1783 I chatty  : uid=1000(system) WifiStateMachin expire 2 lines
02-27 20:48:16.983  1256  1794 I chatty  : uid=1000(system) WifiScanningSer expire 3 lines
02-27 20:48:16.985  1256  1440 I chatty  : uid=1000(system) android.display expire 3 lines
02-27 20:48:16.988  1256  3129 I chatty  : uid=1000(system) Binder:1256_10 expire 9 lines
02-27 20:48:17.064  1256  9302 I chatty  : uid=1000(system) Binder:1256_1C expire 14 lines
02-27 20:48:17.068  3043  6568 W ContextImpl: Calling a method in the system process without a qualified user: android.app.ContextImpl.bindService:1736 android.content.ContextWrapper.bindService:678 com.huawei.nb.dataservice.dsclient.RemoteServiceConnection.open:90 com.huawei.nb.dataservice.dsclient.DataServiceProxy.connect:105 com.huawei.nb.dataservice.rsclient.internal.RemoteRuleService.start:27 
02-27 20:48:18.223   605  1233 W SocketListener: sending broadcast to Pid = 1256, Uid = 1000 
02-27 20:48:18.225  1256  1438 I chatty  : uid=1000(system) android.fg expire 3 lines
02-27 20:48:18.240  1256  1848 I chatty  : uid=1000(system) WifiProStateMac expire 1 line
02-27 20:48:18.240  1256  1845 I chatty  : uid=1000(system) HwSelfCureEngin expire 2 lines
02-27 20:48:22.333  1256  2104 I chatty  : uid=1000(system) watchdog expire 13 lines
02-27 20:48:33.175  1256  1579 I chatty  : uid=1000(system) UEventObserver expire 24 lines
02-27 20:48:47.525  1256  2171 I chatty  : uid=1000(system) Binder:1256_8 expire 20 lines
02-27 20:48:47.591 15645 15645 V ActivityThread: Finishing stop of ActivityRecord{51fe800 token=android.os.BinderProxy@877a188 {com.cambricon.productdisplay/com.cambricon.productdisplay.activity.TestActivity}}
02-27 20:48:47.694  1256  1453 I chatty  : uid=1000(system) PowerManagerSer expire 10 lines
02-27 20:48:47.736  1256  1796 I chatty  : uid=1000(system) WifiP2pService expire 5 lines
02-27 20:48:47.758  1256  6058 I chatty  : uid=1000(system) Binder:1256_17 expire 10 lines
02-27 20:48:47.831  3043  6588 W ContextImpl: Calling a method in the system process without a qualified user: android.app.ContextImpl.bindService:1736 android.content.ContextWrapper.bindService:678 com.huawei.nb.dataservice.dsclient.RemoteServiceConnection.open:90 com.huawei.nb.dataservice.dsclient.DataServiceProxy.connect:105 com.huawei.nb.dataservice.rsclient.internal.RemoteRuleService.start:27 
02-27 20:48:47.884  1256  3114 I chatty  : uid=1000(system) Binder:1256_E expire 11 lines
02-27 20:48:52.564  2004  2004 V KeyguardStatusView: refresh statusview showing:true
02-27 20:48:52.567  2004  2004 V KeyguardDisplayManager: show
02-27 20:48:52.608 15645 15645 V ActivityThread: Handle window ActivityRecord{51fe800 token=android.os.BinderProxy@877a188 {com.cambricon.productdisplay/com.cambricon.productdisplay.activity.TestActivity}} visibility: false
02-27 20:48:52.664  1256  1570 I chatty  : uid=1000(system) android.anim expire 1 line
02-27 20:49:33.983   605  1233 W SocketListener: sending broadcast to Pid = 1256, Uid = 1000 
02-27 20:49:34.011  1256  2171 I chatty  : uid=1000(system) Binder:1256_8 expire 6 lines
02-27 20:49:34.013  1256  3114 I chatty  : uid=1000(system) Binder:1256_E expire 1 line
02-27 20:49:34.015  1256  6058 I chatty  : uid=1000(system) Binder:1256_17 expire 2 lines
02-27 20:50:03.818  1256  1256 I chatty  : uid=1000 system_server expire 22 lines
02-27 20:54:34.069   605  1233 W SocketListener: sending broadcast to Pid = 1256, Uid = 1000 
02-27 20:54:34.072  1256  1778 I chatty  : uid=1000(system) NetdConnector expire 9 lines
02-27 20:54:34.095  1256  3114 I chatty  : uid=1000(system) Binder:1256_E expire 8 lines
02-27 20:54:34.097  1256  3146 I chatty  : uid=1000(system) Binder:1256_13 expire 4 lines
02-27 20:54:34.101  1256  1845 I chatty  : uid=1000(system) HwSelfCureEngin expire 4 lines
02-27 20:54:35.684  1256  1579 I chatty  : uid=1000(system) UEventObserver expire 18 lines
02-27 20:54:35.699  1256  1256 I chatty  : uid=1000 system_server expire 18 lines
02-27 20:54:52.353  1256  2104 I chatty  : uid=1000(system) watchdog expire 10 lines
02-27 20:55:13.591  1256  1365 I chatty  : uid=1000(system) android.bg expire 1 line
02-27 20:59:00.236   753   927 E /system/bin/storaged: pid_info get_pids failed
02-27 20:59:07.549  1256  1579 I chatty  : uid=1000(system) UEventObserver expire 22 lines
02-27 20:59:07.562  1256  1256 I chatty  : uid=1000 system_server expire 19 lines
02-27 20:59:32.967  1256  1794 I chatty  : uid=1000(system) WifiScanningSer expire 4 lines
02-27 20:59:34.213   605  1233 W SocketListener: sending broadcast to Pid = 1256, Uid = 1000 
02-27 20:59:34.220  1256  1438 I chatty  : uid=1000(system) android.fg expire 3 lines
02-27 20:59:34.249  1256  1367 I chatty  : uid=1000(system) ActivityManager expire 6 lines
02-27 20:59:34.250  1256  6058 I chatty  : uid=1000(system) Binder:1256_17 expire 1 line
02-27 20:59:34.256  1256  2171 I chatty  : uid=1000(system) Binder:1256_8 expire 5 lines
02-27 20:59:34.292  1256  3129 I chatty  : uid=1000(system) Binder:1256_10 expire 3 lines
02-27 20:59:52.370  1256  2104 I chatty  : uid=1000(system) watchdog expire 10 lines
02-27 21:04:34.314   605  1233 W SocketListener: sending broadcast to Pid = 1256, Uid = 1000 
02-27 21:04:39.855  1256  1579 I chatty  : uid=1000(system) UEventObserver expire 20 lines
02-27 21:04:39.872  1256  1256 I chatty  : uid=1000 system_server expire 18 lines
02-27 21:04:52.383  1256  2104 I chatty  : uid=1000(system) watchdog expire 10 lines
02-27 21:09:34.394   605  1233 W SocketListener: sending broadcast to Pid = 1256, Uid = 1000 
02-27 21:09:34.466  1256  1588 I chatty  : uid=1000(system) Binder:1256_3 expire 3 lines
02-27 21:09:34.540  1256  1440 I chatty  : uid=1000(system) android.display expire 1 line
02-27 21:09:41.921  1256  1579 I chatty  : uid=1000(system) UEventObserver expire 18 lines
02-27 21:09:41.934  1256  1256 I chatty  : uid=1000 system_server expire 18 lines
02-27 21:09:52.399  1256  2104 I chatty  : uid=1000(system) watchdog expire 10 lines
02-27 21:13:54.876  1256  1385 I chatty  : uid=1000(system) batterystats-sy expire 4 lines
02-27 21:14:00.248   753   927 E /system/bin/storaged: open file /data/storaged/storaged.txt failed!2
02-27 21:14:00.248   753   927 E /system/bin/storaged: write(append)  diskstat data failed!ts:1519737240,read bytes:1070948352, write bytes: 907509760
02-27 21:14:00.261   753   927 E /system/bin/storaged: curr_io_stats:  size: 185
02-27 21:14:00.267   753   927 E /system/bin/storaged: open file /data/storaged/storaged.txt failed!2
02-27 21:14:00.267   753   927 E /system/bin/storaged: write(append)  uid data failed!
02-27 21:14:00.268   753   927 E /system/bin/storaged: pid_info get_pids failed
02-27 21:14:04.765  1256  1256 I chatty  : uid=1000 system_server expire 3 lines
02-27 21:14:13.795  1256  1579 I chatty  : uid=1000(system) UEventObserver expire 2 lines
02-27 21:14:19.567  1256  1849 I chatty  : uid=1000(system) StatisticsCHRMs expire 4 lines
02-27 21:14:32.375  1256 17505 I chatty  : uid=1000 system_server expire 1 line
02-27 21:14:34.421   605  1233 W SocketListener: sending broadcast to Pid = 1256, Uid = 1000 
02-27 21:14:34.425  1256  1778 I chatty  : uid=1000(system) NetdConnector expire 11 lines
02-27 21:14:34.430  1256  1438 I chatty  : uid=1000(system) android.fg expire 5 lines
02-27 21:14:34.437  1256  1588 I chatty  : uid=1000(system) Binder:1256_3 expire 6 lines
02-27 21:14:34.439  1256  2171 I chatty  : uid=1000(system) Binder:1256_8 expire 1 line
02-27 21:14:34.442  1256  1845 I chatty  : uid=1000(system) HwSelfCureEngin expire 5 lines
02-27 21:14:34.442  1256  2198 I chatty  : uid=1000(system) Binder:1256_9 expire 10 lines
02-27 21:14:34.442  1256  9302 I chatty  : uid=1000(system) Binder:1256_1C expire 3 lines
02-27 21:14:44.004  1256  1579 I chatty  : uid=1000(system) UEventObserver expire 18 lines
02-27 21:14:44.018  1256  1256 I chatty  : uid=1000 system_server expire 27 lines
02-27 21:14:52.412  1256  2104 I chatty  : uid=1000(system) watchdog expire 10 lines
02-27 21:18:47.813  1256  1779 I chatty  : uid=1000(system) NetworkStats expire 7 lines
02-27 21:18:47.823  1256  1783 I chatty  : uid=1000(system) WifiStateMachin expire 1 line
02-27 21:18:47.828  1256  1794 I chatty  : uid=1000(system) WifiScanningSer expire 4 lines
02-27 21:18:47.871  1256  2152 I chatty  : uid=1000(system) Binder:1256_7 expire 7 lines
02-27 21:18:47.883  1256  6432 I chatty  : uid=1000(system) Binder:1256_19 expire 2 lines
02-27 21:18:47.888  1256  1440 I chatty  : uid=1000(system) android.display expire 1 line
02-27 21:18:47.907  1256  6059 I chatty  : uid=1000(system) Binder:1256_18 expire 24 lines
02-27 21:18:47.913 17775 17775 D ActivityThread: ActivityThread,attachApplication
02-27 21:18:47.963 17788 17788 D ActivityThread: ActivityThread,attachApplication
02-27 21:18:47.964  1256  6057 I chatty  : uid=1000(system) Binder:1256_16 expire 5 lines
02-27 21:18:48.207  1256  1367 I chatty  : uid=1000(system) ActivityManager expire 2 lines
02-27 21:18:49.044   605  1233 W SocketListener: sending broadcast to Pid = 1256, Uid = 1000 
02-27 21:19:15.876  1256  1579 I chatty  : uid=1000(system) UEventObserver expire 22 lines
02-27 21:19:34.453   605  1233 W SocketListener: sending broadcast to Pid = 1256, Uid = 1000 
02-27 21:19:34.476  1256  6059 I chatty  : uid=1000(system) Binder:1256_18 expire 4 lines
02-27 21:19:34.477  1256  2198 I chatty  : uid=1000(system) Binder:1256_9 expire 3 lines
02-27 21:19:46.096  1256  1256 I chatty  : uid=1000 system_server expire 20 lines
02-27 21:19:52.425  1256  2104 I chatty  : uid=1000(system) watchdog expire 10 lines
02-27 21:24:34.551   605  1233 W SocketListener: sending broadcast to Pid = 1256, Uid = 1000 
02-27 21:24:34.580  1256 17774 I chatty  : uid=1000(system) Binder:1256_20 expire 2 lines
02-27 21:24:48.154  1256  1579 I chatty  : uid=1000(system) UEventObserver expire 18 lines
02-27 21:24:48.166  1256  1256 I chatty  : uid=1000 system_server expire 12 lines
02-27 21:24:52.438  1256  2104 I chatty  : uid=1000(system) watchdog expire 10 lines
02-27 21:29:00.273   753   927 E /system/bin/storaged: pid_info get_pids failed
02-27 21:29:20.034  1256  1579 I chatty  : uid=1000(system) UEventObserver expire 8 lines
02-27 21:29:20.048  1256  1256 I chatty  : uid=1000 system_server expire 4 lines
02-27 21:29:34.596   605  1233 W SocketListener: sending broadcast to Pid = 1256, Uid = 1000 
02-27 21:29:34.604  1256  1778 I chatty  : uid=1000(system) NetdConnector expire 2 lines
02-27 21:29:52.450  1256  2104 I chatty  : uid=1000(system) watchdog expire 10 lines
02-27 21:31:20.861  1256  1579 I chatty  : uid=1000(system) UEventObserver expire 14 lines
02-27 21:31:20.873  1256  1256 I chatty  : uid=1000 system_server expire 12 lines
02-27 21:34:33.429  1256  1794 I chatty  : uid=1000(system) WifiScanningSer expire 4 lines
02-27 21:34:34.632   605  1233 W SocketListener: sending broadcast to Pid = 1256, Uid = 1000 
02-27 21:34:34.635  1256  1778 I chatty  : uid=1000(system) NetdConnector expire 10 lines
02-27 21:34:34.639  1256  1438 I chatty  : uid=1000(system) android.fg expire 4 lines
02-27 21:34:34.660  1256  1845 I chatty  : uid=1000(system) HwSelfCureEngin expire 5 lines
02-27 21:34:34.661  1256  6059 I chatty  : uid=1000(system) Binder:1256_18 expire 4 lines
02-27 21:34:34.662  1256  2198 I chatty  : uid=1000(system) Binder:1256_9 expire 8 lines
02-27 21:34:34.663  1256 17774 I chatty  : uid=1000(system) Binder:1256_20 expire 10 lines
02-27 21:34:52.313  1256  1579 I chatty  : uid=1000(system) UEventObserver expire 20 lines
02-27 21:34:52.332  1256  1256 I chatty  : uid=1000 system_server expire 22 lines
02-27 21:34:52.460  1256  2104 I chatty  : uid=1000(system) watchdog expire 10 lines
02-27 21:39:34.714   605  1233 W SocketListener: sending broadcast to Pid = 1256, Uid = 1000 
02-27 21:39:34.740  1256  2152 I chatty  : uid=1000(system) Binder:1256_7 expire 7 lines
02-27 21:39:52.473  1256  2104 I chatty  : uid=1000(system) watchdog expire 10 lines
02-27 21:39:54.414  1256  1579 I chatty  : uid=1000(system) UEventObserver expire 18 lines
02-27 21:39:54.425  1256  1256 I chatty  : uid=1000 system_server expire 18 lines
02-27 21:43:54.876  1256  1385 I chatty  : uid=1000(system) batterystats-sy expire 4 lines
02-27 21:44:00.279   753   927 E /system/bin/storaged: pid_info get_pids failed
02-27 21:44:19.670  1256  1849 I chatty  : uid=1000(system) StatisticsCHRMs expire 4 lines
02-27 21:44:20.686  1256  1256 I chatty  : uid=1000 system_server expire 22 lines
02-27 21:44:20.696  1256  1779 I chatty  : uid=1000(system) NetworkStats expire 7 lines
02-27 21:44:20.706  1256  1783 I chatty  : uid=1000(system) WifiStateMachin expire 1 line
02-27 21:44:20.745 19475 19475 D ActivityThread: ActivityThread,attachApplication
02-27 21:44:20.824  1256  1588 I chatty  : uid=1000(system) Binder:1256_3 expire 10 lines
02-27 21:44:20.874 19496 19496 D ActivityThread: ActivityThread,attachApplication
02-27 21:44:20.935  1256 17774 I chatty  : uid=1000(system) Binder:1256_20 expire 15 lines
02-27 21:44:21.940   605  1233 W SocketListener: sending broadcast to Pid = 1256, Uid = 1000 
02-27 21:44:21.965  1256  3146 I chatty  : uid=1000(system) Binder:1256_13 expire 3 lines
02-27 21:44:26.280  1256  1579 I chatty  : uid=1000(system) UEventObserver expire 2 lines
02-27 21:44:32.394  1256 19532 I chatty  : uid=1000 system_server expire 1 line
02-27 21:44:34.728   605  1233 W SocketListener: sending broadcast to Pid = 1256, Uid = 1000 
02-27 21:44:34.730  1256  1778 I chatty  : uid=1000(system) NetdConnector expire 2 lines
02-27 21:44:34.759  1256  1588 I chatty  : uid=1000(system) Binder:1256_3 expire 6 lines
02-27 21:44:34.773  1256  2388 I chatty  : uid=1000(system) Binder:1256_B expire 7 lines
02-27 21:44:52.486  1256  2104 I chatty  : uid=1000(system) watchdog expire 10 lines
02-27 21:44:56.489  1256  1579 I chatty  : uid=1000(system) UEventObserver expire 20 lines
02-27 21:45:26.705  1256  1256 I chatty  : uid=1000 system_server expire 16 lines
02-27 21:49:33.534  1256  1794 I chatty  : uid=1000(system) WifiScanningSer expire 4 lines
02-27 21:49:34.736   605  1233 W SocketListener: sending broadcast to Pid = 1256, Uid = 1000 
02-27 21:49:34.743  1256  1778 I chatty  : uid=1000(system) NetdConnector expire 8 lines
02-27 21:49:34.747  1256  1438 I chatty  : uid=1000(system) android.fg expire 4 lines
02-27 21:49:34.762  1256  1367 I chatty  : uid=1000(system) ActivityManager expire 1 line
02-27 21:49:34.762  1256  3146 I chatty  : uid=1000(system) Binder:1256_13 expire 8 lines
02-27 21:49:34.766  1256  1845 I chatty  : uid=1000(system) HwSelfCureEngin expire 4 lines
02-27 21:49:52.503  1256  2104 I chatty  : uid=1000(system) watchdog expire 10 lines
02-27 21:49:58.553  1256  1579 I chatty  : uid=1000(system) UEventObserver expire 20 lines
02-27 21:49:58.574  1256  1256 I chatty  : uid=1000 system_server expire 20 lines
02-27 21:54:34.810   605  1233 W SocketListener: sending broadcast to Pid = 1256, Uid = 1000 
02-27 21:54:52.516  1256  2104 I chatty  : uid=1000(system) watchdog expire 10 lines
02-27 21:55:00.639  1256  1579 I chatty  : uid=1000(system) UEventObserver expire 16 lines
02-27 21:56:01.076  1256  1256 I chatty  : uid=1000 system_server expire 10 lines
02-27 21:59:00.285   753   927 E /system/bin/storaged: pid_info get_pids failed
02-27 21:59:02.304  1256  1579 I chatty  : uid=1000(system) UEventObserver expire 24 lines
02-27 21:59:02.318  1256  1256 I chatty  : uid=1000 system_server expire 18 lines
02-27 21:59:34.918   605  1233 W SocketListener: sending broadcast to Pid = 1256, Uid = 1000 
02-27 21:59:52.528  1256  2104 I chatty  : uid=1000(system) watchdog expire 10 lines
02-27 22:00:00.048  1256  2152 I chatty  : uid=1000(system) Binder:1256_7 expire 4 lines
02-27 22:00:00.058  1256  3138 I chatty  : uid=1000(system) Binder:1256_11 expire 1 line
02-27 22:00:00.149  2163  3372 W ContextImpl: Calling a method in the system process without a qualified user: android.app.ContextImpl.sendBroadcast:1095 android.content.ContextWrapper.sendBroadcast:436 com.huawei.iaware.userhabit.NRTUserHabitTrainManager$NRTUserHabitHandler.handleTrain:391 com.huawei.iaware.userhabit.NRTUserHabitTrainManager$NRTUserHabitHandler.handleMessage:245 android.os.Handler.dispatchMessage:108 
02-27 22:00:02.734  1256  1256 I chatty  : uid=1000 system_server expire 20 lines
02-27 22:04:34.932   605  1233 W SocketListener: sending broadcast to Pid = 1256, Uid = 1000 
02-27 22:04:34.957  1256 10704 I chatty  : uid=1000(system) Binder:1256_1E expire 2 lines
02-27 22:04:52.541  1256  2104 I chatty  : uid=1000(system) watchdog expire 1 line
02-27 22:05:04.807  1256  1579 I chatty  : uid=1000(system) UEventObserver expire 18 lines
02-27 22:05:04.820  1256  1256 I chatty  : uid=1000 system_server expire 18 lines
02-27 22:05:22.542  1256  2104 I chatty  : uid=1000(system) watchdog expire 18 lines
02-27 22:09:33.719  1256  1794 I chatty  : uid=1000(system) WifiScanningSer expire 4 lines
02-27 22:09:34.946   605  1233 W SocketListener: sending broadcast to Pid = 1256, Uid = 1000 
02-27 22:09:34.948  1256  1778 I chatty  : uid=1000(system) NetdConnector expire 10 lines
02-27 22:09:34.952  1256  1438 I chatty  : uid=1000(system) android.fg expire 4 lines
02-27 22:09:34.965  1256  2152 I chatty  : uid=1000(system) Binder:1256_7 expire 5 lines
02-27 22:09:34.965  1256 10704 I chatty  : uid=1000(system) Binder:1256_1E expire 4 lines
02-27 22:09:34.965  1256  1845 I chatty  : uid=1000(system) HwSelfCureEngin expire 5 lines
02-27 22:09:34.966  1256  1588 I chatty  : uid=1000(system) Binder:1256_3 expire 6 lines
02-27 22:09:36.674  1256  1579 I chatty  : uid=1000(system) UEventObserver expire 18 lines
02-27 22:09:36.688  1256  1256 I chatty  : uid=1000 system_server expire 16 lines
02-27 22:13:54.890  1256  1385 I chatty  : uid=1000(system) batterystats-sy expire 4 lines
02-27 22:14:00.297   753   927 E /system/bin/storaged: open file /data/storaged/storaged.txt failed!2
02-27 22:14:00.297   753   927 E /system/bin/storaged: write(append)  diskstat data failed!ts:1519740840,read bytes:405622784, write bytes: 100360192
02-27 22:14:00.311   753   927 E /system/bin/storaged: curr_io_stats:  size: 185
02-27 22:14:00.314   753   927 E /system/bin/storaged: open file /data/storaged/storaged.txt failed!2
02-27 22:14:00.314   753   927 E /system/bin/storaged: write(append)  uid data failed!
02-27 22:14:00.314   753   927 E /system/bin/storaged: pid_info get_pids failed
02-27 22:14:08.555  1256  1579 I chatty  : uid=1000(system) UEventObserver expire 22 lines
02-27 22:14:08.568  1256  1256 I chatty  : uid=1000 system_server expire 22 lines
02-27 22:14:08.628  1256  1446 I chatty  : uid=1000(system) CpuTracker expire 3 lines
02-27 22:14:19.773  1256  1849 I chatty  : uid=1000(system) StatisticsCHRMs expire 4 lines
02-27 22:14:20.697  1256  1779 I chatty  : uid=1000(system) NetworkStats expire 7 lines
02-27 22:14:20.701  1256  1783 I chatty  : uid=1000(system) WifiStateMachin expire 1 line
02-27 22:14:20.724  1256  3138 I chatty  : uid=1000(system) Binder:1256_11 expire 7 lines
02-27 22:14:21.959   605  1233 W SocketListener: sending broadcast to Pid = 1256, Uid = 1000 
02-27 22:14:22.564  1256  2104 I chatty  : uid=1000(system) watchdog expire 11 lines
02-27 22:14:32.394  1256 21454 I chatty  : uid=1000 system_server expire 1 line
02-27 22:14:34.944   605  1233 W SocketListener: sending broadcast to Pid = 1256, Uid = 1000 
02-27 22:19:34.996   605  1233 W SocketListener: sending broadcast to Pid = 1256, Uid = 1000 
02-27 22:19:34.999  1256  1778 I chatty  : uid=1000(system) NetdConnector expire 2 lines
02-27 22:19:40.836  1256  1579 I chatty  : uid=1000(system) UEventObserver expire 18 lines
02-27 22:19:40.846  1256  1256 I chatty  : uid=1000 system_server expire 20 lines
02-27 22:19:52.586  1256  2104 I chatty  : uid=1000(system) watchdog expire 10 lines
02-27 22:24:12.701  1256  1579 I chatty  : uid=1000(system) UEventObserver expire 20 lines
02-27 22:24:12.713  1256  1256 I chatty  : uid=1000 system_server expire 20 lines
02-27 22:24:33.824  1256  1794 I chatty  : uid=1000(system) WifiScanningSer expire 4 lines
02-27 22:24:35.024   605  1233 W SocketListener: sending broadcast to Pid = 1256, Uid = 1000 
02-27 22:24:35.027  1256  1778 I chatty  : uid=1000(system) NetdConnector expire 10 lines
02-27 22:24:35.031  1256  1438 I chatty  : uid=1000(system) android.fg expire 4 lines
02-27 22:24:35.051  1256 10704 I chatty  : uid=1000(system) Binder:1256_1E expire 5 lines
02-27 22:24:35.051  1256  3138 I chatty  : uid=1000(system) Binder:1256_11 expire 4 lines
02-27 22:24:35.052  1256  1845 I chatty  : uid=1000(system) HwSelfCureEngin expire 4 lines
02-27 22:24:35.052  1256  2152 I chatty  : uid=1000(system) Binder:1256_7 expire 5 lines
02-27 22:24:52.600  1256  2104 I chatty  : uid=1000(system) watchdog expire 10 lines
02-27 22:29:00.320   753   927 E /system/bin/storaged: pid_info get_pids failed
02-27 22:29:14.783  1256  1579 I chatty  : uid=1000(system) UEventObserver expire 22 lines
02-27 22:29:14.794  1256  1256 I chatty  : uid=1000 system_server expire 18 lines
02-27 22:29:35.102   605  1233 W SocketListener: sending broadcast to Pid = 1256, Uid = 1000 
02-27 22:29:52.613  1256  2104 I chatty  : uid=1000(system) watchdog expire 10 lines
02-27 22:34:35.186   605  1233 W SocketListener: sending broadcast to Pid = 1256, Uid = 1000 
02-27 22:34:35.224  1256  1588 I chatty  : uid=1000(system) Binder:1256_3 expire 3 lines
02-27 22:34:47.083  1256  1579 I chatty  : uid=1000(system) UEventObserver expire 20 lines
02-27 22:34:47.095  1256  1256 I chatty  : uid=1000 system_server expire 18 lines
02-27 22:34:52.627  1256  2104 I chatty  : uid=1000(system) watchdog expire 10 lines
02-27 22:39:35.250   605  1233 W SocketListener: sending broadcast to Pid = 1256, Uid = 1000 
02-27 22:39:49.153  1256  1579 I chatty  : uid=1000(system) UEventObserver expire 18 lines
02-27 22:39:49.166  1256  1256 I chatty  : uid=1000 system_server expire 14 lines
02-27 22:39:52.640  1256  2104 I chatty  : uid=1000(system) watchdog expire 9 lines
02-27 22:43:54.895  1256  1385 I chatty  : uid=1000(system) batterystats-sy expire 4 lines
02-27 22:44:00.327   753   927 E /system/bin/storaged: pid_info get_pids failed
02-27 22:44:19.875  1256  1849 I chatty  : uid=1000(system) StatisticsCHRMs expire 4 lines
02-27 22:44:20.949  1256  1256 I chatty  : uid=1000 system_server expire 14 lines
02-27 22:44:20.966  1256  1779 I chatty  : uid=1000(system) NetworkStats expire 3 lines
02-27 22:44:20.969  1256  1783 I chatty  : uid=1000(system) WifiStateMachin expire 1 line
02-27 22:44:20.975  1256  1256 I chatty  : uid=1000 system_server expire 19 lines
02-27 22:44:20.975  1256  1779 I chatty  : uid=1000(system) NetworkStats expire 4 lines
02-27 22:44:20.975  1256  1794 I chatty  : uid=1000(system) WifiScanningSer expire 5 lines
02-27 22:44:20.987  1256  1778 I chatty  : uid=1000(system) NetdConnector expire 10 lines
02-27 22:44:20.995  1256 10704 I chatty  : uid=1000(system) Binder:1256_1E expire 10 lines
02-27 22:44:20.998  1256  1588 I chatty  : uid=1000(system) Binder:1256_3 expire 10 lines
02-27 22:44:21.018  1256  1579 I chatty  : uid=1000(system) UEventObserver expire 22 lines
02-27 22:44:22.220   605  1233 W SocketListener: sending broadcast to Pid = 1256, Uid = 1000 
02-27 22:44:22.228  1256  1438 I chatty  : uid=1000(system) android.fg expire 5 lines
02-27 22:44:22.241  1256  1845 I chatty  : uid=1000(system) HwSelfCureEngin expire 6 lines
02-27 22:44:22.247  1256  2152 I chatty  : uid=1000(system) Binder:1256_7 expire 5 lines
02-27 22:44:22.251  1256  3138 I chatty  : uid=1000(system) Binder:1256_11 expire 6 lines
02-27 22:44:22.653  1256  2104 I chatty  : uid=1000(system) watchdog expire 11 lines
02-27 22:44:32.404  1256 23379 I chatty  : uid=1000 system_server expire 1 line
02-27 22:44:35.230   605  1233 W SocketListener: sending broadcast to Pid = 1256, Uid = 1000 
02-27 22:49:35.272   605  1233 W SocketListener: sending broadcast to Pid = 1256, Uid = 1000 
02-27 22:49:52.672  1256  2104 I chatty  : uid=1000(system) watchdog expire 10 lines
02-27 22:49:53.315  1256  1579 I chatty  : uid=1000(system) UEventObserver expire 20 lines
02-27 22:49:53.330  1256  1256 I chatty  : uid=1000 system_server expire 22 lines
02-27 22:54:35.324   605  1233 W SocketListener: sending broadcast to Pid = 1256, Uid = 1000 
02-27 22:54:35.354  1256 10704 I chatty  : uid=1000(system) Binder:1256_1E expire 5 lines
02-27 22:54:52.687  1256  2104 I chatty  : uid=1000(system) watchdog expire 10 lines
02-27 22:54:55.393  1256  1579 I chatty  : uid=1000(system) UEventObserver expire 18 lines
02-27 22:55:25.613  1256  1256 I chatty  : uid=1000 system_server expire 14 lines
02-27 22:59:00.334   753   927 E /system/bin/storaged: pid_info get_pids failed
02-27 22:59:27.275  1256  1579 I chatty  : uid=1000(system) UEventObserver expire 12 lines
02-27 22:59:27.293  1256  1256 I chatty  : uid=1000 system_server expire 23 lines
02-27 22:59:35.408   605  1233 W SocketListener: sending broadcast to Pid = 1256, Uid = 1000 
02-27 22:59:35.411  1256  1778 I chatty  : uid=1000(system) NetdConnector expire 2 lines
02-27 22:59:52.701  1256  2104 I chatty  : uid=1000(system) watchdog expire 10 lines
02-27 23:01:58.305  1256  1256 I chatty  : uid=1000 system_server expire 12 lines
02-27 23:02:28.503  1256  1579 I chatty  : uid=1000(system) UEventObserver expire 10 lines
02-27 23:04:34.279  1256  1794 I chatty  : uid=1000(system) WifiScanningSer expire 5 lines
02-27 23:04:35.526   605  1233 W SocketListener: sending broadcast to Pid = 1256, Uid = 1000 
02-27 23:04:35.528  1256  1778 I chatty  : uid=1000(system) NetdConnector expire 10 lines
02-27 23:04:35.532  1256  1438 I chatty  : uid=1000(system) android.fg expire 5 lines
02-27 23:04:35.553  1256 10704 I chatty  : uid=1000(system) Binder:1256_1E expire 8 lines
02-27 23:04:35.553  1256  1588 I chatty  : uid=1000(system) Binder:1256_3 expire 5 lines
02-27 23:04:35.554  1256  3138 I chatty  : uid=1000(system) Binder:1256_11 expire 3 lines
02-27 23:04:35.555  1256  1845 I chatty  : uid=1000(system) HwSelfCureEngin expire 5 lines
02-27 23:04:35.555  1256  2152 I chatty  : uid=1000(system) Binder:1256_7 expire 9 lines
02-27 23:04:52.718  1256  2104 I chatty  : uid=1000(system) watchdog expire 10 lines
02-27 23:04:59.548  1256  1579 I chatty  : uid=1000(system) UEventObserver expire 20 lines
02-27 23:04:59.558  1256  1256 I chatty  : uid=1000 system_server expire 18 lines
02-27 23:09:35.583   605  1233 W SocketListener: sending broadcast to Pid = 1256, Uid = 1000 
02-27 23:09:52.731  1256  2104 I chatty  : uid=1000(system) watchdog expire 10 lines
02-27 23:10:01.631  1256  1579 I chatty  : uid=1000(system) UEventObserver expire 16 lines
02-27 23:10:31.857  1256  1256 I chatty  : uid=1000 system_server expire 12 lines
02-27 23:13:54.893  1256  1385 I chatty  : uid=1000(system) batterystats-sy expire 4 lines
02-27 23:14:00.345   753   927 E /system/bin/storaged: open file /data/storaged/storaged.txt failed!2
02-27 23:14:00.345   753   927 E /system/bin/storaged: write(append)  diskstat data failed!ts:1519744440,read bytes:388382720, write bytes: 96460800
02-27 23:14:00.360   753   927 E /system/bin/storaged: curr_io_stats:  size: 185
02-27 23:14:00.365   753   927 E /system/bin/storaged: open file /data/storaged/storaged.txt failed!2
02-27 23:14:00.365   753   927 E /system/bin/storaged: write(append)  uid data failed!
02-27 23:14:00.366   753   927 E /system/bin/storaged: pid_info get_pids failed
02-27 23:14:03.282  1256  1579 I chatty  : uid=1000(system) UEventObserver expire 24 lines
02-27 23:14:03.294  1256  1256 I chatty  : uid=1000 system_server expire 15 lines
02-27 23:14:19.978  1256  1849 I chatty  : uid=1000(system) StatisticsCHRMs expire 4 lines
02-27 23:14:32.417  1256 25304 I chatty  : uid=1000 system_server expire 1 line
02-27 23:14:35.586   605  1233 W SocketListener: sending broadcast to Pid = 1256, Uid = 1000 
02-27 23:14:43.434  1256  1779 I chatty  : uid=1000(system) NetworkStats expire 7 lines
02-27 23:14:43.438  1256  1783 I chatty  : uid=1000(system) WifiStateMachin expire 1 line
02-27 23:14:44.696   605  1233 W SocketListener: sending broadcast to Pid = 1256, Uid = 1000 
02-27 23:14:44.699  1256  1778 I chatty  : uid=1000(system) NetdConnector expire 4 lines
02-27 23:14:44.726  1256  2388 I chatty  : uid=1000(system) Binder:1256_B expire 2 lines
02-27 23:14:52.745  1256  2104 I chatty  : uid=1000(system) watchdog expire 10 lines
02-27 23:15:03.736  1256  1256 I chatty  : uid=1000 system_server expire 20 lines
02-27 23:19:35.605   605  1233 W SocketListener: sending broadcast to Pid = 1256, Uid = 1000 
02-27 23:19:35.634  1256  1845 I chatty  : uid=1000(system) HwSelfCureEngin expire 4 lines
02-27 23:19:35.635  1256 10704 I chatty  : uid=1000(system) Binder:1256_1E expire 4 lines
02-27 23:19:35.636  1256  1588 I chatty  : uid=1000(system) Binder:1256_3 expire 8 lines
02-27 23:19:52.767  1256  2104 I chatty  : uid=1000(system) watchdog expire 10 lines
