03-03 11:34:12.810  1256  1599 I chatty  : uid=1000(system) StorageManagerS expire 2 lines
03-03 11:34:12.811   437   445 I vold    : TrimTask running tasks: 0
03-03 11:34:12.811  1256  3146 I chatty  : uid=1000(system) Binder:1256_13 expire 5 lines
03-03 11:34:12.812  1256  1601 I chatty  : uid=1000(system) VoldConnector expire 1 line
03-03 11:34:12.823  1256  2198 I chatty  : uid=1000(system) Binder:1256_9 expire 1 line
03-03 11:34:12.834  1256  1783 I chatty  : uid=1000(system) WifiStateMachin expire 2 lines
03-03 11:34:12.841  1256  1794 I chatty  : uid=1000(system) WifiScanningSer expire 1 line
03-03 11:34:12.870  1256  2199 I chatty  : uid=1000(system) Binder:1256_A expire 3 lines
03-03 11:34:12.921  1256  2171 I chatty  : uid=1000(system) Binder:1256_8 expire 5 lines
03-03 11:34:12.934  3043  6568 W ContextImpl: Calling a method in the system process without a qualified user: android.app.ContextImpl.bindService:1736 android.content.ContextWrapper.bindService:678 com.huawei.nb.dataservice.dsclient.RemoteServiceConnection.open:90 com.huawei.nb.dataservice.dsclient.DataServiceProxy.connect:105 com.huawei.nb.dataservice.rsclient.internal.RemoteRuleService.start:27 
03-03 11:34:12.960  1256  1256 I chatty  : uid=1000 system_server expire 9 lines
03-03 11:34:13.570  1256  2171 I chatty  : uid=1000(system) Binder:1256_8 expire 34 lines
03-03 11:34:13.596  1256  1570 I chatty  : uid=1000(system) android.anim expire 27 lines
03-03 11:34:13.597  1256  3146 I chatty  : uid=1000(system) Binder:1256_13 expire 11 lines
03-03 11:34:13.601  1256  2198 I chatty  : uid=1000(system) Binder:1256_9 expire 17 lines
03-03 11:34:13.645  2004  2004 V KeyguardDisplayManager: hide
03-03 11:34:13.646  1256  2199 I chatty  : uid=1000(system) Binder:1256_A expire 51 lines
03-03 11:34:13.653  1256  1367 I chatty  : uid=1000(system) ActivityManager expire 1 line
03-03 11:34:13.655  1256  1778 I chatty  : uid=1000(system) NetdConnector expire 4 lines
03-03 11:34:13.674  1256  1796 I chatty  : uid=1000(system) WifiP2pService expire 5 lines
03-03 11:34:13.726  1256  2152 I chatty  : uid=1000(system) Binder:1256_7 expire 18 lines
03-03 11:34:13.743  1256  3113 I chatty  : uid=1000(system) Binder:1256_D expire 1 line
03-03 11:34:14.066   605  1233 W SocketListener: sending broadcast to Pid = 1256, Uid = 1000 
03-03 11:34:14.072  1256  1438 I chatty  : uid=1000(system) android.fg expire 1 line
03-03 11:34:14.095  1256  1848 I chatty  : uid=1000(system) WifiProStateMac expire 1 line
03-03 11:34:14.097  1256  1845 I chatty  : uid=1000(system) HwSelfCureEngin expire 1 line
03-03 11:34:14.099  1256  3124 I chatty  : uid=1000(system) Binder:1256_F expire 1 line
03-03 11:34:15.479  1256  3140 I chatty  : uid=1000(system) Binder:1256_12 expire 31 lines
03-03 11:34:15.480  2004  2611 I CommandQueue: updateBarBgColor
03-03 11:34:15.480  2004  2611 D CommandQueue: CommandQueue, setBarBackgroundColor
03-03 11:34:15.534 29804 29804 D ActivityThread: Remove activity client record, r= ActivityRecord{3d8009b token=android.os.BinderProxy@55716b6 {com.cambricon.productdisplay/com.cambricon.productdisplay.activity.DetectionActivity2}} token= android.os.BinderProxy@55716b6
03-03 11:34:16.479  1256  1453 I chatty  : uid=1000(system) PowerManagerSer expire 1 line
03-03 11:34:16.816  1256  1593 I chatty  : uid=1000(system) sManagerService expire 1 line
03-03 11:34:16.877  1256  1570 I chatty  : uid=1000(system) android.anim expire 27 lines
03-03 11:34:16.885  1256  2171 I chatty  : uid=1000(system) Binder:1256_8 expire 45 lines
03-03 11:34:16.886 29804 29804 V ActivityThread: ActivityThread,callActivityOnCreate
03-03 11:34:16.898  1256  3129 I chatty  : uid=1000(system) Binder:1256_10 expire 67 lines
03-03 11:34:16.937 29804 29804 D ActivityThread: add activity client record, r= ActivityRecord{d151a1e token=android.os.BinderProxy@400287d {com.cambricon.productdisplay/com.cambricon.productdisplay.activity.ClassificationActivity}} token= android.os.BinderProxy@400287d
03-03 11:34:16.973  2004  2611 I CommandQueue: updateBarBgColor
03-03 11:34:16.973  2004  2611 D CommandQueue: CommandQueue, setBarBackgroundColor
03-03 11:34:16.998  1256  3140 I chatty  : uid=1000(system) Binder:1256_12 expire 16 lines
03-03 11:34:18.431 29804 30149 E AndroidRuntime: FATAL EXCEPTION: Thread-9
03-03 11:34:18.431 29804 30149 E AndroidRuntime: Process: com.cambricon.productdisplay, PID: 29804
03-03 11:34:18.431 29804 30149 E AndroidRuntime: java.lang.RuntimeException: Can't toast on a thread that has not called Looper.prepare()
03-03 11:34:18.431 29804 30149 E AndroidRuntime: 	at android.widget.Toast$TN.<init>(Toast.java:414)
03-03 11:34:18.431 29804 30149 E AndroidRuntime: 	at android.widget.Toast.<init>(Toast.java:121)
03-03 11:34:18.431 29804 30149 E AndroidRuntime: 	at android.widget.Toast.makeText(Toast.java:291)
03-03 11:34:18.431 29804 30149 E AndroidRuntime: 	at android.widget.Toast.makeText(Toast.java:281)
03-03 11:34:18.431 29804 30149 E AndroidRuntime: 	at com.cambricon.productdisplay.activity.ClassificationActivity$3.run(ClassificationActivity.java:159)
03-03 11:34:18.431 29804 30149 E AndroidRuntime: 	at java.lang.Thread.run(Thread.java:784)
03-03 11:34:18.450  1256  1256 I chatty  : uid=1000 system_server expire 1 line
03-03 11:34:18.529  1256  1908 I chatty  : uid=1000(system) Binder:1256_4 expire 54 lines
03-03 11:34:18.675  1256  3146 I chatty  : uid=1000(system) Binder:1256_13 expire 11 lines
03-03 11:34:18.694  1256  1440 I chatty  : uid=1000(system) android.display expire 1 line
03-03 11:34:18.717 30153 30153 D ActivityThread: ActivityThread,attachApplication
03-03 11:34:18.730  1256  1369 I chatty  : uid=1000(system) android.ui expire 1 line
03-03 11:34:18.732  1972  2584 I HwNetworkPolicyManager: getHwUidPolicy uid = 10111 policy = 0
03-03 11:34:18.849  1256  2142 I chatty  : uid=1000(system) Binder:1256_6 expire 63 lines
03-03 11:34:18.903 30153 30153 V ActivityThread: ActivityThread,callActivityOnCreate
03-03 11:34:18.945  1256  2171 I chatty  : uid=1000(system) Binder:1256_8 expire 49 lines
03-03 11:34:19.185 30153 30153 E AndroidRuntime: FATAL EXCEPTION: main
03-03 11:34:19.185 30153 30153 E AndroidRuntime: Process: com.cambricon.productdisplay, PID: 30153
03-03 11:34:19.185 30153 30153 E AndroidRuntime: java.lang.RuntimeException: Unable to start activity ComponentInfo{com.cambricon.productdisplay/com.cambricon.productdisplay.activity.HomeActivity}: java.lang.NullPointerException: Attempt to invoke virtual method 'android.content.res.Resources android.content.Context.getResources()' on a null object reference
03-03 11:34:19.185 30153 30153 E AndroidRuntime: 	at android.app.ActivityThread.performLaunchActivity(ActivityThread.java:3174)
03-03 11:34:19.185 30153 30153 E AndroidRuntime: 	at android.app.ActivityThread.handleLaunchActivity(ActivityThread.java:3269)
03-03 11:34:19.185 30153 30153 E AndroidRuntime: 	at android.app.ActivityThread.-wrap12(Unknown Source:0)
03-03 11:34:19.185 30153 30153 E AndroidRuntime: 	at android.app.ActivityThread$H.handleMessage(ActivityThread.java:1881)
03-03 11:34:19.185 30153 30153 E AndroidRuntime: 	at android.os.Handler.dispatchMessage(Handler.java:108)
03-03 11:34:19.185 30153 30153 E AndroidRuntime: 	at android.os.Looper.loop(Looper.java:166)
03-03 11:34:19.185 30153 30153 E AndroidRuntime: 	at android.app.ActivityThread.main(ActivityThread.java:7396)
03-03 11:34:19.185 30153 30153 E AndroidRuntime: 	at java.lang.reflect.Method.invoke(Native Method)
03-03 11:34:19.185 30153 30153 E AndroidRuntime: 	at com.android.internal.os.Zygote$MethodAndArgsCaller.run(Zygote.java:245)
03-03 11:34:19.185 30153 30153 E AndroidRuntime: 	at com.android.internal.os.ZygoteInit.main(ZygoteInit.java:926)
03-03 11:34:19.185 30153 30153 E AndroidRuntime: Caused by: java.lang.NullPointerException: Attempt to invoke virtual method 'android.content.res.Resources android.content.Context.getResources()' on a null object reference
03-03 11:34:19.185 30153 30153 E AndroidRuntime: 	at android.view.ViewConfiguration.get(ViewConfiguration.java:432)
03-03 11:34:19.185 30153 30153 E AndroidRuntime: 	at android.view.View.<init>(View.java:4551)
03-03 11:34:19.185 30153 30153 E AndroidRuntime: 	at android.view.View.<init>(View.java:4684)
03-03 11:34:19.185 30153 30153 E AndroidRuntime: 	at android.widget.TextView.<init>(TextView.java:878)
03-03 11:34:19.185 30153 30153 E AndroidRuntime: 	at android.widget.TextView.<init>(TextView.java:872)
03-03 11:34:19.185 30153 30153 E AndroidRuntime: 	at android.widget.TextView.<init>(TextView.java:868)
03-03 11:34:19.185 30153 30153 E AndroidRuntime: 	at android.widget.TextView.<init>(TextView.java:864)
03-03 11:34:19.185 30153 30153 E AndroidRuntime: 	at com.cambricon.productdisplay.activity.TabFragment.onCreateView(TabFragment.java:34)
03-03 11:34:19.185 30153 30153 E AndroidRuntime: 	at android.support.v4.app.Fragment.performCreateView(Fragment.java:2354)
03-03 11:34:19.185 30153 30153 E AndroidRuntime: 	at android.support.v4.app.FragmentManagerImpl.moveToState(FragmentManager.java:1419)
03-03 11:34:19.185 30153 30153 E AndroidRuntime: 	at android.support.v4.app.FragmentManagerImpl.moveFragmentToExpectedState(FragmentManager.java:1740)
03-03 11:34:19.185 30153 30153 E AndroidRuntime: 	at android.support.v4.app.FragmentManagerImpl.moveToState(FragmentManager.java:1809)
03-03 11:34:19.185 30153 30153 E AndroidRuntime: 	at android.support.v4.app.FragmentManagerImpl.dispatchStateChange(FragmentManager.java:3217)
03-03 11:34:19.185 30153 30153 E AndroidRuntime: 	at android.support.v4.app.FragmentManagerImpl.dispatchActivityCreated(FragmentManager.java:3171)
03-03 11:34:19.185 30153 30153 E AndroidRuntime: 	at android.support.v4.app.FragmentController.dispatchActivityCreated(FragmentController.java:192)
03-03 11:34:19.185 30153 30153 E AndroidRuntime: 	at android.support.v4.app.FragmentActivity.onStart(FragmentActivity.java:560)
03-03 11:34:19.185 30153 30153 E AndroidRuntime: 	at android.support.v7.app.AppCompatActivity.onStart(AppCompatActivity.java:177)
03-03 11:34:19.185 30153 30153 E AndroidRuntime: 	at android.app.Instrumentation.callActivityOnStart(Instrumentation.java:1339)
03-03 11:34:19.185 30153 30153 E AndroidRuntime: 	at android.app.Activity.performStart(Activity.java:7378)
03-03 11:34:19.185 30153 30153 E AndroidRuntime: 	at android.app.ActivityThread.performLaunchActivity(ActivityThread.java:3137)
03-03 11:34:19.185 30153 30153 E AndroidRuntime: 	... 9 more
03-03 11:34:19.188  1256  3146 I chatty  : uid=1000(system) Binder:1256_13 expire 8 lines
03-03 11:34:19.259  1256  2740 I chatty  : uid=1000(system) Binder:1256_C expire 8 lines
03-03 11:34:19.262  1256  1369 I chatty  : uid=1000(system) android.ui expire 4 lines
03-03 11:34:19.265  1256  1908 I chatty  : uid=1000(system) Binder:1256_4 expire 11 lines
03-03 11:34:19.265  1972  2584 I HwNetworkPolicyManager: getHwUidPolicy uid = 10112 policy = 0
03-03 11:34:19.303  1256  1570 I chatty  : uid=1000(system) android.anim expire 38 lines
03-03 11:34:19.413  1256  1579 I chatty  : uid=1000(system) UEventObserver expire 2 lines
03-03 11:34:19.424  1256  1256 I chatty  : uid=1000 system_server expire 4 lines
03-03 11:34:20.680  1256  1453 I chatty  : uid=1000(system) PowerManagerSer expire 5 lines
03-03 11:34:21.663  1256  1588 I chatty  : uid=1000(system) Binder:1256_3 expire 26 lines
03-03 11:34:22.243  1256  1596 I chatty  : uid=1000(system) InputDispatcher expire 4 lines
03-03 11:34:22.306  2004  2018 I CommandQueue: updateBarBgColor
03-03 11:34:22.306  2004  2018 D CommandQueue: CommandQueue, setBarBackgroundColor
03-03 11:34:23.504  1972  2584 I HwNetworkPolicyManager: getHwUidPolicy uid = 10067 policy = 0
03-03 11:34:23.512  2004  2018 I CommandQueue: updateBarBgColor
03-03 11:34:23.512  2004  2018 D CommandQueue: CommandQueue, setBarBackgroundColor
03-03 11:34:23.804 27423 27423 D ActivityThread: Remove activity client record, r= ActivityRecord{877a188 token=android.os.BinderProxy@bb9423f {cambricon.ultrademo/cambricon.ultrademo.MainActivity}} token= android.os.BinderProxy@bb9423f
03-03 11:34:26.009  1256  1909 I chatty  : uid=1000(system) Binder:1256_5 expire 1 line
03-03 11:34:26.009  1256  6058 I chatty  : uid=1000(system) Binder:1256_17 expire 1 line
03-03 11:34:26.014  1256  3129 I chatty  : uid=1000(system) Binder:1256_10 expire 1 line
03-03 11:34:28.719  1256  1593 I chatty  : uid=1000(system) sManagerService expire 2 lines
03-03 11:34:28.760  1972  2584 I HwNetworkPolicyManager: getHwUidPolicy uid = 1000 policy = 0
03-03 11:34:28.762 25321 25321 W ContextImpl: Calling a method in the system process without a qualified user: android.app.ContextImpl.sendBroadcast:1095 android.content.ContextWrapper.sendBroadcast:436 com.android.settings.HWSettings.onResume:138 android.app.Instrumentation.callActivityOnResume:1364 android.app.Activity.performResume:7465 
03-03 11:34:28.778  2004  2018 I CommandQueue: updateBarBgColor
03-03 11:34:28.778  2004  2018 D CommandQueue: CommandQueue, setBarBackgroundColor
03-03 11:34:28.850  1256  2142 I chatty  : uid=1000(system) Binder:1256_6 expire 26 lines
03-03 11:34:29.080  1256  1570 I chatty  : uid=1000(system) android.anim expire 36 lines
03-03 11:34:29.095  1256  1588 I chatty  : uid=1000(system) Binder:1256_3 expire 9 lines
03-03 11:34:29.097  1256  1369 I chatty  : uid=1000(system) android.ui expire 1 line
03-03 11:34:29.244  1256  1256 I chatty  : uid=1000 system_server expire 1 line
03-03 11:34:31.942  1256  2171 I chatty  : uid=1000(system) Binder:1256_8 expire 127 lines
03-03 11:34:31.951  1256  1909 I chatty  : uid=1000(system) Binder:1256_5 expire 10 lines
03-03 11:34:31.965 25321 25321 V ActivityThread: ActivityThread,callActivityOnCreate
03-03 11:34:32.015 25321 25321 D ActivityThread: add activity client record, r= ActivityRecord{e3984bd token=android.os.BinderProxy@1f4a5a2 {com.android.settings/com.android.settings.Settings$AppAndNotificationDashboardActivity}} token= android.os.BinderProxy@1f4a5a2
03-03 11:34:32.369  1256  3146 I chatty  : uid=1000(system) Binder:1256_13 expire 51 lines
03-03 11:34:34.414 25321 25321 V ActivityThread: ActivityThread,callActivityOnCreate
03-03 11:34:34.447 25321 25321 D ActivityThread: add activity client record, r= ActivityRecord{f034088 token=android.os.BinderProxy@82ec96a {com.android.settings/com.android.settings.SubSettings}} token= android.os.BinderProxy@82ec96a
03-03 11:34:34.754  1256  2171 I chatty  : uid=1000(system) Binder:1256_8 expire 139 lines
03-03 11:34:35.000  1256  2142 I chatty  : uid=1000(system) Binder:1256_6 expire 3 lines
03-03 11:34:36.126  1256  2104 I chatty  : uid=1000(system) watchdog expire 1 line
03-03 11:34:39.191  1256  1593 I chatty  : uid=1000(system) sManagerService expire 1 line
03-03 11:34:39.204  1256  1570 I chatty  : uid=1000(system) android.anim expire 9 lines
03-03 11:34:39.206 25321 25321 V ActivityThread: ActivityThread,callActivityOnCreate
03-03 11:34:39.250 25321 25321 D ActivityThread: add activity client record, r= ActivityRecord{d446baf token=android.os.BinderProxy@4fe9a2e {com.android.settings/com.android.settings.applications.InstalledAppDetailsTop}} token= android.os.BinderProxy@4fe9a2e
03-03 11:34:39.275  1256  1588 I chatty  : uid=1000(system) Binder:1256_3 expire 7 lines
03-03 11:34:39.276 25321 25321 W ContextImpl: Calling a method in the system process without a qualified user: android.app.ContextImpl.bindService:1736 android.content.ContextWrapper.bindService:678 android.content.pm.permission.RuntimePermissionPresenter$RemoteService.processMessage:154 android.content.pm.permission.RuntimePermissionPresenter.getAppPermissions:118 com.android.settings.applications.PermissionsSummaryHelper.getPermissionSummary:34 
03-03 11:34:39.290  1256  1909 I chatty  : uid=1000(system) Binder:1256_5 expire 69 lines
03-03 11:34:39.315  1256  1588 I chatty  : uid=1000(system) Binder:1256_3 expire 27 lines
03-03 11:34:39.324  1256  2171 I chatty  : uid=1000(system) Binder:1256_8 expire 1 line
03-03 11:34:39.370  1256  2740 I chatty  : uid=1000(system) Binder:1256_C expire 125 lines
03-03 11:34:39.407  1256  1570 I chatty  : uid=1000(system) android.anim expire 10 lines
03-03 11:34:39.519  1256  2740 I chatty  : uid=1000(system) Binder:1256_C expire 63 lines
03-03 11:34:39.588  1256  1588 I chatty  : uid=1000(system) Binder:1256_3 expire 56 lines
03-03 11:34:43.092  1256  1596 I chatty  : uid=1000(system) InputDispatcher expire 2 lines
03-03 11:34:43.103  1256  3146 I chatty  : uid=1000(system) Binder:1256_13 expire 4 lines
03-03 11:34:43.134  1256  2171 I chatty  : uid=1000(system) Binder:1256_8 expire 14 lines
03-03 11:34:43.138  1256  1909 I chatty  : uid=1000(system) Binder:1256_5 expire 3 lines
03-03 11:34:43.144  1256  2142 I chatty  : uid=1000(system) Binder:1256_6 expire 141 lines
03-03 11:34:43.218  1256  2171 I chatty  : uid=1000(system) Binder:1256_8 expire 112 lines
03-03 11:34:43.243  1256  1596 I chatty  : uid=1000(system) InputDispatcher expire 2 lines
03-03 11:34:43.249  1256  1908 I chatty  : uid=1000(system) Binder:1256_4 expire 4 lines
03-03 11:34:43.256  1256  1570 I chatty  : uid=1000(system) android.anim expire 8 lines
03-03 11:34:43.259  1256  2740 I chatty  : uid=1000(system) Binder:1256_C expire 8 lines
03-03 11:34:43.423  1256  2142 I chatty  : uid=1000(system) Binder:1256_6 expire 34 lines
03-03 11:34:43.443  1256  1596 I chatty  : uid=1000(system) InputDispatcher expire 10 lines
03-03 11:34:43.450  1256  3146 I chatty  : uid=1000(system) Binder:1256_13 expire 19 lines
03-03 11:34:43.457  1256  1570 I chatty  : uid=1000(system) android.anim expire 40 lines
03-03 11:34:43.459 25321 25321 W ContextImpl: Calling a method in the system process without a qualified user: android.app.ContextImpl.sendBroadcast:1095 android.content.ContextWrapper.sendBroadcast:436 com.android.settings.HWSettings.onResume:138 android.app.Instrumentation.callActivityOnResume:1364 android.app.Activity.performResume:7465 
03-03 11:34:43.464  1256  1588 I chatty  : uid=1000(system) Binder:1256_3 expire 17 lines
03-03 11:34:43.469  1256  2171 I chatty  : uid=1000(system) Binder:1256_8 expire 45 lines
03-03 11:34:43.758 25321 25321 D ActivityThread: Remove activity client record, r= ActivityRecord{e3984bd token=android.os.BinderProxy@1f4a5a2 {com.android.settings/com.android.settings.Settings$AppAndNotificationDashboardActivity}} token= android.os.BinderProxy@1f4a5a2
03-03 11:34:43.764 25321 25321 D ActivityThread: Remove activity client record, r= ActivityRecord{f034088 token=android.os.BinderProxy@82ec96a {com.android.settings/com.android.settings.SubSettings}} token= android.os.BinderProxy@82ec96a
03-03 11:34:43.769 25321 25321 D ActivityThread: Remove activity client record, r= ActivityRecord{d446baf token=android.os.BinderProxy@4fe9a2e {com.android.settings/com.android.settings.applications.InstalledAppDetailsTop}} token= android.os.BinderProxy@4fe9a2e
03-03 11:34:45.485  1256  1256 I chatty  : uid=1000 system_server expire 4 lines
03-03 11:34:46.023  1256  1909 I chatty  : uid=1000(system) Binder:1256_5 expire 21 lines
03-03 11:34:46.032  1256  3154 I chatty  : uid=1000(system) Binder:1256_14 expire 13 lines
03-03 11:34:46.102  1256  1369 I chatty  : uid=1000(system) android.ui expire 4 lines
03-03 11:34:46.104  1972  2584 I HwNetworkPolicyManager: getHwUidPolicy uid = 10067 policy = 0
03-03 11:34:46.106  2004  2611 I CommandQueue: updateBarBgColor
03-03 11:34:46.106  2004  2611 D CommandQueue: CommandQueue, setBarBackgroundColor
03-03 11:34:47.281  1256  1593 I chatty  : uid=1000(system) sManagerService expire 1 line
03-03 11:34:47.329 30233 30233 D ActivityThread: ActivityThread,attachApplication
03-03 11:34:47.346  1972  2584 I HwNetworkPolicyManager: getHwUidPolicy uid = 10111 policy = 0
03-03 11:34:47.519 30233 30233 V ActivityThread: ActivityThread,callActivityOnCreate
03-03 11:34:47.588 30233 30233 D ActivityThread: add activity client record, r= ActivityRecord{ae2a9f1 token=android.os.BinderProxy@1bc7b26 {com.cambricon.productdisplay/com.cambricon.productdisplay.activity.SplashActivity}} token= android.os.BinderProxy@1bc7b26
03-03 11:34:47.638  2004  2611 I CommandQueue: updateBarBgColor
03-03 11:34:47.638  2004  2611 D CommandQueue: CommandQueue, setBarBackgroundColor
03-03 11:34:49.148  1256  2171 I chatty  : uid=1000(system) Binder:1256_8 expire 20 lines
03-03 11:34:49.157  1256  1588 I chatty  : uid=1000(system) Binder:1256_3 expire 22 lines
03-03 11:34:49.163 30233 30233 V ActivityThread: ActivityThread,callActivityOnCreate
03-03 11:34:49.304 30233 30233 D ActivityThread: add activity client record, r= ActivityRecord{f51537d token=android.os.BinderProxy@1ef7be5 {com.cambricon.productdisplay/com.cambricon.productdisplay.activity.HomeActivity}} token= android.os.BinderProxy@1ef7be5
03-03 11:34:49.374  1256  3154 I chatty  : uid=1000(system) Binder:1256_14 expire 79 lines
03-03 11:34:49.376  2004  2611 I CommandQueue: updateBarBgColor
03-03 11:34:49.376  2004  2611 D CommandQueue: CommandQueue, setBarBackgroundColor
03-03 11:34:49.478  1256  1570 I chatty  : uid=1000(system) android.anim expire 35 lines
03-03 11:34:49.627  1256  1579 I chatty  : uid=1000(system) UEventObserver expire 2 lines
03-03 11:34:49.639  1256  1256 I chatty  : uid=1000 system_server expire 4 lines
03-03 11:34:49.819 30233 30233 D ActivityThread: Remove activity client record, r= ActivityRecord{ae2a9f1 token=android.os.BinderProxy@1bc7b26 {com.cambricon.productdisplay/com.cambricon.productdisplay.activity.SplashActivity}} token= android.os.BinderProxy@1bc7b26
03-03 11:34:50.617  1256  6058 I chatty  : uid=1000(system) Binder:1256_17 expire 40 lines
03-03 11:34:50.623  1256  3146 I chatty  : uid=1000(system) Binder:1256_13 expire 2 lines
03-03 11:34:50.641 30233 30233 V ActivityThread: ActivityThread,callActivityOnCreate
03-03 11:34:52.442 30233 30233 D ActivityThread: add activity client record, r= ActivityRecord{4c571b7 token=android.os.BinderProxy@6b4d959 {com.cambricon.productdisplay/com.cambricon.productdisplay.activity.ClassificationActivity}} token= android.os.BinderProxy@6b4d959
03-03 11:34:52.498  2004  2051 I CommandQueue: updateBarBgColor
03-03 11:34:52.498  2004  2051 D CommandQueue: CommandQueue, setBarBackgroundColor
03-03 11:34:55.094 30233 30283 E AndroidRuntime: FATAL EXCEPTION: Thread-8
03-03 11:34:55.094 30233 30283 E AndroidRuntime: Process: com.cambricon.productdisplay, PID: 30233
03-03 11:34:55.094 30233 30283 E AndroidRuntime: java.lang.RuntimeException: Can't toast on a thread that has not called Looper.prepare()
03-03 11:34:55.094 30233 30283 E AndroidRuntime: 	at android.widget.Toast$TN.<init>(Toast.java:414)
03-03 11:34:55.094 30233 30283 E AndroidRuntime: 	at android.widget.Toast.<init>(Toast.java:121)
03-03 11:34:55.094 30233 30283 E AndroidRuntime: 	at android.widget.Toast.makeText(Toast.java:291)
03-03 11:34:55.094 30233 30283 E AndroidRuntime: 	at android.widget.Toast.makeText(Toast.java:281)
03-03 11:34:55.094 30233 30283 E AndroidRuntime: 	at com.cambricon.productdisplay.activity.ClassificationActivity$3.run(ClassificationActivity.java:159)
03-03 11:34:55.094 30233 30283 E AndroidRuntime: 	at java.lang.Thread.run(Thread.java:784)
03-03 11:34:55.268  1256  3129 I chatty  : uid=1000(system) Binder:1256_10 expire 5 lines
03-03 11:34:55.335  1256  1440 I chatty  : uid=1000(system) android.display expire 1 line
03-03 11:34:55.353 30286 30286 D ActivityThread: ActivityThread,attachApplication
03-03 11:34:55.401  1256  1369 I chatty  : uid=1000(system) android.ui expire 3 lines
03-03 11:34:55.402  1256  4568 I chatty  : uid=1000(system) Binder:1256_15 expire 12 lines
03-03 11:34:55.404  1256  1367 I chatty  : uid=1000(system) ActivityManager expire 6 lines
03-03 11:34:55.405  1256  1602 I chatty  : uid=1000(system) CryptdConnector expire 1 line
03-03 11:34:55.408  1256  2199 I chatty  : uid=1000(system) Binder:1256_A expire 18 lines
03-03 11:34:55.408  1972  2584 I HwNetworkPolicyManager: getHwUidPolicy uid = 10111 policy = 0
03-03 11:34:55.426  1256  1570 I chatty  : uid=1000(system) android.anim expire 22 lines
03-03 11:34:55.438  1256  2142 I chatty  : uid=1000(system) Binder:1256_6 expire 26 lines
03-03 11:34:55.534  1256  1588 I chatty  : uid=1000(system) Binder:1256_3 expire 10 lines
03-03 11:34:55.591 30286 30286 V ActivityThread: ActivityThread,callActivityOnCreate
03-03 11:34:55.781 30286 30286 D ActivityThread: add activity client record, r= ActivityRecord{5d11b36 token=android.os.BinderProxy@1bc7b26 {com.cambricon.productdisplay/com.cambricon.productdisplay.activity.HomeActivity}} token= android.os.BinderProxy@1bc7b26
03-03 11:34:55.874  2004 27692 I CommandQueue: updateBarBgColor
03-03 11:34:55.874  2004 27692 D CommandQueue: CommandQueue, setBarBackgroundColor
03-03 11:35:00.004  1256  1256 I chatty  : uid=1000 system_server expire 7 lines
03-03 11:35:06.128  1256  2104 I chatty  : uid=1000(system) watchdog expire 1 line
03-03 11:35:07.029  1256  1596 I chatty  : uid=1000(system) InputDispatcher expire 4 lines
03-03 11:35:07.118  2004 27692 I CommandQueue: updateBarBgColor
03-03 11:35:07.118  2004 27692 D CommandQueue: CommandQueue, setBarBackgroundColor
03-03 11:35:07.120  1972  2584 I HwNetworkPolicyManager: getHwUidPolicy uid = 10067 policy = 0
03-03 11:35:07.147  1256  2142 I chatty  : uid=1000(system) Binder:1256_6 expire 10 lines
03-03 11:35:07.151  1256  1570 I chatty  : uid=1000(system) android.anim expire 15 lines
03-03 11:35:07.425 30286 30286 D ActivityThread: Remove activity client record, r= ActivityRecord{5d11b36 token=android.os.BinderProxy@1bc7b26 {com.cambricon.productdisplay/com.cambricon.productdisplay.activity.HomeActivity}} token= android.os.BinderProxy@1bc7b26
03-03 11:35:07.426  1256  4568 I chatty  : uid=1000(system) Binder:1256_15 expire 9 lines
03-03 11:35:09.709  1256  1588 I chatty  : uid=1000(system) Binder:1256_3 expire 3 lines
03-03 11:35:11.214  1256  1474 I chatty  : uid=1000(system) PackageManager expire 4 lines
03-03 11:35:11.334  1256  1440 I chatty  : uid=1000(system) android.display expire 1 line
03-03 11:35:11.373  1256  1283 I chatty  : uid=1000(system) Binder:1256_2 expire 31 lines
03-03 11:35:11.507  1256  2198 I chatty  : uid=1000(system) Binder:1256_9 expire 6 lines
03-03 11:35:11.523  1256  6058 I chatty  : uid=1000(system) Binder:1256_17 expire 1 line
03-03 11:35:11.553  1256  1779 I chatty  : uid=1000(system) NetworkStats expire 5 lines
03-03 11:35:11.555  1256  1778 I chatty  : uid=1000(system) NetdConnector expire 2 lines
03-03 11:35:11.560  1256  3154 I chatty  : uid=1000(system) Binder:1256_14 expire 5 lines
03-03 11:35:11.561  1972  1972 I HwNetworkPolicyManager: removeHwUidPolicy uid = 10111 policy = -1 opPackageName = com.huawei.systemmanager
03-03 11:35:11.569  1256  1908 I chatty  : uid=1000(system) Binder:1256_4 expire 1 line
03-03 11:35:11.581 25321 25321 W ContextImpl: Calling a method in the system process without a qualified user: android.app.ContextImpl.startService:1656 android.content.ContextWrapper.startService:644 android.content.ContextWrapper.startService:644 com.android.settings.applications.BlackListReceiver.onReceive:35 android.app.ActivityThread.handleReceiver:3662 
03-03 11:35:11.588  1256  1365 I chatty  : uid=1000(system) android.bg expire 17 lines
03-03 11:35:11.805  1256 30376 I chatty  : uid=1000 system_server expire 5 lines
03-03 11:35:11.834  1256  1908 I chatty  : uid=1000(system) Binder:1256_4 expire 8 lines
03-03 11:35:11.835 23346 23346 W ContextImpl: Calling a method in the system process without a qualified user: android.app.ContextImpl.startService:1656 android.content.ContextWrapper.startService:644 android.content.ContextWrapper.startService:644 com.huawei.systemmanager.antivirus.utils.AntiVirusTools.deleteVirusApk:632 com.huawei.systemmanager.antivirus.AntiVirusReceiver.handlerPackageRemoved:52 
03-03 11:35:11.836  1256  2142 I chatty  : uid=1000(system) Binder:1256_6 expire 25 lines
03-03 11:35:11.840  1256  3124 I chatty  : uid=1000(system) Binder:1256_F expire 3 lines
03-03 11:35:11.842  1256  3140 I chatty  : uid=1000(system) Binder:1256_12 expire 55 lines
03-03 11:35:11.843  1256  2740 I chatty  : uid=1000(system) Binder:1256_C expire 35 lines
03-03 11:35:11.847  1256  6058 I chatty  : uid=1000(system) Binder:1256_17 expire 51 lines
03-03 11:35:11.849  1256  1588 I chatty  : uid=1000(system) Binder:1256_3 expire 3 lines
03-03 11:35:11.850  1256 17774 I chatty  : uid=1000(system) Binder:1256_20 expire 6 lines
03-03 11:35:11.850  1256  1283 I chatty  : uid=1000(system) Binder:1256_2 expire 44 lines
03-03 11:35:11.876  1256  2198 I chatty  : uid=1000(system) Binder:1256_9 expire 2 lines
03-03 11:35:11.915  1256  1794 I chatty  : uid=1000(system) WifiScanningSer expire 1 line
03-03 11:35:11.925 23346 24136 W ContextImpl: Calling a method in the system process without a qualified user: android.app.ContextImpl.startService:1656 android.content.ContextWrapper.startService:644 com.huawei.systemmanager.spacecleanner.receiver.SpaceCleanReceiver.checkRarelyUsedApp:87 com.huawei.systemmanager.spacecleanner.receiver.SpaceCleanReceiver.doInBackground:39 java.lang.reflect.Method.invoke:-2 
03-03 11:35:11.933  1256  1367 I chatty  : uid=1000(system) ActivityManager expire 5 lines
03-03 11:35:11.967 30386 30386 D ActivityThread: ActivityThread,attachApplication
03-03 11:35:12.839  1256  1783 I chatty  : uid=1000(system) WifiStateMachin expire 2 lines
03-03 11:35:13.123   605  1233 W SocketListener: sending broadcast to Pid = 1256, Uid = 1000 
03-03 11:35:13.125  1256  1778 I chatty  : uid=1000(system) NetdConnector expire 2 lines
03-03 11:35:13.129  1256  1438 I chatty  : uid=1000(system) android.fg expire 1 line
03-03 11:35:13.149  1256  1283 I chatty  : uid=1000(system) Binder:1256_2 expire 5 lines
03-03 11:35:13.149  1256  1848 I chatty  : uid=1000(system) WifiProStateMac expire 1 line
03-03 11:35:13.150  1256  1845 I chatty  : uid=1000(system) HwSelfCureEngin expire 1 line
03-03 11:35:13.150  1256  6058 I chatty  : uid=1000(system) Binder:1256_17 expire 61 lines
03-03 11:35:13.150  1256  2142 I chatty  : uid=1000(system) Binder:1256_6 expire 34 lines
03-03 11:35:13.151  1256  1908 I chatty  : uid=1000(system) Binder:1256_4 expire 7 lines
03-03 11:35:13.152  1256  3140 I chatty  : uid=1000(system) Binder:1256_12 expire 16 lines
03-03 11:35:14.296  1256  1588 I chatty  : uid=1000(system) Binder:1256_3 expire 1 line
03-03 11:35:14.297  1256 17774 I chatty  : uid=1000(system) Binder:1256_20 expire 7 lines
03-03 11:35:14.297  1256  3154 I chatty  : uid=1000(system) Binder:1256_14 expire 1 line
03-03 11:35:19.468  1256  1569 I chatty  : uid=1000(system) PackageInstalle expire 1 line
03-03 11:35:19.670  1256  1474 I chatty  : uid=1000(system) PackageManager expire 8 lines
03-03 11:35:19.829  1256  1579 I chatty  : uid=1000(system) UEventObserver expire 2 lines
03-03 11:35:19.841  1256  1256 I chatty  : uid=1000 system_server expire 10 lines
03-03 11:35:20.059  1972  1972 I HwNetworkPolicyManager: removeHwUidPolicy uid = 10113 policy = -1 opPackageName = com.huawei.systemmanager
03-03 11:35:20.097  1256  1365 I chatty  : uid=1000(system) android.bg expire 15 lines
03-03 11:35:20.113 25321 25321 W ContextImpl: Calling a method in the system process without a qualified user: android.app.ContextImpl.startService:1656 android.content.ContextWrapper.startService:644 android.content.ContextWrapper.startService:644 com.android.settings.applications.BlackListReceiver.onReceive:35 android.app.ActivityThread.handleReceiver:3662 
03-03 11:35:20.125  1256  1593 I chatty  : uid=1000(system) sManagerService expire 1 line
03-03 11:35:20.149  1256  2740 I chatty  : uid=1000(system) Binder:1256_C expire 16 lines
03-03 11:35:20.152  1256  1570 I chatty  : uid=1000(system) android.anim expire 10 lines
03-03 11:35:20.170  1256  2388 I chatty  : uid=1000(system) Binder:1256_B expire 41 lines
03-03 11:35:20.192 30533 30533 D ActivityThread: ActivityThread,attachApplication
03-03 11:35:20.218  1256  1369 I chatty  : uid=1000(system) android.ui expire 1 line
03-03 11:35:20.227  1972  2584 I HwNetworkPolicyManager: getHwUidPolicy uid = 10113 policy = 0
03-03 11:35:20.284  1256 30559 I chatty  : uid=1000 system_server expire 5 lines
03-03 11:35:20.296 23346 23346 W ContextImpl: Calling a method in the system process without a qualified user: android.app.ContextImpl.startService:1656 android.content.ContextWrapper.startService:644 android.content.ContextWrapper.startService:644 com.huawei.systemmanager.antivirus.utils.AntiVirusTools.checkVirusForNewInstalledApk:620 com.huawei.systemmanager.antivirus.AntiVirusReceiver.onReceive:36 
03-03 11:35:20.333 23346 24135 W ContextImpl: Calling a method in the system process without a qualified user: android.app.ContextImpl.startService:1656 android.content.ContextWrapper.startService:644 com.huawei.systemmanager.rainbow.client.background.broadcast.SecurityBroadcastReceiver.doInBackground:120 java.lang.reflect.Method.invoke:-2 com.huawei.systemmanager.util.content.HsmIntentService$Work.reflectTargetReceiver:231 
03-03 11:35:20.334 23346 24097 W ContextImpl: Calling a method in the system process without a qualified user: android.app.ContextImpl.startService:1656 android.content.ContextWrapper.startService:644 com.huawei.systemmanager.spacecleanner.receiver.SpaceCleanReceiver.checkRarelyUsedApp:87 com.huawei.systemmanager.spacecleanner.receiver.SpaceCleanReceiver.doInBackground:39 java.lang.reflect.Method.invoke:-2 
03-03 11:35:20.336  1256  1367 I chatty  : uid=1000(system) ActivityManager expire 1 line
03-03 11:35:20.412 30533 30533 V ActivityThread: ActivityThread,callActivityOnCreate
03-03 11:35:20.433  1256  2142 I chatty  : uid=1000(system) Binder:1256_6 expire 60 lines
03-03 11:35:20.433  1256  2740 I chatty  : uid=1000(system) Binder:1256_C expire 144 lines
03-03 11:35:20.434  1256  1908 I chatty  : uid=1000(system) Binder:1256_4 expire 2 lines
03-03 11:35:20.487 30533 30533 D ActivityThread: add activity client record, r= ActivityRecord{ae2a9f1 token=android.os.BinderProxy@1bc7b26 {com.cambricon.productdisplay/com.cambricon.productdisplay.activity.SplashActivity}} token= android.os.BinderProxy@1bc7b26
03-03 11:35:20.502 30533 30577 F libc    : Fatal signal 6 (SIGABRT), code -6 in tid 30577 (Thread-7)
03-03 11:35:20.540 30581 30581 F DEBUG   : *** *** *** *** *** *** *** *** *** *** *** *** *** *** *** ***
03-03 11:35:20.540 30581 30581 F DEBUG   : Build fingerprint: 'HONOR/BKL-AL00/HWBKL:8.0.0/HUAWEIBKL-AL00/116(C00):user/release-keys'
03-03 11:35:20.540 30581 30581 F DEBUG   : Revision: '0'
03-03 11:35:20.540 30581 30581 F DEBUG   : ABI: 'arm'
03-03 11:35:20.540 30581 30581 F DEBUG   : pid: 30533, tid: 30577, name: Thread-7  >>> com.cambricon.productdisplay <<<
03-03 11:35:20.540 30581 30581 F DEBUG   : signal 6 (SIGABRT), code -6 (SI_TKILL), fault addr --------
03-03 11:35:20.542 30581 30581 F DEBUG   : Abort message: 'F0303 11:35:20.502202 30577 io.cpp:41] Check failed: fd != -1 (-1 vs. -1) File not found: /storage/emulated/0/caffe_mobile/ResNet50/test_agnostic.prototxt
03-03 11:35:20.542 30581 30581 F DEBUG   : '
03-03 11:35:20.542 30581 30581 F DEBUG   :     r0 00000000  r1 00007771  r2 00000006  r3 00000008
03-03 11:35:20.542 30581 30581 F DEBUG   :     r4 00007745  r5 00007771  r6 c96c0958  r7 0000010c
03-03 11:35:20.542 30581 30581 F DEBUG   :     r8 c927a64a  r9 c96c0a48  sl c9381bf4  fp c96c0aa8
03-03 11:35:20.542 30581 30581 F DEBUG   :     ip 00000000  sp c96c0948  lr ea4b7457  pc ea4e8174  cpsr 200f0010
03-03 11:35:20.552 30581 30581 F DEBUG   : 
03-03 11:35:20.552 30581 30581 F DEBUG   : backtrace:
03-03 11:35:20.552 30581 30581 F DEBUG   :     #00 pc 0004b174  /system/lib/libc.so (tgkill+12)
03-03 11:35:20.552 30581 30581 F DEBUG   :     #01 pc 0001a453  /system/lib/libc.so (abort+54)
03-03 11:35:20.552 30581 30581 F DEBUG   :     #02 pc 0027f643  /data/app/com.cambricon.productdisplay-YzbiDHH7rDuH6cY7utcicA==/lib/arm/libcaffe.so
03-03 11:35:20.552 30581 30581 F DEBUG   :     #03 pc 00280f5f  /data/app/com.cambricon.productdisplay-YzbiDHH7rDuH6cY7utcicA==/lib/arm/libcaffe.so (_ZN6google10LogMessage4FailEv+10)
03-03 11:35:20.552 30581 30581 F DEBUG   :     #04 pc 002835a9  /data/app/com.cambricon.productdisplay-YzbiDHH7rDuH6cY7utcicA==/lib/arm/libcaffe.so (_ZN6google10LogMessage9SendToLogEv+244)
03-03 11:35:20.552 30581 30581 F DEBUG   :     #05 pc 00280cc9  /data/app/com.cambricon.productdisplay-YzbiDHH7rDuH6cY7utcicA==/lib/arm/libcaffe.so (_ZN6google10LogMessage5FlushEv+120)
03-03 11:35:20.552 30581 30581 F DEBUG   :     #06 pc 00283895  /data/app/com.cambricon.productdisplay-YzbiDHH7rDuH6cY7utcicA==/lib/arm/libcaffe.so (_ZN6google15LogMessageFatalD1Ev+4)
03-03 11:35:20.552 30581 30581 F DEBUG   :     #07 pc 002344eb  /data/app/com.cambricon.productdisplay-YzbiDHH7rDuH6cY7utcicA==/lib/arm/libcaffe.so (_ZN5caffe21ReadProtoFromTextFileEPKcPN6google8protobuf7MessageE+150)
03-03 11:35:20.552 30581 30581 F DEBUG   :     #08 pc 00224cb7  /data/app/com.cambricon.productdisplay-YzbiDHH7rDuH6cY7utcicA==/lib/arm/libcaffe.so (_ZN5caffe30ReadNetParamsFromTextFileOrDieERKSsPNS_12NetParameterE+10)
03-03 11:35:20.552 30581 30581 F DEBUG   :     #09 pc 0017b3bd  /data/app/com.cambricon.productdisplay-YzbiDHH7rDuH6cY7utcicA==/lib/arm/libcaffe.so (_ZN5caffe3NetIfEC2ERKSsNS_5PhaseEiPKSt6vectorISsSaISsEEPKS1_+512)
03-03 11:35:20.552 30581 30581 F DEBUG   :     #10 pc 000128ef  /data/app/com.cambricon.productdisplay-YzbiDHH7rDuH6cY7utcicA==/lib/arm/libdetecte_jni.so (_ZN5caffe9DetectionC2ERKSsS2_+182)
03-03 11:35:20.553 30581 30581 F DEBUG   :     #11 pc 00012bcf  /data/app/com.cambricon.productdisplay-YzbiDHH7rDuH6cY7utcicA==/lib/arm/libdetecte_jni.so (_ZN5caffe9Detection3GetERKSsS2_+62)
03-03 11:35:20.553 30581 30581 F DEBUG   :     #12 pc 0000ee97  /data/app/com.cambricon.productdisplay-YzbiDHH7rDuH6cY7utcicA==/lib/arm/libdetecte_jni.so (Java_com_cambricon_productdisplay_caffenative_CaffeDetection_loadModel+82)
03-03 11:35:20.553 30581 30581 F DEBUG   :     #13 pc 003e4679  /system/lib/libart.so (art_quick_generic_jni_trampoline+40)
03-03 11:35:20.553 30581 30581 F DEBUG   :     #14 pc 003e0931  /system/lib/libart.so (art_quick_invoke_stub_internal+64)
03-03 11:35:20.553 30581 30581 F DEBUG   :     #15 pc 003e4ea3  /system/lib/libart.so (art_quick_invoke_stub+226)
03-03 11:35:20.553 30581 30581 F DEBUG   :     #16 pc 000ac2d9  /system/lib/libart.so (_ZN3art9ArtMethod6InvokeEPNS_6ThreadEPjjPNS_6JValueEPKc+140)
03-03 11:35:20.553 30581 30581 F DEBUG   :     #17 pc 001f27fb  /system/lib/libart.so (_ZN3art11interpreter34ArtInterpreterToCompiledCodeBridgeEPNS_6ThreadEPNS_9ArtMethodEPKNS_7DexFile8CodeItemEPNS_11ShadowFrameEPNS_6JValueE+238)
03-03 11:35:20.553 30581 30581 F DEBUG   :     #18 pc 001edd71  /system/lib/libart.so (_ZN3art11interpreter6DoCallILb0ELb0EEEbPNS_9ArtMethodEPNS_6ThreadERNS_11ShadowFrameEPKNS_11InstructionEtPNS_6JValueE+576)
03-03 11:35:20.553 30581 30581 F DEBUG   :     #19 pc 003ca879  /system/lib/libart.so (MterpInvokeVirtual+440)
03-03 11:35:20.553 30581 30581 F DEBUG   :     #20 pc 003d2c14  /system/lib/libart.so (ExecuteMterpImpl+14228)
03-03 11:35:20.553 30581 30581 F DEBUG   :     #21 pc 001d5351  /system/lib/libart.so (_ZN3art11interpreterL7ExecuteEPNS_6ThreadEPKNS_7DexFile8CodeItemERNS_11ShadowFrameENS_6JValueEb+340)
03-03 11:35:20.553 30581 30581 F DEBUG   :     #22 pc 001da6a3  /system/lib/libart.so (_ZN3art11interpreter33ArtInterpreterToInterpreterBridgeEPNS_6ThreadEPKNS_7DexFile8CodeItemEPNS_11ShadowFrameEPNS_6JValueE+142)
03-03 11:35:20.553 30581 30581 F DEBUG   :     #23 pc 001edd5b  /system/lib/libart.so (_ZN3art11interpreter6DoCallILb0ELb0EEEbPNS_9ArtMethodEPNS_6ThreadERNS_11ShadowFrameEPKNS_11InstructionEtPNS_6JValueE+554)
03-03 11:35:20.553 30581 30581 F DEBUG   :     #24 pc 003cb735  /system/lib/libart.so (MterpInvokeDirect+356)
03-03 11:35:20.553 30581 30581 F DEBUG   :     #25 pc 003d2d14  /system/lib/libart.so (ExecuteMterpImpl+14484)
03-03 11:35:20.553 30581 30581 F DEBUG   :     #26 pc 001d5351  /system/lib/libart.so (_ZN3art11interpreterL7ExecuteEPNS_6ThreadEPKNS_7DexFile8CodeItemERNS_11ShadowFrameENS_6JValueEb+340)
03-03 11:35:20.553 30581 30581 F DEBUG   :     #27 pc 001da6a3  /system/lib/libart.so (_ZN3art11interpreter33ArtInterpreterToInterpreterBridgeEPNS_6ThreadEPKNS_7DexFile8CodeItemEPNS_11ShadowFrameEPNS_6JValueE+142)
03-03 11:35:20.553 30581 30581 F DEBUG   :     #28 pc 001edd5b  /system/lib/libart.so (_ZN3art11interpreter6DoCallILb0ELb0EEEbPNS_9ArtMethodEPNS_6ThreadERNS_11ShadowFrameEPKNS_11InstructionEtPNS_6JValueE+554)
03-03 11:35:20.553 30581 30581 F DEBUG   :     #29 pc 003cb92f  /system/lib/libart.so (MterpInvokeStatic+322)
03-03 11:35:20.553 30581 30581 F DEBUG   :     #30 pc 003d2d94  /system/lib/libart.so (ExecuteMterpImpl+14612)
03-03 11:35:20.553 30581 30581 F DEBUG   :     #31 pc 001d5351  /system/lib/libart.so (_ZN3art11interpreterL7ExecuteEPNS_6ThreadEPKNS_7DexFile8CodeItemERNS_11ShadowFrameENS_6JValueEb+340)
03-03 11:35:20.553 30581 30581 F DEBUG   :     #32 pc 001da6a3  /system/lib/libart.so (_ZN3art11interpreter33ArtInterpreterToInterpreterBridgeEPNS_6ThreadEPKNS_7DexFile8CodeItemEPNS_11ShadowFrameEPNS_6JValueE+142)
03-03 11:35:20.553 30581 30581 F DEBUG   :     #33 pc 001edd5b  /system/lib/libart.so (_ZN3art11interpreter6DoCallILb0ELb0EEEbPNS_9ArtMethodEPNS_6ThreadERNS_11ShadowFrameEPKNS_11InstructionEtPNS_6JValueE+554)
03-03 11:35:20.553 30581 30581 F DEBUG   :     #34 pc 003cb4ab  /system/lib/libart.so (MterpInvokeInterface+1210)
03-03 11:35:20.553 30581 30581 F DEBUG   :     #35 pc 003d2e14  /system/lib/libart.so (ExecuteMterpImpl+14740)
03-03 11:35:20.553 30581 30581 F DEBUG   :     #36 pc 001d5351  /system/lib/libart.so (_ZN3art11interpreterL7ExecuteEPNS_6ThreadEPKNS_7DexFile8CodeItemERNS_11ShadowFrameENS_6JValueEb+340)
03-03 11:35:20.553 30581 30581 F DEBUG   :     #37 pc 001da5f1  /system/lib/libart.so (_ZN3art11interpreter30EnterInterpreterFromEntryPointEPNS_6ThreadEPKNS_7DexFile8CodeItemEPNS_11ShadowFrameE+92)
03-03 11:35:20.553 30581 30581 F DEBUG   :     #38 pc 003c0fc5  /system/lib/libart.so (artQuickToInterpreterBridge+944)
03-03 11:35:20.553 30581 30581 F DEBUG   :     #39 pc 003e46f1  /system/lib/libart.so (art_quick_to_interpreter_bridge+32)
03-03 11:35:20.553 30581 30581 F DEBUG   :     #40 pc 003e0931  /system/lib/libart.so (art_quick_invoke_stub_internal+64)
03-03 11:35:20.553 30581 30581 F DEBUG   :     #41 pc 003e4ea3  /system/lib/libart.so (art_quick_invoke_stub+226)
03-03 11:35:20.553 30581 30581 F DEBUG   :     #42 pc 000ac2d9  /system/lib/libart.so (_ZN3art9ArtMethod6InvokeEPNS_6ThreadEPjjPNS_6JValueEPKc+140)
03-03 11:35:20.553 30581 30581 F DEBUG   :     #43 pc 00334bb1  /system/lib/libart.so (_ZN3artL18InvokeWithArgArrayERKNS_33ScopedObjectAccessAlreadyRunnableEPNS_9ArtMethodEPNS_8ArgArrayEPNS_6JValueEPKc+52)
03-03 11:35:20.553 30581 30581 F DEBUG   :     #44 pc 00335a2d  /system/lib/libart.so (_ZN3art35InvokeVirtualOrInterfaceWithJValuesERKNS_33ScopedObjectAccessAlreadyRunnableEP8_jobjectP10_jmethodIDP6jvalue+320)
03-03 11:35:20.553 30581 30581 F DEBUG   :     #45 pc 00353aed  /system/lib/libart.so (_ZN3art6Thread14CreateCallbackEPv+892)
03-03 11:35:20.553 30581 30581 F DEBUG   :     #46 pc 00048497  /system/lib/libc.so (_ZL15__pthread_startPv+22)
03-03 11:35:20.553 30581 30581 F DEBUG   :     #47 pc 0001b00f  /system/lib/libc.so (__start_thread+32)
03-03 11:35:20.655  1256  1570 I chatty  : uid=1000(system) android.anim expire 5 lines
03-03 11:35:20.710  1256  1256 I chatty  : uid=1000 system_server expire 6 lines
03-03 11:35:20.920  1256 30584 I chatty  : uid=1000 system_server expire 1 line
03-03 11:35:20.924  1256  1433 I chatty  : uid=1000(system) FileObserver expire 1 line
03-03 11:35:20.926  1256  1369 I chatty  : uid=1000(system) android.ui expire 1 line
03-03 11:35:20.949  1256  2388 I chatty  : uid=1000(system) Binder:1256_B expire 12 lines
03-03 11:35:20.968  1256  1440 I chatty  : uid=1000(system) android.display expire 1 line
03-03 11:35:21.511  1256 17774 I chatty  : uid=1000(system) Binder:1256_20 expire 10 lines
03-03 11:35:21.699  1256  1799 I chatty  : uid=1000(system) ConnectivitySer expire 1 line
03-03 11:35:27.948  1890  1890 I HwCoreAppHelperService: LocalReceiver receives:android.intent.action.PACKAGE_RESTARTED,pkg:com.cambricon.productdisplay,uid:10113
03-03 11:35:33.647  1256  1453 I chatty  : uid=1000(system) PowerManagerSer expire 3 lines
03-03 11:35:34.617  1890  1890 I HwCoreAppHelperService: LocalReceiver receives:android.intent.action.PACKAGE_RESTARTED,pkg:com.cambricon.productdisplay,uid:10113
03-03 11:35:34.873  1256  2142 I chatty  : uid=1000(system) Binder:1256_6 expire 3 lines
03-03 11:35:34.878  1256  1593 I chatty  : uid=1000(system) sManagerService expire 1 line
03-03 11:35:34.894  1256  2388 I chatty  : uid=1000(system) Binder:1256_B expire 5 lines
03-03 11:35:34.915  1256  1570 I chatty  : uid=1000(system) android.anim expire 24 lines
03-03 11:35:34.917  1256  2142 I chatty  : uid=1000(system) Binder:1256_6 expire 10 lines
03-03 11:35:34.937 30668 30668 D ActivityThread: ActivityThread,attachApplication
03-03 11:35:34.968  1256  1369 I chatty  : uid=1000(system) android.ui expire 5 lines
03-03 11:35:34.971  1256  2740 I chatty  : uid=1000(system) Binder:1256_C expire 6 lines
03-03 11:35:34.972  1972  2584 I HwNetworkPolicyManager: getHwUidPolicy uid = 10113 policy = 0
03-03 11:35:35.003  1256  3154 I chatty  : uid=1000(system) Binder:1256_14 expire 44 lines
03-03 11:35:35.117  1256  1588 I chatty  : uid=1000(system) Binder:1256_3 expire 1 line
03-03 11:35:35.171  1256  1592 I chatty  : uid=1000(system) AlarmManager expire 1 line
03-03 11:35:35.174 30668 30668 V ActivityThread: ActivityThread,callActivityOnCreate
03-03 11:35:35.291 30668 30668 D ActivityThread: add activity client record, r= ActivityRecord{ae2a9f1 token=android.os.BinderProxy@1bc7b26 {com.cambricon.productdisplay/com.cambricon.productdisplay.activity.SplashActivity}} token= android.os.BinderProxy@1bc7b26
03-03 11:35:35.293 30668 30693 F libc    : Fatal signal 6 (SIGABRT), code -6 in tid 30693 (Thread-7)
03-03 11:35:35.334 30697 30697 F DEBUG   : *** *** *** *** *** *** *** *** *** *** *** *** *** *** *** ***
03-03 11:35:35.334 30697 30697 F DEBUG   : Build fingerprint: 'HONOR/BKL-AL00/HWBKL:8.0.0/HUAWEIBKL-AL00/116(C00):user/release-keys'
03-03 11:35:35.334 30697 30697 F DEBUG   : Revision: '0'
03-03 11:35:35.334 30697 30697 F DEBUG   : ABI: 'arm'
03-03 11:35:35.334 30697 30697 F DEBUG   : pid: 30668, tid: 30693, name: Thread-7  >>> com.cambricon.productdisplay <<<
03-03 11:35:35.334 30697 30697 F DEBUG   : signal 6 (SIGABRT), code -6 (SI_TKILL), fault addr --------
03-03 11:35:35.337 30697 30697 F DEBUG   : Abort message: 'F0303 11:35:35.292445 30693 io.cpp:41] Check failed: fd != -1 (-1 vs. -1) File not found: /storage/emulated/0/caffe_mobile/ResNet50/test_agnostic.prototxt
03-03 11:35:35.337 30697 30697 F DEBUG   : '
03-03 11:35:35.337 30697 30697 F DEBUG   :     r0 00000000  r1 000077e5  r2 00000006  r3 00000008
03-03 11:35:35.337 30697 30697 F DEBUG   :     r4 000077cc  r5 000077e5  r6 c977c958  r7 0000010c
03-03 11:35:35.337 30697 30697 F DEBUG   :     r8 c932964a  r9 c977ca48  sl c9430bf4  fp c977caa8
03-03 11:35:35.337 30697 30697 F DEBUG   :     ip 00000000  sp c977c948  lr ea4b7457  pc ea4e8174  cpsr 200f0010
03-03 11:35:35.353 30697 30697 F DEBUG   : 
03-03 11:35:35.353 30697 30697 F DEBUG   : backtrace:
03-03 11:35:35.353 30697 30697 F DEBUG   :     #00 pc 0004b174  /system/lib/libc.so (tgkill+12)
03-03 11:35:35.353 30697 30697 F DEBUG   :     #01 pc 0001a453  /system/lib/libc.so (abort+54)
03-03 11:35:35.353 30697 30697 F DEBUG   :     #02 pc 0027f643  /data/app/com.cambricon.productdisplay-YzbiDHH7rDuH6cY7utcicA==/lib/arm/libcaffe.so
03-03 11:35:35.353 30697 30697 F DEBUG   :     #03 pc 00280f5f  /data/app/com.cambricon.productdisplay-YzbiDHH7rDuH6cY7utcicA==/lib/arm/libcaffe.so (_ZN6google10LogMessage4FailEv+10)
03-03 11:35:35.353 30697 30697 F DEBUG   :     #04 pc 002835a9  /data/app/com.cambricon.productdisplay-YzbiDHH7rDuH6cY7utcicA==/lib/arm/libcaffe.so (_ZN6google10LogMessage9SendToLogEv+244)
03-03 11:35:35.353 30697 30697 F DEBUG   :     #05 pc 00280cc9  /data/app/com.cambricon.productdisplay-YzbiDHH7rDuH6cY7utcicA==/lib/arm/libcaffe.so (_ZN6google10LogMessage5FlushEv+120)
03-03 11:35:35.353 30697 30697 F DEBUG   :     #06 pc 00283895  /data/app/com.cambricon.productdisplay-YzbiDHH7rDuH6cY7utcicA==/lib/arm/libcaffe.so (_ZN6google15LogMessageFatalD1Ev+4)
03-03 11:35:35.353 30697 30697 F DEBUG   :     #07 pc 002344eb  /data/app/com.cambricon.productdisplay-YzbiDHH7rDuH6cY7utcicA==/lib/arm/libcaffe.so (_ZN5caffe21ReadProtoFromTextFileEPKcPN6google8protobuf7MessageE+150)
03-03 11:35:35.353 30697 30697 F DEBUG   :     #08 pc 00224cb7  /data/app/com.cambricon.productdisplay-YzbiDHH7rDuH6cY7utcicA==/lib/arm/libcaffe.so (_ZN5caffe30ReadNetParamsFromTextFileOrDieERKSsPNS_12NetParameterE+10)
03-03 11:35:35.354 30697 30697 F DEBUG   :     #09 pc 0017b3bd  /data/app/com.cambricon.productdisplay-YzbiDHH7rDuH6cY7utcicA==/lib/arm/libcaffe.so (_ZN5caffe3NetIfEC2ERKSsNS_5PhaseEiPKSt6vectorISsSaISsEEPKS1_+512)
03-03 11:35:35.354 30697 30697 F DEBUG   :     #10 pc 000128ef  /data/app/com.cambricon.productdisplay-YzbiDHH7rDuH6cY7utcicA==/lib/arm/libdetecte_jni.so (_ZN5caffe9DetectionC2ERKSsS2_+182)
03-03 11:35:35.354 30697 30697 F DEBUG   :     #11 pc 00012bcf  /data/app/com.cambricon.productdisplay-YzbiDHH7rDuH6cY7utcicA==/lib/arm/libdetecte_jni.so (_ZN5caffe9Detection3GetERKSsS2_+62)
03-03 11:35:35.354 30697 30697 F DEBUG   :     #12 pc 0000ee97  /data/app/com.cambricon.productdisplay-YzbiDHH7rDuH6cY7utcicA==/lib/arm/libdetecte_jni.so (Java_com_cambricon_productdisplay_caffenative_CaffeDetection_loadModel+82)
03-03 11:35:35.354 30697 30697 F DEBUG   :     #13 pc 003e4679  /system/lib/libart.so (art_quick_generic_jni_trampoline+40)
