02-26 16:45:25.215   715   715 E wificond: Failed to get NL80211_RATE_INFO_SNR
02-26 16:45:25.215   715   715 E wificond: Failed to get NL80211_STA_INFO_CNAHLOAD
02-26 16:45:33.209   715   715 E wificond: Failed to get NL80211_RATE_INFO_NOISE
02-26 16:45:33.210   715   715 E wificond: Failed to get NL80211_RATE_INFO_SNR
02-26 16:45:33.210   715   715 E wificond: Failed to get NL80211_STA_INFO_CNAHLOAD
02-26 16:45:33.214   715   715 E wificond: Failed to get NL80211_RATE_INFO_NOISE
02-26 16:45:33.214   715   715 E wificond: Failed to get NL80211_RATE_INFO_SNR
02-26 16:45:33.214   715   715 E wificond: Failed to get NL80211_STA_INFO_CNAHLOAD
02-26 16:45:33.661   604  1233 W SocketListener: sending broadcast to Pid = 1256, Uid = 1000 
02-26 16:45:41.218   715   715 E wificond: Failed to get NL80211_RATE_INFO_NOISE
02-26 16:45:41.218   715   715 E wificond: Failed to get NL80211_RATE_INFO_SNR
02-26 16:45:41.218   715   715 E wificond: Failed to get NL80211_STA_INFO_CNAHLOAD
02-26 16:45:41.223   715   715 E wificond: Failed to get NL80211_RATE_INFO_NOISE
02-26 16:45:41.223   715   715 E wificond: Failed to get NL80211_RATE_INFO_SNR
02-26 16:45:41.223   715   715 E wificond: Failed to get NL80211_STA_INFO_CNAHLOAD
02-26 16:45:48.754   604  1233 W SocketListener: sending broadcast to Pid = 1256, Uid = 1000 
02-26 16:45:48.758  1256  1785 I chatty  : uid=1000(system) NetdConnector expire 12 lines
02-26 16:45:48.774  1256  2027 I chatty  : uid=1000(system) Binder:1256_6 expire 10 lines
02-26 16:45:49.221   715   715 E wificond: Failed to get NL80211_RATE_INFO_NOISE
02-26 16:45:49.222   715   715 E wificond: Failed to get NL80211_RATE_INFO_SNR
02-26 16:45:49.222   715   715 E wificond: Failed to get NL80211_STA_INFO_CNAHLOAD
02-26 16:45:49.225   715   715 E wificond: Failed to get NL80211_RATE_INFO_NOISE
02-26 16:45:49.225   715   715 E wificond: Failed to get NL80211_RATE_INFO_SNR
02-26 16:45:49.225   715   715 E wificond: Failed to get NL80211_STA_INFO_CNAHLOAD
02-26 16:45:57.231   715   715 E wificond: Failed to get NL80211_RATE_INFO_NOISE
02-26 16:45:57.231   715   715 E wificond: Failed to get NL80211_RATE_INFO_SNR
02-26 16:45:57.231   715   715 E wificond: Failed to get NL80211_STA_INFO_CNAHLOAD
02-26 16:45:57.235   715   715 E wificond: Failed to get NL80211_RATE_INFO_NOISE
02-26 16:45:57.235   715   715 E wificond: Failed to get NL80211_RATE_INFO_SNR
02-26 16:45:57.235   715   715 E wificond: Failed to get NL80211_STA_INFO_CNAHLOAD
02-26 16:46:05.241   715   715 E wificond: Failed to get NL80211_RATE_INFO_NOISE
02-26 16:46:05.241   715   715 E wificond: Failed to get NL80211_RATE_INFO_SNR
02-26 16:46:05.242   715   715 E wificond: Failed to get NL80211_STA_INFO_CNAHLOAD
02-26 16:46:05.245   715   715 E wificond: Failed to get NL80211_RATE_INFO_NOISE
02-26 16:46:05.245   715   715 E wificond: Failed to get NL80211_RATE_INFO_SNR
02-26 16:46:05.245   715   715 E wificond: Failed to get NL80211_STA_INFO_CNAHLOAD
02-26 16:46:13.246   715   715 E wificond: Failed to get NL80211_RATE_INFO_NOISE
02-26 16:46:13.246   715   715 E wificond: Failed to get NL80211_RATE_INFO_SNR
02-26 16:46:13.246   715   715 E wificond: Failed to get NL80211_STA_INFO_CNAHLOAD
02-26 16:46:13.253   715   715 E wificond: Failed to get NL80211_RATE_INFO_NOISE
02-26 16:46:13.253   715   715 E wificond: Failed to get NL80211_RATE_INFO_SNR
02-26 16:46:13.253   715   715 E wificond: Failed to get NL80211_STA_INFO_CNAHLOAD
02-26 16:46:14.233   604  1233 W SocketListener: sending broadcast to Pid = 1256, Uid = 1000 
02-26 16:46:14.251  1256  1586 I chatty  : uid=1000(system) Binder:1256_3 expire 13 lines
02-26 16:46:21.255   715   715 E wificond: Failed to get NL80211_RATE_INFO_NOISE
02-26 16:46:21.255   715   715 E wificond: Failed to get NL80211_RATE_INFO_SNR
02-26 16:46:21.255   715   715 E wificond: Failed to get NL80211_STA_INFO_CNAHLOAD
02-26 16:46:21.259   715   715 E wificond: Failed to get NL80211_RATE_INFO_NOISE
02-26 16:46:21.259   715   715 E wificond: Failed to get NL80211_RATE_INFO_SNR
02-26 16:46:21.259   715   715 E wificond: Failed to get NL80211_STA_INFO_CNAHLOAD
02-26 16:46:29.264   715   715 E wificond: Failed to get NL80211_RATE_INFO_NOISE
02-26 16:46:29.265   715   715 E wificond: Failed to get NL80211_RATE_INFO_SNR
02-26 16:46:29.265   715   715 E wificond: Failed to get NL80211_STA_INFO_CNAHLOAD
02-26 16:46:29.269   715   715 E wificond: Failed to get NL80211_RATE_INFO_NOISE
02-26 16:46:29.269   715   715 E wificond: Failed to get NL80211_RATE_INFO_SNR
02-26 16:46:29.269   715   715 E wificond: Failed to get NL80211_STA_INFO_CNAHLOAD
02-26 16:46:37.267   715   715 E wificond: Failed to get NL80211_RATE_INFO_NOISE
02-26 16:46:37.267   715   715 E wificond: Failed to get NL80211_RATE_INFO_SNR
02-26 16:46:37.267   715   715 E wificond: Failed to get NL80211_STA_INFO_CNAHLOAD
02-26 16:46:37.269   715   715 E wificond: Failed to get NL80211_RATE_INFO_NOISE
02-26 16:46:37.269   715   715 E wificond: Failed to get NL80211_RATE_INFO_SNR
02-26 16:46:37.270   715   715 E wificond: Failed to get NL80211_STA_INFO_CNAHLOAD
02-26 16:46:40.615  1256  1583 I chatty  : uid=1000(system) UEventObserver expire 10 lines
02-26 16:46:40.634  1256  1256 I chatty  : uid=1000 system_server expire 10 lines
02-26 16:46:45.278   715   715 E wificond: Failed to get NL80211_RATE_INFO_NOISE
02-26 16:46:45.279   715   715 E wificond: Failed to get NL80211_RATE_INFO_SNR
02-26 16:46:45.279   715   715 E wificond: Failed to get NL80211_STA_INFO_CNAHLOAD
02-26 16:46:45.283   715   715 E wificond: Failed to get NL80211_RATE_INFO_NOISE
02-26 16:46:45.283   715   715 E wificond: Failed to get NL80211_RATE_INFO_SNR
02-26 16:46:45.283   715   715 E wificond: Failed to get NL80211_STA_INFO_CNAHLOAD
02-26 16:46:45.589   604  1233 W SocketListener: sending broadcast to Pid = 1256, Uid = 1000 
02-26 16:46:46.611   604  1233 W SocketListener: sending broadcast to Pid = 1256, Uid = 1000 
02-26 16:46:53.286   715   715 E wificond: Failed to get NL80211_RATE_INFO_NOISE
02-26 16:46:53.287   715   715 E wificond: Failed to get NL80211_RATE_INFO_SNR
02-26 16:46:53.287   715   715 E wificond: Failed to get NL80211_STA_INFO_CNAHLOAD
02-26 16:46:53.291   715   715 E wificond: Failed to get NL80211_RATE_INFO_NOISE
02-26 16:46:53.291   715   715 E wificond: Failed to get NL80211_RATE_INFO_SNR
02-26 16:46:53.291   715   715 E wificond: Failed to get NL80211_STA_INFO_CNAHLOAD
02-26 16:46:58.038  1256  1786 I chatty  : uid=1000(system) NetworkStats expire 7 lines
02-26 16:46:58.112  1256  5619 I chatty  : uid=1000(system) Binder:1256_15 expire 1 line
02-26 16:46:58.119  1256  1284 I chatty  : uid=1000(system) Binder:1256_1 expire 17 lines
02-26 16:47:01.290   715   715 E wificond: Failed to get NL80211_RATE_INFO_NOISE
02-26 16:47:01.291   715   715 E wificond: Failed to get NL80211_RATE_INFO_SNR
02-26 16:47:01.291   715   715 E wificond: Failed to get NL80211_STA_INFO_CNAHLOAD
02-26 16:47:01.295   715   715 E wificond: Failed to get NL80211_RATE_INFO_NOISE
02-26 16:47:01.295   715   715 E wificond: Failed to get NL80211_RATE_INFO_SNR
02-26 16:47:01.295   715   715 E wificond: Failed to get NL80211_STA_INFO_CNAHLOAD
02-26 16:47:09.303   715   715 E wificond: Failed to get NL80211_RATE_INFO_NOISE
02-26 16:47:09.303   715   715 E wificond: Failed to get NL80211_RATE_INFO_SNR
02-26 16:47:09.303   715   715 E wificond: Failed to get NL80211_STA_INFO_CNAHLOAD
02-26 16:47:09.307   715   715 E wificond: Failed to get NL80211_RATE_INFO_NOISE
02-26 16:47:09.307   715   715 E wificond: Failed to get NL80211_RATE_INFO_SNR
02-26 16:47:09.307   715   715 E wificond: Failed to get NL80211_STA_INFO_CNAHLOAD
02-26 16:47:13.173   604  1233 W SocketListener: sending broadcast to Pid = 1256, Uid = 1000 
02-26 16:47:13.177  1256  1785 I chatty  : uid=1000(system) NetdConnector expire 10 lines
02-26 16:47:17.307   715   715 E wificond: Failed to get NL80211_RATE_INFO_NOISE
02-26 16:47:17.307   715   715 E wificond: Failed to get NL80211_RATE_INFO_SNR
02-26 16:47:17.307   715   715 E wificond: Failed to get NL80211_STA_INFO_CNAHLOAD
02-26 16:47:17.310   715   715 E wificond: Failed to get NL80211_RATE_INFO_NOISE
02-26 16:47:17.310   715   715 E wificond: Failed to get NL80211_RATE_INFO_SNR
02-26 16:47:17.310   715   715 E wificond: Failed to get NL80211_STA_INFO_CNAHLOAD
02-26 16:47:25.313   715   715 E wificond: Failed to get NL80211_RATE_INFO_NOISE
02-26 16:47:25.314   715   715 E wificond: Failed to get NL80211_RATE_INFO_SNR
02-26 16:47:25.314   715   715 E wificond: Failed to get NL80211_STA_INFO_CNAHLOAD
02-26 16:47:25.318   715   715 E wificond: Failed to get NL80211_RATE_INFO_NOISE
02-26 16:47:25.318   715   715 E wificond: Failed to get NL80211_RATE_INFO_SNR
02-26 16:47:25.318   715   715 E wificond: Failed to get NL80211_STA_INFO_CNAHLOAD
02-26 16:47:33.316   715   715 E wificond: Failed to get NL80211_RATE_INFO_NOISE
02-26 16:47:33.316   715   715 E wificond: Failed to get NL80211_RATE_INFO_SNR
02-26 16:47:33.317   715   715 E wificond: Failed to get NL80211_STA_INFO_CNAHLOAD
02-26 16:47:33.321   715   715 E wificond: Failed to get NL80211_RATE_INFO_NOISE
02-26 16:47:33.322   715   715 E wificond: Failed to get NL80211_RATE_INFO_SNR
02-26 16:47:33.322   715   715 E wificond: Failed to get NL80211_STA_INFO_CNAHLOAD
02-26 16:47:41.326   715   715 E wificond: Failed to get NL80211_RATE_INFO_NOISE
02-26 16:47:41.327   715   715 E wificond: Failed to get NL80211_RATE_INFO_SNR
02-26 16:47:41.327   715   715 E wificond: Failed to get NL80211_STA_INFO_CNAHLOAD
02-26 16:47:41.331   715   715 E wificond: Failed to get NL80211_RATE_INFO_NOISE
02-26 16:47:41.331   715   715 E wificond: Failed to get NL80211_RATE_INFO_SNR
02-26 16:47:41.331   715   715 E wificond: Failed to get NL80211_STA_INFO_CNAHLOAD
02-26 16:47:49.336   715   715 E wificond: Failed to get NL80211_RATE_INFO_NOISE
02-26 16:47:49.336   715   715 E wificond: Failed to get NL80211_RATE_INFO_SNR
02-26 16:47:49.336   715   715 E wificond: Failed to get NL80211_STA_INFO_CNAHLOAD
02-26 16:47:49.340   715   715 E wificond: Failed to get NL80211_RATE_INFO_NOISE
02-26 16:47:49.340   715   715 E wificond: Failed to get NL80211_RATE_INFO_SNR
02-26 16:47:49.340   715   715 E wificond: Failed to get NL80211_STA_INFO_CNAHLOAD
02-26 16:47:54.145   604  1233 W SocketListener: sending broadcast to Pid = 1256, Uid = 1000 
02-26 16:47:54.154  1256  1454 I chatty  : uid=1000(system) android.fg expire 7 lines
02-26 16:47:54.250  1256 12793 I chatty  : uid=1000(system) Binder:1256_1C expire 11 lines
02-26 16:47:57.342   715   715 E wificond: Failed to get NL80211_RATE_INFO_NOISE
02-26 16:47:57.342   715   715 E wificond: Failed to get NL80211_RATE_INFO_SNR
02-26 16:47:57.342   715   715 E wificond: Failed to get NL80211_STA_INFO_CNAHLOAD
02-26 16:47:57.345   715   715 E wificond: Failed to get NL80211_RATE_INFO_NOISE
02-26 16:47:57.345   715   715 E wificond: Failed to get NL80211_RATE_INFO_SNR
02-26 16:47:57.345   715   715 E wificond: Failed to get NL80211_STA_INFO_CNAHLOAD
02-26 16:48:05.353   715   715 E wificond: Failed to get NL80211_RATE_INFO_NOISE
02-26 16:48:05.354   715   715 E wificond: Failed to get NL80211_RATE_INFO_SNR
02-26 16:48:05.354   715   715 E wificond: Failed to get NL80211_STA_INFO_CNAHLOAD
02-26 16:48:05.359   715   715 E wificond: Failed to get NL80211_RATE_INFO_NOISE
02-26 16:48:05.359   715   715 E wificond: Failed to get NL80211_RATE_INFO_SNR
02-26 16:48:05.359   715   715 E wificond: Failed to get NL80211_STA_INFO_CNAHLOAD
02-26 16:48:09.235   604  1233 W SocketListener: sending broadcast to Pid = 1256, Uid = 1000 
02-26 16:48:09.257  1256  1586 I chatty  : uid=1000(system) Binder:1256_3 expire 7 lines
02-26 16:48:13.360   715   715 E wificond: Failed to get NL80211_RATE_INFO_NOISE
02-26 16:48:13.360   715   715 E wificond: Failed to get NL80211_RATE_INFO_SNR
02-26 16:48:13.360   715   715 E wificond: Failed to get NL80211_STA_INFO_CNAHLOAD
02-26 16:48:13.365   715   715 E wificond: Failed to get NL80211_RATE_INFO_NOISE
02-26 16:48:13.366   715   715 E wificond: Failed to get NL80211_RATE_INFO_SNR
02-26 16:48:13.366   715   715 E wificond: Failed to get NL80211_STA_INFO_CNAHLOAD
02-26 16:48:21.362   715   715 E wificond: Failed to get NL80211_RATE_INFO_NOISE
02-26 16:48:21.362   715   715 E wificond: Failed to get NL80211_RATE_INFO_SNR
02-26 16:48:21.362   715   715 E wificond: Failed to get NL80211_STA_INFO_CNAHLOAD
02-26 16:48:21.366   715   715 E wificond: Failed to get NL80211_RATE_INFO_NOISE
02-26 16:48:21.366   715   715 E wificond: Failed to get NL80211_RATE_INFO_SNR
02-26 16:48:21.366   715   715 E wificond: Failed to get NL80211_STA_INFO_CNAHLOAD
02-26 16:48:29.368   715   715 E wificond: Failed to get NL80211_RATE_INFO_NOISE
02-26 16:48:29.369   715   715 E wificond: Failed to get NL80211_RATE_INFO_SNR
02-26 16:48:29.369   715   715 E wificond: Failed to get NL80211_STA_INFO_CNAHLOAD
02-26 16:48:29.372   715   715 E wificond: Failed to get NL80211_RATE_INFO_NOISE
02-26 16:48:29.372   715   715 E wificond: Failed to get NL80211_RATE_INFO_SNR
02-26 16:48:29.373   715   715 E wificond: Failed to get NL80211_STA_INFO_CNAHLOAD
02-26 16:48:37.376   715   715 E wificond: Failed to get NL80211_RATE_INFO_NOISE
02-26 16:48:37.376   715   715 E wificond: Failed to get NL80211_RATE_INFO_SNR
02-26 16:48:37.376   715   715 E wificond: Failed to get NL80211_STA_INFO_CNAHLOAD
02-26 16:48:37.377   715   715 E wificond: Failed to get NL80211_RATE_INFO_NOISE
02-26 16:48:37.377   715   715 E wificond: Failed to get NL80211_RATE_INFO_SNR
02-26 16:48:37.377   715   715 E wificond: Failed to get NL80211_STA_INFO_CNAHLOAD
02-26 16:48:41.458  1256  1256 I chatty  : uid=1000 system_server expire 10 lines
02-26 16:48:45.388   715   715 E wificond: Failed to get NL80211_RATE_INFO_NOISE
02-26 16:48:45.388   715   715 E wificond: Failed to get NL80211_RATE_INFO_SNR
02-26 16:48:45.388   715   715 E wificond: Failed to get NL80211_STA_INFO_CNAHLOAD
02-26 16:48:45.392   715   715 E wificond: Failed to get NL80211_RATE_INFO_NOISE
02-26 16:48:45.392   715   715 E wificond: Failed to get NL80211_RATE_INFO_SNR
02-26 16:48:45.393   715   715 E wificond: Failed to get NL80211_STA_INFO_CNAHLOAD
02-26 16:48:53.397   715   715 E wificond: Failed to get NL80211_RATE_INFO_NOISE
02-26 16:48:53.397   715   715 E wificond: Failed to get NL80211_RATE_INFO_SNR
02-26 16:48:53.397   715   715 E wificond: Failed to get NL80211_STA_INFO_CNAHLOAD
02-26 16:48:53.402   715   715 E wificond: Failed to get NL80211_RATE_INFO_NOISE
02-26 16:48:53.402   715   715 E wificond: Failed to get NL80211_RATE_INFO_SNR
02-26 16:48:53.402   715   715 E wificond: Failed to get NL80211_STA_INFO_CNAHLOAD
02-26 16:49:01.403   715   715 E wificond: Failed to get NL80211_RATE_INFO_NOISE
02-26 16:49:01.403   715   715 E wificond: Failed to get NL80211_RATE_INFO_SNR
02-26 16:49:01.403   715   715 E wificond: Failed to get NL80211_STA_INFO_CNAHLOAD
02-26 16:49:01.407   715   715 E wificond: Failed to get NL80211_RATE_INFO_NOISE
02-26 16:49:01.407   715   715 E wificond: Failed to get NL80211_RATE_INFO_SNR
02-26 16:49:01.408   715   715 E wificond: Failed to get NL80211_STA_INFO_CNAHLOAD
02-26 16:49:09.413   715   715 E wificond: Failed to get NL80211_RATE_INFO_NOISE
02-26 16:49:09.413   715   715 E wificond: Failed to get NL80211_RATE_INFO_SNR
02-26 16:49:09.413   715   715 E wificond: Failed to get NL80211_STA_INFO_CNAHLOAD
02-26 16:49:09.416   715   715 E wificond: Failed to get NL80211_RATE_INFO_NOISE
02-26 16:49:09.416   715   715 E wificond: Failed to get NL80211_RATE_INFO_SNR
02-26 16:49:09.416   715   715 E wificond: Failed to get NL80211_STA_INFO_CNAHLOAD
02-26 16:49:11.649  1256  1583 I chatty  : uid=1000(system) UEventObserver expire 10 lines
02-26 16:49:14.785  1256  2115 I chatty  : uid=1000(system) watchdog expire 8 lines
02-26 16:49:17.415   715   715 E wificond: Failed to get NL80211_RATE_INFO_NOISE
02-26 16:49:17.415   715   715 E wificond: Failed to get NL80211_RATE_INFO_SNR
02-26 16:49:17.415   715   715 E wificond: Failed to get NL80211_STA_INFO_CNAHLOAD
02-26 16:49:17.419   715   715 E wificond: Failed to get NL80211_RATE_INFO_NOISE
02-26 16:49:17.419   715   715 E wificond: Failed to get NL80211_RATE_INFO_SNR
02-26 16:49:17.419   715   715 E wificond: Failed to get NL80211_STA_INFO_CNAHLOAD
02-26 16:49:25.417   715   715 E wificond: Failed to get NL80211_RATE_INFO_NOISE
02-26 16:49:25.418   715   715 E wificond: Failed to get NL80211_RATE_INFO_SNR
02-26 16:49:25.418   715   715 E wificond: Failed to get NL80211_STA_INFO_CNAHLOAD
02-26 16:49:25.421   715   715 E wificond: Failed to get NL80211_RATE_INFO_NOISE
02-26 16:49:25.421   715   715 E wificond: Failed to get NL80211_RATE_INFO_SNR
02-26 16:49:25.421   715   715 E wificond: Failed to get NL80211_STA_INFO_CNAHLOAD
02-26 16:49:33.411   715   715 E wificond: Failed to get NL80211_RATE_INFO_NOISE
02-26 16:49:33.412   715   715 E wificond: Failed to get NL80211_RATE_INFO_SNR
02-26 16:49:33.412   715   715 E wificond: Failed to get NL80211_STA_INFO_CNAHLOAD
02-26 16:49:33.415   715   715 E wificond: Failed to get NL80211_RATE_INFO_NOISE
02-26 16:49:33.415   715   715 E wificond: Failed to get NL80211_RATE_INFO_SNR
02-26 16:49:33.415   715   715 E wificond: Failed to get NL80211_STA_INFO_CNAHLOAD
02-26 16:49:41.424   715   715 E wificond: Failed to get NL80211_RATE_INFO_NOISE
02-26 16:49:41.425   715   715 E wificond: Failed to get NL80211_RATE_INFO_SNR
02-26 16:49:41.425   715   715 E wificond: Failed to get NL80211_STA_INFO_CNAHLOAD
02-26 16:49:41.428   715   715 E wificond: Failed to get NL80211_RATE_INFO_NOISE
02-26 16:49:41.428   715   715 E wificond: Failed to get NL80211_RATE_INFO_SNR
02-26 16:49:41.428   715   715 E wificond: Failed to get NL80211_STA_INFO_CNAHLOAD
02-26 16:49:49.429   715   715 E wificond: Failed to get NL80211_RATE_INFO_NOISE
02-26 16:49:49.430   715   715 E wificond: Failed to get NL80211_RATE_INFO_SNR
02-26 16:49:49.430   715   715 E wificond: Failed to get NL80211_STA_INFO_CNAHLOAD
02-26 16:49:49.435   715   715 E wificond: Failed to get NL80211_RATE_INFO_NOISE
02-26 16:49:49.435   715   715 E wificond: Failed to get NL80211_RATE_INFO_SNR
02-26 16:49:49.435   715   715 E wificond: Failed to get NL80211_STA_INFO_CNAHLOAD
02-26 16:49:57.437   715   715 E wificond: Failed to get NL80211_RATE_INFO_NOISE
02-26 16:49:57.437   715   715 E wificond: Failed to get NL80211_RATE_INFO_SNR
02-26 16:49:57.437   715   715 E wificond: Failed to get NL80211_STA_INFO_CNAHLOAD
02-26 16:49:57.440   715   715 E wificond: Failed to get NL80211_RATE_INFO_NOISE
02-26 16:49:57.440   715   715 E wificond: Failed to get NL80211_RATE_INFO_SNR
02-26 16:49:57.440   715   715 E wificond: Failed to get NL80211_STA_INFO_CNAHLOAD
02-26 16:50:05.446   715   715 E wificond: Failed to get NL80211_RATE_INFO_NOISE
02-26 16:50:05.447   715   715 E wificond: Failed to get NL80211_RATE_INFO_SNR
02-26 16:50:05.447   715   715 E wificond: Failed to get NL80211_STA_INFO_CNAHLOAD
02-26 16:50:05.452   715   715 E wificond: Failed to get NL80211_RATE_INFO_NOISE
02-26 16:50:05.452   715   715 E wificond: Failed to get NL80211_RATE_INFO_SNR
02-26 16:50:05.452   715   715 E wificond: Failed to get NL80211_STA_INFO_CNAHLOAD
02-26 16:50:13.453   715   715 E wificond: Failed to get NL80211_RATE_INFO_NOISE
02-26 16:50:13.453   715   715 E wificond: Failed to get NL80211_RATE_INFO_SNR
02-26 16:50:13.453   715   715 E wificond: Failed to get NL80211_STA_INFO_CNAHLOAD
02-26 16:50:13.458   715   715 E wificond: Failed to get NL80211_RATE_INFO_NOISE
02-26 16:50:13.458   715   715 E wificond: Failed to get NL80211_RATE_INFO_SNR
02-26 16:50:13.459   715   715 E wificond: Failed to get NL80211_STA_INFO_CNAHLOAD
02-26 16:50:14.632   604  1233 W SocketListener: sending broadcast to Pid = 1256, Uid = 1000 
02-26 16:50:14.647  1256  2027 I chatty  : uid=1000(system) Binder:1256_6 expire 12 lines
02-26 16:50:21.461   715   715 E wificond: Failed to get NL80211_RATE_INFO_NOISE
02-26 16:50:21.462   715   715 E wificond: Failed to get NL80211_RATE_INFO_SNR
02-26 16:50:21.462   715   715 E wificond: Failed to get NL80211_STA_INFO_CNAHLOAD
02-26 16:50:21.466   715   715 E wificond: Failed to get NL80211_RATE_INFO_NOISE
02-26 16:50:21.466   715   715 E wificond: Failed to get NL80211_RATE_INFO_SNR
02-26 16:50:21.466   715   715 E wificond: Failed to get NL80211_STA_INFO_CNAHLOAD
02-26 16:50:29.474   715   715 E wificond: Failed to get NL80211_RATE_INFO_NOISE
02-26 16:50:29.475   715   715 E wificond: Failed to get NL80211_RATE_INFO_SNR
02-26 16:50:29.475   715   715 E wificond: Failed to get NL80211_STA_INFO_CNAHLOAD
02-26 16:50:29.478   715   715 E wificond: Failed to get NL80211_RATE_INFO_NOISE
02-26 16:50:29.478   715   715 E wificond: Failed to get NL80211_RATE_INFO_SNR
02-26 16:50:29.478   715   715 E wificond: Failed to get NL80211_STA_INFO_CNAHLOAD
02-26 16:50:29.718   604  1233 W SocketListener: sending broadcast to Pid = 1256, Uid = 1000 
02-26 16:50:29.736  1256 12793 I chatty  : uid=1000(system) Binder:1256_1C expire 7 lines
02-26 16:50:37.481   715   715 E wificond: Failed to get NL80211_RATE_INFO_NOISE
02-26 16:50:37.481   715   715 E wificond: Failed to get NL80211_RATE_INFO_SNR
02-26 16:50:37.481   715   715 E wificond: Failed to get NL80211_STA_INFO_CNAHLOAD
02-26 16:50:37.484   715   715 E wificond: Failed to get NL80211_RATE_INFO_NOISE
02-26 16:50:37.484   715   715 E wificond: Failed to get NL80211_RATE_INFO_SNR
02-26 16:50:37.484   715   715 E wificond: Failed to get NL80211_STA_INFO_CNAHLOAD
02-26 16:50:45.487   715   715 E wificond: Failed to get NL80211_RATE_INFO_NOISE
02-26 16:50:45.488   715   715 E wificond: Failed to get NL80211_RATE_INFO_SNR
02-26 16:50:45.488   715   715 E wificond: Failed to get NL80211_STA_INFO_CNAHLOAD
02-26 16:50:45.492   715   715 E wificond: Failed to get NL80211_RATE_INFO_NOISE
02-26 16:50:45.492   715   715 E wificond: Failed to get NL80211_RATE_INFO_SNR
02-26 16:50:45.492   715   715 E wificond: Failed to get NL80211_STA_INFO_CNAHLOAD
02-26 16:50:53.497   715   715 E wificond: Failed to get NL80211_RATE_INFO_NOISE
02-26 16:50:53.497   715   715 E wificond: Failed to get NL80211_RATE_INFO_SNR
02-26 16:50:53.497   715   715 E wificond: Failed to get NL80211_STA_INFO_CNAHLOAD
02-26 16:50:53.501   715   715 E wificond: Failed to get NL80211_RATE_INFO_NOISE
02-26 16:50:53.501   715   715 E wificond: Failed to get NL80211_RATE_INFO_SNR
02-26 16:50:53.501   715   715 E wificond: Failed to get NL80211_STA_INFO_CNAHLOAD
02-26 16:51:01.501   715   715 E wificond: Failed to get NL80211_RATE_INFO_NOISE
02-26 16:51:01.502   715   715 E wificond: Failed to get NL80211_RATE_INFO_SNR
02-26 16:51:01.502   715   715 E wificond: Failed to get NL80211_STA_INFO_CNAHLOAD
02-26 16:51:01.505   715   715 E wificond: Failed to get NL80211_RATE_INFO_NOISE
02-26 16:51:01.505   715   715 E wificond: Failed to get NL80211_RATE_INFO_SNR
02-26 16:51:01.505   715   715 E wificond: Failed to get NL80211_STA_INFO_CNAHLOAD
02-26 16:51:09.511   715   715 E wificond: Failed to get NL80211_RATE_INFO_NOISE
02-26 16:51:09.511   715   715 E wificond: Failed to get NL80211_RATE_INFO_SNR
02-26 16:51:09.511   715   715 E wificond: Failed to get NL80211_STA_INFO_CNAHLOAD
02-26 16:51:09.516   715   715 E wificond: Failed to get NL80211_RATE_INFO_NOISE
02-26 16:51:09.516   715   715 E wificond: Failed to get NL80211_RATE_INFO_SNR
02-26 16:51:09.516   715   715 E wificond: Failed to get NL80211_STA_INFO_CNAHLOAD
02-26 16:51:12.491  1256  1256 I chatty  : uid=1000 system_server expire 4 lines
02-26 16:51:17.511   715   715 E wificond: Failed to get NL80211_RATE_INFO_NOISE
02-26 16:51:17.511   715   715 E wificond: Failed to get NL80211_RATE_INFO_SNR
02-26 16:51:17.511   715   715 E wificond: Failed to get NL80211_STA_INFO_CNAHLOAD
02-26 16:51:17.514   715   715 E wificond: Failed to get NL80211_RATE_INFO_NOISE
02-26 16:51:17.514   715   715 E wificond: Failed to get NL80211_RATE_INFO_SNR
02-26 16:51:17.514   715   715 E wificond: Failed to get NL80211_STA_INFO_CNAHLOAD
02-26 16:51:25.519   715   715 E wificond: Failed to get NL80211_RATE_INFO_NOISE
02-26 16:51:25.520   715   715 E wificond: Failed to get NL80211_RATE_INFO_SNR
02-26 16:51:25.520   715   715 E wificond: Failed to get NL80211_STA_INFO_CNAHLOAD
02-26 16:51:25.524   715   715 E wificond: Failed to get NL80211_RATE_INFO_NOISE
02-26 16:51:25.524   715   715 E wificond: Failed to get NL80211_RATE_INFO_SNR
02-26 16:51:25.524   715   715 E wificond: Failed to get NL80211_STA_INFO_CNAHLOAD
02-26 16:51:33.523   715   715 E wificond: Failed to get NL80211_RATE_INFO_NOISE
02-26 16:51:33.523   715   715 E wificond: Failed to get NL80211_RATE_INFO_SNR
02-26 16:51:33.523   715   715 E wificond: Failed to get NL80211_STA_INFO_CNAHLOAD
02-26 16:51:33.527   715   715 E wificond: Failed to get NL80211_RATE_INFO_NOISE
02-26 16:51:33.527   715   715 E wificond: Failed to get NL80211_RATE_INFO_SNR
02-26 16:51:33.527   715   715 E wificond: Failed to get NL80211_STA_INFO_CNAHLOAD
02-26 16:51:41.526   715   715 E wificond: Failed to get NL80211_RATE_INFO_NOISE
02-26 16:51:41.527   715   715 E wificond: Failed to get NL80211_RATE_INFO_SNR
02-26 16:51:41.527   715   715 E wificond: Failed to get NL80211_STA_INFO_CNAHLOAD
02-26 16:51:41.530   715   715 E wificond: Failed to get NL80211_RATE_INFO_NOISE
02-26 16:51:41.531   715   715 E wificond: Failed to get NL80211_RATE_INFO_SNR
02-26 16:51:41.531   715   715 E wificond: Failed to get NL80211_STA_INFO_CNAHLOAD
02-26 16:51:42.689  1256  1583 I chatty  : uid=1000(system) UEventObserver expire 6 lines
02-26 16:51:49.539   715   715 E wificond: Failed to get NL80211_RATE_INFO_NOISE
02-26 16:51:49.540   715   715 E wificond: Failed to get NL80211_RATE_INFO_SNR
02-26 16:51:49.540   715   715 E wificond: Failed to get NL80211_STA_INFO_CNAHLOAD
02-26 16:51:49.543   715   715 E wificond: Failed to get NL80211_RATE_INFO_NOISE
02-26 16:51:49.543   715   715 E wificond: Failed to get NL80211_RATE_INFO_SNR
02-26 16:51:49.543   715   715 E wificond: Failed to get NL80211_STA_INFO_CNAHLOAD
02-26 16:51:55.742   604  1233 W SocketListener: sending broadcast to Pid = 1256, Uid = 1000 
02-26 16:51:55.744  1256  1785 I chatty  : uid=1000(system) NetdConnector expire 10 lines
02-26 16:51:57.546   715   715 E wificond: Failed to get NL80211_RATE_INFO_NOISE
02-26 16:51:57.546   715   715 E wificond: Failed to get NL80211_RATE_INFO_SNR
02-26 16:51:57.546   715   715 E wificond: Failed to get NL80211_STA_INFO_CNAHLOAD
02-26 16:51:57.551   715   715 E wificond: Failed to get NL80211_RATE_INFO_NOISE
02-26 16:51:57.551   715   715 E wificond: Failed to get NL80211_RATE_INFO_SNR
02-26 16:51:57.551   715   715 E wificond: Failed to get NL80211_STA_INFO_CNAHLOAD
02-26 16:52:05.551   715   715 E wificond: Failed to get NL80211_RATE_INFO_NOISE
02-26 16:52:05.552   715   715 E wificond: Failed to get NL80211_RATE_INFO_SNR
02-26 16:52:05.552   715   715 E wificond: Failed to get NL80211_STA_INFO_CNAHLOAD
02-26 16:52:05.556   715   715 E wificond: Failed to get NL80211_RATE_INFO_NOISE
02-26 16:52:05.556   715   715 E wificond: Failed to get NL80211_RATE_INFO_SNR
02-26 16:52:05.556   715   715 E wificond: Failed to get NL80211_STA_INFO_CNAHLOAD
02-26 16:52:13.555   715   715 E wificond: Failed to get NL80211_RATE_INFO_NOISE
02-26 16:52:13.555   715   715 E wificond: Failed to get NL80211_RATE_INFO_SNR
02-26 16:52:13.555   715   715 E wificond: Failed to get NL80211_STA_INFO_CNAHLOAD
02-26 16:52:13.559   715   715 E wificond: Failed to get NL80211_RATE_INFO_NOISE
02-26 16:52:13.559   715   715 E wificond: Failed to get NL80211_RATE_INFO_SNR
02-26 16:52:13.559   715   715 E wificond: Failed to get NL80211_STA_INFO_CNAHLOAD
02-26 16:52:21.565   715   715 E wificond: Failed to get NL80211_RATE_INFO_NOISE
02-26 16:52:21.565   715   715 E wificond: Failed to get NL80211_RATE_INFO_SNR
02-26 16:52:21.565   715   715 E wificond: Failed to get NL80211_STA_INFO_CNAHLOAD
02-26 16:52:21.571   715   715 E wificond: Failed to get NL80211_RATE_INFO_NOISE
02-26 16:52:21.571   715   715 E wificond: Failed to get NL80211_RATE_INFO_SNR
02-26 16:52:21.571   715   715 E wificond: Failed to get NL80211_STA_INFO_CNAHLOAD
02-26 16:52:25.876   604  1233 W SocketListener: sending broadcast to Pid = 1256, Uid = 1000 
02-26 16:52:26.899   604  1233 W SocketListener: sending broadcast to Pid = 1256, Uid = 1000 
02-26 16:52:29.572   715   715 E wificond: Failed to get NL80211_RATE_INFO_NOISE
02-26 16:52:29.572   715   715 E wificond: Failed to get NL80211_RATE_INFO_SNR
02-26 16:52:29.573   715   715 E wificond: Failed to get NL80211_STA_INFO_CNAHLOAD
02-26 16:52:29.577   715   715 E wificond: Failed to get NL80211_RATE_INFO_NOISE
02-26 16:52:29.577   715   715 E wificond: Failed to get NL80211_RATE_INFO_SNR
02-26 16:52:29.578   715   715 E wificond: Failed to get NL80211_STA_INFO_CNAHLOAD
02-26 16:52:37.583   715   715 E wificond: Failed to get NL80211_RATE_INFO_NOISE
02-26 16:52:37.583   715   715 E wificond: Failed to get NL80211_RATE_INFO_SNR
02-26 16:52:37.583   715   715 E wificond: Failed to get NL80211_STA_INFO_CNAHLOAD
02-26 16:52:37.586   715   715 E wificond: Failed to get NL80211_RATE_INFO_NOISE
02-26 16:52:37.586   715   715 E wificond: Failed to get NL80211_RATE_INFO_SNR
02-26 16:52:37.586   715   715 E wificond: Failed to get NL80211_STA_INFO_CNAHLOAD
02-26 16:52:45.591   715   715 E wificond: Failed to get NL80211_RATE_INFO_NOISE
02-26 16:52:45.592   715   715 E wificond: Failed to get NL80211_RATE_INFO_SNR
02-26 16:52:45.592   715   715 E wificond: Failed to get NL80211_STA_INFO_CNAHLOAD
02-26 16:52:45.596   715   715 E wificond: Failed to get NL80211_RATE_INFO_NOISE
02-26 16:52:45.597   715   715 E wificond: Failed to get NL80211_RATE_INFO_SNR
02-26 16:52:45.597   715   715 E wificond: Failed to get NL80211_STA_INFO_CNAHLOAD
02-26 16:52:51.189   604  1233 W SocketListener: sending broadcast to Pid = 1256, Uid = 1000 
02-26 16:52:51.196  1256  1454 I chatty  : uid=1000(system) android.fg expire 9 lines
02-26 16:52:51.202  1256  2027 I chatty  : uid=1000(system) Binder:1256_6 expire 15 lines
02-26 16:52:53.596   715   715 E wificond: Failed to get NL80211_RATE_INFO_NOISE
02-26 16:52:53.596   715   715 E wificond: Failed to get NL80211_RATE_INFO_SNR
02-26 16:52:53.596   715   715 E wificond: Failed to get NL80211_STA_INFO_CNAHLOAD
02-26 16:52:53.603   715   715 E wificond: Failed to get NL80211_RATE_INFO_NOISE
02-26 16:52:53.603   715   715 E wificond: Failed to get NL80211_RATE_INFO_SNR
02-26 16:52:53.603   715   715 E wificond: Failed to get NL80211_STA_INFO_CNAHLOAD
02-26 16:53:01.606   715   715 E wificond: Failed to get NL80211_RATE_INFO_NOISE
02-26 16:53:01.607   715   715 E wificond: Failed to get NL80211_RATE_INFO_SNR
02-26 16:53:01.607   715   715 E wificond: Failed to get NL80211_STA_INFO_CNAHLOAD
02-26 16:53:01.611   715   715 E wificond: Failed to get NL80211_RATE_INFO_NOISE
02-26 16:53:01.611   715   715 E wificond: Failed to get NL80211_RATE_INFO_SNR
02-26 16:53:01.611   715   715 E wificond: Failed to get NL80211_STA_INFO_CNAHLOAD
02-26 16:53:09.613   715   715 E wificond: Failed to get NL80211_RATE_INFO_NOISE
02-26 16:53:09.613   715   715 E wificond: Failed to get NL80211_RATE_INFO_SNR
02-26 16:53:09.613   715   715 E wificond: Failed to get NL80211_STA_INFO_CNAHLOAD
02-26 16:53:09.617   715   715 E wificond: Failed to get NL80211_RATE_INFO_NOISE
02-26 16:53:09.617   715   715 E wificond: Failed to get NL80211_RATE_INFO_SNR
02-26 16:53:09.617   715   715 E wificond: Failed to get NL80211_STA_INFO_CNAHLOAD
02-26 16:53:13.318  1256  1583 I chatty  : uid=1000(system) UEventObserver expire 10 lines
02-26 16:53:13.336  1256  1256 I chatty  : uid=1000 system_server expire 10 lines
02-26 16:53:14.805  1256  2115 I chatty  : uid=1000(system) watchdog expire 9 lines
02-26 16:53:17.620   715   715 E wificond: Failed to get NL80211_RATE_INFO_NOISE
02-26 16:53:17.620   715   715 E wificond: Failed to get NL80211_RATE_INFO_SNR
02-26 16:53:17.620   715   715 E wificond: Failed to get NL80211_STA_INFO_CNAHLOAD
02-26 16:53:17.623   715   715 E wificond: Failed to get NL80211_RATE_INFO_NOISE
02-26 16:53:17.623   715   715 E wificond: Failed to get NL80211_RATE_INFO_SNR
02-26 16:53:17.623   715   715 E wificond: Failed to get NL80211_STA_INFO_CNAHLOAD
02-26 16:53:25.632   715   715 E wificond: Failed to get NL80211_RATE_INFO_NOISE
02-26 16:53:25.632   715   715 E wificond: Failed to get NL80211_RATE_INFO_SNR
02-26 16:53:25.632   715   715 E wificond: Failed to get NL80211_STA_INFO_CNAHLOAD
02-26 16:53:25.637   715   715 E wificond: Failed to get NL80211_RATE_INFO_NOISE
02-26 16:53:25.637   715   715 E wificond: Failed to get NL80211_RATE_INFO_SNR
02-26 16:53:25.637   715   715 E wificond: Failed to get NL80211_STA_INFO_CNAHLOAD
02-26 16:53:28.225   604  1233 W SocketListener: sending broadcast to Pid = 1256, Uid = 1000 
02-26 16:53:28.257  1256 12793 I chatty  : uid=1000(system) Binder:1256_1C expire 12 lines
02-26 16:53:33.640   715   715 E wificond: Failed to get NL80211_RATE_INFO_NOISE
02-26 16:53:33.640   715   715 E wificond: Failed to get NL80211_RATE_INFO_SNR
02-26 16:53:33.640   715   715 E wificond: Failed to get NL80211_STA_INFO_CNAHLOAD
02-26 16:53:33.645   715   715 E wificond: Failed to get NL80211_RATE_INFO_NOISE
02-26 16:53:33.645   715   715 E wificond: Failed to get NL80211_RATE_INFO_SNR
02-26 16:53:33.645   715   715 E wificond: Failed to get NL80211_STA_INFO_CNAHLOAD
02-26 16:53:41.642   715   715 E wificond: Failed to get NL80211_RATE_INFO_NOISE
02-26 16:53:41.642   715   715 E wificond: Failed to get NL80211_RATE_INFO_SNR
02-26 16:53:41.642   715   715 E wificond: Failed to get NL80211_STA_INFO_CNAHLOAD
02-26 16:53:41.649   715   715 E wificond: Failed to get NL80211_RATE_INFO_NOISE
02-26 16:53:41.649   715   715 E wificond: Failed to get NL80211_RATE_INFO_SNR
02-26 16:53:41.650   715   715 E wificond: Failed to get NL80211_STA_INFO_CNAHLOAD
02-26 16:53:43.319   604  1233 W SocketListener: sending broadcast to Pid = 1256, Uid = 1000 
02-26 16:53:43.322  1256  1785 I chatty  : uid=1000(system) NetdConnector expire 10 lines
02-26 16:53:49.651   715   715 E wificond: Failed to get NL80211_RATE_INFO_NOISE
02-26 16:53:49.651   715   715 E wificond: Failed to get NL80211_RATE_INFO_SNR
02-26 16:53:49.651   715   715 E wificond: Failed to get NL80211_STA_INFO_CNAHLOAD
02-26 16:53:49.656   715   715 E wificond: Failed to get NL80211_RATE_INFO_NOISE
02-26 16:53:49.656   715   715 E wificond: Failed to get NL80211_RATE_INFO_SNR
02-26 16:53:49.656   715   715 E wificond: Failed to get NL80211_STA_INFO_CNAHLOAD
02-26 16:53:57.657   715   715 E wificond: Failed to get NL80211_RATE_INFO_NOISE
02-26 16:53:57.657   715   715 E wificond: Failed to get NL80211_RATE_INFO_SNR
02-26 16:53:57.657   715   715 E wificond: Failed to get NL80211_STA_INFO_CNAHLOAD
02-26 16:53:57.659   715   715 E wificond: Failed to get NL80211_RATE_INFO_NOISE
02-26 16:53:57.660   715   715 E wificond: Failed to get NL80211_RATE_INFO_SNR
02-26 16:53:57.660   715   715 E wificond: Failed to get NL80211_STA_INFO_CNAHLOAD
02-26 16:54:05.665   715   715 E wificond: Failed to get NL80211_RATE_INFO_NOISE
02-26 16:54:05.665   715   715 E wificond: Failed to get NL80211_RATE_INFO_SNR
02-26 16:54:05.666   715   715 E wificond: Failed to get NL80211_STA_INFO_CNAHLOAD
02-26 16:54:05.672   715   715 E wificond: Failed to get NL80211_RATE_INFO_NOISE
02-26 16:54:05.672   715   715 E wificond: Failed to get NL80211_RATE_INFO_SNR
02-26 16:54:05.672   715   715 E wificond: Failed to get NL80211_STA_INFO_CNAHLOAD
02-26 16:54:13.668   715   715 E wificond: Failed to get NL80211_RATE_INFO_NOISE
02-26 16:54:13.669   715   715 E wificond: Failed to get NL80211_RATE_INFO_SNR
02-26 16:54:13.669   715   715 E wificond: Failed to get NL80211_STA_INFO_CNAHLOAD
02-26 16:54:13.672   715   715 E wificond: Failed to get NL80211_RATE_INFO_NOISE
02-26 16:54:13.672   715   715 E wificond: Failed to get NL80211_RATE_INFO_SNR
02-26 16:54:13.672   715   715 E wificond: Failed to get NL80211_STA_INFO_CNAHLOAD
02-26 16:54:21.678   715   715 E wificond: Failed to get NL80211_RATE_INFO_NOISE
02-26 16:54:21.679   715   715 E wificond: Failed to get NL80211_RATE_INFO_SNR
02-26 16:54:21.679   715   715 E wificond: Failed to get NL80211_STA_INFO_CNAHLOAD
02-26 16:54:21.685   715   715 E wificond: Failed to get NL80211_RATE_INFO_NOISE
02-26 16:54:21.685   715   715 E wificond: Failed to get NL80211_RATE_INFO_SNR
02-26 16:54:21.685   715   715 E wificond: Failed to get NL80211_STA_INFO_CNAHLOAD
02-26 16:54:29.687   715   715 E wificond: Failed to get NL80211_RATE_INFO_NOISE
02-26 16:54:29.687   715   715 E wificond: Failed to get NL80211_RATE_INFO_SNR
02-26 16:54:29.687   715   715 E wificond: Failed to get NL80211_STA_INFO_CNAHLOAD
02-26 16:54:29.691   715   715 E wificond: Failed to get NL80211_RATE_INFO_NOISE
02-26 16:54:29.691   715   715 E wificond: Failed to get NL80211_RATE_INFO_SNR
02-26 16:54:29.691   715   715 E wificond: Failed to get NL80211_STA_INFO_CNAHLOAD
02-26 16:54:37.695   715   715 E wificond: Failed to get NL80211_RATE_INFO_NOISE
02-26 16:54:37.695   715   715 E wificond: Failed to get NL80211_RATE_INFO_SNR
02-26 16:54:37.695   715   715 E wificond: Failed to get NL80211_STA_INFO_CNAHLOAD
02-26 16:54:37.698   715   715 E wificond: Failed to get NL80211_RATE_INFO_NOISE
02-26 16:54:37.698   715   715 E wificond: Failed to get NL80211_RATE_INFO_SNR
02-26 16:54:37.698   715   715 E wificond: Failed to get NL80211_STA_INFO_CNAHLOAD
02-26 16:54:45.706   715   715 E wificond: Failed to get NL80211_RATE_INFO_NOISE
02-26 16:54:45.706   715   715 E wificond: Failed to get NL80211_RATE_INFO_SNR
02-26 16:54:45.706   715   715 E wificond: Failed to get NL80211_STA_INFO_CNAHLOAD
02-26 16:54:45.709   715   715 E wificond: Failed to get NL80211_RATE_INFO_NOISE
02-26 16:54:45.710   715   715 E wificond: Failed to get NL80211_RATE_INFO_SNR
02-26 16:54:45.710   715   715 E wificond: Failed to get NL80211_STA_INFO_CNAHLOAD
02-26 16:54:53.712   715   715 E wificond: Failed to get NL80211_RATE_INFO_NOISE
02-26 16:54:53.712   715   715 E wificond: Failed to get NL80211_RATE_INFO_SNR
02-26 16:54:53.712   715   715 E wificond: Failed to get NL80211_STA_INFO_CNAHLOAD
02-26 16:54:53.716   715   715 E wificond: Failed to get NL80211_RATE_INFO_NOISE
02-26 16:54:53.716   715   715 E wificond: Failed to get NL80211_RATE_INFO_SNR
02-26 16:54:53.716   715   715 E wificond: Failed to get NL80211_STA_INFO_CNAHLOAD
02-26 16:54:55.703   604  1233 W SocketListener: sending broadcast to Pid = 1256, Uid = 1000 
02-26 16:54:55.716  1256  1284 I chatty  : uid=1000(system) Binder:1256_1 expire 12 lines
02-26 16:55:01.715   715   715 E wificond: Failed to get NL80211_RATE_INFO_NOISE
02-26 16:55:01.715   715   715 E wificond: Failed to get NL80211_RATE_INFO_SNR
02-26 16:55:01.715   715   715 E wificond: Failed to get NL80211_STA_INFO_CNAHLOAD
02-26 16:55:01.719   715   715 E wificond: Failed to get NL80211_RATE_INFO_NOISE
02-26 16:55:01.719   715   715 E wificond: Failed to get NL80211_RATE_INFO_SNR
02-26 16:55:01.719   715   715 E wificond: Failed to get NL80211_STA_INFO_CNAHLOAD
02-26 16:55:09.720   715   715 E wificond: Failed to get NL80211_RATE_INFO_NOISE
02-26 16:55:09.721   715   715 E wificond: Failed to get NL80211_RATE_INFO_SNR
02-26 16:55:09.721   715   715 E wificond: Failed to get NL80211_STA_INFO_CNAHLOAD
02-26 16:55:09.724   715   715 E wificond: Failed to get NL80211_RATE_INFO_NOISE
02-26 16:55:09.724   715   715 E wificond: Failed to get NL80211_RATE_INFO_SNR
02-26 16:55:09.724   715   715 E wificond: Failed to get NL80211_STA_INFO_CNAHLOAD
02-26 16:55:10.806   604  1233 W SocketListener: sending broadcast to Pid = 1256, Uid = 1000 
02-26 16:55:10.824  1256  2027 I chatty  : uid=1000(system) Binder:1256_6 expire 13 lines
02-26 16:55:17.729   715   715 E wificond: Failed to get NL80211_RATE_INFO_NOISE
02-26 16:55:17.729   715   715 E wificond: Failed to get NL80211_RATE_INFO_SNR
02-26 16:55:17.729   715   715 E wificond: Failed to get NL80211_STA_INFO_CNAHLOAD
02-26 16:55:17.733   715   715 E wificond: Failed to get NL80211_RATE_INFO_NOISE
02-26 16:55:17.733   715   715 E wificond: Failed to get NL80211_RATE_INFO_SNR
02-26 16:55:17.733   715   715 E wificond: Failed to get NL80211_STA_INFO_CNAHLOAD
02-26 16:55:25.738   715   715 E wificond: Failed to get NL80211_RATE_INFO_NOISE
02-26 16:55:25.738   715   715 E wificond: Failed to get NL80211_RATE_INFO_SNR
02-26 16:55:25.738   715   715 E wificond: Failed to get NL80211_STA_INFO_CNAHLOAD
02-26 16:55:25.742   715   715 E wificond: Failed to get NL80211_RATE_INFO_NOISE
02-26 16:55:25.742   715   715 E wificond: Failed to get NL80211_RATE_INFO_SNR
02-26 16:55:25.742   715   715 E wificond: Failed to get NL80211_STA_INFO_CNAHLOAD
02-26 16:55:33.746   715   715 E wificond: Failed to get NL80211_RATE_INFO_NOISE
02-26 16:55:33.746   715   715 E wificond: Failed to get NL80211_RATE_INFO_SNR
02-26 16:55:33.746   715   715 E wificond: Failed to get NL80211_STA_INFO_CNAHLOAD
02-26 16:55:33.751   715   715 E wificond: Failed to get NL80211_RATE_INFO_NOISE
02-26 16:55:33.751   715   715 E wificond: Failed to get NL80211_RATE_INFO_SNR
02-26 16:55:33.751   715   715 E wificond: Failed to get NL80211_STA_INFO_CNAHLOAD
02-26 16:55:41.756   715   715 E wificond: Failed to get NL80211_RATE_INFO_NOISE
02-26 16:55:41.756   715   715 E wificond: Failed to get NL80211_RATE_INFO_SNR
02-26 16:55:41.756   715   715 E wificond: Failed to get NL80211_STA_INFO_CNAHLOAD
02-26 16:55:41.759   715   715 E wificond: Failed to get NL80211_RATE_INFO_NOISE
02-26 16:55:41.759   715   715 E wificond: Failed to get NL80211_RATE_INFO_SNR
02-26 16:55:41.759   715   715 E wificond: Failed to get NL80211_STA_INFO_CNAHLOAD
02-26 16:55:44.359  1256  1583 I chatty  : uid=1000(system) UEventObserver expire 8 lines
02-26 16:55:44.376  1256  1256 I chatty  : uid=1000 system_server expire 11 lines
02-26 16:55:49.759   715   715 E wificond: Failed to get NL80211_RATE_INFO_NOISE
02-26 16:55:49.760   715   715 E wificond: Failed to get NL80211_RATE_INFO_SNR
02-26 16:55:49.760   715   715 E wificond: Failed to get NL80211_STA_INFO_CNAHLOAD
02-26 16:55:49.765   715   715 E wificond: Failed to get NL80211_RATE_INFO_NOISE
02-26 16:55:49.765   715   715 E wificond: Failed to get NL80211_RATE_INFO_SNR
02-26 16:55:49.765   715   715 E wificond: Failed to get NL80211_STA_INFO_CNAHLOAD
02-26 16:55:53.661   713   794 E /system/bin/storaged: pid_info get_pids failed
02-26 16:55:57.766   715   715 E wificond: Failed to get NL80211_RATE_INFO_NOISE
02-26 16:55:57.766   715   715 E wificond: Failed to get NL80211_RATE_INFO_SNR
02-26 16:55:57.766   715   715 E wificond: Failed to get NL80211_STA_INFO_CNAHLOAD
02-26 16:55:57.768   715   715 E wificond: Failed to get NL80211_RATE_INFO_NOISE
02-26 16:55:57.768   715   715 E wificond: Failed to get NL80211_RATE_INFO_SNR
02-26 16:55:57.769   715   715 E wificond: Failed to get NL80211_STA_INFO_CNAHLOAD
02-26 16:56:05.777   715   715 E wificond: Failed to get NL80211_RATE_INFO_NOISE
02-26 16:56:05.777   715   715 E wificond: Failed to get NL80211_RATE_INFO_SNR
02-26 16:56:05.777   715   715 E wificond: Failed to get NL80211_STA_INFO_CNAHLOAD
02-26 16:56:05.781   715   715 E wificond: Failed to get NL80211_RATE_INFO_NOISE
02-26 16:56:05.782   715   715 E wificond: Failed to get NL80211_RATE_INFO_SNR
02-26 16:56:05.782   715   715 E wificond: Failed to get NL80211_STA_INFO_CNAHLOAD
02-26 16:56:13.780   715   715 E wificond: Failed to get NL80211_RATE_INFO_NOISE
02-26 16:56:13.781   715   715 E wificond: Failed to get NL80211_RATE_INFO_SNR
02-26 16:56:13.781   715   715 E wificond: Failed to get NL80211_STA_INFO_CNAHLOAD
02-26 16:56:13.784   715   715 E wificond: Failed to get NL80211_RATE_INFO_NOISE
02-26 16:56:13.784   715   715 E wificond: Failed to get NL80211_RATE_INFO_SNR
02-26 16:56:13.784   715   715 E wificond: Failed to get NL80211_STA_INFO_CNAHLOAD
02-26 16:56:21.782   715   715 E wificond: Failed to get NL80211_RATE_INFO_NOISE
02-26 16:56:21.783   715   715 E wificond: Failed to get NL80211_RATE_INFO_SNR
02-26 16:56:21.783   715   715 E wificond: Failed to get NL80211_STA_INFO_CNAHLOAD
02-26 16:56:21.788   715   715 E wificond: Failed to get NL80211_RATE_INFO_NOISE
02-26 16:56:21.788   715   715 E wificond: Failed to get NL80211_RATE_INFO_SNR
02-26 16:56:21.788   715   715 E wificond: Failed to get NL80211_STA_INFO_CNAHLOAD
02-26 16:56:29.788   715   715 E wificond: Failed to get NL80211_RATE_INFO_NOISE
02-26 16:56:29.789   715   715 E wificond: Failed to get NL80211_RATE_INFO_SNR
02-26 16:56:29.789   715   715 E wificond: Failed to get NL80211_STA_INFO_CNAHLOAD
02-26 16:56:29.792   715   715 E wificond: Failed to get NL80211_RATE_INFO_NOISE
02-26 16:56:29.792   715   715 E wificond: Failed to get NL80211_RATE_INFO_SNR
02-26 16:56:29.792   715   715 E wificond: Failed to get NL80211_STA_INFO_CNAHLOAD
02-26 16:56:37.797   715   715 E wificond: Failed to get NL80211_RATE_INFO_NOISE
02-26 16:56:37.797   715   715 E wificond: Failed to get NL80211_RATE_INFO_SNR
02-26 16:56:37.797   715   715 E wificond: Failed to get NL80211_STA_INFO_CNAHLOAD
02-26 16:56:37.799   715   715 E wificond: Failed to get NL80211_RATE_INFO_NOISE
02-26 16:56:37.800   715   715 E wificond: Failed to get NL80211_RATE_INFO_SNR
02-26 16:56:37.800   715   715 E wificond: Failed to get NL80211_STA_INFO_CNAHLOAD
02-26 16:56:45.805   715   715 E wificond: Failed to get NL80211_RATE_INFO_NOISE
02-26 16:56:45.806   715   715 E wificond: Failed to get NL80211_RATE_INFO_SNR
02-26 16:56:45.806   715   715 E wificond: Failed to get NL80211_STA_INFO_CNAHLOAD
02-26 16:56:45.809   715   715 E wificond: Failed to get NL80211_RATE_INFO_NOISE
02-26 16:56:45.809   715   715 E wificond: Failed to get NL80211_RATE_INFO_SNR
02-26 16:56:45.809   715   715 E wificond: Failed to get NL80211_STA_INFO_CNAHLOAD
02-26 16:56:53.813   715   715 E wificond: Failed to get NL80211_RATE_INFO_NOISE
02-26 16:56:53.814   715   715 E wificond: Failed to get NL80211_RATE_INFO_SNR
02-26 16:56:53.814   715   715 E wificond: Failed to get NL80211_STA_INFO_CNAHLOAD
02-26 16:56:53.817   715   715 E wificond: Failed to get NL80211_RATE_INFO_NOISE
02-26 16:56:53.817   715   715 E wificond: Failed to get NL80211_RATE_INFO_SNR
02-26 16:56:53.817   715   715 E wificond: Failed to get NL80211_STA_INFO_CNAHLOAD
02-26 16:57:01.823   715   715 E wificond: Failed to get NL80211_RATE_INFO_NOISE
02-26 16:57:01.824   715   715 E wificond: Failed to get NL80211_RATE_INFO_SNR
02-26 16:57:01.824   715   715 E wificond: Failed to get NL80211_STA_INFO_CNAHLOAD
02-26 16:57:01.829   715   715 E wificond: Failed to get NL80211_RATE_INFO_NOISE
02-26 16:57:01.829   715   715 E wificond: Failed to get NL80211_RATE_INFO_SNR
02-26 16:57:01.829   715   715 E wificond: Failed to get NL80211_STA_INFO_CNAHLOAD
02-26 16:57:09.831   715   715 E wificond: Failed to get NL80211_RATE_INFO_NOISE
02-26 16:57:09.831   715   715 E wificond: Failed to get NL80211_RATE_INFO_SNR
02-26 16:57:09.832   715   715 E wificond: Failed to get NL80211_STA_INFO_CNAHLOAD
02-26 16:57:09.835   715   715 E wificond: Failed to get NL80211_RATE_INFO_NOISE
02-26 16:57:09.835   715   715 E wificond: Failed to get NL80211_RATE_INFO_SNR
02-26 16:57:09.835   715   715 E wificond: Failed to get NL80211_STA_INFO_CNAHLOAD
02-26 16:57:16.391   604  1233 W SocketListener: sending broadcast to Pid = 1256, Uid = 1000 
02-26 16:57:17.839   715   715 E wificond: Failed to get NL80211_RATE_INFO_NOISE
02-26 16:57:17.839   715   715 E wificond: Failed to get NL80211_RATE_INFO_SNR
02-26 16:57:17.839   715   715 E wificond: Failed to get NL80211_STA_INFO_CNAHLOAD
02-26 16:57:17.842   715   715 E wificond: Failed to get NL80211_RATE_INFO_NOISE
02-26 16:57:17.842   715   715 E wificond: Failed to get NL80211_RATE_INFO_SNR
02-26 16:57:17.842   715   715 E wificond: Failed to get NL80211_STA_INFO_CNAHLOAD
02-26 16:57:25.842   715   715 E wificond: Failed to get NL80211_RATE_INFO_NOISE
02-26 16:57:25.843   715   715 E wificond: Failed to get NL80211_RATE_INFO_SNR
02-26 16:57:25.843   715   715 E wificond: Failed to get NL80211_STA_INFO_CNAHLOAD
02-26 16:57:25.848   715   715 E wificond: Failed to get NL80211_RATE_INFO_NOISE
02-26 16:57:25.848   715   715 E wificond: Failed to get NL80211_RATE_INFO_SNR
02-26 16:57:25.848   715   715 E wificond: Failed to get NL80211_STA_INFO_CNAHLOAD
02-26 16:57:31.474   604  1233 W SocketListener: sending broadcast to Pid = 1256, Uid = 1000 
02-26 16:57:31.490  1256  2027 I chatty  : uid=1000(system) Binder:1256_6 expire 14 lines
02-26 16:57:31.525  1256  1603 I chatty  : uid=1000(system) InputReader expire 6 lines
02-26 16:57:31.527  1256  1462 I chatty  : uid=1000(system) PowerManagerSer expire 13 lines
02-26 16:57:31.550  1256  1456 I chatty  : uid=1000(system) android.display expire 2 lines
02-26 16:57:31.564  1256  1586 I chatty  : uid=1000(system) Binder:1256_3 expire 13 lines
02-26 16:57:31.576  1256  1605 I chatty  : uid=1000(system) StorageManagerS expire 2 lines
02-26 16:57:31.577   418   446 I vold    : TrimTask running tasks: 0
02-26 16:57:31.579  1256  1608 I chatty  : uid=1000(system) VoldConnector expire 1 line
02-26 16:57:31.581  1256  1576 I chatty  : uid=1000(system) android.anim expire 6 lines
02-26 16:57:31.588  1256  1803 I chatty  : uid=1000(system) WifiP2pService expire 10 lines
02-26 16:57:31.594   715   715 E wificond: Failed to get NL80211_RATE_INFO_NOISE
02-26 16:57:31.594   715   715 E wificond: Failed to get NL80211_RATE_INFO_SNR
02-26 16:57:31.594   715   715 E wificond: Failed to get NL80211_STA_INFO_CNAHLOAD
02-26 16:57:31.640  1256  2753 I chatty  : uid=1000(system) Binder:1256_10 expire 29 lines
