02-12 15:26:27.677   715   715 E wificond: Failed to get NL80211_RATE_INFO_NOISE
02-12 15:26:27.677   715   715 E wificond: Failed to get NL80211_RATE_INFO_SNR
02-12 15:26:27.677   715   715 E wificond: Failed to get NL80211_STA_INFO_CNAHLOAD
02-12 15:26:35.678   715   715 E wificond: Failed to get NL80211_RATE_INFO_NOISE
02-12 15:26:35.678   715   715 E wificond: Failed to get NL80211_RATE_INFO_SNR
02-12 15:26:35.678   715   715 E wificond: Failed to get NL80211_STA_INFO_CNAHLOAD
02-12 15:26:35.682   715   715 E wificond: Failed to get NL80211_RATE_INFO_NOISE
02-12 15:26:35.682   715   715 E wificond: Failed to get NL80211_RATE_INFO_SNR
02-12 15:26:35.682   715   715 E wificond: Failed to get NL80211_STA_INFO_CNAHLOAD
02-12 15:26:43.681   715   715 E wificond: Failed to get NL80211_RATE_INFO_NOISE
02-12 15:26:43.682   715   715 E wificond: Failed to get NL80211_RATE_INFO_SNR
02-12 15:26:43.682   715   715 E wificond: Failed to get NL80211_STA_INFO_CNAHLOAD
02-12 15:26:43.686   715   715 E wificond: Failed to get NL80211_RATE_INFO_NOISE
02-12 15:26:43.686   715   715 E wificond: Failed to get NL80211_RATE_INFO_SNR
02-12 15:26:43.686   715   715 E wificond: Failed to get NL80211_STA_INFO_CNAHLOAD
02-12 15:26:48.014  1256  1583 I chatty  : uid=1000(system) UEventObserver expire 4 lines
02-12 15:26:51.685   715   715 E wificond: Failed to get NL80211_RATE_INFO_NOISE
02-12 15:26:51.685   715   715 E wificond: Failed to get NL80211_RATE_INFO_SNR
02-12 15:26:51.685   715   715 E wificond: Failed to get NL80211_STA_INFO_CNAHLOAD
02-12 15:26:51.689   715   715 E wificond: Failed to get NL80211_RATE_INFO_NOISE
02-12 15:26:51.689   715   715 E wificond: Failed to get NL80211_RATE_INFO_SNR
02-12 15:26:51.689   715   715 E wificond: Failed to get NL80211_STA_INFO_CNAHLOAD
02-12 15:26:54.853   604  1237 W SocketListener: sending broadcast to Pid = 1256, Uid = 1000 
02-12 15:26:59.692   715   715 E wificond: Failed to get NL80211_RATE_INFO_NOISE
02-12 15:26:59.692   715   715 E wificond: Failed to get NL80211_RATE_INFO_SNR
02-12 15:26:59.692   715   715 E wificond: Failed to get NL80211_STA_INFO_CNAHLOAD
02-12 15:26:59.695   715   715 E wificond: Failed to get NL80211_RATE_INFO_NOISE
02-12 15:26:59.695   715   715 E wificond: Failed to get NL80211_RATE_INFO_SNR
02-12 15:26:59.695   715   715 E wificond: Failed to get NL80211_STA_INFO_CNAHLOAD
02-12 15:27:07.700   715   715 E wificond: Failed to get NL80211_RATE_INFO_NOISE
02-12 15:27:07.700   715   715 E wificond: Failed to get NL80211_RATE_INFO_SNR
02-12 15:27:07.700   715   715 E wificond: Failed to get NL80211_STA_INFO_CNAHLOAD
02-12 15:27:07.703   715   715 E wificond: Failed to get NL80211_RATE_INFO_NOISE
02-12 15:27:07.703   715   715 E wificond: Failed to get NL80211_RATE_INFO_SNR
02-12 15:27:07.703   715   715 E wificond: Failed to get NL80211_STA_INFO_CNAHLOAD
02-12 15:27:15.709   715   715 E wificond: Failed to get NL80211_RATE_INFO_NOISE
02-12 15:27:15.709   715   715 E wificond: Failed to get NL80211_RATE_INFO_SNR
02-12 15:27:15.709   715   715 E wificond: Failed to get NL80211_STA_INFO_CNAHLOAD
02-12 15:27:15.713   715   715 E wificond: Failed to get NL80211_RATE_INFO_NOISE
02-12 15:27:15.713   715   715 E wificond: Failed to get NL80211_RATE_INFO_SNR
02-12 15:27:15.713   715   715 E wificond: Failed to get NL80211_STA_INFO_CNAHLOAD
02-12 15:27:16.815  1256  1603 I chatty  : uid=1000(system) InputReader expire 6 lines
02-12 15:27:16.817  1256  1462 I chatty  : uid=1000(system) PowerManagerSer expire 14 lines
02-12 15:27:16.839  1256  1456 I chatty  : uid=1000(system) android.display expire 2 lines
02-12 15:27:16.852  1256  2036 I chatty  : uid=1000(system) Binder:1256_7 expire 23 lines
02-12 15:27:16.865  1256  1605 I chatty  : uid=1000(system) StorageManagerS expire 2 lines
02-12 15:27:16.866   418   446 I vold    : TrimTask running tasks: 0
02-12 15:27:16.869  1256  1608 I chatty  : uid=1000(system) VoldConnector expire 1 line
02-12 15:27:16.877  1256  1576 I chatty  : uid=1000(system) android.anim expire 5 lines
02-12 15:27:16.886  1256  1803 I chatty  : uid=1000(system) WifiP2pService expire 10 lines
02-12 15:27:16.899   715   715 E wificond: Failed to get NL80211_RATE_INFO_NOISE
02-12 15:27:16.899   715   715 E wificond: Failed to get NL80211_RATE_INFO_SNR
02-12 15:27:16.899   715   715 E wificond: Failed to get NL80211_STA_INFO_CNAHLOAD
02-12 15:27:16.905  1256  2104 I chatty  : uid=1000(system) Binder:1256_8 expire 44 lines
02-12 15:27:16.921  1256 12874 I chatty  : uid=1000(system) Binder:1256_20 expire 14 lines
02-12 15:27:16.928  1256  1256 I chatty  : uid=1000 system_server expire 22 lines
02-12 15:27:17.067  1256  1439 I chatty  : uid=1000(system) android.ui expire 2 lines
02-12 15:27:17.143  1256 27105 I chatty  : uid=1000(system) Binder:1256_1F expire 3 lines
02-12 15:27:17.159  3001  9432 W ContextImpl: Calling a method in the system process without a qualified user: android.app.ContextImpl.bindService:1736 android.content.ContextWrapper.bindService:678 com.huawei.nb.dataservice.dsclient.RemoteServiceConnection.open:90 com.huawei.nb.dataservice.dsclient.DataServiceProxy.connect:105 com.huawei.nb.dataservice.rsclient.internal.RemoteRuleService.start:27 
02-12 15:27:17.687  2005  2005 V KeyguardDisplayManager: hide
02-12 15:27:17.696  1256  1437 I chatty  : uid=1000(system) ActivityManager expire 1 line
02-12 15:27:17.739   604  1233 W SocketListener: sending broadcast to Pid = 1256, Uid = 1000 
02-12 15:27:17.744  1256  1801 I chatty  : uid=1000(system) WifiScanningSer expire 1 line
02-12 15:27:17.758  1256  2753 I chatty  : uid=1000(system) Binder:1256_10 expire 44 lines
02-12 15:27:18.021 14589 14589 D ActivityThread: ActivityThread,attachApplication
02-12 15:27:18.459  1256 12874 I chatty  : uid=1000(system) Binder:1256_20 expire 30 lines
02-12 15:27:18.491  1256  2104 I chatty  : uid=1000(system) Binder:1256_8 expire 11 lines
02-12 15:27:18.923  1256  1462 I chatty  : uid=1000(system) PowerManagerSer expire 2 lines
02-12 15:27:18.930   604  1234 W SocketListener: sending broadcast to Pid = 1256, Uid = 1000 
02-12 15:27:18.932  1256  1785 I chatty  : uid=1000(system) NetdConnector expire 2 lines
02-12 15:27:18.935  1256  1454 I chatty  : uid=1000(system) android.fg expire 1 line
02-12 15:27:18.940  1256  1256 I chatty  : uid=1000 system_server expire 16 lines
02-12 15:27:18.940  1256  1851 I chatty  : uid=1000(system) HwSelfCureEngin expire 1 line
02-12 15:27:18.941  1256  1854 I chatty  : uid=1000(system) WifiProStateMac expire 1 line
02-12 15:27:19.914   715   715 E wificond: Failed to get NL80211_RATE_INFO_NOISE
02-12 15:27:19.915   715   715 E wificond: Failed to get NL80211_RATE_INFO_SNR
02-12 15:27:19.915   715   715 E wificond: Failed to get NL80211_STA_INFO_CNAHLOAD
02-12 15:27:22.928   715   715 E wificond: Failed to get NL80211_RATE_INFO_NOISE
02-12 15:27:22.929   715   715 E wificond: Failed to get NL80211_RATE_INFO_SNR
02-12 15:27:22.929   715   715 E wificond: Failed to get NL80211_STA_INFO_CNAHLOAD
02-12 15:27:23.706   715   715 E wificond: Failed to get NL80211_RATE_INFO_NOISE
02-12 15:27:23.706   715   715 E wificond: Failed to get NL80211_RATE_INFO_SNR
02-12 15:27:23.706   715   715 E wificond: Failed to get NL80211_STA_INFO_CNAHLOAD
02-12 15:27:23.709   715   715 E wificond: Failed to get NL80211_RATE_INFO_NOISE
02-12 15:27:23.709   715   715 E wificond: Failed to get NL80211_RATE_INFO_SNR
02-12 15:27:23.709   715   715 E wificond: Failed to get NL80211_STA_INFO_CNAHLOAD
02-12 15:27:25.948   715   715 E wificond: Failed to get NL80211_RATE_INFO_NOISE
02-12 15:27:25.948   715   715 E wificond: Failed to get NL80211_RATE_INFO_SNR
02-12 15:27:25.948   715   715 E wificond: Failed to get NL80211_STA_INFO_CNAHLOAD
02-12 15:27:28.967   715   715 E wificond: Failed to get NL80211_RATE_INFO_NOISE
02-12 15:27:28.967   715   715 E wificond: Failed to get NL80211_RATE_INFO_SNR
02-12 15:27:28.967   715   715 E wificond: Failed to get NL80211_STA_INFO_CNAHLOAD
02-12 15:27:29.014  1256  1575 I chatty  : uid=1000(system) PackageInstalle expire 3 lines
02-12 15:27:29.179  1256  1481 I chatty  : uid=1000(system) PackageManager expire 16 lines
02-12 15:27:29.225 14716 14716 D ActivityThread: ActivityThread,attachApplication
02-12 15:27:29.226  1256  2753 I chatty  : uid=1000(system) Binder:1256_10 expire 4 lines
02-12 15:27:29.447  1256  1437 I chatty  : uid=1000(system) ActivityManager expire 46 lines
02-12 15:27:29.671  1256  1576 I chatty  : uid=1000(system) android.anim expire 17 lines
02-12 15:27:29.684  1256  1285 I chatty  : uid=1000(system) Binder:1256_2 expire 11 lines
02-12 15:27:29.713  1256  2027 I chatty  : uid=1000(system) Binder:1256_6 expire 8 lines
02-12 15:27:29.733  1256  1456 I chatty  : uid=1000(system) android.display expire 1 line
02-12 15:27:29.736  5856  5856 V ActivityThread: Handle window ActivityRecord{b31583b token=android.os.BinderProxy@613586 {com.huawei.android.launcher/com.huawei.android.launcher.unihome.UniHomeLauncher}} visibility: true
02-12 15:27:29.739  1256  2136 I chatty  : uid=1000(system) MultiTaskManage expire 3 lines
02-12 15:27:29.745  1256  4092 I chatty  : uid=1000(system) Binder:1256_12 expire 3 lines
02-12 15:27:29.748  1256  1439 I chatty  : uid=1000(system) android.ui expire 3 lines
02-12 15:27:29.761  2005  2343 I CommandQueue: updateBarBgColor
02-12 15:27:29.761  2005  2343 D CommandQueue: CommandQueue, setBarBackgroundColor
02-12 15:27:29.765  1256 12793 I chatty  : uid=1000(system) Binder:1256_1C expire 12 lines
02-12 15:27:29.766  1256  2325 I chatty  : uid=1000(system) Binder:1256_B expire 7 lines
02-12 15:27:29.769  1975  2571 I HwNetworkPolicyManager: getHwUidPolicy uid = 10067 policy = 0
02-12 15:27:29.870 14746 14746 D ActivityThread: ActivityThread,attachApplication
02-12 15:27:29.874  1256  5966 I chatty  : uid=1000(system) Binder:1256_16 expire 4 lines
02-12 15:27:29.890  1256  1434 I chatty  : uid=1000(system) android.bg expire 9 lines
02-12 15:27:29.904  1256  2025 I chatty  : uid=1000(system) Binder:1256_5 expire 15 lines
02-12 15:27:29.905  1256  2115 I chatty  : uid=1000(system) watchdog expire 1 line
02-12 15:27:29.912 14758 14758 D ActivityThread: ActivityThread,attachApplication
02-12 15:27:29.984  1256  4675 I chatty  : uid=1000(system) Binder:1256_14 expire 10 lines
02-12 15:27:29.995  1256  1599 I chatty  : uid=1000(system) sManagerService expire 2 lines
02-12 15:27:29.997 14792 14792 D ActivityThread: ActivityThread,attachApplication
02-12 15:27:30.031 14799 14799 D ActivityThread: ActivityThread,attachApplication
02-12 15:27:30.052  1975  2571 I HwNetworkPolicyManager: getHwUidPolicy uid = 10111 policy = 0
02-12 15:27:30.094  1256  2025 I chatty  : uid=1000(system) Binder:1256_5 expire 24 lines
02-12 15:27:30.106  1256  1434 I chatty  : uid=1000(system) android.bg expire 12 lines
02-12 15:27:30.177  1256  5966 I chatty  : uid=1000(system) Binder:1256_16 expire 20 lines
02-12 15:27:30.205 14832 14832 D ActivityThread: ActivityThread,attachApplication
02-12 15:27:30.242 14799 14799 V ActivityThread: ActivityThread,callActivityOnCreate
02-12 15:27:30.318 14799 14799 D ActivityThread: add activity client record, r= ActivityRecord{220f976 token=android.os.BinderProxy@157c287 {com.cambricon.productdisplay/com.cambricon.productdisplay.activity.SplashActivity}} token= android.os.BinderProxy@157c287
02-12 15:27:30.353  1256  2027 I chatty  : uid=1000(system) Binder:1256_6 expire 37 lines
02-12 15:27:30.353  2005 20248 I CommandQueue: updateBarBgColor
02-12 15:27:30.354  2005 20248 D CommandQueue: CommandQueue, setBarBackgroundColor
02-12 15:27:30.407  1256  1439 I chatty  : uid=1000(system) android.ui expire 1 line
02-12 15:27:30.413  1256  1576 I chatty  : uid=1000(system) android.anim expire 16 lines
02-12 15:27:30.441  1256  2025 I chatty  : uid=1000(system) Binder:1256_5 expire 83 lines
02-12 15:27:30.445  1256  1599 I chatty  : uid=1000(system) sManagerService expire 3 lines
02-12 15:27:30.541  1256  1256 I chatty  : uid=1000 system_server expire 1 line
02-12 15:27:31.722 12673 12673 W ContextImpl: Calling a method in the system process without a qualified user: android.app.ContextImpl.startService:1656 android.content.ContextWrapper.startService:644 android.content.ContextWrapper.startService:644 com.android.settings.applications.BlackListReceiver.onReceive:35 android.app.ActivityThread.handleReceiver:3662 
02-12 15:27:31.724   715   715 E wificond: Failed to get NL80211_RATE_INFO_NOISE
02-12 15:27:31.724   715   715 E wificond: Failed to get NL80211_RATE_INFO_SNR
02-12 15:27:31.724   715   715 E wificond: Failed to get NL80211_STA_INFO_CNAHLOAD
02-12 15:27:31.727   715   715 E wificond: Failed to get NL80211_RATE_INFO_NOISE
02-12 15:27:31.727   715   715 E wificond: Failed to get NL80211_RATE_INFO_SNR
02-12 15:27:31.727   715   715 E wificond: Failed to get NL80211_STA_INFO_CNAHLOAD
02-12 15:27:31.735  1256  1437 I chatty  : uid=1000(system) ActivityManager expire 7 lines
02-12 15:27:31.779 14897 14897 D ActivityThread: ActivityThread,attachApplication
02-12 15:27:31.855 14799 14799 V ActivityThread: ActivityThread,callActivityOnCreate
02-12 15:27:31.944  1256  5966 I chatty  : uid=1000(system) Binder:1256_16 expire 66 lines
02-12 15:27:31.971   715   715 E wificond: Failed to get NL80211_RATE_INFO_NOISE
02-12 15:27:31.972   715   715 E wificond: Failed to get NL80211_RATE_INFO_SNR
02-12 15:27:31.972   715   715 E wificond: Failed to get NL80211_STA_INFO_CNAHLOAD
02-12 15:27:32.021 14799 14799 D ActivityThread: add activity client record, r= ActivityRecord{f4500e5 token=android.os.BinderProxy@e1426f {com.cambricon.productdisplay/com.cambricon.productdisplay.activity.HomeActivity}} token= android.os.BinderProxy@e1426f
02-12 15:27:32.030  1256  4675 I chatty  : uid=1000(system) Binder:1256_14 expire 23 lines
02-12 15:27:32.045 17483 17483 W ContextImpl: Calling a method in the system process without a qualified user: android.app.ContextImpl.startService:1656 android.content.ContextWrapper.startService:644 android.content.ContextWrapper.startService:644 com.huawei.systemmanager.antivirus.utils.AntiVirusTools.deleteVirusApk:632 com.huawei.systemmanager.antivirus.AntiVirusReceiver.handlerPackageRemoved:52 
02-12 15:27:32.054 17483 17570 W ContextImpl: Calling a method in the system process without a qualified user: android.app.ContextImpl.startService:1656 android.content.ContextWrapper.startService:644 com.huawei.systemmanager.spacecleanner.receiver.SpaceCleanReceiver.checkRarelyUsedApp:87 com.huawei.systemmanager.spacecleanner.receiver.SpaceCleanReceiver.doInBackground:39 java.lang.reflect.Method.invoke:-2 
02-12 15:27:32.093  1256 12793 I chatty  : uid=1000(system) Binder:1256_1C expire 17 lines
02-12 15:27:32.537 14799 14799 D ActivityThread: Remove activity client record, r= ActivityRecord{220f976 token=android.os.BinderProxy@157c287 {com.cambricon.productdisplay/com.cambricon.productdisplay.activity.SplashActivity}} token= android.os.BinderProxy@157c287
02-12 15:27:32.642 12673 12673 W ContextImpl: Calling a method in the system process without a qualified user: android.app.ContextImpl.startService:1656 android.content.ContextWrapper.startService:644 android.content.ContextWrapper.startService:644 com.android.settings.applications.BlackListReceiver.onReceive:35 android.app.ActivityThread.handleReceiver:3662 
02-12 15:27:32.790 17483 17483 W ContextImpl: Calling a method in the system process without a qualified user: android.app.ContextImpl.startService:1656 android.content.ContextWrapper.startService:644 android.content.ContextWrapper.startService:644 com.huawei.systemmanager.antivirus.utils.AntiVirusTools.checkVirusForNewInstalledApk:620 com.huawei.systemmanager.antivirus.AntiVirusReceiver.onReceive:36 
02-12 15:27:32.854  1256  2325 I chatty  : uid=1000(system) Binder:1256_B expire 3 lines
02-12 15:27:32.862 17483 17567 W ContextImpl: Calling a method in the system process without a qualified user: android.app.ContextImpl.startService:1656 android.content.ContextWrapper.startService:644 com.huawei.systemmanager.spacecleanner.receiver.SpaceCleanReceiver.checkRarelyUsedApp:87 com.huawei.systemmanager.spacecleanner.receiver.SpaceCleanReceiver.doInBackground:39 java.lang.reflect.Method.invoke:-2 
02-12 15:27:33.132 12673 12673 W ContextImpl: Calling a method in the system process without a qualified user: android.app.ContextImpl.startService:1656 android.content.ContextWrapper.startService:644 android.content.ContextWrapper.startService:644 com.android.settings.applications.BlackListReceiver.onReceive:35 android.app.ActivityThread.handleReceiver:3662 
02-12 15:27:33.301  1256  1285 I chatty  : uid=1000(system) Binder:1256_2 expire 8 lines
02-12 15:27:33.414  1256  2025 I chatty  : uid=1000(system) Binder:1256_5 expire 74 lines
02-12 15:27:33.418  1256  5966 I chatty  : uid=1000(system) Binder:1256_16 expire 76 lines
02-12 15:27:33.601  1256  1806 I chatty  : uid=1000(system) ConnectivitySer expire 5 lines
02-12 15:27:34.987   715   715 E wificond: Failed to get NL80211_RATE_INFO_NOISE
02-12 15:27:34.987   715   715 E wificond: Failed to get NL80211_RATE_INFO_SNR
02-12 15:27:34.987   715   715 E wificond: Failed to get NL80211_STA_INFO_CNAHLOAD
02-12 15:27:35.953  1256  2325 I chatty  : uid=1000(system) Binder:1256_B expire 27 lines
02-12 15:27:36.087  1256  1599 I chatty  : uid=1000(system) sManagerService expire 2 lines
02-12 15:27:36.130 14799 14799 V ActivityThread: ActivityThread,callActivityOnCreate
02-12 15:27:36.152  1256  4675 I chatty  : uid=1000(system) Binder:1256_14 expire 33 lines
02-12 15:27:36.655  1256  1437 I chatty  : uid=1000(system) ActivityManager expire 5 lines
02-12 15:27:36.668  1256  1439 I chatty  : uid=1000(system) android.ui expire 4 lines
02-12 15:27:36.671  9561  9561 V ActivityThread: ActivityThread,callActivityOnCreate
02-12 15:27:36.672  1975  2571 I HwNetworkPolicyManager: getHwUidPolicy uid = 10039 policy = 0
02-12 15:27:36.686  1256  2104 I chatty  : uid=1000(system) Binder:1256_8 expire 1 line
02-12 15:27:36.709  9561  9561 D ActivityThread: add activity client record, r= ActivityRecord{1ae3131 token=android.os.BinderProxy@e62ea96 {com.android.packageinstaller/com.android.packageinstaller.permission.ui.GrantPermissionsActivity}} token= android.os.BinderProxy@e62ea96
02-12 15:27:37.216  1256  1256 I chatty  : uid=1000 system_server expire 6 lines
02-12 15:27:37.695 14799 14799 D ActivityThread: add activity client record, r= ActivityRecord{e447fc9 token=android.os.BinderProxy@dc60941 {com.cambricon.productdisplay/com.cambricon.productdisplay.activity.MainActivity}} token= android.os.BinderProxy@dc60941
02-12 15:27:37.763  1256  1576 I chatty  : uid=1000(system) android.anim expire 8 lines
02-12 15:27:37.793  9561  9561 D ActivityThread: Remove activity client record, r= ActivityRecord{1ae3131 token=android.os.BinderProxy@e62ea96 {com.android.packageinstaller/com.android.packageinstaller.permission.ui.GrantPermissionsActivity}} token= android.os.BinderProxy@e62ea96
02-12 15:27:37.998   715   715 E wificond: Failed to get NL80211_RATE_INFO_NOISE
02-12 15:27:37.998   715   715 E wificond: Failed to get NL80211_RATE_INFO_SNR
02-12 15:27:37.998   715   715 E wificond: Failed to get NL80211_STA_INFO_CNAHLOAD
02-12 15:27:39.217 14799 14799 V ActivityThread: ActivityThread,callActivityOnCreate
02-12 15:27:39.242 14799 14799 D ActivityThread: add activity client record, r= ActivityRecord{5eb418c token=android.os.BinderProxy@a949100 {com.cambricon.productdisplay/com.cambricon.productdisplay.activity.MainActivity}} token= android.os.BinderProxy@a949100
02-12 15:27:39.278  9561  9561 V ActivityThread: ActivityThread,callActivityOnCreate
02-12 15:27:39.285  1975  2571 I HwNetworkPolicyManager: getHwUidPolicy uid = 10039 policy = 0
02-12 15:27:39.295  9561  9561 D ActivityThread: add activity client record, r= ActivityRecord{ac3f8fa token=android.os.BinderProxy@70e1016 {com.android.packageinstaller/com.android.packageinstaller.permission.ui.GrantPermissionsActivity}} token= android.os.BinderProxy@70e1016
02-12 15:27:39.297  1256 12793 I chatty  : uid=1000(system) Binder:1256_1C expire 4 lines
02-12 15:27:39.332  9561  9561 D ActivityThread: Remove activity client record, r= ActivityRecord{ac3f8fa token=android.os.BinderProxy@70e1016 {com.android.packageinstaller/com.android.packageinstaller.permission.ui.GrantPermissionsActivity}} token= android.os.BinderProxy@70e1016
02-12 15:27:39.731   715   715 E wificond: Failed to get NL80211_RATE_INFO_NOISE
02-12 15:27:39.731   715   715 E wificond: Failed to get NL80211_RATE_INFO_SNR
02-12 15:27:39.731   715   715 E wificond: Failed to get NL80211_STA_INFO_CNAHLOAD
02-12 15:27:39.732   715   715 E wificond: Failed to get NL80211_RATE_INFO_NOISE
02-12 15:27:39.732   715   715 E wificond: Failed to get NL80211_RATE_INFO_SNR
02-12 15:27:39.732   715   715 E wificond: Failed to get NL80211_STA_INFO_CNAHLOAD
02-12 15:27:41.014   715   715 E wificond: Failed to get NL80211_RATE_INFO_NOISE
02-12 15:27:41.014   715   715 E wificond: Failed to get NL80211_RATE_INFO_SNR
02-12 15:27:41.014   715   715 E wificond: Failed to get NL80211_STA_INFO_CNAHLOAD
02-12 15:27:44.032   715   715 E wificond: Failed to get NL80211_RATE_INFO_NOISE
02-12 15:27:44.032   715   715 E wificond: Failed to get NL80211_RATE_INFO_SNR
02-12 15:27:44.032   715   715 E wificond: Failed to get NL80211_STA_INFO_CNAHLOAD
02-12 15:27:47.048   715   715 E wificond: Failed to get NL80211_RATE_INFO_NOISE
02-12 15:27:47.048   715   715 E wificond: Failed to get NL80211_RATE_INFO_SNR
02-12 15:27:47.048   715   715 E wificond: Failed to get NL80211_STA_INFO_CNAHLOAD
02-12 15:27:47.665  1256  1598 I chatty  : uid=1000(system) AlarmManager expire 2 lines
02-12 15:27:47.728   715   715 E wificond: Failed to get NL80211_RATE_INFO_NOISE
02-12 15:27:47.728   715   715 E wificond: Failed to get NL80211_RATE_INFO_SNR
02-12 15:27:47.729   715   715 E wificond: Failed to get NL80211_STA_INFO_CNAHLOAD
02-12 15:27:47.732   715   715 E wificond: Failed to get NL80211_RATE_INFO_NOISE
02-12 15:27:47.732   715   715 E wificond: Failed to get NL80211_RATE_INFO_SNR
02-12 15:27:47.732   715   715 E wificond: Failed to get NL80211_STA_INFO_CNAHLOAD
02-12 15:27:48.418  1256  1583 I chatty  : uid=1000(system) UEventObserver expire 2 lines
02-12 15:27:50.068   715   715 E wificond: Failed to get NL80211_RATE_INFO_NOISE
02-12 15:27:50.068   715   715 E wificond: Failed to get NL80211_RATE_INFO_SNR
02-12 15:27:50.069   715   715 E wificond: Failed to get NL80211_STA_INFO_CNAHLOAD
02-12 15:27:53.086   715   715 E wificond: Failed to get NL80211_RATE_INFO_NOISE
02-12 15:27:53.086   715   715 E wificond: Failed to get NL80211_RATE_INFO_SNR
02-12 15:27:53.086   715   715 E wificond: Failed to get NL80211_STA_INFO_CNAHLOAD
02-12 15:27:55.744   715   715 E wificond: Failed to get NL80211_RATE_INFO_NOISE
02-12 15:27:55.744   715   715 E wificond: Failed to get NL80211_RATE_INFO_SNR
02-12 15:27:55.744   715   715 E wificond: Failed to get NL80211_STA_INFO_CNAHLOAD
02-12 15:27:55.747   715   715 E wificond: Failed to get NL80211_RATE_INFO_NOISE
02-12 15:27:55.747   715   715 E wificond: Failed to get NL80211_RATE_INFO_SNR
02-12 15:27:55.747   715   715 E wificond: Failed to get NL80211_STA_INFO_CNAHLOAD
02-12 15:27:56.093   715   715 E wificond: Failed to get NL80211_RATE_INFO_NOISE
02-12 15:27:56.093   715   715 E wificond: Failed to get NL80211_RATE_INFO_SNR
02-12 15:27:56.093   715   715 E wificond: Failed to get NL80211_STA_INFO_CNAHLOAD
02-12 15:27:59.111   715   715 E wificond: Failed to get NL80211_RATE_INFO_NOISE
02-12 15:27:59.111   715   715 E wificond: Failed to get NL80211_RATE_INFO_SNR
02-12 15:27:59.111   715   715 E wificond: Failed to get NL80211_STA_INFO_CNAHLOAD
02-12 15:27:59.907  1256  2115 I chatty  : uid=1000(system) watchdog expire 1 line
02-12 15:28:00.005  1256  2325 I chatty  : uid=1000(system) Binder:1256_B expire 1 line
02-12 15:28:00.035  1256  2025 I chatty  : uid=1000(system) Binder:1256_5 expire 15 lines
02-12 15:28:02.127   715   715 E wificond: Failed to get NL80211_RATE_INFO_NOISE
02-12 15:28:02.127   715   715 E wificond: Failed to get NL80211_RATE_INFO_SNR
02-12 15:28:02.127   715   715 E wificond: Failed to get NL80211_STA_INFO_CNAHLOAD
02-12 15:28:02.133  1256  1462 I chatty  : uid=1000(system) PowerManagerSer expire 10 lines
02-12 15:28:03.746   715   715 E wificond: Failed to get NL80211_RATE_INFO_NOISE
02-12 15:28:03.747   715   715 E wificond: Failed to get NL80211_RATE_INFO_SNR
02-12 15:28:03.747   715   715 E wificond: Failed to get NL80211_STA_INFO_CNAHLOAD
02-12 15:28:03.749   715   715 E wificond: Failed to get NL80211_RATE_INFO_NOISE
02-12 15:28:03.749   715   715 E wificond: Failed to get NL80211_RATE_INFO_SNR
02-12 15:28:03.749   715   715 E wificond: Failed to get NL80211_STA_INFO_CNAHLOAD
02-12 15:28:05.141   715   715 E wificond: Failed to get NL80211_RATE_INFO_NOISE
02-12 15:28:05.141   715   715 E wificond: Failed to get NL80211_RATE_INFO_SNR
02-12 15:28:05.141   715   715 E wificond: Failed to get NL80211_STA_INFO_CNAHLOAD
02-12 15:28:08.158   715   715 E wificond: Failed to get NL80211_RATE_INFO_NOISE
02-12 15:28:08.158   715   715 E wificond: Failed to get NL80211_RATE_INFO_SNR
02-12 15:28:08.158   715   715 E wificond: Failed to get NL80211_STA_INFO_CNAHLOAD
02-12 15:28:08.684  1256  1599 I chatty  : uid=1000(system) sManagerService expire 2 lines
02-12 15:28:11.174   715   715 E wificond: Failed to get NL80211_RATE_INFO_NOISE
02-12 15:28:11.174   715   715 E wificond: Failed to get NL80211_RATE_INFO_SNR
02-12 15:28:11.174   715   715 E wificond: Failed to get NL80211_STA_INFO_CNAHLOAD
02-12 15:28:11.740   715   715 E wificond: Failed to get NL80211_RATE_INFO_NOISE
02-12 15:28:11.740   715   715 E wificond: Failed to get NL80211_RATE_INFO_SNR
02-12 15:28:11.740   715   715 E wificond: Failed to get NL80211_STA_INFO_CNAHLOAD
02-12 15:28:11.743   715   715 E wificond: Failed to get NL80211_RATE_INFO_NOISE
02-12 15:28:11.743   715   715 E wificond: Failed to get NL80211_RATE_INFO_SNR
02-12 15:28:11.743   715   715 E wificond: Failed to get NL80211_STA_INFO_CNAHLOAD
02-12 15:28:14.193   715   715 E wificond: Failed to get NL80211_RATE_INFO_NOISE
02-12 15:28:14.193   715   715 E wificond: Failed to get NL80211_RATE_INFO_SNR
02-12 15:28:14.193   715   715 E wificond: Failed to get NL80211_STA_INFO_CNAHLOAD
02-12 15:28:17.210   715   715 E wificond: Failed to get NL80211_RATE_INFO_NOISE
02-12 15:28:17.211   715   715 E wificond: Failed to get NL80211_RATE_INFO_SNR
02-12 15:28:17.211   715   715 E wificond: Failed to get NL80211_STA_INFO_CNAHLOAD
02-12 15:28:18.635  1256  1583 I chatty  : uid=1000(system) UEventObserver expire 10 lines
02-12 15:28:18.648  1256  1256 I chatty  : uid=1000 system_server expire 11 lines
02-12 15:28:19.753   715   715 E wificond: Failed to get NL80211_RATE_INFO_NOISE
02-12 15:28:19.753   715   715 E wificond: Failed to get NL80211_RATE_INFO_SNR
02-12 15:28:19.753   715   715 E wificond: Failed to get NL80211_STA_INFO_CNAHLOAD
02-12 15:28:19.757   715   715 E wificond: Failed to get NL80211_RATE_INFO_NOISE
02-12 15:28:19.757   715   715 E wificond: Failed to get NL80211_RATE_INFO_SNR
02-12 15:28:19.757   715   715 E wificond: Failed to get NL80211_STA_INFO_CNAHLOAD
02-12 15:28:20.222   715   715 E wificond: Failed to get NL80211_RATE_INFO_NOISE
02-12 15:28:20.222   715   715 E wificond: Failed to get NL80211_RATE_INFO_SNR
02-12 15:28:20.222   715   715 E wificond: Failed to get NL80211_STA_INFO_CNAHLOAD
02-12 15:28:23.239   715   715 E wificond: Failed to get NL80211_RATE_INFO_NOISE
02-12 15:28:23.239   715   715 E wificond: Failed to get NL80211_RATE_INFO_SNR
02-12 15:28:23.239   715   715 E wificond: Failed to get NL80211_STA_INFO_CNAHLOAD
02-12 15:28:26.253   715   715 E wificond: Failed to get NL80211_RATE_INFO_NOISE
02-12 15:28:26.254   715   715 E wificond: Failed to get NL80211_RATE_INFO_SNR
02-12 15:28:26.254   715   715 E wificond: Failed to get NL80211_STA_INFO_CNAHLOAD
02-12 15:28:27.756   715   715 E wificond: Failed to get NL80211_RATE_INFO_NOISE
02-12 15:28:27.756   715   715 E wificond: Failed to get NL80211_RATE_INFO_SNR
02-12 15:28:27.756   715   715 E wificond: Failed to get NL80211_STA_INFO_CNAHLOAD
02-12 15:28:27.759   715   715 E wificond: Failed to get NL80211_RATE_INFO_NOISE
02-12 15:28:27.759   715   715 E wificond: Failed to get NL80211_RATE_INFO_SNR
02-12 15:28:27.759   715   715 E wificond: Failed to get NL80211_STA_INFO_CNAHLOAD
02-12 15:28:29.269   715   715 E wificond: Failed to get NL80211_RATE_INFO_NOISE
02-12 15:28:29.269   715   715 E wificond: Failed to get NL80211_RATE_INFO_SNR
02-12 15:28:29.269   715   715 E wificond: Failed to get NL80211_STA_INFO_CNAHLOAD
02-12 15:28:29.909  1256  2115 I chatty  : uid=1000(system) watchdog expire 4 lines
02-12 15:28:32.287   715   715 E wificond: Failed to get NL80211_RATE_INFO_NOISE
02-12 15:28:32.287   715   715 E wificond: Failed to get NL80211_RATE_INFO_SNR
02-12 15:28:32.287   715   715 E wificond: Failed to get NL80211_STA_INFO_CNAHLOAD
02-12 15:28:33.634 15089 15089 D ActivityThread: ActivityThread,attachApplication
02-12 15:28:33.653  1256  2325 I chatty  : uid=1000(system) Binder:1256_B expire 14 lines
02-12 15:28:35.306   715   715 E wificond: Failed to get NL80211_RATE_INFO_NOISE
02-12 15:28:35.306   715   715 E wificond: Failed to get NL80211_RATE_INFO_SNR
02-12 15:28:35.306   715   715 E wificond: Failed to get NL80211_STA_INFO_CNAHLOAD
02-12 15:28:35.757   715   715 E wificond: Failed to get NL80211_RATE_INFO_NOISE
02-12 15:28:35.757   715   715 E wificond: Failed to get NL80211_RATE_INFO_SNR
02-12 15:28:35.757   715   715 E wificond: Failed to get NL80211_STA_INFO_CNAHLOAD
02-12 15:28:35.759   715   715 E wificond: Failed to get NL80211_RATE_INFO_NOISE
02-12 15:28:35.759   715   715 E wificond: Failed to get NL80211_RATE_INFO_SNR
02-12 15:28:35.759   715   715 E wificond: Failed to get NL80211_STA_INFO_CNAHLOAD
02-12 15:28:38.326   715   715 E wificond: Failed to get NL80211_RATE_INFO_NOISE
02-12 15:28:38.327   715   715 E wificond: Failed to get NL80211_RATE_INFO_SNR
02-12 15:28:38.327   715   715 E wificond: Failed to get NL80211_STA_INFO_CNAHLOAD
02-12 15:28:38.615  1256  1462 I chatty  : uid=1000(system) PowerManagerSer expire 16 lines
02-12 15:28:38.627  1256  2025 I chatty  : uid=1000(system) Binder:1256_5 expire 2 lines
02-12 15:28:38.641  1256 12793 I chatty  : uid=1000(system) Binder:1256_1C expire 13 lines
02-12 15:28:38.736 14799 14799 V ActivityThread: Finishing stop of ActivityRecord{5eb418c token=android.os.BinderProxy@a949100 {com.cambricon.productdisplay/com.cambricon.productdisplay.activity.MainActivity}}
02-12 15:28:38.855  1256  1456 I chatty  : uid=1000(system) android.display expire 3 lines
02-12 15:28:38.886  1256  1803 I chatty  : uid=1000(system) WifiP2pService expire 10 lines
02-12 15:28:38.901  1256  1785 I chatty  : uid=1000(system) NetdConnector expire 10 lines
02-12 15:28:38.943  1256  2898 I chatty  : uid=1000(system) HwDeviceUsageCo expire 1 line
02-12 15:28:38.972  3001  9725 W ContextImpl: Calling a method in the system process without a qualified user: android.app.ContextImpl.bindService:1736 android.content.ContextWrapper.bindService:678 com.huawei.nb.dataservice.dsclient.RemoteServiceConnection.open:90 com.huawei.nb.dataservice.dsclient.DataServiceProxy.connect:105 com.huawei.nb.dataservice.rsclient.internal.RemoteRuleService.start:27 
02-12 15:28:38.972  1256  2104 I chatty  : uid=1000(system) Binder:1256_8 expire 16 lines
02-12 15:28:39.034  1256  5966 I chatty  : uid=1000(system) Binder:1256_16 expire 15 lines
02-12 15:28:39.053  1256  1439 I chatty  : uid=1000(system) android.ui expire 3 lines
02-12 15:28:41.897  1256  6432 I chatty  : uid=1000(system) Binder:1256_17 expire 11 lines
02-12 15:28:41.902  1256  2136 I chatty  : uid=1000(system) MultiTaskManage expire 10 lines
02-12 15:28:41.924  1900  1900 I HwCoreAppHelperService: LocalReceiver receives:android.intent.action.PACKAGE_RESTARTED,pkg:com.huawei.android.dsdscardmanager,uid:1001
02-12 15:28:41.949  1900  1900 I HwCoreAppHelperService: LocalReceiver receives:android.intent.action.PACKAGE_RESTARTED,pkg:com.huawei.appmarket,uid:10096
02-12 15:28:43.773   715   715 E wificond: Failed to get NL80211_RATE_INFO_NOISE
02-12 15:28:43.773   715   715 E wificond: Failed to get NL80211_RATE_INFO_SNR
02-12 15:28:43.773   715   715 E wificond: Failed to get NL80211_STA_INFO_CNAHLOAD
02-12 15:28:43.775   715   715 E wificond: Failed to get NL80211_RATE_INFO_NOISE
02-12 15:28:43.775   715   715 E wificond: Failed to get NL80211_RATE_INFO_SNR
02-12 15:28:43.776   715   715 E wificond: Failed to get NL80211_STA_INFO_CNAHLOAD
02-12 15:28:43.785  2005  2005 V KeyguardStatusView: refresh statusview showing:true
02-12 15:28:43.789  2005  2005 V KeyguardDisplayManager: show
02-12 15:28:43.828 14799 14799 V ActivityThread: Handle window ActivityRecord{5eb418c token=android.os.BinderProxy@a949100 {com.cambricon.productdisplay/com.cambricon.productdisplay.activity.MainActivity}} visibility: false
02-12 15:28:43.888  1256  1576 I chatty  : uid=1000(system) android.anim expire 5 lines
02-12 15:28:43.995  1256  1256 I chatty  : uid=1000 system_server expire 10 lines
02-12 15:28:51.785   715   715 E wificond: Failed to get NL80211_RATE_INFO_NOISE
02-12 15:28:51.785   715   715 E wificond: Failed to get NL80211_RATE_INFO_SNR
02-12 15:28:51.785   715   715 E wificond: Failed to get NL80211_STA_INFO_CNAHLOAD
02-12 15:28:51.790   715   715 E wificond: Failed to get NL80211_RATE_INFO_NOISE
02-12 15:28:51.790   715   715 E wificond: Failed to get NL80211_RATE_INFO_SNR
02-12 15:28:51.790   715   715 E wificond: Failed to get NL80211_STA_INFO_CNAHLOAD
02-12 15:28:59.785   715   715 E wificond: Failed to get NL80211_RATE_INFO_NOISE
02-12 15:28:59.785   715   715 E wificond: Failed to get NL80211_RATE_INFO_SNR
02-12 15:28:59.785   715   715 E wificond: Failed to get NL80211_STA_INFO_CNAHLOAD
02-12 15:28:59.789   715   715 E wificond: Failed to get NL80211_RATE_INFO_NOISE
02-12 15:28:59.789   715   715 E wificond: Failed to get NL80211_RATE_INFO_SNR
02-12 15:28:59.789   715   715 E wificond: Failed to get NL80211_STA_INFO_CNAHLOAD
02-12 15:29:05.351   604  1233 W SocketListener: sending broadcast to Pid = 1256, Uid = 1000 
02-12 15:29:05.359  1256  1454 I chatty  : uid=1000(system) android.fg expire 3 lines
02-12 15:29:05.370  1256 12793 I chatty  : uid=1000(system) Binder:1256_1C expire 15 lines
02-12 15:29:07.788   715   715 E wificond: Failed to get NL80211_RATE_INFO_NOISE
02-12 15:29:07.788   715   715 E wificond: Failed to get NL80211_RATE_INFO_SNR
02-12 15:29:07.788   715   715 E wificond: Failed to get NL80211_STA_INFO_CNAHLOAD
02-12 15:29:07.791   715   715 E wificond: Failed to get NL80211_RATE_INFO_NOISE
02-12 15:29:07.791   715   715 E wificond: Failed to get NL80211_RATE_INFO_SNR
02-12 15:29:07.791   715   715 E wificond: Failed to get NL80211_STA_INFO_CNAHLOAD
02-12 15:29:15.797   715   715 E wificond: Failed to get NL80211_RATE_INFO_NOISE
02-12 15:29:15.798   715   715 E wificond: Failed to get NL80211_RATE_INFO_SNR
02-12 15:29:15.798   715   715 E wificond: Failed to get NL80211_STA_INFO_CNAHLOAD
02-12 15:29:15.801   715   715 E wificond: Failed to get NL80211_RATE_INFO_NOISE
02-12 15:29:15.801   715   715 E wificond: Failed to get NL80211_RATE_INFO_SNR
02-12 15:29:15.801   715   715 E wificond: Failed to get NL80211_STA_INFO_CNAHLOAD
02-12 15:29:23.804   715   715 E wificond: Failed to get NL80211_RATE_INFO_NOISE
02-12 15:29:23.804   715   715 E wificond: Failed to get NL80211_RATE_INFO_SNR
02-12 15:29:23.804   715   715 E wificond: Failed to get NL80211_STA_INFO_CNAHLOAD
02-12 15:29:23.807   715   715 E wificond: Failed to get NL80211_RATE_INFO_NOISE
02-12 15:29:23.807   715   715 E wificond: Failed to get NL80211_RATE_INFO_SNR
02-12 15:29:23.807   715   715 E wificond: Failed to get NL80211_STA_INFO_CNAHLOAD
02-12 15:29:27.884   604  1233 W SocketListener: sending broadcast to Pid = 1256, Uid = 1000 
02-12 15:29:31.814   715   715 E wificond: Failed to get NL80211_RATE_INFO_NOISE
02-12 15:29:31.814   715   715 E wificond: Failed to get NL80211_RATE_INFO_SNR
02-12 15:29:31.814   715   715 E wificond: Failed to get NL80211_STA_INFO_CNAHLOAD
02-12 15:29:31.817   715   715 E wificond: Failed to get NL80211_RATE_INFO_NOISE
02-12 15:29:31.817   715   715 E wificond: Failed to get NL80211_RATE_INFO_SNR
02-12 15:29:31.817   715   715 E wificond: Failed to get NL80211_STA_INFO_CNAHLOAD
02-12 15:29:39.823   715   715 E wificond: Failed to get NL80211_RATE_INFO_NOISE
02-12 15:29:39.823   715   715 E wificond: Failed to get NL80211_RATE_INFO_SNR
02-12 15:29:39.823   715   715 E wificond: Failed to get NL80211_STA_INFO_CNAHLOAD
02-12 15:29:39.828   715   715 E wificond: Failed to get NL80211_RATE_INFO_NOISE
02-12 15:29:39.828   715   715 E wificond: Failed to get NL80211_RATE_INFO_SNR
02-12 15:29:39.828   715   715 E wificond: Failed to get NL80211_STA_INFO_CNAHLOAD
02-12 15:29:42.950   604  1233 W SocketListener: sending broadcast to Pid = 1256, Uid = 1000 
02-12 15:29:47.826   715   715 E wificond: Failed to get NL80211_RATE_INFO_NOISE
02-12 15:29:47.826   715   715 E wificond: Failed to get NL80211_RATE_INFO_SNR
02-12 15:29:47.826   715   715 E wificond: Failed to get NL80211_STA_INFO_CNAHLOAD
02-12 15:29:47.829   715   715 E wificond: Failed to get NL80211_RATE_INFO_NOISE
02-12 15:29:47.829   715   715 E wificond: Failed to get NL80211_RATE_INFO_SNR
02-12 15:29:47.829   715   715 E wificond: Failed to get NL80211_STA_INFO_CNAHLOAD
02-12 15:29:55.830   715   715 E wificond: Failed to get NL80211_RATE_INFO_NOISE
02-12 15:29:55.830   715   715 E wificond: Failed to get NL80211_RATE_INFO_SNR
02-12 15:29:55.830   715   715 E wificond: Failed to get NL80211_STA_INFO_CNAHLOAD
02-12 15:29:55.833   715   715 E wificond: Failed to get NL80211_RATE_INFO_NOISE
02-12 15:29:55.834   715   715 E wificond: Failed to get NL80211_RATE_INFO_SNR
02-12 15:29:55.834   715   715 E wificond: Failed to get NL80211_STA_INFO_CNAHLOAD
02-12 15:30:03.837   715   715 E wificond: Failed to get NL80211_RATE_INFO_NOISE
02-12 15:30:03.837   715   715 E wificond: Failed to get NL80211_RATE_INFO_SNR
02-12 15:30:03.837   715   715 E wificond: Failed to get NL80211_STA_INFO_CNAHLOAD
02-12 15:30:03.841   715   715 E wificond: Failed to get NL80211_RATE_INFO_NOISE
02-12 15:30:03.841   715   715 E wificond: Failed to get NL80211_RATE_INFO_SNR
02-12 15:30:03.841   715   715 E wificond: Failed to get NL80211_STA_INFO_CNAHLOAD
02-12 15:30:11.846   715   715 E wificond: Failed to get NL80211_RATE_INFO_NOISE
02-12 15:30:11.846   715   715 E wificond: Failed to get NL80211_RATE_INFO_SNR
02-12 15:30:11.846   715   715 E wificond: Failed to get NL80211_STA_INFO_CNAHLOAD
02-12 15:30:11.849   715   715 E wificond: Failed to get NL80211_RATE_INFO_NOISE
02-12 15:30:11.849   715   715 E wificond: Failed to get NL80211_RATE_INFO_SNR
02-12 15:30:11.849   715   715 E wificond: Failed to get NL80211_STA_INFO_CNAHLOAD
02-12 15:30:19.831  1256  1603 I chatty  : uid=1000(system) InputReader expire 6 lines
02-12 15:30:19.833  1256  1462 I chatty  : uid=1000(system) PowerManagerSer expire 12 lines
02-12 15:30:19.846  1256  2104 I chatty  : uid=1000(system) Binder:1256_8 expire 21 lines
02-12 15:30:19.851  1256  1605 I chatty  : uid=1000(system) StorageManagerS expire 2 lines
02-12 15:30:19.852   715   715 E wificond: Failed to get NL80211_RATE_INFO_NOISE
02-12 15:30:19.852   715   715 E wificond: Failed to get NL80211_RATE_INFO_SNR
02-12 15:30:19.852   715   715 E wificond: Failed to get NL80211_STA_INFO_CNAHLOAD
02-12 15:30:19.852   418   446 I vold    : TrimTask running tasks: 0
02-12 15:30:19.854  1256  1608 I chatty  : uid=1000(system) VoldConnector expire 1 line
02-12 15:30:19.854   715   715 E wificond: Failed to get NL80211_RATE_INFO_NOISE
02-12 15:30:19.854   715   715 E wificond: Failed to get NL80211_RATE_INFO_SNR
02-12 15:30:19.854   715   715 E wificond: Failed to get NL80211_STA_INFO_CNAHLOAD
02-12 15:30:19.873   715   715 E wificond: Failed to get NL80211_RATE_INFO_NOISE
02-12 15:30:19.873   715   715 E wificond: Failed to get NL80211_RATE_INFO_SNR
02-12 15:30:19.873   715   715 E wificond: Failed to get NL80211_STA_INFO_CNAHLOAD
02-12 15:30:19.898  1256  1256 I chatty  : uid=1000 system_server expire 5 lines
02-12 15:30:19.990  3001 10331 W ContextImpl: Calling a method in the system process without a qualified user: android.app.ContextImpl.bindService:1736 android.content.ContextWrapper.bindService:678 com.huawei.nb.dataservice.dsclient.RemoteServiceConnection.open:90 com.huawei.nb.dataservice.dsclient.DataServiceProxy.connect:105 com.huawei.nb.dataservice.rsclient.internal.RemoteRuleService.start:27 
02-12 15:30:20.945  2005  2005 V KeyguardDisplayManager: hide
02-12 15:30:20.946  1256 12793 I chatty  : uid=1000(system) Binder:1256_1C expire 2 lines
02-12 15:30:20.957  1256  1437 I chatty  : uid=1000(system) ActivityManager expire 1 line
02-12 15:30:20.963  1256  1598 I chatty  : uid=1000(system) AlarmManager expire 1 line
02-12 15:30:20.963  1256  2036 I chatty  : uid=1000(system) Binder:1256_7 expire 9 lines
02-12 15:30:20.984  1256  2104 I chatty  : uid=1000(system) Binder:1256_8 expire 69 lines
02-12 15:30:20.987  1256  1256 I chatty  : uid=1000 system_server expire 14 lines
02-12 15:30:20.988  1256  1803 I chatty  : uid=1000(system) WifiP2pService expire 5 lines
02-12 15:30:21.005  1256  6432 I chatty  : uid=1000(system) Binder:1256_17 expire 3 lines
02-12 15:30:21.010  1256  1801 I chatty  : uid=1000(system) WifiScanningSer expire 1 line
02-12 15:30:22.200   604  1234 W SocketListener: sending broadcast to Pid = 1256, Uid = 1000 
02-12 15:30:22.205  1256  1785 I chatty  : uid=1000(system) NetdConnector expire 2 lines
02-12 15:30:22.212  1256  1454 I chatty  : uid=1000(system) android.fg expire 1 line
02-12 15:30:22.222  1256  1851 I chatty  : uid=1000(system) HwSelfCureEngin expire 1 line
02-12 15:30:22.223  1256  1854 I chatty  : uid=1000(system) WifiProStateMac expire 1 line
02-12 15:30:22.232  1256  5966 I chatty  : uid=1000(system) Binder:1256_16 expire 37 lines
02-12 15:30:22.889   715   715 E wificond: Failed to get NL80211_RATE_INFO_NOISE
02-12 15:30:22.889   715   715 E wificond: Failed to get NL80211_RATE_INFO_SNR
02-12 15:30:22.889   715   715 E wificond: Failed to get NL80211_STA_INFO_CNAHLOAD
02-12 15:30:23.517  1256  1462 I chatty  : uid=1000(system) PowerManagerSer expire 1 line
02-12 15:30:25.044  1256  1576 I chatty  : uid=1000(system) android.anim expire 24 lines
02-12 15:30:25.091  1256  1437 I chatty  : uid=1000(system) ActivityManager expire 18 lines
02-12 15:30:25.092 15282 15282 D ActivityThread: ActivityThread,attachApplication
02-12 15:30:25.107  1900  1900 I HwCoreAppHelperService: LocalReceiver receives:android.intent.action.PACKAGE_RESTARTED,pkg:com.cambricon.productdisplay,uid:10111
02-12 15:30:25.113  1256  1439 I chatty  : uid=1000(system) android.ui expire 2 lines
02-12 15:30:25.126  1256  4551 I chatty  : uid=1000(system) Binder:1256_13 expire 10 lines
02-12 15:30:25.134  1256  1456 I chatty  : uid=1000(system) android.display expire 1 line
02-12 15:30:25.135  1256 27105 I chatty  : uid=1000(system) Binder:1256_1F expire 7 lines
02-12 15:30:25.139  1975  2571 I HwNetworkPolicyManager: getHwUidPolicy uid = 10067 policy = 0
02-12 15:30:25.140  1256  5619 I chatty  : uid=1000(system) Binder:1256_15 expire 33 lines
02-12 15:30:25.141  2005  2343 I CommandQueue: updateBarBgColor
02-12 15:30:25.141  2005  2343 D CommandQueue: CommandQueue, setBarBackgroundColor
02-12 15:30:25.366 15306 15306 D ActivityThread: ActivityThread,attachApplication
02-12 15:30:25.641 15357 15357 D ActivityThread: ActivityThread,attachApplication
02-12 15:30:25.703 15357 15357 I         : RegisterNatives OK!
02-12 15:30:25.909   715   715 E wificond: Failed to get NL80211_RATE_INFO_NOISE
02-12 15:30:25.909   715   715 E wificond: Failed to get NL80211_RATE_INFO_SNR
02-12 15:30:25.909   715   715 E wificond: Failed to get NL80211_STA_INFO_CNAHLOAD
02-12 15:30:27.861   715   715 E wificond: Failed to get NL80211_RATE_INFO_NOISE
02-12 15:30:27.861   715   715 E wificond: Failed to get NL80211_RATE_INFO_SNR
02-12 15:30:27.861   715   715 E wificond: Failed to get NL80211_STA_INFO_CNAHLOAD
02-12 15:30:27.864   715   715 E wificond: Failed to get NL80211_RATE_INFO_NOISE
02-12 15:30:27.864   715   715 E wificond: Failed to get NL80211_RATE_INFO_SNR
02-12 15:30:27.864   715   715 E wificond: Failed to get NL80211_STA_INFO_CNAHLOAD
02-12 15:30:28.189  1256  1575 I chatty  : uid=1000(system) PackageInstalle expire 3 lines
02-12 15:30:28.393  1256  1481 I chatty  : uid=1000(system) PackageManager expire 13 lines
02-12 15:30:28.926   715   715 E wificond: Failed to get NL80211_RATE_INFO_NOISE
02-12 15:30:28.926   715   715 E wificond: Failed to get NL80211_RATE_INFO_SNR
02-12 15:30:28.926   715   715 E wificond: Failed to get NL80211_STA_INFO_CNAHLOAD
02-12 15:30:29.134  1256  1434 I chatty  : uid=1000(system) android.bg expire 7 lines
02-12 15:30:29.164 15422 15422 D ActivityThread: ActivityThread,attachApplication
02-12 15:30:29.196  1256 14961 I chatty  : uid=1000(system) Binder:1256_1E expire 1 line
02-12 15:30:29.213  1256  2538 I chatty  : uid=1000(system) Binder:1256_E expire 4 lines
02-12 15:30:29.219  1256 30256 I chatty  : uid=1000(system) Binder:1256_1D expire 6 lines
02-12 15:30:29.263  1256  3101 I chatty  : uid=1000(system) Binder:1256_11 expire 31 lines
02-12 15:30:29.276 15444 15444 D ActivityThread: ActivityThread,attachApplication
02-12 15:30:29.300  1256  1256 I chatty  : uid=1000 system_server expire 5 lines
02-12 15:30:29.300  1256  1434 I chatty  : uid=1000(system) android.bg expire 11 lines
02-12 15:30:29.301  1256  1599 I chatty  : uid=1000(system) sManagerService expire 1 line
02-12 15:30:29.301  1256  1439 I chatty  : uid=1000(system) android.ui expire 2 lines
02-12 15:30:29.304  1256  2538 I chatty  : uid=1000(system) Binder:1256_E expire 54 lines
02-12 15:30:29.305  1256 27105 I chatty  : uid=1000(system) Binder:1256_1F expire 51 lines
02-12 15:30:29.305  1975  2571 I HwNetworkPolicyManager: getHwUidPolicy uid = 10111 policy = 0
02-12 15:30:29.496 15444 15444 V ActivityThread: ActivityThread,callActivityOnCreate
02-12 15:30:29.565 15444 15444 D ActivityThread: add activity client record, r= ActivityRecord{220f976 token=android.os.BinderProxy@157c287 {com.cambricon.productdisplay/com.cambricon.productdisplay.activity.SplashActivity}} token= android.os.BinderProxy@157c287
02-12 15:30:29.608  2005  2343 I CommandQueue: updateBarBgColor
02-12 15:30:29.609  2005  2343 D CommandQueue: CommandQueue, setBarBackgroundColor
02-12 15:30:29.671  1256  1576 I chatty  : uid=1000(system) android.anim expire 16 lines
02-12 15:30:29.919  1256  2115 I chatty  : uid=1000(system) watchdog expire 1 line
02-12 15:30:30.949  1256  5966 I chatty  : uid=1000(system) Binder:1256_16 expire 9 lines
02-12 15:30:30.978 12673 12673 W ContextImpl: Calling a method in the system process without a qualified user: android.app.ContextImpl.startService:1656 android.content.ContextWrapper.startService:644 android.content.ContextWrapper.startService:644 com.android.settings.applications.BlackListReceiver.onReceive:35 android.app.ActivityThread.handleReceiver:3662 
02-12 15:30:31.095  1256 30256 I chatty  : uid=1000(system) Binder:1256_1D expire 13 lines
02-12 15:30:31.099  1256 14961 I chatty  : uid=1000(system) Binder:1256_1E expire 3 lines
02-12 15:30:31.104 15444 15444 V ActivityThread: ActivityThread,callActivityOnCreate
02-12 15:30:31.109 17483 17483 W ContextImpl: Calling a method in the system process without a qualified user: android.app.ContextImpl.startService:1656 android.content.ContextWrapper.startService:644 android.content.ContextWrapper.startService:644 com.huawei.systemmanager.antivirus.utils.AntiVirusTools.deleteVirusApk:632 com.huawei.systemmanager.antivirus.AntiVirusReceiver.handlerPackageRemoved:52 
02-12 15:30:31.117 17483 17573 W ContextImpl: Calling a method in the system process without a qualified user: android.app.ContextImpl.startService:1656 android.content.ContextWrapper.startService:644 com.huawei.systemmanager.spacecleanner.receiver.SpaceCleanReceiver.checkRarelyUsedApp:87 com.huawei.systemmanager.spacecleanner.receiver.SpaceCleanReceiver.doInBackground:39 java.lang.reflect.Method.invoke:-2 
02-12 15:30:31.120  1256  1437 I chatty  : uid=1000(system) ActivityManager expire 3 lines
02-12 15:30:31.242 15444 15444 D ActivityThread: add activity client record, r= ActivityRecord{f4500e5 token=android.os.BinderProxy@e1426f {com.cambricon.productdisplay/com.cambricon.productdisplay.activity.HomeActivity}} token= android.os.BinderProxy@e1426f
02-12 15:30:31.313  1256  2036 I chatty  : uid=1000(system) Binder:1256_7 expire 35 lines
02-12 15:30:31.431 12673 12673 W ContextImpl: Calling a method in the system process without a qualified user: android.app.ContextImpl.startService:1656 android.content.ContextWrapper.startService:644 android.content.ContextWrapper.startService:644 com.android.settings.applications.BlackListReceiver.onReceive:35 android.app.ActivityThread.handleReceiver:3662 
02-12 15:30:31.511 17483 17483 W ContextImpl: Calling a method in the system process without a qualified user: android.app.ContextImpl.startService:1656 android.content.ContextWrapper.startService:644 android.content.ContextWrapper.startService:644 com.huawei.systemmanager.antivirus.utils.AntiVirusTools.checkVirusForNewInstalledApk:620 com.huawei.systemmanager.antivirus.AntiVirusReceiver.onReceive:36 
