03-02 17:13:40.893  8463  8463 E AndroidRuntime: java.lang.NullPointerException: Attempt to invoke virtual method 'int com.tmall.ultraviewpager.UltraViewPagerAdapter.getCount()' on a null object reference
03-02 17:13:40.893  8463  8463 E AndroidRuntime: 	at com.tmall.ultraviewpager.UltraViewPagerView.getCurrentItem(UltraViewPagerView.java:220)
03-02 17:13:40.893  8463  8463 E AndroidRuntime: 	at com.tmall.ultraviewpager.UltraViewPagerView.onMeasurePage(UltraViewPagerView.java:88)
03-02 17:13:40.893  8463  8463 E AndroidRuntime: 	at com.tmall.ultraviewpager.UltraViewPagerView.onMeasure(UltraViewPagerView.java:84)
03-02 17:13:40.893  8463  8463 E AndroidRuntime: 	at android.view.View.measure(View.java:22216)
03-02 17:13:40.893  8463  8463 E AndroidRuntime: 	at android.widget.RelativeLayout.measureChildHorizontal(RelativeLayout.java:715)
03-02 17:13:40.893  8463  8463 E AndroidRuntime: 	at android.widget.RelativeLayout.onMeasure(RelativeLayout.java:461)
03-02 17:13:40.893  8463  8463 E AndroidRuntime: 	at com.tmall.ultraviewpager.UltraViewPager.onMeasure(UltraViewPager.java:177)
03-02 17:13:40.893  8463  8463 E AndroidRuntime: 	at android.view.View.measure(View.java:22216)
03-02 17:13:40.893  8463  8463 E AndroidRuntime: 	at android.support.constraint.ConstraintLayout.internalMeasureChildren(ConstraintLayout.java:934)
03-02 17:13:40.893  8463  8463 E AndroidRuntime: 	at android.support.constraint.ConstraintLayout.onMeasure(ConstraintLayout.java:973)
03-02 17:13:40.893  8463  8463 E AndroidRuntime: 	at android.view.View.measure(View.java:22216)
03-02 17:13:40.893  8463  8463 E AndroidRuntime: 	at android.view.ViewGroup.measureChildWithMargins(ViewGroup.java:6663)
03-02 17:13:40.893  8463  8463 E AndroidRuntime: 	at android.widget.FrameLayout.onMeasure(FrameLayout.java:185)
03-02 17:13:40.893  8463  8463 E AndroidRuntime: 	at android.view.View.measure(View.java:22216)
03-02 17:13:40.893  8463  8463 E AndroidRuntime: 	at android.view.ViewGroup.measureChildWithMargins(ViewGroup.java:6663)
03-02 17:13:40.893  8463  8463 E AndroidRuntime: 	at android.widget.FrameLayout.onMeasure(FrameLayout.java:185)
03-02 17:13:40.893  8463  8463 E AndroidRuntime: 	at android.view.View.measure(View.java:22216)
03-02 17:13:40.893  8463  8463 E AndroidRuntime: 	at android.view.ViewGroup.measureChildWithMargins(ViewGroup.java:6663)
03-02 17:13:40.893  8463  8463 E AndroidRuntime: 	at android.widget.FrameLayout.onMeasure(FrameLayout.java:185)
03-02 17:13:40.893  8463  8463 E AndroidRuntime: 	at com.android.internal.policy.DecorView.onMeasure(DecorView.java:845)
03-02 17:13:40.893  8463  8463 E AndroidRuntime: 	at android.view.View.measure(View.java:22216)
03-02 17:13:40.893  8463  8463 E AndroidRuntime: 	at android.view.ViewRootImpl.performMeasure(ViewRootImpl.java:2570)
03-02 17:13:40.893  8463  8463 E AndroidRuntime: 	at android.view.ViewRootImpl.measureHierarchy(ViewRootImpl.java:1600)
03-02 17:13:40.893  8463  8463 E AndroidRuntime: 	at android.view.ViewRootImpl.performTraversals(ViewRootImpl.java:1881)
03-02 17:13:40.893  8463  8463 E AndroidRuntime: 	at android.view.ViewRootImpl.doTraversal(ViewRootImpl.java:1511)
03-02 17:13:40.893  8463  8463 E AndroidRuntime: 	at android.view.ViewRootImpl$TraversalRunnable.run(ViewRootImpl.java:7191)
03-02 17:13:40.893  8463  8463 E AndroidRuntime: 	at android.view.Choreographer$CallbackRecord.run(Choreographer.java:981)
03-02 17:13:40.893  8463  8463 E AndroidRuntime: 	at android.view.Choreographer.doCallbacks(Choreographer.java:790)
03-02 17:13:40.893  8463  8463 E AndroidRuntime: 	at android.view.Choreographer.doFrame(Choreographer.java:721)
03-02 17:13:40.893  8463  8463 E AndroidRuntime: 	at android.view.Choreographer$FrameDisplayEventReceiver.run(Choreographer.java:967)
03-02 17:13:40.893  8463  8463 E AndroidRuntime: 	at android.os.Handler.handleCallback(Handler.java:808)
03-02 17:13:40.893  8463  8463 E AndroidRuntime: 	at android.os.Handler.dispatchMessage(Handler.java:101)
03-02 17:13:40.893  8463  8463 E AndroidRuntime: 	at android.os.Looper.loop(Looper.java:166)
03-02 17:13:40.893  8463  8463 E AndroidRuntime: 	at android.app.ActivityThread.main(ActivityThread.java:7396)
03-02 17:13:40.893  8463  8463 E AndroidRuntime: 	at java.lang.reflect.Method.invoke(Native Method)
03-02 17:13:40.893  8463  8463 E AndroidRuntime: 	at com.android.internal.os.Zygote$MethodAndArgsCaller.run(Zygote.java:245)
03-02 17:13:40.893  8463  8463 E AndroidRuntime: 	at com.android.internal.os.ZygoteInit.main(ZygoteInit.java:926)
03-02 17:15:12.862  8732  8732 E AndroidRuntime: FATAL EXCEPTION: main
03-02 17:15:12.862  8732  8732 E AndroidRuntime: Process: cambricon.ultrademo, PID: 8732
03-02 17:15:12.862  8732  8732 E AndroidRuntime: java.lang.NullPointerException: Attempt to invoke virtual method 'int com.tmall.ultraviewpager.UltraViewPagerAdapter.getCount()' on a null object reference
03-02 17:15:12.862  8732  8732 E AndroidRuntime: 	at com.tmall.ultraviewpager.UltraViewPagerView.getCurrentItem(UltraViewPagerView.java:220)
03-02 17:15:12.862  8732  8732 E AndroidRuntime: 	at com.tmall.ultraviewpager.UltraViewPagerView.onMeasurePage(UltraViewPagerView.java:88)
03-02 17:15:12.862  8732  8732 E AndroidRuntime: 	at com.tmall.ultraviewpager.UltraViewPagerView.onMeasure(UltraViewPagerView.java:84)
03-02 17:15:12.862  8732  8732 E AndroidRuntime: 	at android.view.View.measure(View.java:22216)
03-02 17:15:12.862  8732  8732 E AndroidRuntime: 	at android.widget.RelativeLayout.measureChildHorizontal(RelativeLayout.java:715)
03-02 17:15:12.862  8732  8732 E AndroidRuntime: 	at android.widget.RelativeLayout.onMeasure(RelativeLayout.java:461)
03-02 17:15:12.862  8732  8732 E AndroidRuntime: 	at com.tmall.ultraviewpager.UltraViewPager.onMeasure(UltraViewPager.java:177)
03-02 17:15:12.862  8732  8732 E AndroidRuntime: 	at android.view.View.measure(View.java:22216)
03-02 17:15:12.862  8732  8732 E AndroidRuntime: 	at android.support.constraint.ConstraintLayout.internalMeasureChildren(ConstraintLayout.java:934)
03-02 17:15:12.862  8732  8732 E AndroidRuntime: 	at android.support.constraint.ConstraintLayout.onMeasure(ConstraintLayout.java:973)
03-02 17:15:12.862  8732  8732 E AndroidRuntime: 	at android.view.View.measure(View.java:22216)
03-02 17:15:12.862  8732  8732 E AndroidRuntime: 	at android.view.ViewGroup.measureChildWithMargins(ViewGroup.java:6663)
03-02 17:15:12.862  8732  8732 E AndroidRuntime: 	at android.widget.FrameLayout.onMeasure(FrameLayout.java:185)
03-02 17:15:12.862  8732  8732 E AndroidRuntime: 	at android.view.View.measure(View.java:22216)
03-02 17:15:12.862  8732  8732 E AndroidRuntime: 	at android.view.ViewGroup.measureChildWithMargins(ViewGroup.java:6663)
03-02 17:15:12.862  8732  8732 E AndroidRuntime: 	at android.widget.FrameLayout.onMeasure(FrameLayout.java:185)
03-02 17:15:12.862  8732  8732 E AndroidRuntime: 	at android.view.View.measure(View.java:22216)
03-02 17:15:12.862  8732  8732 E AndroidRuntime: 	at android.view.ViewGroup.measureChildWithMargins(ViewGroup.java:6663)
03-02 17:15:12.862  8732  8732 E AndroidRuntime: 	at android.widget.FrameLayout.onMeasure(FrameLayout.java:185)
03-02 17:15:12.862  8732  8732 E AndroidRuntime: 	at com.android.internal.policy.DecorView.onMeasure(DecorView.java:845)
03-02 17:15:12.862  8732  8732 E AndroidRuntime: 	at android.view.View.measure(View.java:22216)
03-02 17:15:12.862  8732  8732 E AndroidRuntime: 	at android.view.ViewRootImpl.performMeasure(ViewRootImpl.java:2570)
03-02 17:15:12.862  8732  8732 E AndroidRuntime: 	at android.view.ViewRootImpl.measureHierarchy(ViewRootImpl.java:1600)
03-02 17:15:12.862  8732  8732 E AndroidRuntime: 	at android.view.ViewRootImpl.performTraversals(ViewRootImpl.java:1881)
03-02 17:15:12.862  8732  8732 E AndroidRuntime: 	at android.view.ViewRootImpl.doTraversal(ViewRootImpl.java:1511)
03-02 17:15:12.862  8732  8732 E AndroidRuntime: 	at android.view.ViewRootImpl$TraversalRunnable.run(ViewRootImpl.java:7191)
03-02 17:15:12.862  8732  8732 E AndroidRuntime: 	at android.view.Choreographer$CallbackRecord.run(Choreographer.java:981)
03-02 17:15:12.862  8732  8732 E AndroidRuntime: 	at android.view.Choreographer.doCallbacks(Choreographer.java:790)
03-02 17:15:12.862  8732  8732 E AndroidRuntime: 	at android.view.Choreographer.doFrame(Choreographer.java:721)
03-02 17:15:12.862  8732  8732 E AndroidRuntime: 	at android.view.Choreographer$FrameDisplayEventReceiver.run(Choreographer.java:967)
03-02 17:15:12.862  8732  8732 E AndroidRuntime: 	at android.os.Handler.handleCallback(Handler.java:808)
03-02 17:15:12.862  8732  8732 E AndroidRuntime: 	at android.os.Handler.dispatchMessage(Handler.java:101)
03-02 17:15:12.862  8732  8732 E AndroidRuntime: 	at android.os.Looper.loop(Looper.java:166)
03-02 17:15:12.862  8732  8732 E AndroidRuntime: 	at android.app.ActivityThread.main(ActivityThread.java:7396)
03-02 17:15:12.862  8732  8732 E AndroidRuntime: 	at java.lang.reflect.Method.invoke(Native Method)
03-02 17:15:12.862  8732  8732 E AndroidRuntime: 	at com.android.internal.os.Zygote$MethodAndArgsCaller.run(Zygote.java:245)
03-02 17:15:12.862  8732  8732 E AndroidRuntime: 	at com.android.internal.os.ZygoteInit.main(ZygoteInit.java:926)
--------- beginning of system
03-03 11:06:38.145   605  1233 W SocketListener: sending broadcast to Pid = 1256, Uid = 1000 
03-03 11:06:38.192  1256  2142 I chatty  : uid=1000(system) Binder:1256_6 expire 18 lines
03-03 11:06:38.193  1256  1848 I chatty  : uid=1000(system) WifiProStateMac expire 1 line
03-03 11:06:38.194  1256 13029 I chatty  : uid=1000(system) Binder:1256_1F expire 55 lines
03-03 11:06:38.195  1256  2198 I chatty  : uid=1000(system) Binder:1256_9 expire 21 lines
03-03 11:06:38.199  1256  1845 I chatty  : uid=1000(system) HwSelfCureEngin expire 1 line
03-03 11:06:38.200  1256  9302 I chatty  : uid=1000(system) Binder:1256_1C expire 1 line
03-03 11:06:38.322 26800 26800 D ActivityThread: ActivityThread,attachApplication
03-03 11:06:40.520  1256  1453 I chatty  : uid=1000(system) PowerManagerSer expire 1 line
03-03 11:06:40.551  1256  2171 I chatty  : uid=1000(system) Binder:1256_8 expire 8 lines
03-03 11:06:40.590  1256  1256 I chatty  : uid=1000 system_server expire 16 lines
03-03 11:06:40.591  1890  1890 I HwCoreAppHelperService: LocalReceiver receives:android.intent.action.PACKAGE_RESTARTED,pkg:cambricon.ultrademo,uid:10112
03-03 11:06:40.591  1256  1570 I chatty  : uid=1000(system) android.anim expire 14 lines
03-03 11:06:40.592  1256  1440 I chatty  : uid=1000(system) android.display expire 1 line
03-03 11:06:40.593  1256 10704 I chatty  : uid=1000(system) Binder:1256_1E expire 8 lines
03-03 11:06:40.596  1256  1369 I chatty  : uid=1000(system) android.ui expire 3 lines
03-03 11:06:40.610  2004  2018 I CommandQueue: updateBarBgColor
03-03 11:06:40.610  2004  2018 D CommandQueue: CommandQueue, setBarBackgroundColor
03-03 11:06:40.613  1256  6058 I chatty  : uid=1000(system) Binder:1256_17 expire 34 lines
03-03 11:06:40.614  1972  2584 I HwNetworkPolicyManager: getHwUidPolicy uid = 10067 policy = 0
03-03 11:06:41.956 26864 26864 D ActivityThread: ActivityThread,attachApplication
03-03 11:06:42.104  1256  1367 I chatty  : uid=1000(system) ActivityManager expire 4 lines
03-03 11:06:42.155 26897 26897 D ActivityThread: ActivityThread,attachApplication
03-03 11:06:42.202 26897 26897 I         : RegisterNatives OK!
03-03 11:06:42.991  1256  1569 I chatty  : uid=1000(system) PackageInstalle expire 3 lines
03-03 11:06:43.103  1256  1474 I chatty  : uid=1000(system) PackageManager expire 13 lines
03-03 11:06:43.545  1256  1365 I chatty  : uid=1000(system) android.bg expire 18 lines
03-03 11:06:43.555  1256  3154 I chatty  : uid=1000(system) Binder:1256_14 expire 2 lines
03-03 11:06:43.560  1256  6059 I chatty  : uid=1000(system) Binder:1256_18 expire 15 lines
03-03 11:06:43.583  1256  1909 I chatty  : uid=1000(system) Binder:1256_5 expire 2 lines
03-03 11:06:43.644  1256 10569 I chatty  : uid=1000(system) Binder:1256_1D expire 4 lines
03-03 11:06:43.703 25321 25321 W ContextImpl: Calling a method in the system process without a qualified user: android.app.ContextImpl.startService:1656 android.content.ContextWrapper.startService:644 android.content.ContextWrapper.startService:644 com.android.settings.applications.BlackListReceiver.onReceive:35 android.app.ActivityThread.handleReceiver:3662 
03-03 11:06:43.706  1256  6057 I chatty  : uid=1000(system) Binder:1256_16 expire 6 lines
03-03 11:06:43.710  1256  3129 I chatty  : uid=1000(system) Binder:1256_10 expire 2 lines
03-03 11:06:43.718 26957 26957 D ActivityThread: ActivityThread,attachApplication
03-03 11:06:43.730  1256  1593 I chatty  : uid=1000(system) sManagerService expire 1 line
03-03 11:06:43.738  1972  2584 I HwNetworkPolicyManager: getHwUidPolicy uid = 10112 policy = 0
03-03 11:06:43.739  1256  9301 I chatty  : uid=1000(system) Binder:1256_1B expire 2 lines
03-03 11:06:43.784 23346 23346 W ContextImpl: Calling a method in the system process without a qualified user: android.app.ContextImpl.startService:1656 android.content.ContextWrapper.startService:644 android.content.ContextWrapper.startService:644 com.huawei.systemmanager.antivirus.utils.AntiVirusTools.deleteVirusApk:632 com.huawei.systemmanager.antivirus.AntiVirusReceiver.handlerPackageRemoved:52 
03-03 11:06:43.794 23346 24096 W ContextImpl: Calling a method in the system process without a qualified user: android.app.ContextImpl.startService:1656 android.content.ContextWrapper.startService:644 com.huawei.systemmanager.spacecleanner.receiver.SpaceCleanReceiver.checkRarelyUsedApp:87 com.huawei.systemmanager.spacecleanner.receiver.SpaceCleanReceiver.doInBackground:39 java.lang.reflect.Method.invoke:-2 
03-03 11:06:43.801  1256  2152 I chatty  : uid=1000(system) Binder:1256_7 expire 66 lines
03-03 11:06:43.877 26957 26957 V ActivityThread: ActivityThread,callActivityOnCreate
03-03 11:06:43.986 26957 26957 D ActivityThread: add activity client record, r= ActivityRecord{5576721 token=android.os.BinderProxy@bb9423f {cambricon.ultrademo/cambricon.ultrademo.MainActivity}} token= android.os.BinderProxy@bb9423f
03-03 11:06:44.033  2004 25737 I CommandQueue: updateBarBgColor
03-03 11:06:44.033  2004 25737 D CommandQueue: CommandQueue, setBarBackgroundColor
03-03 11:06:44.107  1256  6059 I chatty  : uid=1000(system) Binder:1256_18 expire 5 lines
03-03 11:06:44.109  1256  1369 I chatty  : uid=1000(system) android.ui expire 1 line
03-03 11:06:44.112  1256  1570 I chatty  : uid=1000(system) android.anim expire 13 lines
03-03 11:06:44.137  1256  6058 I chatty  : uid=1000(system) Binder:1256_17 expire 72 lines
03-03 11:06:44.237  1256  1256 I chatty  : uid=1000 system_server expire 1 line
03-03 11:06:45.369 25321 25321 W ContextImpl: Calling a method in the system process without a qualified user: android.app.ContextImpl.startService:1656 android.content.ContextWrapper.startService:644 android.content.ContextWrapper.startService:644 com.android.settings.applications.BlackListReceiver.onReceive:35 android.app.ActivityThread.handleReceiver:3662 
03-03 11:06:45.376  1256 13029 I chatty  : uid=1000(system) Binder:1256_1F expire 6 lines
03-03 11:06:45.462  1256  9301 I chatty  : uid=1000(system) Binder:1256_1B expire 3 lines
03-03 11:06:45.473 23346 23346 W ContextImpl: Calling a method in the system process without a qualified user: android.app.ContextImpl.startService:1656 android.content.ContextWrapper.startService:644 android.content.ContextWrapper.startService:644 com.huawei.systemmanager.antivirus.utils.AntiVirusTools.checkVirusForNewInstalledApk:620 com.huawei.systemmanager.antivirus.AntiVirusReceiver.onReceive:36 
03-03 11:06:45.481  1256  1799 I chatty  : uid=1000(system) ConnectivitySer expire 1 line
03-03 11:06:45.485  1256  3129 I chatty  : uid=1000(system) Binder:1256_10 expire 4 lines
03-03 11:06:45.492 23346 24137 W ContextImpl: Calling a method in the system process without a qualified user: android.app.ContextImpl.startService:1656 android.content.ContextWrapper.startService:644 com.huawei.systemmanager.spacecleanner.receiver.SpaceCleanReceiver.checkRarelyUsedApp:87 com.huawei.systemmanager.spacecleanner.receiver.SpaceCleanReceiver.doInBackground:39 java.lang.reflect.Method.invoke:-2 
03-03 11:06:45.494  1256  1367 I chatty  : uid=1000(system) ActivityManager expire 2 lines
03-03 11:06:45.502 25321 25321 W ContextImpl: Calling a method in the system process without a qualified user: android.app.ContextImpl.startService:1656 android.content.ContextWrapper.startService:644 android.content.ContextWrapper.startService:644 com.android.settings.applications.BlackListReceiver.onReceive:35 android.app.ActivityThread.handleReceiver:3662 
03-03 11:06:45.505  1256  2198 I chatty  : uid=1000(system) Binder:1256_9 expire 104 lines
03-03 11:06:45.682  1256  6058 I chatty  : uid=1000(system) Binder:1256_17 expire 40 lines
03-03 11:06:49.327  1256  1593 I chatty  : uid=1000(system) sManagerService expire 13 lines
03-03 11:07:00.004  1256  1256 I chatty  : uid=1000 system_server expire 11 lines
03-03 11:07:00.005  1256  2152 I chatty  : uid=1000(system) Binder:1256_7 expire 14 lines
03-03 11:07:00.084  1256  3129 I chatty  : uid=1000(system) Binder:1256_10 expire 12 lines
03-03 11:07:00.377  1256  1592 I chatty  : uid=1000(system) AlarmManager expire 1 line
03-03 11:07:06.025  1256  2104 I chatty  : uid=1000(system) watchdog expire 5 lines
03-03 11:07:08.191  1256  1579 I chatty  : uid=1000(system) UEventObserver expire 10 lines
03-03 11:07:36.918  1256  1783 I chatty  : uid=1000(system) WifiStateMachin expire 4 lines
03-03 11:07:36.929  1256  1794 I chatty  : uid=1000(system) WifiScanningSer expire 2 lines
03-03 11:07:38.114   605  1233 W SocketListener: sending broadcast to Pid = 1256, Uid = 1000 
03-03 11:07:38.117  1256  1778 I chatty  : uid=1000(system) NetdConnector expire 4 lines
03-03 11:07:38.121  1256  1438 I chatty  : uid=1000(system) android.fg expire 1 line
03-03 11:07:38.139  1256  1848 I chatty  : uid=1000(system) WifiProStateMac expire 1 line
03-03 11:07:38.140  1256  2198 I chatty  : uid=1000(system) Binder:1256_9 expire 10 lines
03-03 11:07:38.143  1256  6058 I chatty  : uid=1000(system) Binder:1256_17 expire 12 lines
03-03 11:07:38.144  1256  1845 I chatty  : uid=1000(system) HwSelfCureEngin expire 1 line
03-03 11:07:38.145  1256  6057 I chatty  : uid=1000(system) Binder:1256_16 expire 16 lines
03-03 11:07:52.030  1256  1453 I chatty  : uid=1000(system) PowerManagerSer expire 20 lines
03-03 11:07:59.154  1256  1369 I chatty  : uid=1000(system) android.ui expire 4 lines
03-03 11:07:59.154 26957 26957 V ActivityThread: Finishing stop of ActivityRecord{5576721 token=android.os.BinderProxy@bb9423f {cambricon.ultrademo/cambricon.ultrademo.MainActivity}}
03-03 11:07:59.251  1256  1440 I chatty  : uid=1000(system) android.display expire 3 lines
03-03 11:07:59.276  1256  1796 I chatty  : uid=1000(system) WifiP2pService expire 10 lines
03-03 11:07:59.342  1256  2901 I chatty  : uid=1000(system) HwDeviceUsageCo expire 1 line
03-03 11:07:59.370  3043  7690 W ContextImpl: Calling a method in the system process without a qualified user: android.app.ContextImpl.bindService:1736 android.content.ContextWrapper.bindService:678 com.huawei.nb.dataservice.dsclient.RemoteServiceConnection.open:90 com.huawei.nb.dataservice.dsclient.DataServiceProxy.connect:105 com.huawei.nb.dataservice.rsclient.internal.RemoteRuleService.start:27 
03-03 11:07:59.656  1256  1593 I chatty  : uid=1000(system) sManagerService expire 1 line
03-03 11:07:59.659  1256  2198 I chatty  : uid=1000(system) Binder:1256_9 expire 10 lines
03-03 11:08:04.161  2004  2004 V KeyguardStatusView: refresh statusview showing:true
03-03 11:08:04.163  2004  2004 V KeyguardDisplayManager: show
03-03 11:08:04.236 26957 26957 V ActivityThread: Handle window ActivityRecord{5576721 token=android.os.BinderProxy@bb9423f {cambricon.ultrademo/cambricon.ultrademo.MainActivity}} visibility: false
03-03 11:08:04.264  1256  6058 I chatty  : uid=1000(system) Binder:1256_17 expire 10 lines
03-03 11:08:04.307  1256  1570 I chatty  : uid=1000(system) android.anim expire 3 lines
03-03 11:08:04.384  1256  1256 I chatty  : uid=1000 system_server expire 10 lines
03-03 11:09:32.197  1256  1597 I chatty  : uid=1000(system) InputReader expire 6 lines
03-03 11:09:32.198  1256  1453 I chatty  : uid=1000(system) PowerManagerSer expire 12 lines
03-03 11:09:32.217  1256  1599 I chatty  : uid=1000(system) StorageManagerS expire 2 lines
03-03 11:09:32.218   437   445 I vold    : TrimTask running tasks: 0
03-03 11:09:32.219  1256  1601 I chatty  : uid=1000(system) VoldConnector expire 1 line
03-03 11:09:32.349  3043  7770 W ContextImpl: Calling a method in the system process without a qualified user: android.app.ContextImpl.bindService:1736 android.content.ContextWrapper.bindService:678 com.huawei.nb.dataservice.dsclient.RemoteServiceConnection.open:90 com.huawei.nb.dataservice.dsclient.DataServiceProxy.connect:105 com.huawei.nb.dataservice.rsclient.internal.RemoteRuleService.start:27 
03-03 11:09:32.367  1256  6057 I chatty  : uid=1000(system) Binder:1256_16 expire 1 line
03-03 11:09:32.392  1256  2198 I chatty  : uid=1000(system) Binder:1256_9 expire 1 line
03-03 11:09:32.399  1256  1256 I chatty  : uid=1000 system_server expire 10 lines
03-03 11:09:33.176  1256  2152 I chatty  : uid=1000(system) Binder:1256_7 expire 13 lines
03-03 11:09:33.193  1256  3129 I chatty  : uid=1000(system) Binder:1256_10 expire 13 lines
03-03 11:09:33.194  1256  1570 I chatty  : uid=1000(system) android.anim expire 12 lines
03-03 11:09:33.219  2004  2004 V KeyguardDisplayManager: hide
03-03 11:09:33.219  1256  6057 I chatty  : uid=1000(system) Binder:1256_16 expire 1 line
03-03 11:09:33.220  1256  9301 I chatty  : uid=1000(system) Binder:1256_1B expire 15 lines
03-03 11:09:33.220  1256  2198 I chatty  : uid=1000(system) Binder:1256_9 expire 10 lines
03-03 11:09:33.227  1256  6058 I chatty  : uid=1000(system) Binder:1256_17 expire 10 lines
03-03 11:09:33.231  1256  1367 I chatty  : uid=1000(system) ActivityManager expire 1 line
03-03 11:09:33.241  1256  1778 I chatty  : uid=1000(system) NetdConnector expire 8 lines
03-03 11:09:33.253  1256  1796 I chatty  : uid=1000(system) WifiP2pService expire 10 lines
03-03 11:09:33.449   605  1233 W SocketListener: sending broadcast to Pid = 1256, Uid = 1000 
03-03 11:09:33.452  1256  1438 I chatty  : uid=1000(system) android.fg expire 2 lines
03-03 11:09:33.460  1256  1848 I chatty  : uid=1000(system) WifiProStateMac expire 1 line
03-03 11:09:33.460  1256  1845 I chatty  : uid=1000(system) HwSelfCureEngin expire 2 lines
03-03 11:09:33.461  1256 13029 I chatty  : uid=1000(system) Binder:1256_1F expire 10 lines
03-03 11:09:35.880  1256  1453 I chatty  : uid=1000(system) PowerManagerSer expire 11 lines
03-03 11:09:36.035  1256  2104 I chatty  : uid=1000(system) watchdog expire 2 lines
03-03 11:09:39.223  1256  1579 I chatty  : uid=1000(system) UEventObserver expire 4 lines
03-03 11:10:02.904 26957 26957 V ActivityThread: Finishing stop of ActivityRecord{5576721 token=android.os.BinderProxy@bb9423f {cambricon.ultrademo/cambricon.ultrademo.MainActivity}}
03-03 11:10:02.912  1256  3129 I chatty  : uid=1000(system) Binder:1256_10 expire 10 lines
03-03 11:10:02.912  1256  9301 I chatty  : uid=1000(system) Binder:1256_1B expire 18 lines
03-03 11:10:03.017  1256  1453 I chatty  : uid=1000(system) PowerManagerSer expire 13 lines
03-03 11:10:03.045  1256  1440 I chatty  : uid=1000(system) android.display expire 3 lines
03-03 11:10:03.082  1256  1256 I chatty  : uid=1000 system_server expire 10 lines
03-03 11:10:03.144  1256  2901 I chatty  : uid=1000(system) HwDeviceUsageCo expire 1 line
03-03 11:10:03.168  3043  5442 W ContextImpl: Calling a method in the system process without a qualified user: android.app.ContextImpl.bindService:1736 android.content.ContextWrapper.bindService:678 com.huawei.nb.dataservice.dsclient.RemoteServiceConnection.open:90 com.huawei.nb.dataservice.dsclient.DataServiceProxy.connect:105 com.huawei.nb.dataservice.rsclient.internal.RemoteRuleService.start:27 
03-03 11:10:03.404  1256  1369 I chatty  : uid=1000(system) android.ui expire 4 lines
03-03 11:10:03.442  1256  1593 I chatty  : uid=1000(system) sManagerService expire 1 line
03-03 11:10:07.849  1256  2198 I chatty  : uid=1000(system) Binder:1256_9 expire 16 lines
03-03 11:10:07.862  2004  2004 V KeyguardStatusView: refresh statusview showing:true
03-03 11:10:07.865  2004  2004 V KeyguardDisplayManager: show
03-03 11:10:07.923 26957 26957 V ActivityThread: Handle window ActivityRecord{5576721 token=android.os.BinderProxy@bb9423f {cambricon.ultrademo/cambricon.ultrademo.MainActivity}} visibility: false
03-03 11:10:07.939  1256  6058 I chatty  : uid=1000(system) Binder:1256_17 expire 10 lines
03-03 11:10:11.702  1256  1794 I chatty  : uid=1000(system) WifiScanningSer expire 2 lines
03-03 11:10:12.927   605  1233 W SocketListener: sending broadcast to Pid = 1256, Uid = 1000 
03-03 11:10:12.948  1256  9301 I chatty  : uid=1000(system) Binder:1256_1B expire 6 lines
03-03 11:10:32.671  1256  1597 I chatty  : uid=1000(system) InputReader expire 6 lines
03-03 11:10:32.689  1256  1599 I chatty  : uid=1000(system) StorageManagerS expire 2 lines
03-03 11:10:32.690   437   445 I vold    : TrimTask running tasks: 0
03-03 11:10:32.692  1256  1601 I chatty  : uid=1000(system) VoldConnector expire 1 line
03-03 11:10:32.709  1256  1796 I chatty  : uid=1000(system) WifiP2pService expire 5 lines
03-03 11:10:32.713  1256  1783 I chatty  : uid=1000(system) WifiStateMachin expire 2 lines
03-03 11:10:32.762  1256  3129 I chatty  : uid=1000(system) Binder:1256_10 expire 4 lines
03-03 11:10:32.801  3043  6568 W ContextImpl: Calling a method in the system process without a qualified user: android.app.ContextImpl.bindService:1736 android.content.ContextWrapper.bindService:678 com.huawei.nb.dataservice.dsclient.RemoteServiceConnection.open:90 com.huawei.nb.dataservice.dsclient.DataServiceProxy.connect:105 com.huawei.nb.dataservice.rsclient.internal.RemoteRuleService.start:27 
03-03 11:10:32.852  1256  1453 I chatty  : uid=1000(system) PowerManagerSer expire 10 lines
03-03 11:10:33.547  2004  2004 V KeyguardDisplayManager: hide
03-03 11:10:33.559  1256  1367 I chatty  : uid=1000(system) ActivityManager expire 4 lines
03-03 11:10:33.562  1256 13029 I chatty  : uid=1000(system) Binder:1256_1F expire 24 lines
03-03 11:10:33.562  1256  3129 I chatty  : uid=1000(system) Binder:1256_10 expire 18 lines
03-03 11:10:33.562  1256  6058 I chatty  : uid=1000(system) Binder:1256_17 expire 34 lines
03-03 11:10:33.563  1256  1778 I chatty  : uid=1000(system) NetdConnector expire 4 lines
03-03 11:10:33.580  1256  1256 I chatty  : uid=1000 system_server expire 20 lines
03-03 11:10:33.580  1256  1796 I chatty  : uid=1000(system) WifiP2pService expire 5 lines
03-03 11:10:33.581  1256  9301 I chatty  : uid=1000(system) Binder:1256_1B expire 3 lines
03-03 11:10:33.589  1256  2152 I chatty  : uid=1000(system) Binder:1256_7 expire 15 lines
03-03 11:10:33.963   605  1233 W SocketListener: sending broadcast to Pid = 1256, Uid = 1000 
03-03 11:10:33.982  1256  1438 I chatty  : uid=1000(system) android.fg expire 1 line
03-03 11:10:33.993  1256  1848 I chatty  : uid=1000(system) WifiProStateMac expire 1 line
03-03 11:10:34.001  1256  1845 I chatty  : uid=1000(system) HwSelfCureEngin expire 1 line
03-03 11:10:36.030  1256  1369 I chatty  : uid=1000(system) android.ui expire 3 lines
03-03 11:10:36.031  1256 10704 I chatty  : uid=1000(system) Binder:1256_1E expire 23 lines
03-03 11:10:36.032  1256  3138 I chatty  : uid=1000(system) Binder:1256_11 expire 1 line
03-03 11:10:36.034  1256  3114 I chatty  : uid=1000(system) Binder:1256_E expire 3 lines
03-03 11:10:36.037  1256  2104 I chatty  : uid=1000(system) watchdog expire 1 line
03-03 11:10:36.040  1972  2584 I HwNetworkPolicyManager: getHwUidPolicy uid = 10067 policy = 0
03-03 11:10:36.041  1256  6432 I chatty  : uid=1000(system) Binder:1256_19 expire 20 lines
03-03 11:10:36.042  2004  2051 I CommandQueue: updateBarBgColor
03-03 11:10:36.042  2004  2051 D CommandQueue: CommandQueue, setBarBackgroundColor
03-03 11:10:36.042  1890  1890 I HwCoreAppHelperService: LocalReceiver receives:android.intent.action.PACKAGE_RESTARTED,pkg:cambricon.ultrademo,uid:10112
03-03 11:10:36.045  1256  1440 I chatty  : uid=1000(system) android.display expire 1 line
03-03 11:10:36.061  1256  1570 I chatty  : uid=1000(system) android.anim expire 18 lines
03-03 11:10:38.378  1256  1569 I chatty  : uid=1000(system) PackageInstalle expire 3 lines
03-03 11:10:38.469  1256  1474 I chatty  : uid=1000(system) PackageManager expire 13 lines
03-03 11:10:38.536  1256  1283 I chatty  : uid=1000(system) Binder:1256_2 expire 4 lines
03-03 11:10:38.537  1256  1282 I chatty  : uid=1000(system) Binder:1256_1 expire 10 lines
03-03 11:10:38.870  1256  1365 I chatty  : uid=1000(system) android.bg expire 18 lines
03-03 11:10:38.972  1256 10569 I chatty  : uid=1000(system) Binder:1256_1D expire 1 line
03-03 11:10:39.020 25321 25321 W ContextImpl: Calling a method in the system process without a qualified user: android.app.ContextImpl.startService:1656 android.content.ContextWrapper.startService:644 android.content.ContextWrapper.startService:644 com.android.settings.applications.BlackListReceiver.onReceive:35 android.app.ActivityThread.handleReceiver:3662 
03-03 11:10:39.033  1256  1908 I chatty  : uid=1000(system) Binder:1256_4 expire 2 lines
03-03 11:10:39.137  1256  1593 I chatty  : uid=1000(system) sManagerService expire 1 line
03-03 11:10:39.137 27423 27423 D ActivityThread: ActivityThread,attachApplication
03-03 11:10:39.154  1256  3154 I chatty  : uid=1000(system) Binder:1256_14 expire 1 line
03-03 11:10:39.160  1256  4568 I chatty  : uid=1000(system) Binder:1256_15 expire 1 line
03-03 11:10:39.163  1972  2584 I HwNetworkPolicyManager: getHwUidPolicy uid = 10112 policy = 0
03-03 11:10:39.225 23346 23346 W ContextImpl: Calling a method in the system process without a qualified user: android.app.ContextImpl.startService:1656 android.content.ContextWrapper.startService:644 android.content.ContextWrapper.startService:644 com.huawei.systemmanager.antivirus.utils.AntiVirusTools.deleteVirusApk:632 com.huawei.systemmanager.antivirus.AntiVirusReceiver.handlerPackageRemoved:52 
03-03 11:10:39.232 23346 24100 W ContextImpl: Calling a method in the system process without a qualified user: android.app.ContextImpl.startService:1656 android.content.ContextWrapper.startService:644 com.huawei.systemmanager.spacecleanner.receiver.SpaceCleanReceiver.checkRarelyUsedApp:87 com.huawei.systemmanager.spacecleanner.receiver.SpaceCleanReceiver.doInBackground:39 java.lang.reflect.Method.invoke:-2 
03-03 11:10:39.295 27423 27423 V ActivityThread: ActivityThread,callActivityOnCreate
03-03 11:10:39.403 27423 27423 D ActivityThread: add activity client record, r= ActivityRecord{877a188 token=android.os.BinderProxy@bb9423f {cambricon.ultrademo/cambricon.ultrademo.MainActivity}} token= android.os.BinderProxy@bb9423f
03-03 11:10:39.455  2004 25737 I CommandQueue: updateBarBgColor
03-03 11:10:39.455  2004 25737 D CommandQueue: CommandQueue, setBarBackgroundColor
03-03 11:10:39.642  1256  1579 I chatty  : uid=1000(system) UEventObserver expire 2 lines
03-03 11:10:40.772 25321 25321 W ContextImpl: Calling a method in the system process without a qualified user: android.app.ContextImpl.startService:1656 android.content.ContextWrapper.startService:644 android.content.ContextWrapper.startService:644 com.android.settings.applications.BlackListReceiver.onReceive:35 android.app.ActivityThread.handleReceiver:3662 
03-03 11:10:40.780  1256  6432 I chatty  : uid=1000(system) Binder:1256_19 expire 5 lines
03-03 11:10:40.787  1256 10704 I chatty  : uid=1000(system) Binder:1256_1E expire 71 lines
03-03 11:10:40.864  1256  6058 I chatty  : uid=1000(system) Binder:1256_17 expire 4 lines
03-03 11:10:40.880 23346 23346 W ContextImpl: Calling a method in the system process without a qualified user: android.app.ContextImpl.startService:1656 android.content.ContextWrapper.startService:644 android.content.ContextWrapper.startService:644 com.huawei.systemmanager.antivirus.utils.AntiVirusTools.checkVirusForNewInstalledApk:620 com.huawei.systemmanager.antivirus.AntiVirusReceiver.onReceive:36 
03-03 11:10:40.881  1256  1282 I chatty  : uid=1000(system) Binder:1256_1 expire 110 lines
03-03 11:10:40.884  1256  4568 I chatty  : uid=1000(system) Binder:1256_15 expire 1 line
03-03 11:10:40.895  1256  3154 I chatty  : uid=1000(system) Binder:1256_14 expire 57 lines
03-03 11:10:40.897  1256  3140 I chatty  : uid=1000(system) Binder:1256_12 expire 3 lines
03-03 11:10:40.917  1256  1908 I chatty  : uid=1000(system) Binder:1256_4 expire 1 line
03-03 11:10:40.920  1256  1799 I chatty  : uid=1000(system) ConnectivitySer expire 1 line
03-03 11:10:40.927 23346 24143 W ContextImpl: Calling a method in the system process without a qualified user: android.app.ContextImpl.startService:1656 android.content.ContextWrapper.startService:644 com.huawei.systemmanager.spacecleanner.receiver.SpaceCleanReceiver.checkRarelyUsedApp:87 com.huawei.systemmanager.spacecleanner.receiver.SpaceCleanReceiver.doInBackground:39 java.lang.reflect.Method.invoke:-2 
03-03 11:10:40.935  1256  1367 I chatty  : uid=1000(system) ActivityManager expire 3 lines
03-03 11:10:40.947 25321 25321 W ContextImpl: Calling a method in the system process without a qualified user: android.app.ContextImpl.startService:1656 android.content.ContextWrapper.startService:644 android.content.ContextWrapper.startService:644 com.android.settings.applications.BlackListReceiver.onReceive:35 android.app.ActivityThread.handleReceiver:3662 
03-03 11:10:41.146  1256  3154 I chatty  : uid=1000(system) Binder:1256_14 expire 14 lines
03-03 11:10:41.152  1256  1282 I chatty  : uid=1000(system) Binder:1256_1 expire 23 lines
03-03 11:10:43.138 27423 27423 W ViewRootImpl[]: Dropping event due to root view being removed: MotionEvent { action=ACTION_MOVE, actionButton=0, id[0]=0, x[0]=190.0, y[0]=-441.0, toolType[0]=TOOL_TYPE_FINGER, buttonState=0, metaState=0, flags=0x0, edgeFlags=0x0, pointerCount=1, historySize=3, eventTime=301129840, downTime=301129806, deviceId=5, source=0x1002 }
03-03 11:10:43.368  1256  1570 I chatty  : uid=1000(system) android.anim expire 12 lines
03-03 11:10:44.214  1256 10704 I chatty  : uid=1000(system) Binder:1256_1E expire 15 lines
03-03 11:10:44.816  1256  1593 I chatty  : uid=1000(system) sManagerService expire 2 lines
03-03 11:10:55.782  1256  1592 I chatty  : uid=1000(system) AlarmManager expire 1 line
03-03 11:11:00.003  1256  1256 I chatty  : uid=1000 system_server expire 12 lines
03-03 11:11:06.040  1256  2104 I chatty  : uid=1000(system) watchdog expire 3 lines
03-03 11:11:09.847  1256  1579 I chatty  : uid=1000(system) UEventObserver expire 6 lines
03-03 11:11:10.673  1256  1453 I chatty  : uid=1000(system) PowerManagerSer expire 20 lines
03-03 11:11:17.795 27423 27423 V ActivityThread: Finishing stop of ActivityRecord{877a188 token=android.os.BinderProxy@bb9423f {cambricon.ultrademo/cambricon.ultrademo.MainActivity}}
03-03 11:11:17.801  1256  6058 I chatty  : uid=1000(system) Binder:1256_17 expire 15 lines
03-03 11:11:17.806  1256  1282 I chatty  : uid=1000(system) Binder:1256_1 expire 11 lines
03-03 11:11:17.905  1256  1440 I chatty  : uid=1000(system) android.display expire 3 lines
03-03 11:11:18.104  1256  1369 I chatty  : uid=1000(system) android.ui expire 3 lines
03-03 11:11:18.254  1256  1796 I chatty  : uid=1000(system) WifiP2pService expire 10 lines
03-03 11:11:18.279  1256  1778 I chatty  : uid=1000(system) NetdConnector expire 4 lines
03-03 11:11:18.316  1256  2901 I chatty  : uid=1000(system) HwDeviceUsageCo expire 1 line
03-03 11:11:18.340  3043  6588 W ContextImpl: Calling a method in the system process without a qualified user: android.app.ContextImpl.bindService:1736 android.content.ContextWrapper.bindService:678 com.huawei.nb.dataservice.dsclient.RemoteServiceConnection.open:90 com.huawei.nb.dataservice.dsclient.DataServiceProxy.connect:105 com.huawei.nb.dataservice.rsclient.internal.RemoteRuleService.start:27 
03-03 11:11:18.354  1256  3140 I chatty  : uid=1000(system) Binder:1256_12 expire 9 lines
03-03 11:11:22.734  2004  2004 V KeyguardStatusView: refresh statusview showing:true
03-03 11:11:22.737  2004  2004 V KeyguardDisplayManager: show
03-03 11:11:22.740  1256  3154 I chatty  : uid=1000(system) Binder:1256_14 expire 14 lines
03-03 11:11:22.796 27423 27423 V ActivityThread: Handle window ActivityRecord{877a188 token=android.os.BinderProxy@bb9423f {cambricon.ultrademo/cambricon.ultrademo.MainActivity}} visibility: false
03-03 11:12:21.234  1256  1597 I chatty  : uid=1000(system) InputReader expire 6 lines
03-03 11:12:21.237  1256  1453 I chatty  : uid=1000(system) PowerManagerSer expire 12 lines
03-03 11:12:21.250  1256  1599 I chatty  : uid=1000(system) StorageManagerS expire 2 lines
03-03 11:12:21.251   437   445 I vold    : TrimTask running tasks: 0
03-03 11:12:21.252  1256  1601 I chatty  : uid=1000(system) VoldConnector expire 1 line
03-03 11:12:21.267  1256  1256 I chatty  : uid=1000 system_server expire 7 lines
03-03 11:12:21.269  1256  1783 I chatty  : uid=1000(system) WifiStateMachin expire 2 lines
03-03 11:12:21.275  1256  1794 I chatty  : uid=1000(system) WifiScanningSer expire 1 line
03-03 11:12:21.371  1256  6058 I chatty  : uid=1000(system) Binder:1256_17 expire 7 lines
03-03 11:12:21.379  1256 10704 I chatty  : uid=1000(system) Binder:1256_1E expire 19 lines
03-03 11:12:21.387  3043  6721 W ContextImpl: Calling a method in the system process without a qualified user: android.app.ContextImpl.bindService:1736 android.content.ContextWrapper.bindService:678 com.huawei.nb.dataservice.dsclient.RemoteServiceConnection.open:90 com.huawei.nb.dataservice.dsclient.DataServiceProxy.connect:105 com.huawei.nb.dataservice.rsclient.internal.RemoteRuleService.start:27 
03-03 11:12:21.490  1256  1282 I chatty  : uid=1000(system) Binder:1256_1 expire 11 lines
03-03 11:12:21.937  1256  3154 I chatty  : uid=1000(system) Binder:1256_14 expire 1 line
03-03 11:12:21.942  1256  4568 I chatty  : uid=1000(system) Binder:1256_15 expire 7 lines
03-03 11:12:21.965  2004  2004 V KeyguardDisplayManager: hide
03-03 11:12:21.997  1256  1908 I chatty  : uid=1000(system) Binder:1256_4 expire 1 line
03-03 11:12:21.998  1256  1796 I chatty  : uid=1000(system) WifiP2pService expire 10 lines
03-03 11:12:21.998  1256  1256 I chatty  : uid=1000 system_server expire 20 lines
03-03 11:12:21.999  1256  4568 I chatty  : uid=1000(system) Binder:1256_15 expire 13 lines
03-03 11:12:22.021  1256  9301 I chatty  : uid=1000(system) Binder:1256_1B expire 1 line
03-03 11:12:22.026  1256  6432 I chatty  : uid=1000(system) Binder:1256_19 expire 15 lines
03-03 11:12:22.518   605  1233 W SocketListener: sending broadcast to Pid = 1256, Uid = 1000 
03-03 11:12:22.519  1256  1778 I chatty  : uid=1000(system) NetdConnector expire 6 lines
03-03 11:12:22.521  1256  1438 I chatty  : uid=1000(system) android.fg expire 2 lines
03-03 11:12:22.536  1256  1848 I chatty  : uid=1000(system) WifiProStateMac expire 1 line
03-03 11:12:22.538  1256  1908 I chatty  : uid=1000(system) Binder:1256_4 expire 2 lines
03-03 11:12:22.540  1256  1845 I chatty  : uid=1000(system) HwSelfCureEngin expire 2 lines
03-03 11:12:22.541  1256  6058 I chatty  : uid=1000(system) Binder:1256_17 expire 5 lines
03-03 11:12:24.915  1256  1453 I chatty  : uid=1000(system) PowerManagerSer expire 11 lines
03-03 11:12:28.283  1256  1593 I chatty  : uid=1000(system) sManagerService expire 2 lines
03-03 11:12:36.047  1256  2104 I chatty  : uid=1000(system) watchdog expire 11 lines
03-03 11:12:40.476  1256  1579 I chatty  : uid=1000(system) UEventObserver expire 12 lines
03-03 11:13:00.787 27423 27423 V ActivityThread: Finishing stop of ActivityRecord{877a188 token=android.os.BinderProxy@bb9423f {cambricon.ultrademo/cambricon.ultrademo.MainActivity}}
03-03 11:13:00.792  1256  3140 I chatty  : uid=1000(system) Binder:1256_12 expire 23 lines
03-03 11:13:00.898  1256  1453 I chatty  : uid=1000(system) PowerManagerSer expire 10 lines
03-03 11:13:00.923  1256  1440 I chatty  : uid=1000(system) android.display expire 3 lines
03-03 11:13:01.003  1256  2901 I chatty  : uid=1000(system) HwDeviceUsageCo expire 1 line
03-03 11:13:01.028  3043  7292 W ContextImpl: Calling a method in the system process without a qualified user: android.app.ContextImpl.bindService:1736 android.content.ContextWrapper.bindService:678 com.huawei.nb.dataservice.dsclient.RemoteServiceConnection.open:90 com.huawei.nb.dataservice.dsclient.DataServiceProxy.connect:105 com.huawei.nb.dataservice.rsclient.internal.RemoteRuleService.start:27 
03-03 11:13:01.043  1256  4568 I chatty  : uid=1000(system) Binder:1256_15 expire 9 lines
03-03 11:13:01.122  1256  1369 I chatty  : uid=1000(system) android.ui expire 3 lines
03-03 11:13:05.749  2004  2004 V KeyguardStatusView: refresh statusview showing:true
03-03 11:13:05.752  2004  2004 V KeyguardDisplayManager: show
03-03 11:13:05.757  1256 10704 I chatty  : uid=1000(system) Binder:1256_1E expire 10 lines
03-03 11:13:05.823 27423 27423 V ActivityThread: Handle window ActivityRecord{877a188 token=android.os.BinderProxy@bb9423f {cambricon.ultrademo/cambricon.ultrademo.MainActivity}} visibility: false
03-03 11:13:05.824  1256  6432 I chatty  : uid=1000(system) Binder:1256_19 expire 19 lines
03-03 11:13:05.885  1256  1570 I chatty  : uid=1000(system) android.anim expire 7 lines
03-03 11:15:11.803  1256  1794 I chatty  : uid=1000(system) WifiScanningSer expire 2 lines
03-03 11:15:13.044   605  1233 W SocketListener: sending broadcast to Pid = 1256, Uid = 1000 
03-03 11:15:13.068  1256  3140 I chatty  : uid=1000(system) Binder:1256_12 expire 3 lines
03-03 11:15:41.719  1256  1579 I chatty  : uid=1000(system) UEventObserver expire 10 lines
03-03 11:15:41.737  1256  1256 I chatty  : uid=1000 system_server expire 10 lines
03-03 11:17:02.943   753   927 E /system/bin/storaged: pid_info get_pids failed
03-03 11:17:49.896  1256  1597 I chatty  : uid=1000(system) InputReader expire 6 lines
03-03 11:17:49.897  1256  1453 I chatty  : uid=1000(system) PowerManagerSer expire 12 lines
03-03 11:17:49.909  1256  1599 I chatty  : uid=1000(system) StorageManagerS expire 2 lines
03-03 11:17:49.910   437   445 I vold    : TrimTask running tasks: 0
03-03 11:17:49.911  1256  1601 I chatty  : uid=1000(system) VoldConnector expire 1 line
03-03 11:17:49.927  1256  1256 I chatty  : uid=1000 system_server expire 4 lines
03-03 11:17:49.927  1256  1796 I chatty  : uid=1000(system) WifiP2pService expire 5 lines
03-03 11:17:49.929  1256  1783 I chatty  : uid=1000(system) WifiStateMachin expire 2 lines
03-03 11:17:50.031  3043  7672 W ContextImpl: Calling a method in the system process without a qualified user: android.app.ContextImpl.bindService:1736 android.content.ContextWrapper.bindService:678 com.huawei.nb.dataservice.dsclient.RemoteServiceConnection.open:90 com.huawei.nb.dataservice.dsclient.DataServiceProxy.connect:105 com.huawei.nb.dataservice.rsclient.internal.RemoteRuleService.start:27 
03-03 11:17:50.783  2004  2004 V KeyguardDisplayManager: hide
03-03 11:17:50.783  1256  6432 I chatty  : uid=1000(system) Binder:1256_19 expire 10 lines
03-03 11:17:50.793  1256  1908 I chatty  : uid=1000(system) Binder:1256_4 expire 40 lines
03-03 11:17:50.797  1256  6058 I chatty  : uid=1000(system) Binder:1256_17 expire 38 lines
03-03 11:17:50.799  1256  1367 I chatty  : uid=1000(system) ActivityManager expire 1 line
03-03 11:17:50.804  1256  3140 I chatty  : uid=1000(system) Binder:1256_12 expire 56 lines
03-03 11:17:50.805  1256 10704 I chatty  : uid=1000(system) Binder:1256_1E expire 11 lines
03-03 11:17:50.807  1256  1778 I chatty  : uid=1000(system) NetdConnector expire 6 lines
03-03 11:17:50.824  1256  1256 I chatty  : uid=1000 system_server expire 10 lines
03-03 11:17:50.824  1256  1796 I chatty  : uid=1000(system) WifiP2pService expire 10 lines
03-03 11:17:51.168   605  1233 W SocketListener: sending broadcast to Pid = 1256, Uid = 1000 
03-03 11:17:51.172  1256  1438 I chatty  : uid=1000(system) android.fg expire 1 line
03-03 11:17:51.193  1256  1848 I chatty  : uid=1000(system) WifiProStateMac expire 1 line
03-03 11:17:51.197  1256  1845 I chatty  : uid=1000(system) HwSelfCureEngin expire 1 line
03-03 11:17:51.687 27423 27423 W ViewRootImpl[]: Dropping event due to root view being removed: MotionEvent { action=ACTION_MOVE, actionButton=0, id[0]=0, x[0]=814.0, y[0]=-125.0, toolType[0]=TOOL_TYPE_FINGER, buttonState=0, metaState=0, flags=0x0, edgeFlags=0x0, pointerCount=1, historySize=2, eventTime=301558399, downTime=301558374, deviceId=5, source=0x1002 }
03-03 11:17:51.919  1256  1570 I chatty  : uid=1000(system) android.anim expire 5 lines
03-03 11:17:53.576  1256  1453 I chatty  : uid=1000(system) PowerManagerSer expire 17 lines
03-03 11:17:53.867  1256  1593 I chatty  : uid=1000(system) sManagerService expire 2 lines
03-03 11:18:06.066  1256  2104 I chatty  : uid=1000(system) watchdog expire 2 lines
03-03 11:18:12.760  1256  1579 I chatty  : uid=1000(system) UEventObserver expire 2 lines
03-03 11:18:33.410 27423 27423 V ActivityThread: Finishing stop of ActivityRecord{877a188 token=android.os.BinderProxy@bb9423f {cambricon.ultrademo/cambricon.ultrademo.MainActivity}}
03-03 11:18:33.416  1256  1908 I chatty  : uid=1000(system) Binder:1256_4 expire 8 lines
03-03 11:18:33.421  1256  3140 I chatty  : uid=1000(system) Binder:1256_12 expire 17 lines
03-03 11:18:33.503  1256  1453 I chatty  : uid=1000(system) PowerManagerSer expire 10 lines
03-03 11:18:33.524  1256  1440 I chatty  : uid=1000(system) android.display expire 1 line
03-03 11:18:33.603  1256  2901 I chatty  : uid=1000(system) HwDeviceUsageCo expire 1 line
03-03 11:18:33.628  3043  7690 W ContextImpl: Calling a method in the system process without a qualified user: android.app.ContextImpl.bindService:1736 android.content.ContextWrapper.bindService:678 com.huawei.nb.dataservice.dsclient.RemoteServiceConnection.open:90 com.huawei.nb.dataservice.dsclient.DataServiceProxy.connect:105 com.huawei.nb.dataservice.rsclient.internal.RemoteRuleService.start:27 
03-03 11:18:33.724  1256  1369 I chatty  : uid=1000(system) android.ui expire 1 line
03-03 11:18:33.938  1256  6432 I chatty  : uid=1000(system) Binder:1256_19 expire 12 lines
03-03 11:18:38.362  2004  2004 V KeyguardStatusView: refresh statusview showing:true
03-03 11:18:38.364  2004  2004 V KeyguardDisplayManager: show
03-03 11:18:38.394  1256 10704 I chatty  : uid=1000(system) Binder:1256_1E expire 12 lines
03-03 11:18:38.415  1256  1908 I chatty  : uid=1000(system) Binder:1256_4 expire 11 lines
03-03 11:18:38.419 27423 27423 V ActivityThread: Handle window ActivityRecord{877a188 token=android.os.BinderProxy@bb9423f {cambricon.ultrademo/cambricon.ultrademo.MainActivity}} visibility: false
03-03 11:18:38.426  1256  3140 I chatty  : uid=1000(system) Binder:1256_12 expire 16 lines
03-03 11:18:38.486  1256  1570 I chatty  : uid=1000(system) android.anim expire 7 lines
03-03 11:18:38.612  1256  1256 I chatty  : uid=1000 system_server expire 13 lines
03-03 11:18:42.968  1256  1579 I chatty  : uid=1000(system) UEventObserver expire 14 lines
03-03 11:19:06.068  1256  2104 I chatty  : uid=1000(system) watchdog expire 7 lines
03-03 11:19:06.984  1256  1365 I chatty  : uid=1000(system) android.bg expire 1 line
03-03 11:19:29.808  1256  1779 I chatty  : uid=1000(system) NetworkStats expire 7 lines
03-03 11:19:29.812  1256  1778 I chatty  : uid=1000(system) NetdConnector expire 10 lines
03-03 11:19:29.815  1256  1783 I chatty  : uid=1000(system) WifiStateMachin expire 3 lines
03-03 11:19:29.823  1256  1794 I chatty  : uid=1000(system) WifiScanningSer expire 3 lines
03-03 11:19:30.999   605  1233 W SocketListener: sending broadcast to Pid = 1256, Uid = 1000 
03-03 11:19:31.003  1256  1438 I chatty  : uid=1000(system) android.fg expire 3 lines
03-03 11:19:31.018  1256  1845 I chatty  : uid=1000(system) HwSelfCureEngin expire 3 lines
03-03 11:19:31.018  1256  6058 I chatty  : uid=1000(system) Binder:1256_17 expire 10 lines
03-03 11:19:43.401  1256  1256 I chatty  : uid=1000 system_server expire 12 lines
03-03 11:20:13.076   605  1233 W SocketListener: sending broadcast to Pid = 1256, Uid = 1000 
03-03 11:21:55.521  1256  1597 I chatty  : uid=1000(system) InputReader expire 6 lines
03-03 11:21:55.522  1256  1453 I chatty  : uid=1000(system) PowerManagerSer expire 13 lines
03-03 11:21:55.536  1256  1440 I chatty  : uid=1000(system) android.display expire 2 lines
03-03 11:21:55.544  1256  1599 I chatty  : uid=1000(system) StorageManagerS expire 2 lines
03-03 11:21:55.545   437   445 I vold    : TrimTask running tasks: 0
03-03 11:21:55.547  1256  1601 I chatty  : uid=1000(system) VoldConnector expire 1 line
03-03 11:21:55.550  1256 10704 I chatty  : uid=1000(system) Binder:1256_1E expire 8 lines
03-03 11:21:55.554  1256  1256 I chatty  : uid=1000 system_server expire 13 lines
03-03 11:21:55.555  1256  1796 I chatty  : uid=1000(system) WifiP2pService expire 10 lines
03-03 11:21:55.602  1256  4568 I chatty  : uid=1000(system) Binder:1256_15 expire 8 lines
03-03 11:21:55.678  3043  7770 W ContextImpl: Calling a method in the system process without a qualified user: android.app.ContextImpl.bindService:1736 android.content.ContextWrapper.bindService:678 com.huawei.nb.dataservice.dsclient.RemoteServiceConnection.open:90 com.huawei.nb.dataservice.dsclient.DataServiceProxy.connect:105 com.huawei.nb.dataservice.rsclient.internal.RemoteRuleService.start:27 
03-03 11:21:55.751  1256  1369 I chatty  : uid=1000(system) android.ui expire 2 lines
03-03 11:21:56.315  2004  2004 V KeyguardDisplayManager: hide
03-03 11:21:56.317  1256  3140 I chatty  : uid=1000(system) Binder:1256_12 expire 15 lines
