02-28 10:08:52.013   630  6738 I audio_hw_primary: start_output_stream++: out_type = 0, out_device = 0x2,out->pcm[PCM_CARD] = 0x0, out->voice_pcm = 0x0
02-28 10:08:52.013   630  6738 I audio_hw_primary: select_devices++ mode[0]
02-28 10:08:52.013   630  6738 I audio_hw_primary: input_source_id 0, output_device_id 0x2
02-28 10:08:52.013   630  6738 I audio_hw_primary: select_devices() devices 0x2 input src 0 output route media-speaker input route none in_device 0
02-28 10:08:52.013   630  6738 I spk_dev_interface: spk_dev_power_off: use new smartpakit version
02-28 10:08:52.013   630  6738 I smartpakit: pdata->device = 0, output_device = 2, pdata->mode = 0, mode = 0
02-28 10:08:52.013   630  6738 I smartpakit: check the same status, skip!
02-28 10:08:52.013   630  6738 I dsp_common: dsp_common_control_algo:set device = 2
02-28 10:08:52.013   630  6738 I audio_hw_primary: pa is on, cannot start ir study,device = 2
02-28 10:08:52.013   630  6738 I audio_hw_primary: pa is on, cannot start ir study,device = 2
02-28 10:08:52.014  2004  2004 W HwKeyguardDragHelper: AnimationBlocked
02-28 10:08:52.014   605  1233 W SocketListener: sending broadcast to Pid = 1256, Uid = 1000 
02-28 10:08:52.015  1873  1873 V wpa_supplicant: RTM_NEWLINK: ifi_index=27 ifname=wlan0 wext ifi_family=0 ifi_flags=0x11003 ([UP][LOWER_UP])
02-28 10:08:52.016  1873  1873 D wpa_supplicant: nl80211: Event message available
02-28 10:08:52.016  1873  1873 V wpa_supplicant: nl80211: Ignored event (cmd=34) for foreign interface (ifindex 27 wdev 0x0)
02-28 10:08:52.016  1873  1873 D wpa_supplicant: nl80211: Drv Event 34 (NL80211_CMD_NEW_SCAN_RESULTS) received for wlan0
02-28 10:08:52.016  1873  1873 D wpa_supplicant: wlan0: nl80211: New scan results available
02-28 10:08:52.016  1873  1873 D wpa_supplicant: nl80211: Scan probed for SSID ''
02-28 10:08:52.016  1873  1873 D wpa_supplicant: nl80211: Scan included frequencies: 2412 2417 2422 2427 2432 2437 2442 2447 2452 2457 2462 2467 2472 5180 5200 5220 5240 5260 5280 5300 5320 5745 5765 5785 5805 5825
02-28 10:08:52.016  1873  1873 D wpa_supplicant: wlan0: Event SCAN_RESULTS (3) received
02-28 10:08:52.016  1873  1873 D wpa_supplicant: nl80211: Received scan results (16 BSSes)
02-28 10:08:52.016  1873  1873 V wpa_supplicant: Sorted scan results
02-28 10:08:52.016  1873  1873 V wpa_supplicant: dc:**:**:**:92:bb freq=5785 qual=0 noise=-99 level=-75 snr=24 flags=0x9 age=4 est=390001
02-28 10:08:52.016  1873  1873 V wpa_supplicant: IEs - hexdump(len=227): 00 0c 63 61 6d 62 72 69 63 6f 6e 5f 35 67 01 08 8c 12 98 24 b0 48 60 6c 03 01 9d 20 01 03 2d 1a ...
02-28 10:08:52.016  1873  1873 V wpa_supplicant: 00:**:**:**:59:7f freq=5785 qual=0 noise=-99 level=-56 snr=43* flags=0x9 age=4 est=135001
02-28 10:08:52.016  1873  1873 V wpa_supplicant: IEs - hexdump(len=218): 00 0c 63 61 6d 62 72 69 63 6f 6e 2d 41 50 01 08 8c 12 98 24 b0 48 60 6c 07 0c 43 4e 20 24 04 17 ...
02-28 10:08:52.016  1873  1873 V wpa_supplicant: 00:**:**:**:5d:7f freq=5180 qual=0 noise=-99 level=-67 snr=32* flags=0x9 age=4 est=135001
02-28 10:08:52.016  1873  1873 V wpa_supplicant: IEs - hexdump(len=218): 00 0c 63 61 6d 62 72 69 63 6f 6e 2d 41 50 01 08 8c 12 98 24 b0 48 60 6c 07 0c 43 4e 20 24 04 17 ...
02-28 10:08:52.017  1873  1873 V wpa_supplicant: 00:**:**:**:e2:5f freq=5320 qual=0 noise=-99 level=-75 snr=24 flags=0x9 age=4 est=135001
02-28 10:08:52.017  1873  1873 V wpa_supplicant: IEs - hexdump(len=218): 00 0c 63 61 6d 62 72 69 63 6f 6e 2d 41 50 01 08 8c 12 98 24 b0 48 60 6c 07 0c 43 4e 20 24 04 17 ...
02-28 10:08:52.017  1873  1873 V wpa_supplicant: dc:**:**:**:92:b6 freq=2447 qual=0 noise=-83 level=-55 snr=28* flags=0x9 age=4 est=135000
02-28 10:08:52.017  1873  1873 V wpa_supplicant: IEs - hexdump(len=186): 00 09 63 61 6d 62 72 69 63 6f 6e 01 08 82 84 8b 96 0c 12 18 24 03 01 08 2a 01 00 32 04 30 48 60 ...
02-28 10:08:52.017  1873  1873 V wpa_supplicant: 00:**:**:**:73:cf freq=5745 qual=0 noise=-99 level=-76 snr=23 flags=0x9 age=4 est=121501
02-28 10:08:52.017  1873  1873 V wpa_supplicant: IEs - hexdump(len=218): 00 0c 63 61 6d 62 72 69 63 6f 6e 2d 41 50 01 08 8c 12 98 24 b0 48 60 6c 07 0c 43 4e 20 24 04 17 ...
02-28 10:08:52.017  1873  1873 V wpa_supplicant: 00:**:**:**:59:70 freq=2462 qual=0 noise=-93 level=-70 snr=23 flags=0x9 age=4 est=58500
02-28 10:08:52.017  1873  1873 V wpa_supplicant: IEs - hexdump(len=202): 00 0c 63 61 6d 62 72 69 63 6f 6e 2d 41 50 01 08 82 84 8b 0c 12 96 18 24 03 01 0b 05 04 00 01 00 ...
02-28 10:08:52.017  1873  1873 V wpa_supplicant: 00:**:**:**:73:c0 freq=2462 qual=0 noise=-93 level=-72 snr=21 flags=0x9 age=4 est=54000
02-28 10:08:52.017  1873  1873 V wpa_supplicant: IEs - hexdump(len=196): 00 0c 63 61 6d 62 72 69 63 6f 6e 2d 41 50 01 08 82 84 8b 0c 12 96 18 24 03 01 0b 07 06 43 4e 20 ...
02-28 10:08:52.017  1873  1873 V wpa_supplicant: 00:**:**:**:6f:ff freq=5785 qual=0 noise=-99 level=-86 snr=13 flags=0x9 age=4 est=54001
02-28 10:08:52.017  1873  1873 V wpa_supplicant: IEs - hexdump(len=218): 00 0c 63 61 6d 62 72 69 63 6f 6e 2d 41 50 01 08 8c 12 98 24 b0 48 60 6c 07 0c 43 4e 20 24 04 17 ...
02-28 10:08:52.017  1873  1873 V wpa_supplicant: f4:**:**:**:af:e4 freq=2422 qual=0 noise=-81 level=-63 snr=18 flags=0x9 age=4 est=48000
02-28 10:08:52.017  1873  1873 V wpa_supplicant: IEs - hexdump(len=324): 00 0d 43 68 69 6e 61 4e 65 74 2d 4b 70 58 56 01 08 82 84 8b 96 12 24 48 6c 03 01 03 2a 01 04 32 ...
02-28 10:08:52.017  1873  1873 V wpa_supplicant: 00:**:**:**:6b:50 freq=2437 qual=0 noise=-90 level=-76 snr=14 flags=0x9 age=4 est=36000
02-28 10:08:52.017  1873  1873 V wpa_supplicant: IEs - hexdump(len=196): 00 0c 63 61 6d 62 72 69 63 6f 6e 2d 41 50 01 08 82 84 8b 0c 12 96 18 24 03 01 06 07 06 43 4e 20 ...
02-28 10:08:52.017  1873  1873 V wpa_supplicant: 00:**:**:**:e2:50 freq=2412 qual=0 noise=-92 level=-78 snr=14 flags=0x9 age=4 est=36000
02-28 10:08:52.017  2004  2004 W View    : requestLayout() improperly called by com.android.internal.widget.NotificationExpandButton{f439ece VFED..C.. ......ID 192,30-240,81 #102023c android:id/expand_button} during layout: running second layout pass
02-28 10:08:52.017  1873  1873 V wpa_supplicant: IEs - hexdump(len=202): 00 0c 63 61 6d 62 72 69 63 6f 6e 2d 41 50 01 08 82 84 8b 0c 12 96 18 24 03 01 01 05 04 00 01 00 ...
02-28 10:08:52.017  1873  1873 V wpa_supplicant: 2c:**:**:**:4e:90 freq=2412 qual=0 noise=-92 level=-82 snr=10 flags=0x9 age=4 est=24000
02-28 10:08:52.017  2004  2004 W View    : requestLayout() improperly called by com.android.internal.widget.NotificationExpandButton{602a6f6 VFED..C.. ......ID 521,27-569,78 #102023c android:id/expand_button} during layout: running second layout pass
02-28 10:08:52.017  1873  1873 V wpa_supplicant: IEs - hexdump(len=232): 00 06 4c 47 43 59 5a 58 01 08 82 84 8b 0c 12 96 18 24 03 01 01 07 06 43 4e 20 01 0d 14 0b 05 00 ...
02-28 10:08:52.017  1873  1873 V wpa_supplicant: 00:**:**:**:6d:90 freq=2462 qual=0 noise=-93 level=-85 snr=8 flags=0x9 age=4 est=19500
02-28 10:08:52.017  2004  2004 W HwKeyguardDragHelper: AnimationBlocked
02-28 10:08:52.017  1873  1873 V wpa_supplicant: IEs - hexdump(len=196): 00 0c 63 61 6d 62 72 69 63 6f 6e 2d 41 50 01 08 82 84 8b 0c 12 96 18 24 03 01 0b 07 06 43 4e 20 ...
02-28 10:08:52.017  1873  1873 V wpa_supplicant: 00:**:**:**:6f:f0 freq=2412 qual=0 noise=-92 level=-89 snr=3 flags=0x9 age=4 est=6500
02-28 10:08:52.017  1873  1873 V wpa_supplicant: IEs - hexdump(len=196): 00 0c 63 61 6d 62 72 69 63 6f 6e 2d 41 50 01 08 82 84 8b 0c 12 96 18 24 03 01 01 07 06 43 4e 20 ...
02-28 10:08:52.017  1873  1873 V wpa_supplicant: 2c:**:**:**:b0:10 freq=2437 qual=0 noise=-90 level=-92 snr=-2 flags=0x9 age=4 est=6500
02-28 10:08:52.017  1873  1873 V wpa_supplicant: IEs - hexdump(len=232): 00 06 4c 47 43 59 5a 58 01 08 82 84 8b 0c 12 96 18 24 03 01 06 07 06 43 4e 20 01 0d 14 0b 05 00 ...
02-28 10:08:52.017  1873  1873 D wpa_supplicant: wlan0: BSS: Start scan result update 368
02-28 10:08:52.017  1873  1873 V wpa_supplicant: wlan0: BSS: Add new id 5427 BSSID dc:**:**:**:92:bb SSID 'cambricon_5g' freq 5785
02-28 10:08:52.017  1873  1873 V wpa_supplicant: wlan0: BSS: Add new id 5428 BSSID 00:**:**:**:59:7f SSID 'cambricon-AP' freq 5785
02-28 10:08:52.017  1873  1873 V wpa_supplicant: wlan0: BSS: Add new id 5429 BSSID 00:**:**:**:5d:7f SSID 'cambricon-AP' freq 5180
02-28 10:08:52.017  1873  1873 V wpa_supplicant: wlan0: BSS: Add new id 5430 BSSID 00:**:**:**:e2:5f SSID 'cambricon-AP' freq 5320
02-28 10:08:52.017  1873  1873 V wpa_supplicant: wlan0: BSS: Add new id 5431 BSSID dc:**:**:**:92:b6 SSID 'cambricon' freq 2447
02-28 10:08:52.017  1873  1873 V wpa_supplicant: wlan0: BSS: Add new id 5432 BSSID 00:**:**:**:73:cf SSID 'cambricon-AP' freq 5745
02-28 10:08:52.017  1873  1873 V wpa_supplicant: wlan0: BSS: Add new id 5433 BSSID 00:**:**:**:59:70 SSID 'cambricon-AP' freq 2462
02-28 10:08:52.017  1873  1873 V wpa_supplicant: wlan0: BSS: Add new id 5434 BSSID 00:**:**:**:73:c0 SSID 'cambricon-AP' freq 2462
02-28 10:08:52.017  1873  1873 V wpa_supplicant: wlan0: BSS: Add new id 5435 BSSID 00:**:**:**:6f:ff SSID 'cambricon-AP' freq 5785
02-28 10:08:52.017  1873  1873 V wpa_supplicant: WPS: AP vendor specific ies
02-28 10:08:52.018  1873  1873 V wpa_supplicant: WPS: AP SSID=ChinaNet-KpXV, MAC=f4:**:**:**:af:e4, manufacturer=Huawei, mode name=Huawei, model number=HS8145V, device name=Huawei ONT
02-28 10:08:52.018  1873  1873 V wpa_supplicant: wlan0: BSS: Add new id 5436 BSSID f4:**:**:**:af:e4 SSID 'ChinaNet-KpXV' freq 2422
02-28 10:08:52.018  1873  1873 V wpa_supplicant: wlan0: BSS: Add new id 5437 BSSID 00:**:**:**:6b:50 SSID 'cambricon-AP' freq 2437
02-28 10:08:52.018  1256  1778 D NetdConnector: RCV <- {600 Iface linkstate wlan0 up}
02-28 10:08:52.018  1873  1873 V wpa_supplicant: wlan0: BSS: Add new id 5438 BSSID 00:**:**:**:e2:50 SSID 'cambricon-AP' freq 2412
02-28 10:08:52.018  1873  1873 V wpa_supplicant: wlan0: BSS: Add new id 5439 BSSID 2c:**:**:**:4e:90 SSID 'LGCYZX' freq 2412
02-28 10:08:52.018  1873  1873 V wpa_supplicant: wlan0: BSS: Add new id 5440 BSSID 00:**:**:**:6d:90 SSID 'cambricon-AP' freq 2462
02-28 10:08:52.018  1873  1873 V wpa_supplicant: wlan0: BSS: Add new id 5441 BSSID 00:**:**:**:6f:f0 SSID 'cambricon-AP' freq 2412
02-28 10:08:52.018  1873  1873 V wpa_supplicant: wlan0: BSS: Add new id 5442 BSSID 2c:**:**:**:b0:10 SSID 'LGCYZX' freq 2437
02-28 10:08:52.018  1873  1873 D wpa_supplicant: BSS: last_scan_res_used=16/32
02-28 10:08:52.018  1873  1873 D wpa_supplicant: wlan0: New scan results available (own=0 ext=1)
02-28 10:08:52.018  1873  1873 D wpa_supplicant: wlan0: Do not use results from externally requested scan operation for network selection
02-28 10:08:52.018  1873  1873 D wpa_supplicant: p2p0: Updating scan results from sibling
02-28 10:08:52.018  1256  3146 I chatty  : uid=1000(system) Binder:1256_13 expire 8 lines
02-28 10:08:52.018  1873  1873 D wpa_supplicant: nl80211: Received scan results (16 BSSes)
02-28 10:08:52.018  1873  1873 V wpa_supplicant: Sorted scan results
02-28 10:08:52.018  1873  1873 V wpa_supplicant: dc:**:**:**:92:bb freq=5785 qual=0 noise=-99 level=-75 snr=24 flags=0x9 age=8 est=390001
02-28 10:08:52.018  1873  1873 V wpa_supplicant: IEs - hexdump(len=227): 00 0c 63 61 6d 62 72 69 63 6f 6e 5f 35 67 01 08 8c 12 98 24 b0 48 60 6c 03 01 9d 20 01 03 2d 1a ...
02-28 10:08:52.018  1873  1873 V wpa_supplicant: 00:**:**:**:59:7f freq=5785 qual=0 noise=-99 level=-56 snr=43* flags=0x9 age=8 est=135001
02-28 10:08:52.018  1873  1873 V wpa_supplicant: IEs - hexdump(len=218): 00 0c 63 61 6d 62 72 69 63 6f 6e 2d 41 50 01 08 8c 12 98 24 b0 48 60 6c 07 0c 43 4e 20 24 04 17 ...
02-28 10:08:52.018  1873  1873 V wpa_supplicant: 00:**:**:**:5d:7f freq=5180 qual=0 noise=-99 level=-67 snr=32* flags=0x9 age=8 est=135001
02-28 10:08:52.018  1873  1873 V wpa_supplicant: IEs - hexdump(len=218): 00 0c 63 61 6d 62 72 69 63 6f 6e 2d 41 50 01 08 8c 12 98 24 b0 48 60 6c 07 0c 43 4e 20 24 04 17 ...
02-28 10:08:52.018  1873  1873 V wpa_supplicant: 00:**:**:**:e2:5f freq=5320 qual=0 noise=-99 level=-75 snr=24 flags=0x9 age=8 est=135001
02-28 10:08:52.018  1873  1873 V wpa_supplicant: IEs - hexdump(len=218): 00 0c 63 61 6d 62 72 69 63 6f 6e 2d 41 50 01 08 8c 12 98 24 b0 48 60 6c 07 0c 43 4e 20 24 04 17 ...
02-28 10:08:52.018  1873  1873 V wpa_supplicant: dc:**:**:**:92:b6 freq=2447 qual=0 noise=-83 level=-55 snr=28* flags=0x9 age=8 est=135000
02-28 10:08:52.018  1873  1873 V wpa_supplicant: IEs - hexdump(len=186): 00 09 63 61 6d 62 72 69 63 6f 6e 01 08 82 84 8b 96 0c 12 18 24 03 01 08 2a 01 00 32 04 30 48 60 ...
02-28 10:08:52.018  1873  1873 V wpa_supplicant: 00:**:**:**:73:cf freq=5745 qual=0 noise=-99 level=-76 snr=23 flags=0x9 age=8 est=121501
02-28 10:08:52.018  1873  1873 V wpa_supplicant: IEs - hexdump(len=218): 00 0c 63 61 6d 62 72 69 63 6f 6e 2d 41 50 01 08 8c 12 98 24 b0 48 60 6c 07 0c 43 4e 20 24 04 17 ...
02-28 10:08:52.018  1873  1873 V wpa_supplicant: 00:**:**:**:59:70 freq=2462 qual=0 noise=-93 level=-70 snr=23 flags=0x9 age=8 est=58500
02-28 10:08:52.019  1873  1873 V wpa_supplicant: IEs - hexdump(len=202): 00 0c 63 61 6d 62 72 69 63 6f 6e 2d 41 50 01 08 82 84 8b 0c 12 96 18 24 03 01 0b 05 04 00 01 00 ...
02-28 10:08:52.019  1873  1873 V wpa_supplicant: 00:**:**:**:73:c0 freq=2462 qual=0 noise=-93 level=-72 snr=21 flags=0x9 age=8 est=54000
02-28 10:08:52.019  1873  1873 V wpa_supplicant: IEs - hexdump(len=196): 00 0c 63 61 6d 62 72 69 63 6f 6e 2d 41 50 01 08 82 84 8b 0c 12 96 18 24 03 01 0b 07 06 43 4e 20 ...
02-28 10:08:52.019  1873  1873 V wpa_supplicant: 00:**:**:**:6f:ff freq=5785 qual=0 noise=-99 level=-86 snr=13 flags=0x9 age=8 est=54001
02-28 10:08:52.019  1873  1873 V wpa_supplicant: IEs - hexdump(len=218): 00 0c 63 61 6d 62 72 69 63 6f 6e 2d 41 50 01 08 8c 12 98 24 b0 48 60 6c 07 0c 43 4e 20 24 04 17 ...
02-28 10:08:52.019  1873  1873 V wpa_supplicant: f4:**:**:**:af:e4 freq=2422 qual=0 noise=-81 level=-63 snr=18 flags=0x9 age=8 est=48000
02-28 10:08:52.019  1873  1873 V wpa_supplicant: IEs - hexdump(len=324): 00 0d 43 68 69 6e 61 4e 65 74 2d 4b 70 58 56 01 08 82 84 8b 96 12 24 48 6c 03 01 03 2a 01 04 32 ...
02-28 10:08:52.019  1873  1873 V wpa_supplicant: 00:**:**:**:6b:50 freq=2437 qual=0 noise=-90 level=-76 snr=14 flags=0x9 age=8 est=36000
02-28 10:08:52.019  1873  1873 V wpa_supplicant: IEs - hexdump(len=196): 00 0c 63 61 6d 62 72 69 63 6f 6e 2d 41 50 01 08 82 84 8b 0c 12 96 18 24 03 01 06 07 06 43 4e 20 ...
02-28 10:08:52.019  1873  1873 V wpa_supplicant: 00:**:**:**:e2:50 freq=2412 qual=0 noise=-92 level=-78 snr=14 flags=0x9 age=8 est=36000
02-28 10:08:52.019  1873  1873 V wpa_supplicant: IEs - hexdump(len=202): 00 0c 63 61 6d 62 72 69 63 6f 6e 2d 41 50 01 08 82 84 8b 0c 12 96 18 24 03 01 01 05 04 00 01 00 ...
02-28 10:08:52.019  1873  1873 V wpa_supplicant: 2c:**:**:**:4e:90 freq=2412 qual=0 noise=-92 level=-82 snr=10 flags=0x9 age=8 est=24000
02-28 10:08:52.019  1873  1873 V wpa_supplicant: IEs - hexdump(len=232): 00 06 4c 47 43 59 5a 58 01 08 82 84 8b 0c 12 96 18 24 03 01 01 07 06 43 4e 20 01 0d 14 0b 05 00 ...
02-28 10:08:52.019  1873  1873 V wpa_supplicant: 00:**:**:**:6d:90 freq=2462 qual=0 noise=-93 level=-85 snr=8 flags=0x9 age=8 est=19500
02-28 10:08:52.019  1873  1873 V wpa_supplicant: IEs - hexdump(len=196): 00 0c 63 61 6d 62 72 69 63 6f 6e 2d 41 50 01 08 82 84 8b 0c 12 96 18 24 03 01 0b 07 06 43 4e 20 ...
02-28 10:08:52.019  1873  1873 V wpa_supplicant: 00:**:**:**:6f:f0 freq=2412 qual=0 noise=-92 level=-89 snr=3 flags=0x9 age=8 est=6500
02-28 10:08:52.018  1256  1778 D NetdConnector: RCV <- {600 Iface linkstate wlan0 up}
02-28 10:08:52.019  1256  1438 D NetdConnector: RCV unsolicited event from native daemon, event = 600
02-28 10:08:52.019  1873  1873 V wpa_supplicant: IEs - hexdump(len=196): 00 0c 63 61 6d 62 72 69 63 6f 6e 2d 41 50 01 08 82 84 8b 0c 12 96 18 24 03 01 01 07 06 43 4e 20 ...
02-28 10:08:52.019  1873  1873 V wpa_supplicant: 2c:**:**:**:b0:10 freq=2437 qual=0 noise=-90 level=-92 snr=-2 flags=0x9 age=8 est=6500
02-28 10:08:52.019  1873  1873 V wpa_supplicant: IEs - hexdump(len=232): 00 06 4c 47 43 59 5a 58 01 08 82 84 8b 0c 12 96 18 24 03 01 06 07 06 43 4e 20 01 0d 14 0b 05 00 ...
02-28 10:08:52.019  1873  1873 D wpa_supplicant: p2p0: BSS: Start scan result update 368
02-28 10:08:52.019  1873  1873 V wpa_supplicant: p2p0: BSS: Add new id 5427 BSSID dc:**:**:**:92:bb SSID 'cambricon_5g' freq 5785
02-28 10:08:52.019  1873  1873 V wpa_supplicant: p2p0: BSS: Add new id 5428 BSSID 00:**:**:**:59:7f SSID 'cambricon-AP' freq 5785
02-28 10:08:52.019  1873  1873 V wpa_supplicant: p2p0: BSS: Add new id 5429 BSSID 00:**:**:**:5d:7f SSID 'cambricon-AP' freq 5180
02-28 10:08:52.019  1873  1873 V wpa_supplicant: p2p0: BSS: Add new id 5430 BSSID 00:**:**:**:e2:5f SSID 'cambricon-AP' freq 5320
02-28 10:08:52.019  1873  1873 V wpa_supplicant: p2p0: BSS: Add new id 5431 BSSID dc:**:**:**:92:b6 SSID 'cambricon' freq 2447
02-28 10:08:52.019  1873  1873 V wpa_supplicant: p2p0: BSS: Add new id 5432 BSSID 00:**:**:**:73:cf SSID 'cambricon-AP' freq 5745
02-28 10:08:52.019  1873  1873 V wpa_supplicant: p2p0: BSS: Add new id 5433 BSSID 00:**:**:**:59:70 SSID 'cambricon-AP' freq 2462
02-28 10:08:52.019  1873  1873 V wpa_supplicant: p2p0: BSS: Add new id 5434 BSSID 00:**:**:**:73:c0 SSID 'cambricon-AP' freq 2462
02-28 10:08:52.019  1873  1873 V wpa_supplicant: p2p0: BSS: Add new id 5435 BSSID 00:**:**:**:6f:ff SSID 'cambricon-AP' freq 5785
02-28 10:08:52.019  1873  1873 V wpa_supplicant: WPS: AP vendor specific ies
02-28 10:08:52.019  1873  1873 V wpa_supplicant: WPS: AP SSID=ChinaNet-KpXV, MAC=f4:**:**:**:af:e4, manufacturer=Huawei, mode name=Huawei, model number=HS8145V, device name=Huawei ONT
02-28 10:08:52.019  1873  1873 V wpa_supplicant: p2p0: BSS: Add new id 5436 BSSID f4:**:**:**:af:e4 SSID 'ChinaNet-KpXV' freq 2422
02-28 10:08:52.019  1873  1873 V wpa_supplicant: p2p0: BSS: Add new id 5437 BSSID 00:**:**:**:6b:50 SSID 'cambricon-AP' freq 2437
02-28 10:08:52.019  1873  1873 V wpa_supplicant: p2p0: BSS: Add new id 5438 BSSID 00:**:**:**:e2:50 SSID 'cambricon-AP' freq 2412
02-28 10:08:52.019  1873  1873 V wpa_supplicant: p2p0: BSS: Add new id 5439 BSSID 2c:**:**:**:4e:90 SSID 'LGCYZX' freq 2412
02-28 10:08:52.019  1873  1873 V wpa_supplicant: p2p0: BSS: Add new id 5440 BSSID 00:**:**:**:6d:90 SSID 'cambricon-AP' freq 2462
02-28 10:08:52.019  1873  1873 V wpa_supplicant: p2p0: BSS: Add new id 5441 BSSID 00:**:**:**:6f:f0 SSID 'cambricon-AP' freq 2412
02-28 10:08:52.019  1873  1873 V wpa_supplicant: p2p0: BSS: Add new id 5442 BSSID 2c:**:**:**:b0:10 SSID 'LGCYZX' freq 2437
02-28 10:08:52.019  1873  1873 D wpa_supplicant: BSS: last_scan_res_used=16/32
02-28 10:08:52.019  1873  1873 D wpa_supplicant: p2p0: New scan results available (own=0 ext=1)
02-28 10:08:52.019  1873  1873 D wpa_supplicant: p2p0: Do not use results from externally requested scan operation for network selection
02-28 10:08:52.020  2004  2004 W HwLockScreenPanel: Handle message: 4
02-28 10:08:52.020  1256  3146 D PMS10029: package:com.android.systemui, input flags:0, output hwFlags:0
02-28 10:08:52.020 15645 15645 I chatty  : uid=10110(u0_a110) expire 1 line
02-28 10:08:52.021  1256  1783 I chatty  : uid=1000(system) WifiStateMachin expire 12 lines
02-28 10:08:52.021  2004  2004 W HwLockScreenPanel: Handle message: 16
02-28 10:08:52.021  2004  2004 I WallpaperPagerAdapter:  disableFyuseMotion
02-28 10:08:52.021  1256  2171 I StatusBarManagerService: Disable records remove token DisableRecord{userId=0 pkg=com.android.systemui what1=3200000 what2=0} list: []
02-28 10:08:52.023  1256  1367 W BroadcastQueue: Permission Denial: broadcasting Intent { act=android.intent.action.USER_PRESENT flg=0x24000010 } from com.android.systemui (pid=2004, uid=10029) requires com.huawei.wifipro.permission.RECV.WIFI_CONNECTED_CONCURRENTLY due to registered receiver BroadcastFilter{9cf1a63 u0 ReceiverList{3f0f092 1256 system/1000/u0 local:cde961d}}
02-28 10:08:52.024  1256  9300 D PMS10029: package:com.android.systemui, input flags:0, output hwFlags:0
02-28 10:08:52.024  1256  9300 D PMS10029: package:com.android.systemui, input flags:0, output hwFlags:0
02-28 10:08:52.025  1256  9300 D SmartHeartBeat: setAlarmsPending ...
02-28 10:08:52.025  2004  2784 D DeviceTelephonyManager: get airplane mode: false
02-28 10:08:52.025  1256  9300 I HwAlarmManagerService: SmartHeartBeat:setAlarmsPending, pkgList=[]
02-28 10:08:52.026  1256  9300 D SmartHeartBeat: setAlarmsPending ...
02-28 10:08:52.027  2004  2004 D CameraLayout: setLift 0.0
02-28 10:08:52.027  1972  1972 D HwKeyguardManagerImpl: isLockScreenDisabled HwKeyguardManagerImpl result = false
02-28 10:08:52.027  2004  6490 I ToolBoxView: updateFlashlightViewInner:isAvailabletrue;isEnabledfalse;lightControllercom.android.systemui.statusbar.policy.FlashlightController@46101ff
02-28 10:08:52.029  1256  9300 D NetdConnector: SND -> {195 bandwidth gettetherstats}
02-28 10:08:52.029  2004  2004 D PhoneStatusBar: disable: < expand icons alerts system_info back home* recent* clock navigationbar search* quick_settings >
02-28 10:08:52.029  1256  1778 D NetdConnector: RCV <- {200 195 Tethering stats list completed}
02-28 10:08:52.030  1256  1778 D NetdConnector: RCV <- {200 195 Tethering stats list completed}
02-28 10:08:52.030  1256  1282 D PMS1000 : package:com.android.supl, input flags:0, output hwFlags:0
02-28 10:08:52.031  1256  2152 D PMS1000 : package:com.google.android.gms, input flags:0, output hwFlags:0
02-28 10:08:52.032  1256  9300 W NetworkStatsFactory: mStatsXtProcUid: /proc/net/comm/stats does not exist!
02-28 10:08:52.032  1256  9300 D HwNetworkStatsService: hwRecordUidAndProcSnapshotLocked currentTime = 1519783732028
02-28 10:08:52.032  1256  9300 I NetworkStatsFactory: javaReadNetworkStatsUidAndProcDetail. cost time = 0
02-28 10:08:52.032  1256  9300 D HwNetworkStatsService: hwMaybeUidAndProcPersistLocked currentTime = 1519783732028
02-28 10:08:52.033  1256  3124 D PMS10029: package:com.android.systemui, input flags:0, output hwFlags:0
02-28 10:08:52.034  3043  5441 I chatty  : uid=1000(system) CallbackHandler expire 6 lines
02-28 10:08:52.034  1256  2906 I chatty  : uid=1000(system) CallbackHandler expire 15 lines
02-28 10:08:52.034  1256  1592 I chatty  : uid=1000(system) AlarmManager expire 4 lines
02-28 10:08:52.035  2163  2842 I chatty  : uid=1000(system) sdk thread expire 18 lines
02-28 10:08:52.035  2163  3376 I chatty  : uid=1000(system) thermal-core-th expire 2 lines
02-28 10:08:52.037  2163  2248 I chatty  : uid=1000(system) Binder:2163_3 expire 8 lines
02-28 10:08:52.040  2163  4167 I chatty  : uid=1000(system) CallbackHandler expire 6 lines
02-28 10:08:52.041  2004  2784 I LocationController: isLocationEnabled mode 0
02-28 10:08:52.042  1972  2428 E HSM     : TrafficNotifyAfterLocked:analyseTrafficAfterUnLocked: network template is null!
02-28 10:08:52.042  3095  3095 I chatty  : uid=1000(system) com.android.supl expire 34 lines
02-28 10:08:52.043  1256  2152 D PMS1000 : package:com.google.android.gms, input flags:0, output hwFlags:0
02-28 10:08:52.045  1972  2385 E HSM     : NatTrafficNotifyService:imsi is null, so return
02-28 10:08:52.046  1256  2152 I HwNetworkPolicy: onTransact, code = 13
02-28 10:08:52.047  2004  2784 I DeviceSettingsManager: getStateTypePolicyActiveStatus() raw policyName: settings_policy_forbidden_network_share
02-28 10:08:52.049  2170  2638 E PhoneInterfaceManager: [PhoneIntfMgr] getIccId: ICC ID is null or empty.
02-28 10:08:52.050  1256  2198 D PMS10019: package:com.android.email, input flags:1, output hwFlags:0
02-28 10:08:52.050  3095  3095 I SUPL20_LocMan: Phone type:CDMA
02-28 10:08:52.050  3095  3095 I SUPL20_LocMan: Network Op Mnc= 3 MCC = 460
02-28 10:08:52.050  3095  3095 I SUPL20_LocMan: cellInfo NetworkType:NOT RETERIVE,21
02-28 10:08:52.051  1256  9300 D PMS10029: package:com.android.systemui, input flags:0, output hwFlags:0
02-28 10:08:52.051  2004  2784 W NfcTile : handleUpdateState: mAdapter is null
02-28 10:08:52.052  1256  2198 D PMS10019: package:com.android.exchange, input flags:1, output hwFlags:0
02-28 10:08:52.052  1256  2198 D PMS10019: package:com.google.android.gm, input flags:1, output is null
02-28 10:08:52.052  1256  2198 W HwAlarmManagerService: isContainsAppUidInWorksource-->happend NameNotFoundException
02-28 10:08:52.053  1256  1256 D HwWifiP2pService: onReceive, action:android.intent.action.USER_PRESENT
02-28 10:08:52.053  1256  1256 D WifiService: onReceive, action:android.intent.action.USER_PRESENT
02-28 10:08:52.054   654   964 D SensorHub: batch called handle:4 sample_ns:200000000 latency_ns:0
02-28 10:08:52.054   654   964 D SensorHub: in batch, handle = 4, flags = 0, period_ns = 200000000, timeout = 0
02-28 10:08:52.054   654   654 D SensorHub: -------------------------->SENSOR_TYPE_PROXIMITY data[0] = 5.000000
02-28 10:08:52.054  1256  1845 I chatty  : uid=1000(system) HwSelfCureEngin expire 2 lines
02-28 10:08:52.054  1256  1796 D WifiP2pService: InactiveState143468
02-28 10:08:52.055  1256  1796 E HwWifiP2pService: Unhandled message when=78897823 what=143468 arg1=0 arg2=0
02-28 10:08:52.055  1256  1796 D WifiP2pService: P2pEnabledState when=78897823 what=143468 arg1=0 arg2=0
02-28 10:08:52.055  1256  1796 D WifiP2pService: DefaultState{ when=-1ms what=143468 target=com.android.internal.util.StateMachine$SmHandler }
02-28 10:08:52.055  1256  1796 E HwWifiP2pService: Unhandled message { when=-1ms what=143468 target=com.android.internal.util.StateMachine$SmHandler }
02-28 10:08:52.055  1256  1282 V BroadcastQueue: Finished with ordered broadcast BroadcastRecord{b1b8230 u0 android.intent.action.USER_PRESENT}
02-28 10:08:52.055  1256  1848 D PMS1000 : package:android, input flags:0, output hwFlags:0
02-28 10:08:52.056   632   632 D HISUPL_ADAPTER: platform_service send data to server
02-28 10:08:52.056   632   632 D HISUPL_ADAPTER: size:1229
02-28 10:08:52.056  2004  2004 W AppHandler: sendImmediateMessage 18 with args (0, 0)
02-28 10:08:52.056  2004  2004 W HwLockScreenPanel: Handle message: 18
02-28 10:08:52.056  2004  2004 W HwBackDropView: MSG_KEYGUARD_XCH_HEIGHT setVisibility GONE
02-28 10:08:52.057  2004  2004 D PhoneStatusBar: disable: < expand icons alerts system_info back home recent clock navigationbar search quick_settings >
02-28 10:08:52.057  3095  3718 I SUPLHIDL: suplPlatformServiceSend2server send.
02-28 10:08:52.057  3095  3718 I SUPL20_SPIMESLP-SENDING: bBrokenPipe = false
02-28 10:08:52.061  1256  1282 V BroadcastQueue: Finished with ordered broadcast BroadcastRecord{d813ea9 u-1 android.net.wifi.SCAN_RESULTS}
02-28 10:08:52.062  1256  1845 D PMS1000 : package:android, input flags:0, output hwFlags:0
02-28 10:08:52.064   630  6738 I audio_pop: pop change S4 OL SWITCH SWITCH dir 1
02-28 10:08:52.064  1256  1848 I chatty  : uid=1000(system) WifiProStateMac expire 2 lines
02-28 10:08:52.065   630  6738 I audio_pop: pop change S4 OR SWITCH SWITCH dir 1
02-28 10:08:52.067  3651  4061 I CastDatabase: Opening the database
02-28 10:08:52.071  3651  4061 I SQLiteCastStore: 0 CastNetworkInfo instances loaded, 0 CastDeviceInfo instances loaded, 0 paired guest mode devices loaded.
02-28 10:08:52.072  1256  3146 D WifiService: startScan, pid:3651, uid:10019, appName:com.google.android.gms
02-28 10:08:52.072  1256  3146 D PMS1000 : package:com.google.android.gms, input flags:0, output hwFlags:0
02-28 10:08:52.074  1256  1794 I HwAlarmManagerService: hwSetAlarm listenerTag: WificondScannerImpl Scan Timeout
02-28 10:08:52.075   630  6738 I audio_pop: pop change PLAY48K SWITCH SWITCH dir 1
02-28 10:08:52.075   630  6738 I dsp_common: dsp_common_control_algo:set device = 2
02-28 10:08:52.075   630  6738 I spk_dev_interface: spk_dev_power_on: use new smartpakit version
02-28 10:08:52.075   630  6738 I smartpakit: pdata->device = 0, output_device = 2, pdata->mode = 0, mode = 0
02-28 10:08:52.075   630  6738 I smartpakit: smartpa_algo_control: enter smartpa_algo_control,cmd = 7
02-28 10:08:52.075  1873  1873 D wpa_supplicant: nl80211: Event message available
02-28 10:08:52.075  1873  1873 V wpa_supplicant: nl80211: Ignored event (cmd=33) for foreign interface (ifindex 27 wdev 0x0)
02-28 10:08:52.075  1873  1873 D wpa_supplicant: nl80211: Drv Event 33 (NL80211_CMD_TRIGGER_SCAN) received for wlan0
02-28 10:08:52.075  1873  1873 D wpa_supplicant: wlan0: nl80211: Scan trigger
02-28 10:08:52.075  1873  1873 D wpa_supplicant: wlan0: Event SCAN_STARTED (47) received
02-28 10:08:52.075  1873  1873 D wpa_supplicant: wlan0: External program started a scan
02-28 10:08:52.077   661  2340 E BufferQueueProducer: [StatusBar#0] disconnect: not connected (req=1)
02-28 10:08:52.077  2004  2629 W libEGL  : EGLNativeWindowType 0x7306633010 disconnect failed
02-28 10:08:52.078  2004  2004 W HwKeyguardDragHelper: AnimationBlocked
02-28 10:08:52.079   630  6738 I dsp_codec_ctl: codec_adsp_send_sync_cmd:ioctl ret=0
02-28 10:08:52.079   630  6738 I smartpakit: smartpa_algo_control: enter smartpa_algo_control,cmd = 8
02-28 10:08:52.079  2004  2629 D mali_winsys: EGLint new_window_surface(egl_winsys_display *, void *, EGLSurface, EGLConfig, egl_winsys_surface **, egl_color_buffer_format *, EGLBoolean) returns 0x3000
02-28 10:08:52.080   630  6738 I dsp_codec_ctl: codec_adsp_send_sync_cmd:ioctl ret=0
02-28 10:08:52.080   630  6738 I smartpakit: smartpa_algo_control: enter smartpa_algo_control,cmd = 18
02-28 10:08:52.080   630  6738 I spk_dev_interface_V2: enable_smartpa_algo: enable 1, pa_num 1, algo_in 0
02-28 10:08:52.080   630  6738 I spk_dev_interface_V2: enable_smartpa_algo: set smartpa_algo IF_OPEN
02-28 10:08:52.081   630  6738 I dsp_codec_ctl: codec_adsp_send_sync_cmd:ioctl ret=0
02-28 10:08:52.085  1256  9300 D PMS10019: package:com.google.android.gms, input flags:0, output hwFlags:0
02-28 10:08:52.087  2004  2004 D ImageWallpaper: onVisibilityChanged: mVisible, visible=false, true
02-28 10:08:52.087  2004  2004 D ImageWallpaper: Visibility changed to visible=true
02-28 10:08:52.088  2004  2004 D ImageWallpaper: Suppressed drawFrame since redraw is not needed and offsets have not changed.sf=Rect(0, 0 - 2160, 2160)
02-28 10:08:52.107  2004  2004 W HwLockScreenPanel: Handle message: 10
02-28 10:08:52.108  2004  2004 I HwBackDropView: restore param to 0
02-28 10:08:52.108  2004  2004 I HwBackDropView: checkVisibility : false; false
02-28 10:08:52.108  1256  2152 D PMS10029: package:com.android.systemui, input flags:0, output hwFlags:0
02-28 10:08:52.109  2004  2004 W HwKeyguardBottomArea: updateBatteryInfo : true  true
02-28 10:08:52.109  2004  2004 W HwKeyguardBottomArea: updateBatteryInfo showBatteryInfo: 
02-28 10:08:52.109  2004  2004 W CameraLayout: Cameralayout disabled. true false  1
02-28 10:08:52.109  2004  2004 W HwKeyguardBottomArea: updateBatteryInfo : true  true
02-28 10:08:52.109  2004  2004 W HwKeyguardBottomArea: updateBatteryInfo showBatteryInfo: 
02-28 10:08:52.109  2004  2004 W HwKeyguardBottomArea: updateBatteryInfo : true  true
02-28 10:08:52.109  2004  2004 W HwKeyguardBottomArea: updateBatteryInfo showBatteryInfo: 
02-28 10:08:52.109  2004  2004 W HwKeyguardBottomArea: updateBatteryInfo : true  true
02-28 10:08:52.109  2004  2004 W HwKeyguardBottomArea: updateBatteryInfo showBatteryInfo: 
02-28 10:08:52.110   630  6738 I smartpakit: pakit power on l(2) succ
02-28 10:08:52.110   630  6738 I audio_hw_primary: select_devices--
02-28 10:08:52.110   630  6738 I audio_hw_primary: start_output_stream--
02-28 10:08:52.112   630  6738 D asd     : [asd_proc_hal_data],hal data soundness: L[559],R[588]
02-28 10:08:52.137   742  1825 D DE N ^CR: onChange:26: DE_SCENE_ACTION_UI_ENTER COMPONENT_CONTRAST mode:0x0
02-28 10:08:52.137   742   944 D DE N SR : immidiatelyAction:237: DE_SCENE_ACTION_UI_ENTER
02-28 10:08:52.138   742  1825 D DE N ^CR: generateOperating:50: set mode 0
02-28 10:08:52.138   742  1825 D DE N VH : start:45: Wake up
02-28 10:08:52.138   742  1825 D DE N ^Sat: onChange:31: DE_SCENE_ACTION_UI_ENTER COMPONENT_SAT mode:0x0
02-28 10:08:52.138   742  1825 D DE N ^CABC: onChange:30: DE_SCENE_ACTION_UI_ENTER COMPONENT_CABC mode:0x0
02-28 10:08:52.138   742  1825 D DE N ^BLC: onChange:25: DE_SCENE_ACTION_UI_ENTER COMPONENT_BLC mode:0x5
02-28 10:08:52.138   742  1825 D DE N ^HDR10: onChange:55: DE_SCENE_ACTION_UI_ENTER COMPONENT_CONTRAST mode:0x0
02-28 10:08:52.138   742  1825 D DE N ^HDR10: onChange:55: DE_SCENE_ACTION_UI_ENTER COMPONENT_GMP mode:0x0
02-28 10:08:52.138   742  1825 D DE N ^HDR10: onChange:55: DE_SCENE_ACTION_UI_ENTER COMPONENT_GAMMA mode:0x0
02-28 10:08:52.138   742  1825 D DE N ^HDR10: onChange:55: DE_SCENE_ACTION_UI_ENTER COMPONENT_IGAMMA mode:0x0
02-28 10:08:52.138   742  1825 D DE N ^Sh1P: onChange:31: DE_SCENE_ACTION_UI_ENTER COMPONENT_SHARP mode:0x3
02-28 10:08:52.138   742  1825 D DE N ^SRE: onChange:29: true COMPONENT_CONTRAST mEnable:DE_SCENE_ACTION_UI_ENTER mode:0x0
02-28 10:08:52.138   742  1825 D DE N ^Hue: onChange:31: DE_SCENE_ACTION_UI_ENTER COMPONENT_HUE mode:0x0
02-28 10:08:52.138   742  1825 D DE N ^GMP: onChange:31: DE_SCENE_ACTION_UI_ENTER COMPONENT_GMP mode:0x3
02-28 10:08:52.138   742  1825 D DE N ^GM: onChange:31: DE_SCENE_ACTION_UI_ENTER COMPONENT_GAMMA mode:0x3
02-28 10:08:52.138   742  1825 D DE N ^IGM: onChange:31: DE_SCENE_ACTION_UI_ENTER COMPONENT_IGAMMA mode:0x3
02-28 10:08:52.138   742  1826 D DE N VH : run:118: Start
02-28 10:08:52.152   739  1506 D AudioFlinger: mixer(0x77d78a2b80) throttle end: throttle time(11)
02-28 10:08:52.172   630  6738 D asd     : [asd_proc_hal_data],hal data soundness: L[48],R[46]
02-28 10:08:52.186   742  1828 D DE N ABT: addOperating:463: Cache[ COMPONENT_BLC        ][ LOW_BIT_MODE         ]| 1 / 1 | DE_FEATURE_BLC       |   -1   |0x5
02-28 10:08:52.187   742  1828 D DE N HWC: apply:87: FEATURE_SHARP: <mode:0x3>
02-28 10:08:52.187   742  1828 D DE N HW : setEffect:71: FEATURE_SHARP mode:0x3 size:0
02-28 10:08:52.187   635   635 D DE H DE : setHardwareEffect:212: FEATURE_SHARP 0x3
02-28 10:08:52.187   742  1828 D DE N HWC: apply:55: FEATURE_CONTRAST: mEnable=0 enable=0
02-28 10:08:52.187   742  1828 D DE N HWC: apply:55: FEATURE_BLC: mEnable=0 enable=0
02-28 10:08:52.187   742  1828 D DE N HWC: apply:72: FEATURE_GMP: start dimming <mode:0x100003 | END:0x100003> <frames:10>
02-28 10:08:52.187   742  1828 D DE N ABT: mergeXccOperating:550: Xcc Operation cannot be merged,seg:0,mode:0x1c,datamode:0xffffffff
02-28 10:08:52.187   742  1828 D DE N HWC: apply:55: FEATURE_HUE: mEnable=0 enable=0
02-28 10:08:52.187   742  1828 D DE N HWC: apply:55: FEATURE_SAT: mEnable=0 enable=0
02-28 10:08:52.187   742  1828 D DE N HWC: apply:72: FEATURE_GAMMA: start dimming <mode:0x100003 | END:0x100003> <frames:20>
02-28 10:08:52.187   742  1828 D DE N HWC: apply:72: FEATURE_IGAMMA: start dimming <mode:0x100003 | END:0x100003> <frames:20>
02-28 10:08:52.187   742  1828 D DE N HWC: apply:55: FEATURE_PANEL_INFO: mEnable=0 enable=0
02-28 10:08:52.187   742  1828 D DE N HWC: apply:55: FEATURE_DDIC_RGBW: mEnable=0 enable=0
02-28 10:08:52.187   742  1828 D DE N HWC: apply:55: FEATURE_DDIC_CABC: mEnable=0 enable=0
02-28 10:08:52.203   742  1828 D DE N HW : setEffect:64: FEATURE_GMP dimming mode:0x100003 frame:(0/10) size:0
02-28 10:08:52.203   635   635 D DE H DE : setHardwareEffect:205: FEATURE_GMP dimming:0/10 0x100003
02-28 10:08:52.203   635   635 I DE H =DE: setGMP:1372: Dimming target mode = current mode, nothing to do.
02-28 10:08:52.203   742  1828 D DE N HW : setEffect:64: FEATURE_GAMMA dimming mode:0x100003 frame:(0/20) size:0
02-28 10:08:52.203   635   635 D DE H DE : setHardwareEffect:205: FEATURE_GAMMA dimming:0/20 0x100003
02-28 10:08:52.203   635   635 I DE H =DE: setGamma:1126: Dimming target mode = current mode, nothing to do.
02-28 10:08:52.203   742  1828 D DE N HW : setEffect:64: FEATURE_IGAMMA dimming mode:0x100003 frame:(0/20) size:0
02-28 10:08:52.203   635   635 D DE H DE : setHardwareEffect:205: FEATURE_IGAMMA dimming:0/20 0x100003
02-28 10:08:52.203   635   635 I DE H =DE: setIGamma:1222: Dimming target mode = current mode, nothing to do.
02-28 10:08:52.219   635   635 D DE H =DE: setGMP:1396: Load /product/etc/display/effect/displayengine/engine_gmp_BKLY_130_100_0_5_99__2160_x_1080.xml mode:0x100003
02-28 10:08:52.219   635   635 D DE H =DE: setGamma:1142: Load mode:0x100003 for dimming
02-28 10:08:52.219   635   635 D DE H =DE: setIGamma:1238: Load mode:0x100003
02-28 10:08:52.284   739  1120 I APM_AudioPolicyManager: stopOutput() output 13, stream 1, session 89
02-28 10:08:52.284   739  1120 D APM_AudioPolicyManager: event 165
02-28 10:08:52.284   739  1120 V APM_AudioPolicyManager: setBeaconMute(1) mBeaconMuteRefCount=0 mBeaconPlayingRefCount=0
02-28 10:08:52.284   739  1120 I APM_AudioPolicyManager: getNewOutputDevice() selected device 0
02-28 10:08:52.284   739  1120 I APM_AudioPolicyManager: setOutputDevice() device 0x0000 delayMs 80 force 0
02-28 10:08:52.284   739  1120 V APM_AudioPolicyManager: setOutputDevice() prevDevice 0x0002
02-28 10:08:52.284   739  1120 I APM_AudioPolicyManager: setOutputDevice() setting same device 0x0000 or null device
02-28 10:08:52.326  2004  2004 D ImageWallpaper: onVisibilityChanged: mVisible, visible=true, false
02-28 10:08:52.326  2004  2004 D ImageWallpaper: Visibility changed to visible=false
02-28 10:08:52.347   742  1828 D DE N HW : setEffect:64: FEATURE_GMP dimming mode:0x100003 frame:(9/10) size:0
02-28 10:08:52.348   635   635 D DE H DE : setHardwareEffect:205: FEATURE_GMP dimming:9/10 0x100003
02-28 10:08:52.364   742  1828 D DE N HW : setEffect:71: FEATURE_GMP mode:0x100003 size:0
02-28 10:08:52.364   635   635 D DE H DE : setHardwareEffect:212: FEATURE_GMP 0x100003
02-28 10:08:52.470  2004  2004 W HwKeyguardBottomArea: KG_FDT mShowIndicationRunner
02-28 10:08:52.471  2004  2004 D TimeKeeper: getTimeTickInfo:[mMillisUntilFinished:0, mHour:0, mMinute:0, mSecond:0]
02-28 10:08:52.471  2004  2004 E KeyguardUpdateMonitor: isSimPinSecure mSimDatas is null or empty 
02-28 10:08:52.471  2004  2004 D TimeKeeper: getTimeTickInfo:[mMillisUntilFinished:0, mHour:0, mMinute:0, mSecond:0]
02-28 10:08:52.471  2004  2004 W LockIcon: getState 1 <-> 0; fp running false
02-28 10:08:52.471  2004  2004 W LockIcon: hideView: false
02-28 10:08:52.471  2004  2004 D TimeKeeper: getTimeTickInfo:[mMillisUntilFinished:0, mHour:0, mMinute:0, mSecond:0]
02-28 10:08:52.471  2004  2004 E KeyguardUpdateMonitor: isSimPinSecure mSimDatas is null or empty 
02-28 10:08:52.471  2004  2004 D TimeKeeper: getTimeTickInfo:[mMillisUntilFinished:0, mHour:0, mMinute:0, mSecond:0]
02-28 10:08:52.472  2004  2004 W LockIcon: getState 1 <-> 0; fp running false
02-28 10:08:52.472  2004  2004 W HwKeyguardBottomArea: KG_FDT skip mLockHintText.getVisibility()
02-28 10:08:52.506  2004  2004 D TimeKeeper: getTimeTickInfo:[mMillisUntilFinished:0, mHour:0, mMinute:0, mSecond:0]
02-28 10:08:52.506  2004  2004 E KeyguardUpdateMonitor: isSimPinSecure mSimDatas is null or empty 
02-28 10:08:52.506  2004  2004 D TimeKeeper: getTimeTickInfo:[mMillisUntilFinished:0, mHour:0, mMinute:0, mSecond:0]
02-28 10:08:52.507  2004  2004 W LockIcon: getState 1 <-> 0; fp running false
02-28 10:08:52.509   742  1828 D DE N HW : setEffect:64: FEATURE_GAMMA dimming mode:0x100003 frame:(19/20) size:0
02-28 10:08:52.509   635   635 D DE H DE : setHardwareEffect:205: FEATURE_GAMMA dimming:19/20 0x100003
02-28 10:08:52.510   742  1828 D DE N HW : setEffect:64: FEATURE_IGAMMA dimming mode:0x100003 frame:(19/20) size:0
02-28 10:08:52.510   635   635 D DE H DE : setHardwareEffect:205: FEATURE_IGAMMA dimming:19/20 0x100003
02-28 10:08:52.525   742  1828 D DE N HW : setEffect:71: FEATURE_GAMMA mode:0x100003 size:0
02-28 10:08:52.526   635   635 D DE H DE : setHardwareEffect:212: FEATURE_GAMMA 0x100003
02-28 10:08:52.527   742  1828 D DE N HW : setEffect:71: FEATURE_IGAMMA mode:0x100003 size:0
02-28 10:08:52.527   635   635 D DE H DE : setHardwareEffect:212: FEATURE_IGAMMA 0x100003
02-28 10:08:52.537  1256  1256 I HwNormalizedSpline: DayMode:getBrightnessLevel lux =716.0, mDefaultBrightnessFromLux =68.810425
02-28 10:08:52.541   742  1826 D DE N VH : run:148: Stop
02-28 10:08:52.948  2004  2004 I PhoneStatusBarView: mDelayedGetViewPositionOnScreen getLocationInWindow 0 0
02-28 10:08:52.949  2004  2004 I PhoneStatusBarView: mDelayedGetViewPositionOnScreen getLocationOnScreen 0 0
02-28 10:08:53.008  1256  1440 I chatty  : uid=1000(system) android.display expire 11 lines
02-28 10:08:53.020  1256  1453 I HwNormalizedSpline: DayMode:getBrightnessLevel lux =298.0, mDefaultBrightnessFromLux =52.197453
02-28 10:08:53.021  1256  1453 I chatty  : uid=1000(system) PowerManagerSer expire 11 lines
02-28 10:08:53.022  1256  1453 I DisplayPowerController: mPowerRequest.useSmartBacklight : true
02-28 10:08:53.023  2004  2274 I EventCenter: ContentChange for slot: 1
02-28 10:08:53.027  1256  2152 D PMS10067: package:com.huawei.android.launcher, input flags:0, output hwFlags:0
02-28 10:08:53.060  1256  3146 D PMS10067: package:com.huawei.android.launcher, input flags:0, output hwFlags:0
02-28 10:08:53.060  1256  9300 D PMS10029: package:com.android.systemui, input flags:0, output hwFlags:0
02-28 10:08:53.059  2004  2274 I EventCenter: ContentChange for slot: 1
02-28 10:08:53.061  2004  2004 I HwBrightnessUtils: APS brightness=68.0,ConvertToPercentage=0.49982676
02-28 10:08:53.095  2004  2274 I EventCenter: ContentChange for slot: 1
02-28 10:08:53.096  1256  3146 D PMS10067: package:com.huawei.android.launcher, input flags:0, output hwFlags:0
02-28 10:08:53.096  1256  3146 D PMS10029: package:com.android.systemui, input flags:0, output hwFlags:0
02-28 10:08:53.096  2004  2004 I HwBrightnessUtils: APS brightness=67.0,ConvertToPercentage=0.4954728
02-28 10:08:53.126  2004  2274 I EventCenter: ContentChange for slot: 1
02-28 10:08:53.127  1256  9300 D PMS10029: package:com.android.systemui, input flags:0, output hwFlags:0
02-28 10:08:53.127  1256  3146 D PMS10067: package:com.huawei.android.launcher, input flags:0, output hwFlags:0
02-28 10:08:53.127  2004  2004 I HwBrightnessUtils: APS brightness=66.0,ConvertToPercentage=0.49108803
02-28 10:08:53.160  2004  2274 I EventCenter: ContentChange for slot: 1
02-28 10:08:53.160  1256  3146 D PMS10029: package:com.android.systemui, input flags:0, output hwFlags:0
02-28 10:08:53.161  2004  2004 I HwBrightnessUtils: APS brightness=65.0,ConvertToPercentage=0.48667172
02-28 10:08:53.162  1256  3146 D PMS10067: package:com.huawei.android.launcher, input flags:0, output hwFlags:0
02-28 10:08:53.175  2004  2274 I EventCenter: ContentChange for slot: 1
02-28 10:08:53.176  1256  3146 D PMS10029: package:com.android.systemui, input flags:0, output hwFlags:0
02-28 10:08:53.176  1256  9300 D PMS10067: package:com.huawei.android.launcher, input flags:0, output hwFlags:0
02-28 10:08:53.176  2004  2004 I HwBrightnessUtils: APS brightness=64.0,ConvertToPercentage=0.48222306
02-28 10:08:53.201  1256  1277 I chatty  : uid=1000(system) HeapTaskDaemon expire 10 lines
02-28 10:08:53.208  2004  2274 I EventCenter: ContentChange for slot: 1
02-28 10:08:53.210  1256  9300 D PMS10067: package:com.huawei.android.launcher, input flags:0, output hwFlags:0
02-28 10:08:53.213  1256  9300 D PMS10029: package:com.android.systemui, input flags:0, output hwFlags:0
02-28 10:08:53.213  2004  2004 I HwBrightnessUtils: APS brightness=63.0,ConvertToPercentage=0.47774136
02-28 10:08:53.242  2004  2274 I EventCenter: ContentChange for slot: 1
02-28 10:08:53.243  1256  9300 D PMS10067: package:com.huawei.android.launcher, input flags:0, output hwFlags:0
02-28 10:08:53.244  1256  9300 D PMS10029: package:com.android.systemui, input flags:0, output hwFlags:0
02-28 10:08:53.245  2004  2004 I HwBrightnessUtils: APS brightness=62.0,ConvertToPercentage=0.4732258
02-28 10:08:53.277  2004  2274 I EventCenter: ContentChange for slot: 1
02-28 10:08:53.277  1256  9300 D PMS10067: package:com.huawei.android.launcher, input flags:0, output hwFlags:0
02-28 10:08:53.277  1256  3146 D PMS10029: package:com.android.systemui, input flags:0, output hwFlags:0
02-28 10:08:53.278  2004  2004 I HwBrightnessUtils: APS brightness=61.0,ConvertToPercentage=0.46867543
02-28 10:08:53.293  2004  2274 I EventCenter: ContentChange for slot: 1
02-28 10:08:53.296  2004  2004 I HwBrightnessUtils: APS brightness=60.0,ConvertToPercentage=0.4640895
02-28 10:08:53.295  1256  3146 D PMS10029: package:com.android.systemui, input flags:0, output hwFlags:0
02-28 10:08:53.298  1256  3146 D PMS10067: package:com.huawei.android.launcher, input flags:0, output hwFlags:0
02-28 10:08:53.314  1873  1873 V wpa_supplicant: RTM_NEWLINK: ifi_index=27 ifname=wlan0 wext ifi_family=0 ifi_flags=0x11003 ([UP][LOWER_UP])
02-28 10:08:53.315   605  1233 W SocketListener: sending broadcast to Pid = 1256, Uid = 1000 
02-28 10:08:53.316  1256  1778 D NetdConnector: RCV <- {600 Iface linkstate wlan0 up}
02-28 10:08:53.318  1425  1435 I OAM     : [check_file_size:505]/data/log/wifi/wifi_log_1 log file beyond size=10240Byte, creat new file
02-28 10:08:53.318  1425  1435 I OAM     : [rename_old_file:210]rename_old_file
02-28 10:08:53.318  1425  1435 I OAM     : 
02-28 10:08:53.317  1256  1778 D NetdConnector: RCV <- {600 Iface linkstate wlan0 up}
02-28 10:08:53.319  1256  1438 D NetdConnector: RCV unsolicited event from native daemon, event = 600
02-28 10:08:53.319  1873  1873 D wpa_supplicant: nl80211: Event message available
02-28 10:08:53.319  1873  1873 V wpa_supplicant: nl80211: Ignored event (cmd=34) for foreign interface (ifindex 27 wdev 0x0)
02-28 10:08:53.319  1873  1873 D wpa_supplicant: nl80211: Drv Event 34 (NL80211_CMD_NEW_SCAN_RESULTS) received for wlan0
02-28 10:08:53.319  1873  1873 D wpa_supplicant: wlan0: nl80211: New scan results available
02-28 10:08:53.320  1873  1873 D wpa_supplicant: nl80211: Scan probed for SSID ''
02-28 10:08:53.320  1873  1873 D wpa_supplicant: nl80211: Scan included frequencies: 2412 2417 2422 2427 2432 2437 2442 2447 2452 2457 2462 2467 2472 5180 5200 5220 5240 5260 5280 5300 5320 5745 5765 5785 5805 5825
02-28 10:08:53.320  1873  1873 D wpa_supplicant: wlan0: Event SCAN_RESULTS (3) received
02-28 10:08:53.320  1873  1873 D wpa_supplicant: nl80211: Received scan results (18 BSSes)
02-28 10:08:53.324  1873  1873 V wpa_supplicant: Sorted scan results
02-28 10:08:53.325  1873  1873 V wpa_supplicant: dc:**:**:**:92:bb freq=5785 qual=0 noise=-98 level=-78 snr=20 flags=0x9 age=8 est=351001
02-28 10:08:53.325  1873  1873 V wpa_supplicant: IEs - hexdump(len=227): 00 0c 63 61 6d 62 72 69 63 6f 6e 5f 35 67 01 08 8c 12 98 24 b0 48 60 6c 03 01 9d 20 01 03 2d 1a ...
02-28 10:08:53.325  1873  1873 V wpa_supplicant: 00:**:**:**:59:7f freq=5785 qual=0 noise=-98 level=-55 snr=43* flags=0x9 age=8 est=135001
02-28 10:08:53.325  1873  1873 V wpa_supplicant: IEs - hexdump(len=218): 00 0c 63 61 6d 62 72 69 63 6f 6e 2d 41 50 01 08 8c 12 98 24 b0 48 60 6c 07 0c 43 4e 20 24 04 17 ...
02-28 10:08:53.325  1873  1873 V wpa_supplicant: 00:**:**:**:5d:7f freq=5180 qual=0 noise=-98 level=-65 snr=33* flags=0x9 age=8 est=135001
02-28 10:08:53.325  1873  1873 V wpa_supplicant: IEs - hexdump(len=218): 00 0c 63 61 6d 62 72 69 63 6f 6e 2d 41 50 01 08 8c 12 98 24 b0 48 60 6c 07 0c 43 4e 20 24 04 17 ...
02-28 10:08:53.325  1873  1873 V wpa_supplicant: 00:**:**:**:e2:5f freq=5320 qual=0 noise=-99 level=-72 snr=27* flags=0x9 age=8 est=135001
02-28 10:08:53.325  1873  1873 V wpa_supplicant: IEs - hexdump(len=218): 00 0c 63 61 6d 62 72 69 63 6f 6e 2d 41 50 01 08 8c 12 98 24 b0 48 60 6c 07 0c 43 4e 20 24 04 17 ...
02-28 10:08:53.325  1873  1873 V wpa_supplicant: dc:**:**:**:92:b6 freq=2447 qual=0 noise=-88 level=-55 snr=33* flags=0x9 age=8 est=135000
02-28 10:08:53.325  1873  1873 V wpa_supplicant: IEs - hexdump(len=186): 00 09 63 61 6d 62 72 69 63 6f 6e 01 08 82 84 8b 96 0c 12 18 24 03 01 08 2a 01 00 32 04 30 48 60 ...
02-28 10:08:53.325  1873  1873 V wpa_supplicant: a8:**:**:**:16:c1 freq=2462 qual=0 noise=-93 level=-68 snr=25* flags=0x9 age=8 est=135000
02-28 10:08:53.325  1873  1873 V wpa_supplicant: IEs - hexdump(len=287): 00 1c 48 50 2d 50 72 69 6e 74 2d 63 31 2d 4c 61 73 65 72 4a 65 74 20 50 72 6f 20 4d 46 50 01 08 ...
02-28 10:08:53.325  1873  1873 V wpa_supplicant: 00:**:**:**:73:cf freq=5745 qual=0 noise=-99 level=-77 snr=22 flags=0x9 age=8 est=121501
02-28 10:08:53.325  1873  1873 V wpa_supplicant: IEs - hexdump(len=218): 00 0c 63 61 6d 62 72 69 63 6f 6e 2d 41 50 01 08 8c 12 98 24 b0 48 60 6c 07 0c 43 4e 20 24 04 17 ...
02-28 10:08:53.325  1873  1873 V wpa_supplicant: 00:**:**:**:59:70 freq=2462 qual=0 noise=-93 level=-62 snr=31* flags=0x9 age=8 est=65000
02-28 10:08:53.325  1873  1873 V wpa_supplicant: IEs - hexdump(len=202): 00 0c 63 61 6d 62 72 69 63 6f 6e 2d 41 50 01 08 82 84 8b 0c 12 96 18 24 03 01 0b 05 04 00 01 00 ...
02-28 10:08:53.325  1873  1873 V wpa_supplicant: f4:**:**:**:af:e8 freq=5180 qual=0 noise=-98 level=-84 snr=14 flags=0x9 age=8 est=175501
02-28 10:08:53.325  1873  1873 V wpa_supplicant: IEs - hexdump(len=235): 00 10 43 68 69 6e 61 4e 65 74 2d 4b 70 58 56 2d 35 47 01 08 8c 12 98 24 b0 48 60 6c 03 01 24 07 ...
02-28 10:08:53.325  1873  1873 V wpa_supplicant: 00:**:**:**:6f:ff freq=5785 qual=0 noise=-98 level=-85 snr=13 flags=0x9 age=8 est=54001
02-28 10:08:53.325  1873  1873 V wpa_supplicant: IEs - hexdump(len=218): 00 0c 63 61 6d 62 72 69 63 6f 6e 2d 41 50 01 08 8c 12 98 24 b0 48 60 6c 07 0c 43 4e 20 24 04 17 ...
02-28 10:08:53.325  1873  1873 V wpa_supplicant: 00:**:**:**:e2:50 freq=2412 qual=0 noise=-95 level=-78 snr=17 flags=0x9 age=8 est=48000
02-28 10:08:53.325  1873  1873 V wpa_supplicant: IEs - hexdump(len=202): 00 0c 63 61 6d 62 72 69 63 6f 6e 2d 41 50 01 08 82 84 8b 0c 12 96 18 24 03 01 01 05 04 00 01 00 ...
02-28 10:08:53.325  1873  1873 V wpa_supplicant: 2c:**:**:**:4e:90 freq=2412 qual=0 noise=-95 level=-79 snr=16 flags=0x9 age=8 est=48000
02-28 10:08:53.325  1873  1873 V wpa_supplicant: IEs - hexdump(len=232): 00 06 4c 47 43 59 5a 58 01 08 82 84 8b 0c 12 96 18 24 03 01 01 07 06 43 4e 20 01 0d 14 0b 05 00 ...
