02-26 15:34:33.554   715   715 I chatty  : uid=1010(wifi) /system/bin/wificond expire 42 lines
02-26 15:35:11.085  1256  1256 I chatty  : uid=1000 system_server expire 10 lines
02-26 15:35:26.338   604  1233 W SocketListener: sending broadcast to Pid = 1256, Uid = 1000 
02-26 15:35:26.339  1256  1785 I chatty  : uid=1000(system) NetdConnector expire 12 lines
02-26 15:35:26.367  1256 12874 I chatty  : uid=1000(system) Binder:1256_20 expire 1 line
02-26 15:35:26.385  1256  2538 I chatty  : uid=1000(system) Binder:1256_E expire 13 lines
02-26 15:35:26.472  1365  1365 D ActivityThread: ActivityThread,attachApplication
02-26 15:35:26.480  1256  2296 I chatty  : uid=1000(system) Binder:1256_A expire 23 lines
02-26 15:35:26.555  1256  1256 I chatty  : uid=1000 system_server expire 10 lines
02-26 15:35:26.591  1256  8713 I chatty  : uid=1000(system) Binder:1256_19 expire 12 lines
02-26 15:35:29.590   715   715 I chatty  : uid=1010(wifi) /system/bin/wificond expire 12 lines
02-26 15:35:44.530   604  1233 W SocketListener: sending broadcast to Pid = 1256, Uid = 1000 
02-26 15:35:45.612   715   715 I chatty  : uid=1010(wifi) /system/bin/wificond expire 12 lines
02-26 15:35:57.285   604  1233 W SocketListener: sending broadcast to Pid = 1256, Uid = 1000 
02-26 15:36:01.621   715   715 I chatty  : uid=1010(wifi) /system/bin/wificond expire 24 lines
02-26 15:36:04.687  1256 12874 I chatty  : uid=1000(system) Binder:1256_20 expire 11 lines
02-26 15:36:27.346   604  1233 W SocketListener: sending broadcast to Pid = 1256, Uid = 1000 
02-26 15:36:27.355  1256  8713 I chatty  : uid=1000(system) Binder:1256_19 expire 13 lines
02-26 15:36:28.373   604  1233 W SocketListener: sending broadcast to Pid = 1256, Uid = 1000 
02-26 15:36:33.657   715   715 I chatty  : uid=1010(wifi) /system/bin/wificond expire 18 lines
02-26 15:36:56.660   604  1233 W SocketListener: sending broadcast to Pid = 1256, Uid = 1000 
02-26 15:36:57.680   715   715 I chatty  : uid=1010(wifi) /system/bin/wificond expire 66 lines
02-26 15:38:12.318  1256  1583 I chatty  : uid=1000(system) UEventObserver expire 10 lines
02-26 15:38:12.337  1256  1256 I chatty  : uid=1000 system_server expire 10 lines
02-26 15:38:25.188   604  1233 W SocketListener: sending broadcast to Pid = 1256, Uid = 1000 
02-26 15:38:25.191  1256  1785 I chatty  : uid=1000(system) NetdConnector expire 10 lines
02-26 15:38:25.743   715   715 I chatty  : uid=1010(wifi) /system/bin/wificond expire 12 lines
02-26 15:38:40.277   604  1233 W SocketListener: sending broadcast to Pid = 1256, Uid = 1000 
02-26 15:38:40.294  1256  8713 I chatty  : uid=1000(system) Binder:1256_19 expire 16 lines
02-26 15:38:41.754   715   715 I chatty  : uid=1010(wifi) /system/bin/wificond expire 96 lines
02-26 15:38:49.439  1256  8714 I chatty  : uid=1000(system) Binder:1256_1A expire 16 lines
02-26 15:40:43.355  1256  1583 I chatty  : uid=1000(system) UEventObserver expire 16 lines
02-26 15:40:43.377  1256  1256 I chatty  : uid=1000 system_server expire 18 lines
02-26 15:40:44.487  1256  2115 I chatty  : uid=1000(system) watchdog expire 13 lines
02-26 15:40:45.668   604  1233 W SocketListener: sending broadcast to Pid = 1256, Uid = 1000 
02-26 15:40:45.682  1256  2296 I chatty  : uid=1000(system) Binder:1256_A expire 12 lines
02-26 15:40:46.800  1256  1446 I chatty  : uid=1000(system) batterystats-sy expire 2 lines
02-26 15:40:49.857   715   715 I chatty  : uid=1010(wifi) /system/bin/wificond expire 12 lines
02-26 15:40:53.601   713   794 E /system/bin/storaged: pid_info get_pids failed
02-26 15:41:00.757   604  1233 W SocketListener: sending broadcast to Pid = 1256, Uid = 1000 
02-26 15:41:00.773  1256  8714 I chatty  : uid=1000(system) Binder:1256_1A expire 6 lines
02-26 15:41:05.868   715   715 I chatty  : uid=1010(wifi) /system/bin/wificond expire 12 lines
02-26 15:41:18.145  1256  2000 I chatty  : uid=1000 system_server expire 1 line
02-26 15:41:18.150   604  1233 W SocketListener: sending broadcast to Pid = 1256, Uid = 1000 
02-26 15:41:18.166  1256 12874 I chatty  : uid=1000(system) Binder:1256_20 expire 6 lines
02-26 15:41:21.876   715   715 I chatty  : uid=1010(wifi) /system/bin/wificond expire 12 lines
02-26 15:41:24.441  1256  1855 I chatty  : uid=1000(system) StatisticsCHRMs expire 4 lines
02-26 15:41:34.226   604  1233 W SocketListener: sending broadcast to Pid = 1256, Uid = 1000 
02-26 15:41:34.227  1256  1785 I chatty  : uid=1000(system) NetdConnector expire 16 lines
02-26 15:41:34.229  1256  1454 I chatty  : uid=1000(system) android.fg expire 10 lines
02-26 15:41:37.892   715   715 I chatty  : uid=1010(wifi) /system/bin/wificond expire 24 lines
02-26 15:41:41.732   604  1233 W SocketListener: sending broadcast to Pid = 1256, Uid = 1000 
02-26 15:42:03.282   604  1237 W SocketListener: sending broadcast to Pid = 1256, Uid = 1000 
02-26 15:42:09.925   715   715 I chatty  : uid=1010(wifi) /system/bin/wificond expire 18 lines
02-26 15:42:11.922   604  1233 W SocketListener: sending broadcast to Pid = 1256, Uid = 1000 
02-26 15:42:12.916   604  1233 W SocketListener: sending broadcast to Pid = 1256, Uid = 1000 
02-26 15:42:27.925   604  1233 W SocketListener: sending broadcast to Pid = 1256, Uid = 1000 
02-26 15:42:33.952   715   715 I chatty  : uid=1010(wifi) /system/bin/wificond expire 30 lines
02-26 15:43:06.152   604  1233 W SocketListener: sending broadcast to Pid = 1256, Uid = 1000 
02-26 15:43:06.313  1256  2025 I chatty  : uid=1000(system) Binder:1256_5 expire 14 lines
02-26 15:43:06.318  1256 27105 I chatty  : uid=1000(system) Binder:1256_1F expire 4 lines
02-26 15:43:06.331  1256  3101 I chatty  : uid=1000(system) Binder:1256_11 expire 5 lines
02-26 15:43:13.997   715   715 I chatty  : uid=1010(wifi) /system/bin/wificond expire 36 lines
02-26 15:43:21.236   604  1233 W SocketListener: sending broadcast to Pid = 1256, Uid = 1000 
02-26 15:43:57.780   604  1233 W SocketListener: sending broadcast to Pid = 1256, Uid = 1000 
02-26 15:43:57.784  1256  1785 I chatty  : uid=1000(system) NetdConnector expire 10 lines
02-26 15:43:57.788  1256  1454 I chatty  : uid=1000(system) android.fg expire 5 lines
02-26 15:44:02.026   715   715 I chatty  : uid=1010(wifi) /system/bin/wificond expire 12 lines
02-26 15:44:12.817   604  1233 W SocketListener: sending broadcast to Pid = 1256, Uid = 1000 
02-26 15:44:18.043   715   715 I chatty  : uid=1010(wifi) /system/bin/wificond expire 54 lines
02-26 15:44:45.030  1256  1583 I chatty  : uid=1000(system) UEventObserver expire 10 lines
02-26 15:44:45.045  1256  1256 I chatty  : uid=1000 system_server expire 10 lines
02-26 15:45:26.741   604  1233 W SocketListener: sending broadcast to Pid = 1256, Uid = 1000 
02-26 15:45:30.118   715   715 I chatty  : uid=1010(wifi) /system/bin/wificond expire 12 lines
02-26 15:45:41.845   604  1233 W SocketListener: sending broadcast to Pid = 1256, Uid = 1000 
02-26 15:45:41.858  1256  8713 I chatty  : uid=1000(system) Binder:1256_19 expire 16 lines
02-26 15:45:46.134   715   715 I chatty  : uid=1010(wifi) /system/bin/wificond expire 72 lines
02-26 15:47:14.512  1256  2115 I chatty  : uid=1000(system) watchdog expire 12 lines
02-26 15:47:16.073  1256  1583 I chatty  : uid=1000(system) UEventObserver expire 14 lines
02-26 15:47:22.069   604  1233 W SocketListener: sending broadcast to Pid = 1256, Uid = 1000 
02-26 15:47:22.110  1256  1586 I chatty  : uid=1000(system) Binder:1256_3 expire 21 lines
02-26 15:47:22.206   715   715 I chatty  : uid=1010(wifi) /system/bin/wificond expire 72 lines
02-26 15:47:46.293  1256  1256 I chatty  : uid=1000 system_server expire 14 lines
02-26 15:47:54.745  1256  1786 I chatty  : uid=1000(system) NetworkStats expire 7 lines
02-26 15:47:54.748  1256  1785 I chatty  : uid=1000(system) NetdConnector expire 12 lines
02-26 15:47:54.768  1256  8713 I chatty  : uid=1000(system) Binder:1256_19 expire 8 lines
02-26 15:47:54.774  1256  2296 I chatty  : uid=1000(system) Binder:1256_A expire 10 lines
02-26 15:47:54.801  1256  1284 I chatty  : uid=1000(system) Binder:1256_1 expire 18 lines
02-26 15:47:54.843  1256  1285 I chatty  : uid=1000(system) Binder:1256_2 expire 10 lines
02-26 15:48:58.193   604  1233 W SocketListener: sending broadcast to Pid = 1256, Uid = 1000 
02-26 15:48:58.196  1256  1454 I chatty  : uid=1000(system) android.fg expire 10 lines
02-26 15:48:58.305   715   715 I chatty  : uid=1010(wifi) /system/bin/wificond expire 54 lines
02-26 15:50:07.605   604  1233 W SocketListener: sending broadcast to Pid = 1256, Uid = 1000 
02-26 15:50:07.696  1256  2296 I chatty  : uid=1000(system) Binder:1256_A expire 17 lines
02-26 15:50:10.372   715   715 I chatty  : uid=1010(wifi) /system/bin/wificond expire 12 lines
02-26 15:50:17.326  1256  1256 I chatty  : uid=1000 system_server expire 10 lines
02-26 15:50:22.674   604  1233 W SocketListener: sending broadcast to Pid = 1256, Uid = 1000 
02-26 15:50:26.387   715   715 I chatty  : uid=1010(wifi) /system/bin/wificond expire 96 lines
02-26 15:50:47.524  1256  1583 I chatty  : uid=1000(system) UEventObserver expire 10 lines
02-26 15:52:28.295   604  1233 W SocketListener: sending broadcast to Pid = 1256, Uid = 1000 
02-26 15:52:28.310  1256  2296 I chatty  : uid=1000(system) Binder:1256_A expire 6 lines
02-26 15:52:34.516   715   715 I chatty  : uid=1010(wifi) /system/bin/wificond expire 54 lines
02-26 15:52:43.379   604  1233 W SocketListener: sending broadcast to Pid = 1256, Uid = 1000 
02-26 15:52:43.381  1256  1785 I chatty  : uid=1000(system) NetdConnector expire 10 lines
02-26 15:52:48.366  1256  1256 I chatty  : uid=1000 system_server expire 10 lines
02-26 15:53:14.540  1256  2115 I chatty  : uid=1000(system) watchdog expire 9 lines
02-26 15:53:18.556  1256  1583 I chatty  : uid=1000(system) UEventObserver expire 10 lines
02-26 15:53:43.305   604  1233 W SocketListener: sending broadcast to Pid = 1256, Uid = 1000 
02-26 15:53:46.592   715   715 I chatty  : uid=1010(wifi) /system/bin/wificond expire 24 lines
02-26 15:54:13.394   604  1233 W SocketListener: sending broadcast to Pid = 1256, Uid = 1000 
02-26 15:54:14.386   604  1233 W SocketListener: sending broadcast to Pid = 1256, Uid = 1000 
02-26 15:54:14.400  1256  1285 I chatty  : uid=1000(system) Binder:1256_2 expire 34 lines
02-26 15:54:18.623   715   715 I chatty  : uid=1010(wifi) /system/bin/wificond expire 42 lines
02-26 15:54:48.774  1256  1284 I chatty  : uid=1000(system) Binder:1256_1 expire 8 lines
02-26 15:54:48.774  1256  1586 I chatty  : uid=1000(system) Binder:1256_3 expire 3 lines
02-26 15:55:11.829   604  1233 W SocketListener: sending broadcast to Pid = 1256, Uid = 1000 
02-26 15:55:14.676   715   715 I chatty  : uid=1010(wifi) /system/bin/wificond expire 30 lines
02-26 15:55:49.604  1256  1583 I chatty  : uid=1000(system) UEventObserver expire 8 lines
02-26 15:55:49.617  1256  1256 I chatty  : uid=1000 system_server expire 8 lines
02-26 15:55:53.607   713   794 E /system/bin/storaged: pid_info get_pids failed
02-26 15:55:54.712   715   715 I chatty  : uid=1010(wifi) /system/bin/wificond expire 60 lines
02-26 15:57:09.158   604  1233 W SocketListener: sending broadcast to Pid = 1256, Uid = 1000 
02-26 15:57:09.161  1256  1785 I chatty  : uid=1000(system) NetdConnector expire 14 lines
02-26 15:57:14.785   715   715 I chatty  : uid=1010(wifi) /system/bin/wificond expire 18 lines
02-26 15:57:24.241   604  1233 W SocketListener: sending broadcast to Pid = 1256, Uid = 1000 
02-26 15:57:24.249  1256  1454 I chatty  : uid=1000(system) android.fg expire 10 lines
02-26 15:57:32.896  1256  1256 I chatty  : uid=1000 system_server expire 10 lines
02-26 15:57:32.917   604  1233 W SocketListener: sending broadcast to Pid = 1256, Uid = 1000 
02-26 15:57:32.920  1256  1586 I chatty  : uid=1000(system) Binder:1256_3 expire 27 lines
02-26 15:57:32.934  1256  2296 I chatty  : uid=1000(system) Binder:1256_A expire 20 lines
02-26 15:57:38.809   715   715 I chatty  : uid=1010(wifi) /system/bin/wificond expire 84 lines
02-26 15:57:44.560  1256  2115 I chatty  : uid=1000(system) watchdog expire 10 lines
02-26 15:57:48.052   604  1233 W SocketListener: sending broadcast to Pid = 1256, Uid = 1000 
02-26 15:57:50.429  1256  1583 I chatty  : uid=1000(system) UEventObserver expire 10 lines
02-26 15:59:29.641   604  1233 W SocketListener: sending broadcast to Pid = 1256, Uid = 1000 
02-26 15:59:29.654  1256  8713 I chatty  : uid=1000(system) Binder:1256_19 expire 10 lines
02-26 15:59:30.914   715   715 I chatty  : uid=1010(wifi) /system/bin/wificond expire 12 lines
02-26 15:59:44.725   604  1233 W SocketListener: sending broadcast to Pid = 1256, Uid = 1000 
02-26 15:59:44.739  1256  1586 I chatty  : uid=1000(system) Binder:1256_3 expire 22 lines
02-26 15:59:46.927   715   715 I chatty  : uid=1010(wifi) /system/bin/wificond expire 18 lines
02-26 15:59:51.279  1256  1256 I chatty  : uid=1000 system_server expire 10 lines
02-26 16:00:05.689   604  1233 W SocketListener: sending broadcast to Pid = 1256, Uid = 1000 
02-26 16:00:10.947   715   715 I chatty  : uid=1010(wifi) /system/bin/wificond expire 24 lines
02-26 16:00:21.472  1256  1583 I chatty  : uid=1000(system) UEventObserver expire 10 lines
02-26 16:00:36.821   604  1233 W SocketListener: sending broadcast to Pid = 1256, Uid = 1000 
02-26 16:00:36.824  1256  1785 I chatty  : uid=1000(system) NetdConnector expire 10 lines
02-26 16:00:37.842   604  1233 W SocketListener: sending broadcast to Pid = 1256, Uid = 1000 
02-26 16:00:42.980   715   715 I chatty  : uid=1010(wifi) /system/bin/wificond expire 18 lines
02-26 16:01:03.925   604  1233 W SocketListener: sending broadcast to Pid = 1256, Uid = 1000 
02-26 16:01:06.999   715   715 I chatty  : uid=1010(wifi) /system/bin/wificond expire 18 lines
02-26 16:01:26.884   604  1233 W SocketListener: sending broadcast to Pid = 1256, Uid = 1000 
02-26 16:01:31.003   715   715 I chatty  : uid=1010(wifi) /system/bin/wificond expire 12 lines
02-26 16:01:41.970   604  1233 W SocketListener: sending broadcast to Pid = 1256, Uid = 1000 
02-26 16:01:41.978  1256  1454 I chatty  : uid=1000(system) android.fg expire 9 lines
02-26 16:01:47.020   715   715 I chatty  : uid=1010(wifi) /system/bin/wificond expire 30 lines
02-26 16:01:50.296   604  1233 W SocketListener: sending broadcast to Pid = 1256, Uid = 1000 
02-26 16:01:50.298  1256  1785 I chatty  : uid=1000(system) NetdConnector expire 10 lines
02-26 16:01:50.456  1256  1285 I chatty  : uid=1000(system) Binder:1256_2 expire 22 lines
02-26 16:01:52.113  1256  1256 I chatty  : uid=1000 system_server expire 18 lines
02-26 16:02:20.626   604  1233 W SocketListener: sending broadcast to Pid = 1256, Uid = 1000 
02-26 16:02:20.638  1256  2296 I chatty  : uid=1000(system) Binder:1256_A expire 15 lines
02-26 16:02:21.618   604  1233 W SocketListener: sending broadcast to Pid = 1256, Uid = 1000 
02-26 16:02:27.053   715   715 I chatty  : uid=1010(wifi) /system/bin/wificond expire 18 lines
02-26 16:02:36.626   604  1233 W SocketListener: sending broadcast to Pid = 1256, Uid = 1000 
02-26 16:02:36.636  1256  8713 I chatty  : uid=1000(system) Binder:1256_19 expire 14 lines
02-26 16:02:44.581  1256  2115 I chatty  : uid=1000(system) watchdog expire 12 lines
02-26 16:02:50.664   604  1233 W SocketListener: sending broadcast to Pid = 1256, Uid = 1000 
02-26 16:02:51.071   715   715 I chatty  : uid=1010(wifi) /system/bin/wificond expire 24 lines
02-26 16:02:52.513  1256  1583 I chatty  : uid=1000(system) UEventObserver expire 14 lines
02-26 16:03:20.722   604  1233 W SocketListener: sending broadcast to Pid = 1256, Uid = 1000 
02-26 16:03:20.723  1256  1785 I chatty  : uid=1000(system) NetdConnector expire 10 lines
02-26 16:03:21.745   604  1233 W SocketListener: sending broadcast to Pid = 1256, Uid = 1000 
02-26 16:03:23.096   715   715 I chatty  : uid=1010(wifi) /system/bin/wificond expire 12 lines
02-26 16:03:36.786   604  1233 W SocketListener: sending broadcast to Pid = 1256, Uid = 1000 
02-26 16:03:39.105   715   715 I chatty  : uid=1010(wifi) /system/bin/wificond expire 12 lines
02-26 16:03:50.741   604  1233 W SocketListener: sending broadcast to Pid = 1256, Uid = 1000 
02-26 16:03:50.748  1256  1454 I chatty  : uid=1000(system) android.fg expire 10 lines
02-26 16:03:55.111   715   715 I chatty  : uid=1010(wifi) /system/bin/wificond expire 36 lines
02-26 16:04:10.802  1256  1586 I chatty  : uid=1000(system) Binder:1256_3 expire 18 lines
02-26 16:04:36.818   604  1233 W SocketListener: sending broadcast to Pid = 1256, Uid = 1000 
02-26 16:04:36.832  1256  8713 I chatty  : uid=1000(system) Binder:1256_19 expire 23 lines
02-26 16:04:43.152   715   715 I chatty  : uid=1010(wifi) /system/bin/wificond expire 30 lines
02-26 16:04:50.842   604  1233 W SocketListener: sending broadcast to Pid = 1256, Uid = 1000 
02-26 16:04:50.843  1256  1785 I chatty  : uid=1000(system) NetdConnector expire 10 lines
02-26 16:05:20.914   604  1233 W SocketListener: sending broadcast to Pid = 1256, Uid = 1000 
02-26 16:05:21.905   604  1233 W SocketListener: sending broadcast to Pid = 1256, Uid = 1000 
02-26 16:05:23.192   715   715 I chatty  : uid=1010(wifi) /system/bin/wificond expire 12 lines
02-26 16:05:36.914   604  1233 W SocketListener: sending broadcast to Pid = 1256, Uid = 1000 
02-26 16:05:39.200   715   715 I chatty  : uid=1010(wifi) /system/bin/wificond expire 78 lines
02-26 16:05:49.015   604  1233 W SocketListener: sending broadcast to Pid = 1256, Uid = 1000 
02-26 16:06:23.970  1256  1583 I chatty  : uid=1000(system) UEventObserver expire 10 lines
02-26 16:07:21.042   604  1233 W SocketListener: sending broadcast to Pid = 1256, Uid = 1000 
02-26 16:07:21.043  1256  1785 I chatty  : uid=1000(system) NetdConnector expire 10 lines
02-26 16:07:22.002   604  1233 W SocketListener: sending broadcast to Pid = 1256, Uid = 1000 
02-26 16:07:23.289   715   715 I chatty  : uid=1010(wifi) /system/bin/wificond expire 78 lines
02-26 16:07:54.612  1256  1256 I chatty  : uid=1000 system_server expire 10 lines
02-26 16:08:44.606  1256  2115 I chatty  : uid=1000(system) watchdog expire 7 lines
02-26 16:08:51.799  1256  2296 I chatty  : uid=1000(system) Binder:1256_A expire 11 lines
02-26 16:08:55.000  1256  1583 I chatty  : uid=1000(system) UEventObserver expire 10 lines
02-26 16:09:06.834   604  1233 W SocketListener: sending broadcast to Pid = 1256, Uid = 1000 
02-26 16:09:06.841  1256  2296 I chatty  : uid=1000(system) Binder:1256_A expire 9 lines
02-26 16:09:06.841  1256  1586 I chatty  : uid=1000(system) Binder:1256_3 expire 7 lines
02-26 16:09:06.911  1256  8713 I chatty  : uid=1000(system) Binder:1256_19 expire 12 lines
02-26 16:09:07.374   715   715 I chatty  : uid=1010(wifi) /system/bin/wificond expire 84 lines
02-26 16:09:55.437  1256  1256 I chatty  : uid=1000 system_server expire 21 lines
02-26 16:10:46.762  1256  1446 I chatty  : uid=1000(system) batterystats-sy expire 2 lines
02-26 16:10:53.622   713   794 E /system/bin/storaged: open file /data/storaged/storaged.txt failed!2
02-26 16:10:53.622   713   794 E /system/bin/storaged: write(append)  diskstat data failed!ts:1519632653,read bytes:391438336, write bytes: 178647040
02-26 16:10:53.642   713   794 E /system/bin/storaged: curr_io_stats:  size: 193
02-26 16:10:53.648   713   794 E /system/bin/storaged: open file /data/storaged/storaged.txt failed!2
02-26 16:10:53.648   713   794 E /system/bin/storaged: write(append)  uid data failed!
02-26 16:10:53.649   713   794 E /system/bin/storaged: pid_info get_pids failed
02-26 16:10:59.480   715   715 I chatty  : uid=1010(wifi) /system/bin/wificond expire 12 lines
02-26 16:11:12.164   604  1233 W SocketListener: sending broadcast to Pid = 1256, Uid = 1000 
02-26 16:11:12.171  1256  1454 I chatty  : uid=1000(system) android.fg expire 3 lines
02-26 16:11:12.174  1256  1285 I chatty  : uid=1000(system) Binder:1256_2 expire 1 line
02-26 16:11:12.186  1256  8713 I chatty  : uid=1000(system) Binder:1256_19 expire 12 lines
02-26 16:11:15.488   715   715 I chatty  : uid=1010(wifi) /system/bin/wificond expire 18 lines
02-26 16:11:18.147  1256  4651 I chatty  : uid=1000 system_server expire 1 line
02-26 16:11:24.489  1256  1855 I chatty  : uid=1000(system) StatisticsCHRMs expire 4 lines
02-26 16:11:26.055  1256  1583 I chatty  : uid=1000(system) UEventObserver expire 14 lines
02-26 16:11:34.226   604  1233 W SocketListener: sending broadcast to Pid = 1256, Uid = 1000 
02-26 16:11:34.409   604  1233 W SocketListener: sending broadcast to Pid = 1256, Uid = 1000 
02-26 16:11:34.411  1256  1785 I chatty  : uid=1000(system) NetdConnector expire 10 lines
02-26 16:11:39.509   715   715 I chatty  : uid=1010(wifi) /system/bin/wificond expire 24 lines
02-26 16:12:04.565   604  1233 W SocketListener: sending broadcast to Pid = 1256, Uid = 1000 
02-26 16:12:04.572  1256  1454 I chatty  : uid=1000(system) android.fg expire 10 lines
02-26 16:12:04.580  1256  2296 I chatty  : uid=1000(system) Binder:1256_A expire 10 lines
02-26 16:12:05.588   604  1233 W SocketListener: sending broadcast to Pid = 1256, Uid = 1000 
02-26 16:12:11.530   715   715 I chatty  : uid=1010(wifi) /system/bin/wificond expire 54 lines
02-26 16:12:14.621  1256  2115 I chatty  : uid=1000(system) watchdog expire 10 lines
02-26 16:13:22.130   604  1233 W SocketListener: sending broadcast to Pid = 1256, Uid = 1000 
02-26 16:13:23.588   715   715 I chatty  : uid=1010(wifi) /system/bin/wificond expire 24 lines
02-26 16:13:32.645   604  1233 W SocketListener: sending broadcast to Pid = 1256, Uid = 1000 
02-26 16:13:32.660  1256  8713 I chatty  : uid=1000(system) Binder:1256_19 expire 12 lines
02-26 16:13:32.661  1256  1586 I chatty  : uid=1000(system) Binder:1256_3 expire 11 lines
02-26 16:13:49.846   604  1233 W SocketListener: sending broadcast to Pid = 1256, Uid = 1000 
02-26 16:13:49.849  1256  1785 I chatty  : uid=1000(system) NetdConnector expire 10 lines
02-26 16:13:55.608   715   715 I chatty  : uid=1010(wifi) /system/bin/wificond expire 24 lines
02-26 16:14:27.129  1256  1256 I chatty  : uid=1000 system_server expire 10 lines
02-26 16:14:27.159  1256  8713 I chatty  : uid=1000(system) Binder:1256_19 expire 14 lines
02-26 16:14:27.184   604  1233 W SocketListener: sending broadcast to Pid = 1256, Uid = 1000 
02-26 16:14:27.619   715   715 I chatty  : uid=1010(wifi) /system/bin/wificond expire 24 lines
02-26 16:14:52.629   604  1233 W SocketListener: sending broadcast to Pid = 1256, Uid = 1000 
02-26 16:14:52.646  1256  1586 I chatty  : uid=1000(system) Binder:1256_3 expire 8 lines
02-26 16:14:57.501  1256  1583 I chatty  : uid=1000(system) UEventObserver expire 10 lines
02-26 16:14:59.637   715   715 I chatty  : uid=1010(wifi) /system/bin/wificond expire 42 lines
02-26 16:15:53.229   604  1233 W SocketListener: sending broadcast to Pid = 1256, Uid = 1000 
02-26 16:15:55.688   715   715 I chatty  : uid=1010(wifi) /system/bin/wificond expire 12 lines
02-26 16:16:08.340   604  1233 W SocketListener: sending broadcast to Pid = 1256, Uid = 1000 
02-26 16:16:11.706   715   715 I chatty  : uid=1010(wifi) /system/bin/wificond expire 66 lines
02-26 16:16:58.352  1256  1256 I chatty  : uid=1000 system_server expire 11 lines
02-26 16:17:14.642  1256  2115 I chatty  : uid=1000(system) watchdog expire 7 lines
02-26 16:17:28.544  1256  1583 I chatty  : uid=1000(system) UEventObserver expire 10 lines
02-26 16:17:33.814  1256  1786 I chatty  : uid=1000(system) NetworkStats expire 7 lines
02-26 16:17:33.818  1256  1785 I chatty  : uid=1000(system) NetdConnector expire 10 lines
02-26 16:17:33.828   604  1233 W SocketListener: sending broadcast to Pid = 1256, Uid = 1000 
02-26 16:17:33.852  1256  1285 I chatty  : uid=1000(system) Binder:1256_2 expire 15 lines
02-26 16:17:39.796   715   715 I chatty  : uid=1010(wifi) /system/bin/wificond expire 18 lines
02-26 16:17:48.886   604  1233 W SocketListener: sending broadcast to Pid = 1256, Uid = 1000 
02-26 16:17:48.893  1256  1454 I chatty  : uid=1000(system) android.fg expire 6 lines
02-26 16:17:48.899  1256  8713 I chatty  : uid=1000(system) Binder:1256_19 expire 13 lines
02-26 16:17:58.020   604  1233 W SocketListener: sending broadcast to Pid = 1256, Uid = 1000 
02-26 16:18:03.821   715   715 I chatty  : uid=1010(wifi) /system/bin/wificond expire 24 lines
02-26 16:18:13.618  1256  2296 I chatty  : uid=1000(system) Binder:1256_A expire 19 lines
02-26 16:18:13.677  1256  1284 I chatty  : uid=1000(system) Binder:1256_1 expire 16 lines
02-26 16:18:28.691   604  1233 W SocketListener: sending broadcast to Pid = 1256, Uid = 1000 
02-26 16:18:28.694  1256  1785 I chatty  : uid=1000(system) NetdConnector expire 8 lines
02-26 16:18:28.705  1256  8713 I chatty  : uid=1000(system) Binder:1256_19 expire 15 lines
02-26 16:18:28.980  1256  1256 I chatty  : uid=1000 system_server expire 10 lines
02-26 16:18:29.171   604  1233 W SocketListener: sending broadcast to Pid = 1256, Uid = 1000 
02-26 16:18:35.852   715   715 I chatty  : uid=1010(wifi) /system/bin/wificond expire 18 lines
02-26 16:18:54.290   604  1233 W SocketListener: sending broadcast to Pid = 1256, Uid = 1000 
02-26 16:18:59.876   715   715 I chatty  : uid=1010(wifi) /system/bin/wificond expire 72 lines
02-26 16:19:59.594  1256  1583 I chatty  : uid=1000(system) UEventObserver expire 10 lines
02-26 16:20:34.198   604  1233 W SocketListener: sending broadcast to Pid = 1256, Uid = 1000 
02-26 16:20:35.956   715   715 I chatty  : uid=1010(wifi) /system/bin/wificond expire 12 lines
02-26 16:20:44.658  1256  2115 I chatty  : uid=1000(system) watchdog expire 10 lines
02-26 16:20:49.299   604  1233 W SocketListener: sending broadcast to Pid = 1256, Uid = 1000 
02-26 16:20:49.302  1256  1785 I chatty  : uid=1000(system) NetdConnector expire 10 lines
02-26 16:20:49.306  1256  1454 I chatty  : uid=1000(system) android.fg expire 10 lines
02-26 16:20:49.312  1256  8713 I chatty  : uid=1000(system) Binder:1256_19 expire 12 lines
02-26 16:20:51.965   715   715 I chatty  : uid=1010(wifi) /system/bin/wificond expire 18 lines
02-26 16:20:57.264  1256  1256 I chatty  : uid=1000 system_server expire 10 lines
02-26 16:20:57.313   604  1233 W SocketListener: sending broadcast to Pid = 1256, Uid = 1000 
02-26 16:21:12.466   604  1233 W SocketListener: sending broadcast to Pid = 1256, Uid = 1000 
02-26 16:21:15.988   715   715 I chatty  : uid=1010(wifi) /system/bin/wificond expire 78 lines
02-26 16:22:30.635  1256  1583 I chatty  : uid=1000(system) UEventObserver expire 10 lines
02-26 16:22:54.686   604  1233 W SocketListener: sending broadcast to Pid = 1256, Uid = 1000 
02-26 16:22:54.807  1256  1285 I chatty  : uid=1000(system) Binder:1256_2 expire 2 lines
02-26 16:22:54.852  1256  1586 I chatty  : uid=1000(system) Binder:1256_3 expire 10 lines
02-26 16:23:00.079   715   715 I chatty  : uid=1010(wifi) /system/bin/wificond expire 30 lines
02-26 16:23:00.854  1256  1256 I chatty  : uid=1000 system_server expire 10 lines
02-26 16:23:09.779   604  1233 W SocketListener: sending broadcast to Pid = 1256, Uid = 1000 
02-26 16:23:39.324   604  1233 W SocketListener: sending broadcast to Pid = 1256, Uid = 1000 
02-26 16:23:39.327  1256  1785 I chatty  : uid=1000(system) NetdConnector expire 10 lines
02-26 16:23:40.108   715   715 I chatty  : uid=1010(wifi) /system/bin/wificond expire 24 lines
02-26 16:24:09.426   604  1233 W SocketListener: sending broadcast to Pid = 1256, Uid = 1000 
02-26 16:24:10.418   604  1233 W SocketListener: sending broadcast to Pid = 1256, Uid = 1000 
02-26 16:24:12.138   715   715 I chatty  : uid=1010(wifi) /system/bin/wificond expire 30 lines
02-26 16:24:49.490   604  1233 W SocketListener: sending broadcast to Pid = 1256, Uid = 1000 
02-26 16:24:50.515   604  1233 W SocketListener: sending broadcast to Pid = 1256, Uid = 1000 
02-26 16:24:52.167   715   715 I chatty  : uid=1010(wifi) /system/bin/wificond expire 30 lines
02-26 16:25:01.665  1256  1583 I chatty  : uid=1000(system) UEventObserver expire 10 lines
02-26 16:25:15.185  1256  2296 I chatty  : uid=1000(system) Binder:1256_A expire 11 lines
02-26 16:25:15.269  1256  8713 I chatty  : uid=1000(system) Binder:1256_19 expire 11 lines
02-26 16:25:30.262   604  1233 W SocketListener: sending broadcast to Pid = 1256, Uid = 1000 
02-26 16:25:30.265  1256  1785 I chatty  : uid=1000(system) NetdConnector expire 4 lines
02-26 16:25:30.269  1256  1454 I chatty  : uid=1000(system) android.fg expire 2 lines
02-26 16:25:30.278  1256  8713 I chatty  : uid=1000(system) Binder:1256_19 expire 4 lines
02-26 16:25:31.877  1256  1256 I chatty  : uid=1000 system_server expire 10 lines
02-26 16:25:32.187   715   715 I chatty  : uid=1010(wifi) /system/bin/wificond expire 18 lines
02-26 16:25:44.676  1256  2115 I chatty  : uid=1000(system) watchdog expire 4 lines
02-26 16:25:53.652   713   794 E /system/bin/storaged: pid_info get_pids failed
02-26 16:25:56.206   715   715 I chatty  : uid=1010(wifi) /system/bin/wificond expire 72 lines
02-26 16:27:27.478   604  1233 W SocketListener: sending broadcast to Pid = 1256, Uid = 1000 
02-26 16:27:28.107  1256  1603 I chatty  : uid=1000(system) InputReader expire 12 lines
02-26 16:27:28.109  1256  1462 I chatty  : uid=1000(system) PowerManagerSer expire 32 lines
02-26 16:27:28.125  1256  1605 I chatty  : uid=1000(system) StorageManagerS expire 4 lines
02-26 16:27:28.126   418   446 I vold    : TrimTask running tasks: 0
02-26 16:27:28.128  1256  1608 I chatty  : uid=1000(system) VoldConnector expire 2 lines
02-26 16:27:28.135  1256  1586 I chatty  : uid=1000(system) Binder:1256_3 expire 20 lines
02-26 16:27:28.138  1256  1576 I chatty  : uid=1000(system) android.anim expire 22 lines
02-26 16:27:28.140  1256  1456 I chatty  : uid=1000(system) android.display expire 6 lines
02-26 16:27:28.147  1256  1256 I chatty  : uid=1000 system_server expire 14 lines
02-26 16:27:28.147  1256  1803 I chatty  : uid=1000(system) WifiP2pService expire 15 lines
02-26 16:27:28.164   715   715 I chatty  : uid=1010(wifi) /system/bin/wificond expire 18 lines
02-26 16:27:28.283  3001  9725 W ContextImpl: Calling a method in the system process without a qualified user: android.app.ContextImpl.bindService:1736 android.content.ContextWrapper.bindService:678 com.huawei.nb.dataservice.dsclient.RemoteServiceConnection.open:90 com.huawei.nb.dataservice.dsclient.DataServiceProxy.connect:105 com.huawei.nb.dataservice.rsclient.internal.RemoteRuleService.start:27 
02-26 16:27:28.355  1256  1439 I chatty  : uid=1000(system) android.ui expire 9 lines
02-26 16:27:28.384  1256  2025 I chatty  : uid=1000(system) Binder:1256_5 expire 17 lines
02-26 16:27:32.701  1256  1583 I chatty  : uid=1000(system) UEventObserver expire 10 lines
02-26 16:27:35.733  1256  2296 I chatty  : uid=1000(system) Binder:1256_A expire 12 lines
02-26 16:27:38.305  1256  1284 I chatty  : uid=1000(system) Binder:1256_1 expire 21 lines
02-26 16:27:38.315  1256  1285 I chatty  : uid=1000(system) Binder:1256_2 expire 12 lines
02-26 16:27:38.437  1256  2898 I chatty  : uid=1000(system) HwDeviceUsageCo expire 1 line
02-26 16:27:38.465  3001  5327 W ContextImpl: Calling a method in the system process without a qualified user: android.app.ContextImpl.bindService:1736 android.content.ContextWrapper.bindService:678 com.huawei.nb.dataservice.dsclient.RemoteServiceConnection.open:90 com.huawei.nb.dataservice.dsclient.DataServiceProxy.connect:105 com.huawei.nb.dataservice.rsclient.internal.RemoteRuleService.start:27 
02-26 16:27:38.569  1256  1599 I chatty  : uid=1000(system) sManagerService expire 9 lines
02-26 16:27:38.658  1256  1462 I chatty  : uid=1000(system) PowerManagerSer expire 13 lines
02-26 16:27:40.287   715   715 I chatty  : uid=1010(wifi) /system/bin/wificond expire 12 lines
02-26 16:27:41.361  1256  2136 I chatty  : uid=1000(system) MultiTaskManage expire 5 lines
02-26 16:27:41.379  1900  1900 I HwCoreAppHelperService: LocalReceiver receives:android.intent.action.PACKAGE_RESTARTED,pkg:com.huawei.appmarket,uid:10096
02-26 16:27:44.685  1256  2115 I chatty  : uid=1000(system) watchdog expire 7 lines
02-26 16:27:50.741   604  1233 W SocketListener: sending broadcast to Pid = 1256, Uid = 1000 
02-26 16:27:50.744  1256  1785 I chatty  : uid=1000(system) NetdConnector expire 10 lines
02-26 16:27:50.748  1256  1454 I chatty  : uid=1000(system) android.fg expire 7 lines
02-26 16:27:56.303   715   715 I chatty  : uid=1010(wifi) /system/bin/wificond expire 78 lines
02-26 16:28:58.406  1256  1256 I chatty  : uid=1000 system_server expire 11 lines
02-26 16:29:32.907  1256  4092 I chatty  : uid=1000(system) Binder:1256_12 expire 49 lines
02-26 16:29:32.922   418   446 I vold    : TrimTask running tasks: 0
02-26 16:29:32.949   715   715 I chatty  : uid=1010(wifi) /system/bin/wificond expire 21 lines
02-26 16:29:33.161  3001  5774 W ContextImpl: Calling a method in the system process without a qualified user: android.app.ContextImpl.bindService:1736 android.content.ContextWrapper.bindService:678 com.huawei.nb.dataservice.dsclient.RemoteServiceConnection.open:90 com.huawei.nb.dataservice.dsclient.DataServiceProxy.connect:105 com.huawei.nb.dataservice.rsclient.internal.RemoteRuleService.start:27 
02-26 16:29:33.764  2005  2005 V KeyguardDisplayManager: hide
02-26 16:29:33.765  1256  1256 I chatty  : uid=1000 system_server expire 24 lines
02-26 16:29:33.785  1256  1437 I chatty  : uid=1000(system) ActivityManager expire 16 lines
02-26 16:29:33.792  1256  2025 I chatty  : uid=1000(system) Binder:1256_5 expire 79 lines
02-26 16:29:33.819  1256  1803 I chatty  : uid=1000(system) WifiP2pService expire 5 lines
02-26 16:29:33.837   604  1233 W SocketListener: sending broadcast to Pid = 1256, Uid = 1000 
02-26 16:29:33.844  1256  1285 I chatty  : uid=1000(system) Binder:1256_2 expire 20 lines
02-26 16:29:33.859  1256  8713 I chatty  : uid=1000(system) Binder:1256_19 expire 53 lines
02-26 16:29:33.860  1256  1801 I chatty  : uid=1000(system) WifiScanningSer expire 2 lines
02-26 16:29:33.883  1256  1284 I chatty  : uid=1000(system) Binder:1256_1 expire 35 lines
02-26 16:29:35.017   604  1234 W SocketListener: sending broadcast to Pid = 1256, Uid = 1000 
02-26 16:29:35.043  1256  1854 I chatty  : uid=1000(system) WifiProStateMac expire 2 lines
02-26 16:29:35.043  1256  1851 I chatty  : uid=1000(system) HwSelfCureEngin expire 2 lines
02-26 16:29:36.572  1256  1462 I chatty  : uid=1000(system) PowerManagerSer expire 11 lines
02-26 16:29:37.061  5996  5996 D ActivityThread: ActivityThread,attachApplication
02-26 16:29:37.074  1900  1900 I HwCoreAppHelperService: LocalReceiver receives:android.intent.action.PACKAGE_RESTARTED,pkg:com.cambricon.productdisplay,uid:10112
02-26 16:29:37.091  1256  1586 I chatty  : uid=1000(system) Binder:1256_3 expire 71 lines
02-26 16:29:37.091  1975  2571 I HwNetworkPolicyManager: getHwUidPolicy uid = 10067 policy = 0
02-26 16:29:37.095  2005 19342 I CommandQueue: updateBarBgColor
02-26 16:29:37.095  2005 19342 D CommandQueue: CommandQueue, setBarBackgroundColor
02-26 16:29:37.323  6020  6020 D ActivityThread: ActivityThread,attachApplication
02-26 16:29:37.519  6056  6056 D ActivityThread: ActivityThread,attachApplication
02-26 16:29:37.570  6056  6056 I         : RegisterNatives OK!
02-26 16:29:37.879  1256 12793 I chatty  : uid=1000(system) Binder:1256_1C expire 4 lines
02-26 16:29:38.848   604  1234 W SocketListener: sending broadcast to Pid = 1256, Uid = 1000 
02-26 16:29:38.868  1256  2212 I chatty  : uid=1000(system) Binder:1256_9 expire 29 lines
02-26 16:29:46.029  6150  6150 D ActivityThread: ActivityThread,attachApplication
02-26 16:29:46.235  1256  2531 I chatty  : uid=1000(system) Binder:1256_C expire 13 lines
02-26 16:29:46.724  1256  1575 I chatty  : uid=1000(system) PackageInstalle expire 3 lines
02-26 16:29:46.931  1256  1481 I chatty  : uid=1000(system) PackageManager expire 13 lines
02-26 16:29:47.255  1256  1285 I chatty  : uid=1000(system) Binder:1256_2 expire 17 lines
02-26 16:29:47.424  1256  1434 I chatty  : uid=1000(system) android.bg expire 18 lines
02-26 16:29:47.438  1256  2542 I chatty  : uid=1000(system) Binder:1256_F expire 5 lines
02-26 16:29:47.455  1256  8713 I chatty  : uid=1000(system) Binder:1256_19 expire 5 lines
02-26 16:29:47.500  6205  6205 D ActivityThread: ActivityThread,attachApplication
02-26 16:29:47.540  6220  6220 D ActivityThread: ActivityThread,attachApplication
02-26 16:29:47.564  1256  5619 I chatty  : uid=1000(system) Binder:1256_15 expire 6 lines
02-26 16:29:47.604  1256  2753 I chatty  : uid=1000(system) Binder:1256_10 expire 15 lines
02-26 16:29:47.608  1256  1576 I chatty  : uid=1000(system) android.anim expire 29 lines
02-26 16:29:47.662  6247  6247 D ActivityThread: ActivityThread,attachApplication
02-26 16:29:47.689  1975  2571 I HwNetworkPolicyManager: getHwUidPolicy uid = 10112 policy = 0
02-26 16:29:47.692  1256  4675 I chatty  : uid=1000(system) Binder:1256_14 expire 171 lines
02-26 16:29:47.867  6247  6247 V ActivityThread: ActivityThread,callActivityOnCreate
02-26 16:29:47.938  6247  6247 D ActivityThread: add activity client record, r= ActivityRecord{220f976 token=android.os.BinderProxy@157c287 {com.cambricon.productdisplay/com.cambricon.productdisplay.activity.SplashActivity}} token= android.os.BinderProxy@157c287
02-26 16:29:47.975  2005 19342 I CommandQueue: updateBarBgColor
02-26 16:29:47.976  2005 19342 D CommandQueue: CommandQueue, setBarBackgroundColor
02-26 16:29:48.021   715   715 I chatty  : uid=1010(wifi) /system/bin/wificond expire 63 lines
02-26 16:29:49.256 22247 22247 W ContextImpl: Calling a method in the system process without a qualified user: android.app.ContextImpl.startService:1656 android.content.ContextWrapper.startService:644 android.content.ContextWrapper.startService:644 com.android.settings.applications.BlackListReceiver.onReceive:35 android.app.ActivityThread.handleReceiver:3662 
02-26 16:29:49.318  6308  6308 D ActivityThread: ActivityThread,attachApplication
02-26 16:29:49.477  6247  6247 V ActivityThread: ActivityThread,callActivityOnCreate
02-26 16:29:49.571 21128 21128 W ContextImpl: Calling a method in the system process without a qualified user: android.app.ContextImpl.startService:1656 android.content.ContextWrapper.startService:644 android.content.ContextWrapper.startService:644 com.huawei.systemmanager.antivirus.utils.AntiVirusTools.deleteVirusApk:632 com.huawei.systemmanager.antivirus.AntiVirusReceiver.handlerPackageRemoved:52 
02-26 16:29:49.582 21128 26387 W ContextImpl: Calling a method in the system process without a qualified user: android.app.ContextImpl.startService:1656 android.content.ContextWrapper.startService:644 com.huawei.systemmanager.spacecleanner.receiver.SpaceCleanReceiver.checkRarelyUsedApp:87 com.huawei.systemmanager.spacecleanner.receiver.SpaceCleanReceiver.doInBackground:39 java.lang.reflect.Method.invoke:-2 
02-26 16:29:49.628  6247  6247 D ActivityThread: add activity client record, r= ActivityRecord{f4500e5 token=android.os.BinderProxy@e1426f {com.cambricon.productdisplay/com.cambricon.productdisplay.activity.HomeActivity}} token= android.os.BinderProxy@e1426f
02-26 16:29:49.663 22247 22247 W ContextImpl: Calling a method in the system process without a qualified user: android.app.ContextImpl.startService:1656 android.content.ContextWrapper.startService:644 android.content.ContextWrapper.startService:644 com.android.settings.applications.BlackListReceiver.onReceive:35 android.app.ActivityThread.handleReceiver:3662 
02-26 16:29:49.682  1256  1806 I chatty  : uid=1000(system) ConnectivitySer expire 5 lines
02-26 16:29:49.735  1256  4551 I chatty  : uid=1000(system) Binder:1256_13 expire 4 lines
02-26 16:29:49.736 21128 21128 W ContextImpl: Calling a method in the system process without a qualified user: android.app.ContextImpl.startService:1656 android.content.ContextWrapper.startService:644 android.content.ContextWrapper.startService:644 com.huawei.systemmanager.antivirus.utils.AntiVirusTools.checkVirusForNewInstalledApk:620 com.huawei.systemmanager.antivirus.AntiVirusReceiver.onReceive:36 
02-26 16:29:49.738  1256  1586 I chatty  : uid=1000(system) Binder:1256_3 expire 16 lines
02-26 16:29:49.756 21128 26386 W ContextImpl: Calling a method in the system process without a qualified user: android.app.ContextImpl.startService:1656 android.content.ContextWrapper.startService:644 com.huawei.systemmanager.spacecleanner.receiver.SpaceCleanReceiver.checkRarelyUsedApp:87 com.huawei.systemmanager.spacecleanner.receiver.SpaceCleanReceiver.doInBackground:39 java.lang.reflect.Method.invoke:-2 
02-26 16:29:49.760  1256  1437 I chatty  : uid=1000(system) ActivityManager expire 3 lines
02-26 16:29:49.780 22247 22247 W ContextImpl: Calling a method in the system process without a qualified user: android.app.ContextImpl.startService:1656 android.content.ContextWrapper.startService:644 android.content.ContextWrapper.startService:644 com.android.settings.applications.BlackListReceiver.onReceive:35 android.app.ActivityThread.handleReceiver:3662 
02-26 16:29:49.787  1256  2212 I chatty  : uid=1000(system) Binder:1256_9 expire 122 lines
02-26 16:29:49.838  1256  1284 I chatty  : uid=1000(system) Binder:1256_1 expire 39 lines
02-26 16:29:49.905   604  1237 W SocketListener: sending broadcast to Pid = 1256, Uid = 1000 
02-26 16:29:49.906  1256  1785 I chatty  : uid=1000(system) NetdConnector expire 12 lines
02-26 16:29:49.924  1256  1792 I chatty  : uid=1000(system) HwWifiCHRStateM expire 8 lines
02-26 16:29:49.969  6431  6431 D ActivityThread: ActivityThread,attachApplication
02-26 16:29:50.154  6247  6247 D ActivityThread: Remove activity client record, r= ActivityRecord{220f976 token=android.os.BinderProxy@157c287 {com.cambricon.productdisplay/com.cambricon.productdisplay.activity.SplashActivity}} token= android.os.BinderProxy@157c287
02-26 16:29:53.394  6247  6247 V ActivityThread: ActivityThread,callActivityOnCreate
02-26 16:29:54.954  6247  6247 D ActivityThread: add activity client record, r= ActivityRecord{d99cfa3 token=android.os.BinderProxy@fde464b {com.cambricon.productdisplay/com.cambricon.productdisplay.activity.TestActivity}} token= android.os.BinderProxy@fde464b
02-26 16:30:00.002  1256  1256 I chatty  : uid=1000 system_server expire 10 lines
02-26 16:30:03.729  1256  1583 I chatty  : uid=1000(system) UEventObserver expire 14 lines
02-26 16:30:04.678  1256  1598 I chatty  : uid=1000(system) AlarmManager expire 2 lines
02-26 16:30:21.012   604  1233 W SocketListener: sending broadcast to Pid = 1256, Uid = 1000 
02-26 16:30:21.016  1256  1454 I chatty  : uid=1000(system) android.fg expire 14 lines
02-26 16:30:21.019  1256  1586 I chatty  : uid=1000(system) Binder:1256_3 expire 10 lines
02-26 16:30:21.182   715   715 I chatty  : uid=1010(wifi) /system/bin/wificond expire 30 lines
02-26 16:30:22.034   604  1233 W SocketListener: sending broadcast to Pid = 1256, Uid = 1000 
02-26 16:30:34.774  1256  1284 I chatty  : uid=1000(system) Binder:1256_1 expire 11 lines
02-26 16:30:37.075   604  1233 W SocketListener: sending broadcast to Pid = 1256, Uid = 1000 
02-26 16:30:39.304   715   715 I chatty  : uid=1010(wifi) /system/bin/wificond expire 18 lines
02-26 16:30:40.801  1256  1586 I chatty  : uid=1000(system) Binder:1256_3 expire 4 lines
02-26 16:30:50.653   604  1233 W SocketListener: sending broadcast to Pid = 1256, Uid = 1000 
02-26 16:30:51.372   715   715 I chatty  : uid=1010(wifi) /system/bin/wificond expire 21 lines
02-26 16:30:52.001  1256  1462 I chatty  : uid=1000(system) PowerManagerSer expire 18 lines
02-26 16:30:58.012  1256  2531 I chatty  : uid=1000(system) Binder:1256_C expire 42 lines
02-26 16:30:58.100  6247  6247 V ActivityThread: Finishing stop of ActivityRecord{d99cfa3 token=android.os.BinderProxy@fde464b {com.cambricon.productdisplay/com.cambricon.productdisplay.activity.TestActivity}}
02-26 16:30:58.113  1256  4675 I chatty  : uid=1000(system) Binder:1256_14 expire 23 lines
02-26 16:30:58.238  1256  1456 I chatty  : uid=1000(system) android.display expire 1 line
02-26 16:30:58.273  1256  1803 I chatty  : uid=1000(system) WifiP2pService expire 5 lines
02-26 16:30:58.346  1256  2898 I chatty  : uid=1000(system) HwDeviceUsageCo expire 1 line
02-26 16:30:58.372  3001  5779 W ContextImpl: Calling a method in the system process without a qualified user: android.app.ContextImpl.bindService:1736 android.content.ContextWrapper.bindService:678 com.huawei.nb.dataservice.dsclient.RemoteServiceConnection.open:90 com.huawei.nb.dataservice.dsclient.DataServiceProxy.connect:105 com.huawei.nb.dataservice.rsclient.internal.RemoteRuleService.start:27 
02-26 16:30:58.439  1256  1439 I chatty  : uid=1000(system) android.ui expire 1 line
02-26 16:30:58.473  1256  1284 I chatty  : uid=1000(system) Binder:1256_1 expire 6 lines
02-26 16:31:03.094  1256  1256 I chatty  : uid=1000 system_server expire 10 lines
02-26 16:31:03.225  2005  2005 V KeyguardStatusView: refresh statusview showing:true
02-26 16:31:03.229  2005  2005 V KeyguardDisplayManager: show
02-26 16:31:03.280  6247  6247 V ActivityThread: Handle window ActivityRecord{d99cfa3 token=android.os.BinderProxy@fde464b {com.cambricon.productdisplay/com.cambricon.productdisplay.activity.TestActivity}} visibility: false
02-26 16:31:03.368  1256  1576 I chatty  : uid=1000(system) android.anim expire 1 line
02-26 16:31:08.469   715   715 I chatty  : uid=1010(wifi) /system/bin/wificond expire 24 lines
02-26 16:31:14.700  1256  2115 I chatty  : uid=1000(system) watchdog expire 10 lines
02-26 16:31:37.107   604  1233 W SocketListener: sending broadcast to Pid = 1256, Uid = 1000 
02-26 16:31:37.111  1256  1785 I chatty  : uid=1000(system) NetdConnector expire 10 lines
02-26 16:31:40.505   715   715 I chatty  : uid=1010(wifi) /system/bin/wificond expire 12 lines
02-26 16:31:51.142   604  1233 W SocketListener: sending broadcast to Pid = 1256, Uid = 1000 
02-26 16:31:54.250  1256 12793 I chatty  : uid=1000(system) Binder:1256_1C expire 13 lines
02-26 16:31:56.516   715   715 I chatty  : uid=1010(wifi) /system/bin/wificond expire 24 lines
02-26 16:32:22.226   604  1233 W SocketListener: sending broadcast to Pid = 1256, Uid = 1000 
02-26 16:32:22.236  1256  4675 I chatty  : uid=1000(system) Binder:1256_14 expire 12 lines
02-26 16:32:23.252   604  1233 W SocketListener: sending broadcast to Pid = 1256, Uid = 1000 
02-26 16:32:28.545   715   715 I chatty  : uid=1010(wifi) /system/bin/wificond expire 18 lines
02-26 16:32:34.794  1256  1256 I chatty  : uid=1000 system_server expire 10 lines
02-26 16:32:38.291   604  1233 W SocketListener: sending broadcast to Pid = 1256, Uid = 1000 
02-26 16:32:52.281   604  1233 W SocketListener: sending broadcast to Pid = 1256, Uid = 1000 
02-26 16:32:52.283  1256  1785 I chatty  : uid=1000(system) NetdConnector expire 10 lines
02-26 16:32:52.568   715   715 I chatty  : uid=1010(wifi) /system/bin/wificond expire 24 lines
02-26 16:33:24.370   604  1233 W SocketListener: sending broadcast to Pid = 1256, Uid = 1000 
02-26 16:33:24.602   715   715 I chatty  : uid=1010(wifi) /system/bin/wificond expire 12 lines
02-26 16:33:25.395   604  1233 W SocketListener: sending broadcast to Pid = 1256, Uid = 1000 
02-26 16:33:35.195  1256  1583 I chatty  : uid=1000(system) UEventObserver expire 10 lines
02-26 16:33:40.106  1256  1434 I chatty  : uid=1000(system) android.bg expire 2 lines
02-26 16:33:40.435   604  1233 W SocketListener: sending broadcast to Pid = 1256, Uid = 1000 
02-26 16:33:40.620   715   715 I chatty  : uid=1010(wifi) /system/bin/wificond expire 12 lines
02-26 16:33:54.817   604  1233 W SocketListener: sending broadcast to Pid = 1256, Uid = 1000 
02-26 16:33:54.825  1256  2531 I chatty  : uid=1000(system) Binder:1256_C expire 10 lines
02-26 16:33:56.635   715   715 I chatty  : uid=1010(wifi) /system/bin/wificond expire 56 lines
02-26 16:34:14.648  1256  1284 I chatty  : uid=1000(system) Binder:1256_1 expire 24 lines
02-26 16:34:35.629  1256  1256 I chatty  : uid=1000 system_server expire 10 lines
02-26 16:35:08.694   715   715 E wificond: Failed to get NL80211_STA_INFO_CNAHLOAD
02-26 16:35:08.697   715   715 E wificond: Failed to get NL80211_RATE_INFO_NOISE
02-26 16:35:08.697   715   715 E wificond: Failed to get NL80211_RATE_INFO_SNR
02-26 16:35:08.697   715   715 E wificond: Failed to get NL80211_STA_INFO_CNAHLOAD
02-26 16:35:16.701   715   715 E wificond: Failed to get NL80211_RATE_INFO_NOISE
02-26 16:35:16.701   715   715 E wificond: Failed to get NL80211_RATE_INFO_SNR
02-26 16:35:16.701   715   715 E wificond: Failed to get NL80211_STA_INFO_CNAHLOAD
02-26 16:35:16.705   715   715 E wificond: Failed to get NL80211_RATE_INFO_NOISE
02-26 16:35:16.705   715   715 E wificond: Failed to get NL80211_RATE_INFO_SNR
02-26 16:35:16.705   715   715 E wificond: Failed to get NL80211_STA_INFO_CNAHLOAD
02-26 16:35:24.705   715   715 E wificond: Failed to get NL80211_RATE_INFO_NOISE
02-26 16:35:24.706   715   715 E wificond: Failed to get NL80211_RATE_INFO_SNR
02-26 16:35:24.706   715   715 E wificond: Failed to get NL80211_STA_INFO_CNAHLOAD
02-26 16:35:24.710   715   715 E wificond: Failed to get NL80211_RATE_INFO_NOISE
02-26 16:35:24.710   715   715 E wificond: Failed to get NL80211_RATE_INFO_SNR
02-26 16:35:24.710   715   715 E wificond: Failed to get NL80211_STA_INFO_CNAHLOAD
02-26 16:35:32.705   715   715 E wificond: Failed to get NL80211_RATE_INFO_NOISE
02-26 16:35:32.705   715   715 E wificond: Failed to get NL80211_RATE_INFO_SNR
02-26 16:35:32.705   715   715 E wificond: Failed to get NL80211_STA_INFO_CNAHLOAD
02-26 16:35:32.708   715   715 E wificond: Failed to get NL80211_RATE_INFO_NOISE
02-26 16:35:32.708   715   715 E wificond: Failed to get NL80211_RATE_INFO_SNR
02-26 16:35:32.708   715   715 E wificond: Failed to get NL80211_STA_INFO_CNAHLOAD
02-26 16:35:40.705   715   715 E wificond: Failed to get NL80211_RATE_INFO_NOISE
02-26 16:35:40.705   715   715 E wificond: Failed to get NL80211_RATE_INFO_SNR
02-26 16:35:40.705   715   715 E wificond: Failed to get NL80211_STA_INFO_CNAHLOAD
02-26 16:35:40.708   715   715 E wificond: Failed to get NL80211_RATE_INFO_NOISE
