02-12 15:30:31.544 17483 17540 W ContextImpl: Calling a method in the system process without a qualified user: android.app.ContextImpl.startService:1656 android.content.ContextWrapper.startService:644 com.huawei.systemmanager.spacecleanner.receiver.SpaceCleanReceiver.checkRarelyUsedApp:87 com.huawei.systemmanager.spacecleanner.receiver.SpaceCleanReceiver.doInBackground:39 java.lang.reflect.Method.invoke:-2 
02-12 15:30:31.603   604  1233 W SocketListener: sending broadcast to Pid = 1256, Uid = 1000 
02-12 15:30:31.605  1256  1785 I chatty  : uid=1000(system) NetdConnector expire 2 lines
02-12 15:30:31.606  1256  1454 I chatty  : uid=1000(system) android.fg expire 1 line
02-12 15:30:31.744 15444 15444 D ActivityThread: Remove activity client record, r= ActivityRecord{220f976 token=android.os.BinderProxy@157c287 {com.cambricon.productdisplay/com.cambricon.productdisplay.activity.SplashActivity}} token= android.os.BinderProxy@157c287
02-12 15:30:31.825 12673 12673 W ContextImpl: Calling a method in the system process without a qualified user: android.app.ContextImpl.startService:1656 android.content.ContextWrapper.startService:644 android.content.ContextWrapper.startService:644 com.android.settings.applications.BlackListReceiver.onReceive:35 android.app.ActivityThread.handleReceiver:3662 
02-12 15:30:31.826  1256  1806 I chatty  : uid=1000(system) ConnectivitySer expire 4 lines
02-12 15:30:31.897  1256  5619 I chatty  : uid=1000(system) Binder:1256_15 expire 1 line
02-12 15:30:31.937   715   715 E wificond: Failed to get NL80211_RATE_INFO_NOISE
02-12 15:30:31.937   715   715 E wificond: Failed to get NL80211_RATE_INFO_SNR
02-12 15:30:31.937   715   715 E wificond: Failed to get NL80211_STA_INFO_CNAHLOAD
02-12 15:30:32.007  1256  2104 I chatty  : uid=1000(system) Binder:1256_8 expire 72 lines
02-12 15:30:32.015  1256 30256 I chatty  : uid=1000(system) Binder:1256_1D expire 50 lines
02-12 15:30:32.030  1256  2036 I chatty  : uid=1000(system) Binder:1256_7 expire 47 lines
02-12 15:30:32.034  1256  2538 I chatty  : uid=1000(system) Binder:1256_E expire 51 lines
02-12 15:30:32.034  1256  1806 I chatty  : uid=1000(system) ConnectivitySer expire 1 line
02-12 15:30:32.114  1256 27105 I chatty  : uid=1000(system) Binder:1256_1F expire 4 lines
02-12 15:30:32.125  1256  1598 I chatty  : uid=1000(system) AlarmManager expire 1 line
02-12 15:30:32.127  1256  1256 I chatty  : uid=1000 system_server expire 2 lines
02-12 15:30:32.831 15444 15444 V ActivityThread: ActivityThread,callActivityOnCreate
02-12 15:30:33.356  1256  1437 I chatty  : uid=1000(system) ActivityManager expire 5 lines
02-12 15:30:33.373  1256  1439 I chatty  : uid=1000(system) android.ui expire 1 line
02-12 15:30:33.376  9561  9561 V ActivityThread: ActivityThread,callActivityOnCreate
02-12 15:30:33.376  1975  2571 I HwNetworkPolicyManager: getHwUidPolicy uid = 10039 policy = 0
02-12 15:30:33.390  1256  5619 I chatty  : uid=1000(system) Binder:1256_15 expire 1 line
02-12 15:30:33.413  9561  9561 D ActivityThread: add activity client record, r= ActivityRecord{1e1267a token=android.os.BinderProxy@6a95eab {com.android.packageinstaller/com.android.packageinstaller.permission.ui.GrantPermissionsActivity}} token= android.os.BinderProxy@6a95eab
02-12 15:30:34.410 15444 15444 D ActivityThread: add activity client record, r= ActivityRecord{76de793 token=android.os.BinderProxy@fde464b {com.cambricon.productdisplay/com.cambricon.productdisplay.activity.MainActivity}} token= android.os.BinderProxy@fde464b
02-12 15:30:34.477  1256  1576 I chatty  : uid=1000(system) android.anim expire 47 lines
02-12 15:30:34.509  1256  2104 I chatty  : uid=1000(system) Binder:1256_8 expire 1 line
02-12 15:30:34.517  9561  9561 D ActivityThread: Remove activity client record, r= ActivityRecord{1e1267a token=android.os.BinderProxy@6a95eab {com.android.packageinstaller/com.android.packageinstaller.permission.ui.GrantPermissionsActivity}} token= android.os.BinderProxy@6a95eab
02-12 15:30:34.517  1256  1439 I chatty  : uid=1000(system) android.ui expire 11 lines
02-12 15:30:34.520  1256  2036 I chatty  : uid=1000(system) Binder:1256_7 expire 50 lines
02-12 15:30:34.957   715   715 E wificond: Failed to get NL80211_RATE_INFO_NOISE
02-12 15:30:34.958   715   715 E wificond: Failed to get NL80211_RATE_INFO_SNR
02-12 15:30:34.958   715   715 E wificond: Failed to get NL80211_STA_INFO_CNAHLOAD
02-12 15:30:35.636  1256  2538 I chatty  : uid=1000(system) Binder:1256_E expire 23 lines
02-12 15:30:35.671 15444 15444 V ActivityThread: ActivityThread,callActivityOnCreate
02-12 15:30:35.689  1256 27105 I chatty  : uid=1000(system) Binder:1256_1F expire 39 lines
02-12 15:30:35.696 15444 15444 D ActivityThread: add activity client record, r= ActivityRecord{5eb418c token=android.os.BinderProxy@a949100 {com.cambricon.productdisplay/com.cambricon.productdisplay.activity.MainActivity}} token= android.os.BinderProxy@a949100
02-12 15:30:35.723  1256 30256 I chatty  : uid=1000(system) Binder:1256_1D expire 20 lines
02-12 15:30:35.732  9561  9561 V ActivityThread: ActivityThread,callActivityOnCreate
02-12 15:30:35.737  1975  2571 I HwNetworkPolicyManager: getHwUidPolicy uid = 10039 policy = 0
02-12 15:30:35.752  9561  9561 D ActivityThread: add activity client record, r= ActivityRecord{85c3aff token=android.os.BinderProxy@2f2be2b {com.android.packageinstaller/com.android.packageinstaller.permission.ui.GrantPermissionsActivity}} token= android.os.BinderProxy@2f2be2b
02-12 15:30:35.783  9561  9561 D ActivityThread: Remove activity client record, r= ActivityRecord{85c3aff token=android.os.BinderProxy@2f2be2b {com.android.packageinstaller/com.android.packageinstaller.permission.ui.GrantPermissionsActivity}} token= android.os.BinderProxy@2f2be2b
02-12 15:30:35.859   715   715 E wificond: Failed to get NL80211_RATE_INFO_NOISE
02-12 15:30:35.859   715   715 E wificond: Failed to get NL80211_RATE_INFO_SNR
02-12 15:30:35.859   715   715 E wificond: Failed to get NL80211_STA_INFO_CNAHLOAD
02-12 15:30:35.860   715   715 E wificond: Failed to get NL80211_RATE_INFO_NOISE
02-12 15:30:35.860   715   715 E wificond: Failed to get NL80211_RATE_INFO_SNR
02-12 15:30:35.860   715   715 E wificond: Failed to get NL80211_STA_INFO_CNAHLOAD
02-12 15:30:36.259  1256  1256 I chatty  : uid=1000 system_server expire 7 lines
02-12 15:30:37.980   715   715 E wificond: Failed to get NL80211_RATE_INFO_NOISE
02-12 15:30:37.980   715   715 E wificond: Failed to get NL80211_RATE_INFO_SNR
02-12 15:30:37.980   715   715 E wificond: Failed to get NL80211_STA_INFO_CNAHLOAD
02-12 15:30:41.000   715   715 E wificond: Failed to get NL80211_RATE_INFO_NOISE
02-12 15:30:41.001   715   715 E wificond: Failed to get NL80211_RATE_INFO_SNR
02-12 15:30:41.001   715   715 E wificond: Failed to get NL80211_STA_INFO_CNAHLOAD
02-12 15:30:41.067  1256  1599 I chatty  : uid=1000(system) sManagerService expire 1 line
02-12 15:30:41.097 15444 15444 V ActivityThread: ActivityThread,callActivityOnCreate
02-12 15:30:41.138 15444 15444 D ActivityThread: add activity client record, r= ActivityRecord{92767a1 token=android.os.BinderProxy@4df8945 {com.cambricon.productdisplay/com.cambricon.productdisplay.activity.MainActivity}} token= android.os.BinderProxy@4df8945
02-12 15:30:41.181  9561  9561 V ActivityThread: ActivityThread,callActivityOnCreate
02-12 15:30:41.187  1975  2571 I HwNetworkPolicyManager: getHwUidPolicy uid = 10039 policy = 0
02-12 15:30:41.221  9561  9561 D ActivityThread: add activity client record, r= ActivityRecord{af6827f token=android.os.BinderProxy@97900cc {com.android.packageinstaller/com.android.packageinstaller.permission.ui.GrantPermissionsActivity}} token= android.os.BinderProxy@97900cc
02-12 15:30:41.251  9561  9561 D ActivityThread: Remove activity client record, r= ActivityRecord{af6827f token=android.os.BinderProxy@97900cc {com.android.packageinstaller/com.android.packageinstaller.permission.ui.GrantPermissionsActivity}} token= android.os.BinderProxy@97900cc
02-12 15:30:41.867 15444 15444 V ActivityThread: ActivityThread,callActivityOnCreate
02-12 15:30:41.893 15444 15444 D ActivityThread: add activity client record, r= ActivityRecord{6665962 token=android.os.BinderProxy@361c476 {com.cambricon.productdisplay/com.cambricon.productdisplay.activity.MainActivity}} token= android.os.BinderProxy@361c476
02-12 15:30:41.926  9561  9561 V ActivityThread: ActivityThread,callActivityOnCreate
02-12 15:30:41.932  1256  1285 I chatty  : uid=1000(system) Binder:1256_2 expire 9 lines
02-12 15:30:41.932  1975  2571 I HwNetworkPolicyManager: getHwUidPolicy uid = 10039 policy = 0
02-12 15:30:41.940  9561  9561 D ActivityThread: add activity client record, r= ActivityRecord{5a6e550 token=android.os.BinderProxy@3f2724c {com.android.packageinstaller/com.android.packageinstaller.permission.ui.GrantPermissionsActivity}} token= android.os.BinderProxy@3f2724c
02-12 15:30:41.941  1256  3101 I chatty  : uid=1000(system) Binder:1256_11 expire 26 lines
02-12 15:30:41.978  9561  9561 D ActivityThread: Remove activity client record, r= ActivityRecord{5a6e550 token=android.os.BinderProxy@3f2724c {com.android.packageinstaller/com.android.packageinstaller.permission.ui.GrantPermissionsActivity}} token= android.os.BinderProxy@3f2724c
02-12 15:30:42.350 15444 15444 V ActivityThread: ActivityThread,callActivityOnCreate
02-12 15:30:42.374 15444 15444 D ActivityThread: add activity client record, r= ActivityRecord{2a15679 token=android.os.BinderProxy@4fe2e9d {com.cambricon.productdisplay/com.cambricon.productdisplay.activity.MainActivity}} token= android.os.BinderProxy@4fe2e9d
02-12 15:30:42.408  9561  9561 V ActivityThread: ActivityThread,callActivityOnCreate
02-12 15:30:42.417  1975  2571 I HwNetworkPolicyManager: getHwUidPolicy uid = 10039 policy = 0
02-12 15:30:42.425  9561  9561 D ActivityThread: add activity client record, r= ActivityRecord{74d45bd token=android.os.BinderProxy@dce3349 {com.android.packageinstaller/com.android.packageinstaller.permission.ui.GrantPermissionsActivity}} token= android.os.BinderProxy@dce3349
02-12 15:30:42.468  9561  9561 D ActivityThread: Remove activity client record, r= ActivityRecord{74d45bd token=android.os.BinderProxy@dce3349 {com.android.packageinstaller/com.android.packageinstaller.permission.ui.GrantPermissionsActivity}} token= android.os.BinderProxy@dce3349
02-12 15:30:42.506 15444 15444 V ActivityThread: ActivityThread,callActivityOnCreate
02-12 15:30:42.526 15444 15444 D ActivityThread: add activity client record, r= ActivityRecord{12b7ca6 token=android.os.BinderProxy@b49a97a {com.cambricon.productdisplay/com.cambricon.productdisplay.activity.MainActivity}} token= android.os.BinderProxy@b49a97a
02-12 15:30:42.558  9561  9561 V ActivityThread: ActivityThread,callActivityOnCreate
02-12 15:30:42.563  1975  2571 I HwNetworkPolicyManager: getHwUidPolicy uid = 10039 policy = 0
02-12 15:30:42.572  1256  5619 I chatty  : uid=1000(system) Binder:1256_15 expire 5 lines
02-12 15:30:42.573  9561  9561 D ActivityThread: add activity client record, r= ActivityRecord{cbf0dd6 token=android.os.BinderProxy@45477b2 {com.android.packageinstaller/com.android.packageinstaller.permission.ui.GrantPermissionsActivity}} token= android.os.BinderProxy@45477b2
02-12 15:30:42.592  9561  9561 D ActivityThread: Remove activity client record, r= ActivityRecord{cbf0dd6 token=android.os.BinderProxy@45477b2 {com.android.packageinstaller/com.android.packageinstaller.permission.ui.GrantPermissionsActivity}} token= android.os.BinderProxy@45477b2
02-12 15:30:43.874   715   715 E wificond: Failed to get NL80211_RATE_INFO_NOISE
02-12 15:30:43.874   715   715 E wificond: Failed to get NL80211_RATE_INFO_SNR
02-12 15:30:43.874   715   715 E wificond: Failed to get NL80211_STA_INFO_CNAHLOAD
02-12 15:30:43.875   715   715 E wificond: Failed to get NL80211_RATE_INFO_NOISE
02-12 15:30:43.876   715   715 E wificond: Failed to get NL80211_RATE_INFO_SNR
02-12 15:30:43.876   715   715 E wificond: Failed to get NL80211_STA_INFO_CNAHLOAD
02-12 15:30:44.008   715   715 E wificond: Failed to get NL80211_RATE_INFO_NOISE
02-12 15:30:44.008   715   715 E wificond: Failed to get NL80211_RATE_INFO_SNR
02-12 15:30:44.008   715   715 E wificond: Failed to get NL80211_STA_INFO_CNAHLOAD
02-12 15:30:46.445  1256  1598 I chatty  : uid=1000(system) AlarmManager expire 1 line
02-12 15:30:47.019   715   715 E wificond: Failed to get NL80211_RATE_INFO_NOISE
02-12 15:30:47.020   715   715 E wificond: Failed to get NL80211_RATE_INFO_SNR
02-12 15:30:47.020   715   715 E wificond: Failed to get NL80211_STA_INFO_CNAHLOAD
02-12 15:30:49.674  1256  1583 I chatty  : uid=1000(system) UEventObserver expire 2 lines
02-12 15:30:50.044   715   715 E wificond: Failed to get NL80211_RATE_INFO_NOISE
02-12 15:30:50.044   715   715 E wificond: Failed to get NL80211_RATE_INFO_SNR
02-12 15:30:50.044   715   715 E wificond: Failed to get NL80211_STA_INFO_CNAHLOAD
02-12 15:30:51.885   715   715 E wificond: Failed to get NL80211_RATE_INFO_NOISE
02-12 15:30:51.885   715   715 E wificond: Failed to get NL80211_RATE_INFO_SNR
02-12 15:30:51.885   715   715 E wificond: Failed to get NL80211_STA_INFO_CNAHLOAD
02-12 15:30:51.888   715   715 E wificond: Failed to get NL80211_RATE_INFO_NOISE
02-12 15:30:51.888   715   715 E wificond: Failed to get NL80211_RATE_INFO_SNR
02-12 15:30:51.888   715   715 E wificond: Failed to get NL80211_STA_INFO_CNAHLOAD
02-12 15:30:53.061   715   715 E wificond: Failed to get NL80211_RATE_INFO_NOISE
02-12 15:30:53.061   715   715 E wificond: Failed to get NL80211_RATE_INFO_SNR
02-12 15:30:53.061   715   715 E wificond: Failed to get NL80211_STA_INFO_CNAHLOAD
02-12 15:30:56.078   715   715 E wificond: Failed to get NL80211_RATE_INFO_NOISE
02-12 15:30:56.078   715   715 E wificond: Failed to get NL80211_RATE_INFO_SNR
02-12 15:30:56.078   715   715 E wificond: Failed to get NL80211_STA_INFO_CNAHLOAD
02-12 15:30:59.097   715   715 E wificond: Failed to get NL80211_RATE_INFO_NOISE
02-12 15:30:59.097   715   715 E wificond: Failed to get NL80211_RATE_INFO_SNR
02-12 15:30:59.097   715   715 E wificond: Failed to get NL80211_STA_INFO_CNAHLOAD
02-12 15:30:59.887   715   715 E wificond: Failed to get NL80211_RATE_INFO_NOISE
02-12 15:30:59.887   715   715 E wificond: Failed to get NL80211_RATE_INFO_SNR
02-12 15:30:59.887   715   715 E wificond: Failed to get NL80211_STA_INFO_CNAHLOAD
02-12 15:30:59.891   715   715 E wificond: Failed to get NL80211_RATE_INFO_NOISE
02-12 15:30:59.891   715   715 E wificond: Failed to get NL80211_RATE_INFO_SNR
02-12 15:30:59.891   715   715 E wificond: Failed to get NL80211_STA_INFO_CNAHLOAD
02-12 15:30:59.920  1256  2115 I chatty  : uid=1000(system) watchdog expire 1 line
02-12 15:31:00.093  1256  2538 I chatty  : uid=1000(system) Binder:1256_E expire 3 lines
02-12 15:31:02.117   715   715 E wificond: Failed to get NL80211_RATE_INFO_NOISE
02-12 15:31:02.117   715   715 E wificond: Failed to get NL80211_RATE_INFO_SNR
02-12 15:31:02.117   715   715 E wificond: Failed to get NL80211_STA_INFO_CNAHLOAD
02-12 15:31:05.135   715   715 E wificond: Failed to get NL80211_RATE_INFO_NOISE
02-12 15:31:05.135   715   715 E wificond: Failed to get NL80211_RATE_INFO_SNR
02-12 15:31:05.135   715   715 E wificond: Failed to get NL80211_STA_INFO_CNAHLOAD
02-12 15:31:05.288  1256  1462 I chatty  : uid=1000(system) PowerManagerSer expire 10 lines
02-12 15:31:07.902   715   715 E wificond: Failed to get NL80211_RATE_INFO_NOISE
02-12 15:31:07.902   715   715 E wificond: Failed to get NL80211_RATE_INFO_SNR
02-12 15:31:07.902   715   715 E wificond: Failed to get NL80211_STA_INFO_CNAHLOAD
02-12 15:31:07.905   715   715 E wificond: Failed to get NL80211_RATE_INFO_NOISE
02-12 15:31:07.905   715   715 E wificond: Failed to get NL80211_RATE_INFO_SNR
02-12 15:31:07.905   715   715 E wificond: Failed to get NL80211_STA_INFO_CNAHLOAD
02-12 15:31:08.142   715   715 E wificond: Failed to get NL80211_RATE_INFO_NOISE
02-12 15:31:08.142   715   715 E wificond: Failed to get NL80211_RATE_INFO_SNR
02-12 15:31:08.142   715   715 E wificond: Failed to get NL80211_STA_INFO_CNAHLOAD
02-12 15:31:11.158   715   715 E wificond: Failed to get NL80211_RATE_INFO_NOISE
02-12 15:31:11.158   715   715 E wificond: Failed to get NL80211_RATE_INFO_SNR
02-12 15:31:11.158   715   715 E wificond: Failed to get NL80211_STA_INFO_CNAHLOAD
02-12 15:31:12.306  1256  2036 I chatty  : uid=1000(system) Binder:1256_7 expire 13 lines
02-12 15:31:12.392 15444 15444 V ActivityThread: Finishing stop of ActivityRecord{12b7ca6 token=android.os.BinderProxy@b49a97a {com.cambricon.productdisplay/com.cambricon.productdisplay.activity.MainActivity}}
02-12 15:31:12.404  1256  5619 I chatty  : uid=1000(system) Binder:1256_15 expire 13 lines
02-12 15:31:12.498  1256  1462 I chatty  : uid=1000(system) PowerManagerSer expire 10 lines
02-12 15:31:12.538  1256  1456 I chatty  : uid=1000(system) android.display expire 3 lines
02-12 15:31:12.576  1256  1256 I chatty  : uid=1000 system_server expire 10 lines
02-12 15:31:12.576  1256  1803 I chatty  : uid=1000(system) WifiP2pService expire 10 lines
02-12 15:31:12.598  1256  2104 I chatty  : uid=1000(system) Binder:1256_8 expire 22 lines
02-12 15:31:12.599  1256  1785 I chatty  : uid=1000(system) NetdConnector expire 10 lines
02-12 15:31:12.642  1256  2898 I chatty  : uid=1000(system) HwDeviceUsageCo expire 1 line
02-12 15:31:12.667  3001  5327 W ContextImpl: Calling a method in the system process without a qualified user: android.app.ContextImpl.bindService:1736 android.content.ContextWrapper.bindService:678 com.huawei.nb.dataservice.dsclient.RemoteServiceConnection.open:90 com.huawei.nb.dataservice.dsclient.DataServiceProxy.connect:105 com.huawei.nb.dataservice.rsclient.internal.RemoteRuleService.start:27 
02-12 15:31:12.718  1256  1599 I chatty  : uid=1000(system) sManagerService expire 1 line
02-12 15:31:12.739  1256  1439 I chatty  : uid=1000(system) android.ui expire 3 lines
02-12 15:31:15.915   715   715 E wificond: Failed to get NL80211_RATE_INFO_NOISE
02-12 15:31:15.915   715   715 E wificond: Failed to get NL80211_RATE_INFO_SNR
02-12 15:31:15.915   715   715 E wificond: Failed to get NL80211_STA_INFO_CNAHLOAD
02-12 15:31:15.919   715   715 E wificond: Failed to get NL80211_RATE_INFO_NOISE
02-12 15:31:15.919   715   715 E wificond: Failed to get NL80211_RATE_INFO_SNR
02-12 15:31:15.919   715   715 E wificond: Failed to get NL80211_STA_INFO_CNAHLOAD
02-12 15:31:17.413  1256 30256 I chatty  : uid=1000(system) Binder:1256_1D expire 14 lines
02-12 15:31:17.446   604  1233 W SocketListener: sending broadcast to Pid = 1256, Uid = 1000 
02-12 15:31:17.452  1256  1454 I chatty  : uid=1000(system) android.fg expire 4 lines
02-12 15:31:17.458  2005  2005 V KeyguardStatusView: refresh statusview showing:true
02-12 15:31:17.464  2005  2005 V KeyguardDisplayManager: show
02-12 15:31:17.518 15444 15444 V ActivityThread: Handle window ActivityRecord{12b7ca6 token=android.os.BinderProxy@b49a97a {com.cambricon.productdisplay/com.cambricon.productdisplay.activity.MainActivity}} visibility: false
02-12 15:31:17.607  1256  1576 I chatty  : uid=1000(system) android.anim expire 9 lines
02-12 15:31:19.878  1256  1583 I chatty  : uid=1000(system) UEventObserver expire 6 lines
02-12 15:31:23.920   715   715 E wificond: Failed to get NL80211_RATE_INFO_NOISE
02-12 15:31:23.920   715   715 E wificond: Failed to get NL80211_RATE_INFO_SNR
02-12 15:31:23.920   715   715 E wificond: Failed to get NL80211_STA_INFO_CNAHLOAD
02-12 15:31:23.923   715   715 E wificond: Failed to get NL80211_RATE_INFO_NOISE
02-12 15:31:23.923   715   715 E wificond: Failed to get NL80211_RATE_INFO_SNR
02-12 15:31:23.923   715   715 E wificond: Failed to get NL80211_STA_INFO_CNAHLOAD
02-12 15:31:29.922  1256  2115 I chatty  : uid=1000(system) watchdog expire 2 lines
02-12 15:31:31.929   715   715 E wificond: Failed to get NL80211_RATE_INFO_NOISE
02-12 15:31:31.929   715   715 E wificond: Failed to get NL80211_RATE_INFO_SNR
02-12 15:31:31.929   715   715 E wificond: Failed to get NL80211_STA_INFO_CNAHLOAD
02-12 15:31:31.932   715   715 E wificond: Failed to get NL80211_RATE_INFO_NOISE
02-12 15:31:31.932   715   715 E wificond: Failed to get NL80211_RATE_INFO_SNR
02-12 15:31:31.932   715   715 E wificond: Failed to get NL80211_STA_INFO_CNAHLOAD
02-12 15:31:32.488   604  1233 W SocketListener: sending broadcast to Pid = 1256, Uid = 1000 
02-12 15:31:32.509  1256  2104 I chatty  : uid=1000(system) Binder:1256_8 expire 14 lines
02-12 15:31:39.939   715   715 E wificond: Failed to get NL80211_RATE_INFO_NOISE
02-12 15:31:39.940   715   715 E wificond: Failed to get NL80211_RATE_INFO_SNR
02-12 15:31:39.940   715   715 E wificond: Failed to get NL80211_STA_INFO_CNAHLOAD
02-12 15:31:39.947   715   715 E wificond: Failed to get NL80211_RATE_INFO_NOISE
02-12 15:31:39.947   715   715 E wificond: Failed to get NL80211_RATE_INFO_SNR
02-12 15:31:39.947   715   715 E wificond: Failed to get NL80211_STA_INFO_CNAHLOAD
02-12 15:31:47.942   715   715 E wificond: Failed to get NL80211_RATE_INFO_NOISE
02-12 15:31:47.943   715   715 E wificond: Failed to get NL80211_RATE_INFO_SNR
02-12 15:31:47.943   715   715 E wificond: Failed to get NL80211_STA_INFO_CNAHLOAD
02-12 15:31:47.946   715   715 E wificond: Failed to get NL80211_RATE_INFO_NOISE
02-12 15:31:47.946   715   715 E wificond: Failed to get NL80211_RATE_INFO_SNR
02-12 15:31:47.946   715   715 E wificond: Failed to get NL80211_STA_INFO_CNAHLOAD
02-12 15:31:55.950   715   715 E wificond: Failed to get NL80211_RATE_INFO_NOISE
02-12 15:31:55.950   715   715 E wificond: Failed to get NL80211_RATE_INFO_SNR
02-12 15:31:55.950   715   715 E wificond: Failed to get NL80211_STA_INFO_CNAHLOAD
02-12 15:31:55.954   715   715 E wificond: Failed to get NL80211_RATE_INFO_NOISE
02-12 15:31:55.954   715   715 E wificond: Failed to get NL80211_RATE_INFO_SNR
02-12 15:31:55.954   715   715 E wificond: Failed to get NL80211_STA_INFO_CNAHLOAD
02-12 15:32:03.963   715   715 E wificond: Failed to get NL80211_RATE_INFO_NOISE
02-12 15:32:03.964   715   715 E wificond: Failed to get NL80211_RATE_INFO_SNR
02-12 15:32:03.964   715   715 E wificond: Failed to get NL80211_STA_INFO_CNAHLOAD
02-12 15:32:03.967   715   715 E wificond: Failed to get NL80211_RATE_INFO_NOISE
02-12 15:32:03.967   715   715 E wificond: Failed to get NL80211_RATE_INFO_SNR
02-12 15:32:03.967   715   715 E wificond: Failed to get NL80211_STA_INFO_CNAHLOAD
02-12 15:32:04.679   604  1233 W SocketListener: sending broadcast to Pid = 1256, Uid = 1000 
02-12 15:32:11.965   715   715 E wificond: Failed to get NL80211_RATE_INFO_NOISE
02-12 15:32:11.966   715   715 E wificond: Failed to get NL80211_RATE_INFO_SNR
02-12 15:32:11.966   715   715 E wificond: Failed to get NL80211_STA_INFO_CNAHLOAD
02-12 15:32:11.969   715   715 E wificond: Failed to get NL80211_RATE_INFO_NOISE
02-12 15:32:11.969   715   715 E wificond: Failed to get NL80211_RATE_INFO_SNR
02-12 15:32:11.969   715   715 E wificond: Failed to get NL80211_STA_INFO_CNAHLOAD
02-12 15:32:19.976   715   715 E wificond: Failed to get NL80211_RATE_INFO_NOISE
02-12 15:32:19.977   715   715 E wificond: Failed to get NL80211_RATE_INFO_SNR
02-12 15:32:19.977   715   715 E wificond: Failed to get NL80211_STA_INFO_CNAHLOAD
02-12 15:32:19.982   715   715 E wificond: Failed to get NL80211_RATE_INFO_NOISE
02-12 15:32:19.982   715   715 E wificond: Failed to get NL80211_RATE_INFO_SNR
02-12 15:32:19.982   715   715 E wificond: Failed to get NL80211_STA_INFO_CNAHLOAD
02-12 15:32:21.940  1256  1603 I chatty  : uid=1000(system) InputReader expire 6 lines
02-12 15:32:21.942  1256  1462 I chatty  : uid=1000(system) PowerManagerSer expire 13 lines
02-12 15:32:21.952  1256 30256 I chatty  : uid=1000(system) Binder:1256_1D expire 11 lines
02-12 15:32:21.996  1256  1605 I chatty  : uid=1000(system) StorageManagerS expire 2 lines
02-12 15:32:21.998   418   446 I vold    : TrimTask running tasks: 0
02-12 15:32:22.000  1256  1608 I chatty  : uid=1000(system) VoldConnector expire 1 line
02-12 15:32:22.012  1256  1256 I chatty  : uid=1000 system_server expire 10 lines
02-12 15:32:22.020   715   715 E wificond: Failed to get NL80211_RATE_INFO_NOISE
02-12 15:32:22.020   715   715 E wificond: Failed to get NL80211_RATE_INFO_SNR
02-12 15:32:22.020   715   715 E wificond: Failed to get NL80211_STA_INFO_CNAHLOAD
02-12 15:32:22.120  3001  5774 W ContextImpl: Calling a method in the system process without a qualified user: android.app.ContextImpl.bindService:1736 android.content.ContextWrapper.bindService:678 com.huawei.nb.dataservice.dsclient.RemoteServiceConnection.open:90 com.huawei.nb.dataservice.dsclient.DataServiceProxy.connect:105 com.huawei.nb.dataservice.rsclient.internal.RemoteRuleService.start:27 
02-12 15:32:22.133  1256  5619 I chatty  : uid=1000(system) Binder:1256_15 expire 5 lines
02-12 15:32:22.207  1256  1285 I chatty  : uid=1000(system) Binder:1256_2 expire 3 lines
02-12 15:32:22.852  2005  2005 V KeyguardDisplayManager: hide
02-12 15:32:22.859  1256  2104 I chatty  : uid=1000(system) Binder:1256_8 expire 3 lines
02-12 15:32:22.862  1256  1437 I chatty  : uid=1000(system) ActivityManager expire 1 line
02-12 15:32:22.865  1256  2538 I chatty  : uid=1000(system) Binder:1256_E expire 30 lines
02-12 15:32:22.892  1256  1803 I chatty  : uid=1000(system) WifiP2pService expire 5 lines
02-12 15:32:22.909  1256  1801 I chatty  : uid=1000(system) WifiScanningSer expire 1 line
02-12 15:32:24.100   604  1234 W SocketListener: sending broadcast to Pid = 1256, Uid = 1000 
02-12 15:32:24.108  1256  1785 I chatty  : uid=1000(system) NetdConnector expire 2 lines
02-12 15:32:24.125  1256  1854 I chatty  : uid=1000(system) WifiProStateMac expire 1 line
02-12 15:32:24.125  1256  2036 I chatty  : uid=1000(system) Binder:1256_7 expire 1 line
02-12 15:32:24.125  1256  1851 I chatty  : uid=1000(system) HwSelfCureEngin expire 1 line
02-12 15:32:25.039   715   715 E wificond: Failed to get NL80211_RATE_INFO_NOISE
02-12 15:32:25.040   715   715 E wificond: Failed to get NL80211_RATE_INFO_SNR
02-12 15:32:25.040   715   715 E wificond: Failed to get NL80211_STA_INFO_CNAHLOAD
02-12 15:32:26.185  1256  2538 I chatty  : uid=1000(system) Binder:1256_E expire 64 lines
02-12 15:32:26.222  1256  1576 I chatty  : uid=1000(system) android.anim expire 23 lines
02-12 15:32:26.229 15725 15725 D ActivityThread: ActivityThread,attachApplication
02-12 15:32:26.243  1256  1437 I chatty  : uid=1000(system) ActivityManager expire 18 lines
02-12 15:32:26.259  1256  5619 I chatty  : uid=1000(system) Binder:1256_15 expire 11 lines
02-12 15:32:26.261  1256  1285 I chatty  : uid=1000(system) Binder:1256_2 expire 18 lines
02-12 15:32:26.268  1256 27105 I chatty  : uid=1000(system) Binder:1256_1F expire 3 lines
02-12 15:32:26.270  1256  1256 I chatty  : uid=1000 system_server expire 14 lines
02-12 15:32:26.271  1900  1900 I HwCoreAppHelperService: LocalReceiver receives:android.intent.action.PACKAGE_RESTARTED,pkg:com.cambricon.productdisplay,uid:10111
02-12 15:32:26.273  1256 30256 I chatty  : uid=1000(system) Binder:1256_1D expire 18 lines
02-12 15:32:26.278  1256  1439 I chatty  : uid=1000(system) android.ui expire 3 lines
02-12 15:32:26.288  2005  2044 I CommandQueue: updateBarBgColor
02-12 15:32:26.288  2005  2044 D CommandQueue: CommandQueue, setBarBackgroundColor
02-12 15:32:26.289  1975  2571 I HwNetworkPolicyManager: getHwUidPolicy uid = 10067 policy = 0
02-12 15:32:26.290  1256  1456 I chatty  : uid=1000(system) android.display expire 1 line
02-12 15:32:27.985   715   715 E wificond: Failed to get NL80211_RATE_INFO_NOISE
02-12 15:32:27.985   715   715 E wificond: Failed to get NL80211_RATE_INFO_SNR
02-12 15:32:27.985   715   715 E wificond: Failed to get NL80211_STA_INFO_CNAHLOAD
02-12 15:32:27.988   715   715 E wificond: Failed to get NL80211_RATE_INFO_NOISE
02-12 15:32:27.988   715   715 E wificond: Failed to get NL80211_RATE_INFO_SNR
02-12 15:32:27.988   715   715 E wificond: Failed to get NL80211_STA_INFO_CNAHLOAD
02-12 15:32:28.048   715   715 E wificond: Failed to get NL80211_RATE_INFO_NOISE
02-12 15:32:28.048   715   715 E wificond: Failed to get NL80211_RATE_INFO_SNR
02-12 15:32:28.048   715   715 E wificond: Failed to get NL80211_STA_INFO_CNAHLOAD
02-12 15:32:29.462  1256  1575 I chatty  : uid=1000(system) PackageInstalle expire 3 lines
02-12 15:32:29.658  1256  1481 I chatty  : uid=1000(system) PackageManager expire 13 lines
02-12 15:32:29.926  1256  2115 I chatty  : uid=1000(system) watchdog expire 1 line
02-12 15:32:30.244  1256  1917 I chatty  : uid=1000(system) Binder:1256_4 expire 6 lines
02-12 15:32:30.268  1256  8714 I chatty  : uid=1000(system) Binder:1256_1A expire 2 lines
02-12 15:32:30.275  1256  1434 I chatty  : uid=1000(system) android.bg expire 18 lines
02-12 15:32:30.305  1256 12874 I chatty  : uid=1000(system) Binder:1256_20 expire 4 lines
02-12 15:32:30.336  1256  2753 I chatty  : uid=1000(system) Binder:1256_10 expire 9 lines
02-12 15:32:30.371 12673 12673 W ContextImpl: Calling a method in the system process without a qualified user: android.app.ContextImpl.startService:1656 android.content.ContextWrapper.startService:644 android.content.ContextWrapper.startService:644 com.android.settings.applications.BlackListReceiver.onReceive:35 android.app.ActivityThread.handleReceiver:3662 
02-12 15:32:30.373 15821 15821 D ActivityThread: ActivityThread,attachApplication
02-12 15:32:30.397  1256  8713 I chatty  : uid=1000(system) Binder:1256_19 expire 9 lines
02-12 15:32:30.399  1256  6432 I chatty  : uid=1000(system) Binder:1256_17 expire 5 lines
02-12 15:32:30.401  1975  2571 I HwNetworkPolicyManager: getHwUidPolicy uid = 10111 policy = 0
02-12 15:32:30.417  1256  1599 I chatty  : uid=1000(system) sManagerService expire 1 line
02-12 15:32:30.469 17483 17483 W ContextImpl: Calling a method in the system process without a qualified user: android.app.ContextImpl.startService:1656 android.content.ContextWrapper.startService:644 android.content.ContextWrapper.startService:644 com.huawei.systemmanager.antivirus.utils.AntiVirusTools.deleteVirusApk:632 com.huawei.systemmanager.antivirus.AntiVirusReceiver.handlerPackageRemoved:52 
02-12 15:32:30.481 17483 17567 W ContextImpl: Calling a method in the system process without a qualified user: android.app.ContextImpl.startService:1656 android.content.ContextWrapper.startService:644 com.huawei.systemmanager.spacecleanner.receiver.SpaceCleanReceiver.checkRarelyUsedApp:87 com.huawei.systemmanager.spacecleanner.receiver.SpaceCleanReceiver.doInBackground:39 java.lang.reflect.Method.invoke:-2 
02-12 15:32:30.539  1256  1917 I chatty  : uid=1000(system) Binder:1256_4 expire 11 lines
02-12 15:32:30.546  1256  2753 I chatty  : uid=1000(system) Binder:1256_10 expire 15 lines
02-12 15:32:30.581 15821 15821 V ActivityThread: ActivityThread,callActivityOnCreate
02-12 15:32:30.649 15821 15821 D ActivityThread: add activity client record, r= ActivityRecord{220f976 token=android.os.BinderProxy@157c287 {com.cambricon.productdisplay/com.cambricon.productdisplay.activity.SplashActivity}} token= android.os.BinderProxy@157c287
02-12 15:32:30.662  1256  6432 I chatty  : uid=1000(system) Binder:1256_17 expire 5 lines
02-12 15:32:30.694  2005 20339 I CommandQueue: updateBarBgColor
02-12 15:32:30.694  2005 20339 D CommandQueue: CommandQueue, setBarBackgroundColor
02-12 15:32:30.749  1256  1439 I chatty  : uid=1000(system) android.ui expire 1 line
02-12 15:32:30.759  1256  1576 I chatty  : uid=1000(system) android.anim expire 13 lines
02-12 15:32:30.890  1256  1256 I chatty  : uid=1000 system_server expire 1 line
02-12 15:32:31.064   715   715 E wificond: Failed to get NL80211_RATE_INFO_NOISE
02-12 15:32:31.064   715   715 E wificond: Failed to get NL80211_RATE_INFO_SNR
02-12 15:32:31.064   715   715 E wificond: Failed to get NL80211_STA_INFO_CNAHLOAD
02-12 15:32:31.940   604  1233 W SocketListener: sending broadcast to Pid = 1256, Uid = 1000 
02-12 15:32:31.941  1256  1785 I chatty  : uid=1000(system) NetdConnector expire 2 lines
02-12 15:32:31.943  1256  1454 I chatty  : uid=1000(system) android.fg expire 1 line
02-12 15:32:32.070 12673 12673 W ContextImpl: Calling a method in the system process without a qualified user: android.app.ContextImpl.startService:1656 android.content.ContextWrapper.startService:644 android.content.ContextWrapper.startService:644 com.android.settings.applications.BlackListReceiver.onReceive:35 android.app.ActivityThread.handleReceiver:3662 
02-12 15:32:32.088  1256  2104 I chatty  : uid=1000(system) Binder:1256_8 expire 4 lines
02-12 15:32:32.088  1256  1285 I chatty  : uid=1000(system) Binder:1256_2 expire 2 lines
02-12 15:32:32.201  1256  2027 I chatty  : uid=1000(system) Binder:1256_6 expire 12 lines
02-12 15:32:32.204  1256  8713 I chatty  : uid=1000(system) Binder:1256_19 expire 2 lines
02-12 15:32:32.204 15821 15821 V ActivityThread: ActivityThread,callActivityOnCreate
02-12 15:32:32.209 17483 17483 W ContextImpl: Calling a method in the system process without a qualified user: android.app.ContextImpl.startService:1656 android.content.ContextWrapper.startService:644 android.content.ContextWrapper.startService:644 com.huawei.systemmanager.antivirus.utils.AntiVirusTools.checkVirusForNewInstalledApk:620 com.huawei.systemmanager.antivirus.AntiVirusReceiver.onReceive:36 
02-12 15:32:32.227 17483 17538 W ContextImpl: Calling a method in the system process without a qualified user: android.app.ContextImpl.startService:1656 android.content.ContextWrapper.startService:644 com.huawei.systemmanager.spacecleanner.receiver.SpaceCleanReceiver.checkRarelyUsedApp:87 com.huawei.systemmanager.spacecleanner.receiver.SpaceCleanReceiver.doInBackground:39 java.lang.reflect.Method.invoke:-2 
02-12 15:32:32.227  1256  1437 I chatty  : uid=1000(system) ActivityManager expire 2 lines
02-12 15:32:32.349 15821 15821 D ActivityThread: add activity client record, r= ActivityRecord{f4500e5 token=android.os.BinderProxy@e1426f {com.cambricon.productdisplay/com.cambricon.productdisplay.activity.HomeActivity}} token= android.os.BinderProxy@e1426f
02-12 15:32:32.422  1256  2027 I chatty  : uid=1000(system) Binder:1256_6 expire 11 lines
02-12 15:32:32.515  1256  1576 I chatty  : uid=1000(system) android.anim expire 3 lines
02-12 15:32:32.656  1256  1806 I chatty  : uid=1000(system) ConnectivitySer expire 4 lines
02-12 15:32:32.678 12673 12673 W ContextImpl: Calling a method in the system process without a qualified user: android.app.ContextImpl.startService:1656 android.content.ContextWrapper.startService:644 android.content.ContextWrapper.startService:644 com.android.settings.applications.BlackListReceiver.onReceive:35 android.app.ActivityThread.handleReceiver:3662 
02-12 15:32:32.678  1256  1285 I chatty  : uid=1000(system) Binder:1256_2 expire 67 lines
02-12 15:32:32.744  1256  8713 I chatty  : uid=1000(system) Binder:1256_19 expire 54 lines
02-12 15:32:32.769  1256  2104 I chatty  : uid=1000(system) Binder:1256_8 expire 56 lines
02-12 15:32:32.784  1256  1917 I chatty  : uid=1000(system) Binder:1256_4 expire 1 line
02-12 15:32:32.789  1256  2753 I chatty  : uid=1000(system) Binder:1256_10 expire 59 lines
02-12 15:32:32.832 15821 15821 D ActivityThread: Remove activity client record, r= ActivityRecord{220f976 token=android.os.BinderProxy@157c287 {com.cambricon.productdisplay/com.cambricon.productdisplay.activity.SplashActivity}} token= android.os.BinderProxy@157c287
02-12 15:32:32.982  1256  2104 I chatty  : uid=1000(system) Binder:1256_8 expire 65 lines
02-12 15:32:33.153  1256  1806 I chatty  : uid=1000(system) ConnectivitySer expire 1 line
02-12 15:32:34.071   715   715 E wificond: Failed to get NL80211_RATE_INFO_NOISE
02-12 15:32:34.071   715   715 E wificond: Failed to get NL80211_RATE_INFO_SNR
02-12 15:32:34.071   715   715 E wificond: Failed to get NL80211_STA_INFO_CNAHLOAD
02-12 15:32:35.169 15821 15821 V ActivityThread: ActivityThread,callActivityOnCreate
02-12 15:32:35.194  1256  1285 I chatty  : uid=1000(system) Binder:1256_2 expire 20 lines
02-12 15:32:35.697  1256  1437 I chatty  : uid=1000(system) ActivityManager expire 5 lines
02-12 15:32:35.709  1256 12874 I chatty  : uid=1000(system) Binder:1256_20 expire 13 lines
02-12 15:32:35.710  1256  1439 I chatty  : uid=1000(system) android.ui expire 5 lines
02-12 15:32:35.712  9561  9561 V ActivityThread: ActivityThread,callActivityOnCreate
02-12 15:32:35.715  1256  2027 I chatty  : uid=1000(system) Binder:1256_6 expire 6 lines
02-12 15:32:35.715  1975  2571 I HwNetworkPolicyManager: getHwUidPolicy uid = 10039 policy = 0
02-12 15:32:35.728  1256  2036 I chatty  : uid=1000(system) Binder:1256_7 expire 1 line
02-12 15:32:35.752  9561  9561 D ActivityThread: add activity client record, r= ActivityRecord{194b356 token=android.os.BinderProxy@d144857 {com.android.packageinstaller/com.android.packageinstaller.permission.ui.GrantPermissionsActivity}} token= android.os.BinderProxy@d144857
02-12 15:32:35.989   715   715 E wificond: Failed to get NL80211_RATE_INFO_NOISE
02-12 15:32:35.989   715   715 E wificond: Failed to get NL80211_RATE_INFO_SNR
02-12 15:32:35.989   715   715 E wificond: Failed to get NL80211_STA_INFO_CNAHLOAD
02-12 15:32:35.991   715   715 E wificond: Failed to get NL80211_RATE_INFO_NOISE
02-12 15:32:35.991   715   715 E wificond: Failed to get NL80211_RATE_INFO_SNR
02-12 15:32:35.991   715   715 E wificond: Failed to get NL80211_STA_INFO_CNAHLOAD
02-12 15:32:36.259  1256  1256 I chatty  : uid=1000 system_server expire 10 lines
02-12 15:32:36.744 15821 15821 D ActivityThread: add activity client record, r= ActivityRecord{e447fc9 token=android.os.BinderProxy@dc60941 {com.cambricon.productdisplay/com.cambricon.productdisplay.activity.MainActivity}} token= android.os.BinderProxy@dc60941
02-12 15:32:36.829  1256  1576 I chatty  : uid=1000(system) android.anim expire 9 lines
02-12 15:32:36.865  9561  9561 D ActivityThread: Remove activity client record, r= ActivityRecord{194b356 token=android.os.BinderProxy@d144857 {com.android.packageinstaller/com.android.packageinstaller.permission.ui.GrantPermissionsActivity}} token= android.os.BinderProxy@d144857
02-12 15:32:37.078   715   715 E wificond: Failed to get NL80211_RATE_INFO_NOISE
02-12 15:32:37.078   715   715 E wificond: Failed to get NL80211_RATE_INFO_SNR
02-12 15:32:37.078   715   715 E wificond: Failed to get NL80211_STA_INFO_CNAHLOAD
02-12 15:32:38.302  1256  8713 I chatty  : uid=1000(system) Binder:1256_19 expire 8 lines
02-12 15:32:38.313  1256  1599 I chatty  : uid=1000(system) sManagerService expire 2 lines
02-12 15:32:38.337 15821 15821 V ActivityThread: ActivityThread,callActivityOnCreate
02-12 15:32:38.371 15821 15821 D ActivityThread: add activity client record, r= ActivityRecord{5eb418c token=android.os.BinderProxy@a949100 {com.cambricon.productdisplay/com.cambricon.productdisplay.activity.MainActivity}} token= android.os.BinderProxy@a949100
02-12 15:32:38.403  1256  1917 I chatty  : uid=1000(system) Binder:1256_4 expire 14 lines
02-12 15:32:38.413  9561  9561 V ActivityThread: ActivityThread,callActivityOnCreate
02-12 15:32:38.416  1975  2571 I HwNetworkPolicyManager: getHwUidPolicy uid = 10039 policy = 0
02-12 15:32:38.427  9561  9561 D ActivityThread: add activity client record, r= ActivityRecord{996cceb token=android.os.BinderProxy@578bfd7 {com.android.packageinstaller/com.android.packageinstaller.permission.ui.GrantPermissionsActivity}} token= android.os.BinderProxy@578bfd7
02-12 15:32:38.469  9561  9561 D ActivityThread: Remove activity client record, r= ActivityRecord{996cceb token=android.os.BinderProxy@578bfd7 {com.android.packageinstaller/com.android.packageinstaller.permission.ui.GrantPermissionsActivity}} token= android.os.BinderProxy@578bfd7
02-12 15:32:40.096   715   715 E wificond: Failed to get NL80211_RATE_INFO_NOISE
02-12 15:32:40.096   715   715 E wificond: Failed to get NL80211_RATE_INFO_SNR
02-12 15:32:40.096   715   715 E wificond: Failed to get NL80211_STA_INFO_CNAHLOAD
02-12 15:32:43.107   715   715 E wificond: Failed to get NL80211_RATE_INFO_NOISE
02-12 15:32:43.107   715   715 E wificond: Failed to get NL80211_RATE_INFO_SNR
02-12 15:32:43.107   715   715 E wificond: Failed to get NL80211_STA_INFO_CNAHLOAD
02-12 15:32:43.991   715   715 E wificond: Failed to get NL80211_RATE_INFO_NOISE
02-12 15:32:43.991   715   715 E wificond: Failed to get NL80211_RATE_INFO_SNR
02-12 15:32:43.991   715   715 E wificond: Failed to get NL80211_STA_INFO_CNAHLOAD
02-12 15:32:43.993   715   715 E wificond: Failed to get NL80211_RATE_INFO_NOISE
02-12 15:32:43.993   715   715 E wificond: Failed to get NL80211_RATE_INFO_SNR
02-12 15:32:43.993   715   715 E wificond: Failed to get NL80211_STA_INFO_CNAHLOAD
02-12 15:32:46.120   715   715 E wificond: Failed to get NL80211_RATE_INFO_NOISE
02-12 15:32:46.121   715   715 E wificond: Failed to get NL80211_RATE_INFO_SNR
02-12 15:32:46.121   715   715 E wificond: Failed to get NL80211_STA_INFO_CNAHLOAD
02-12 15:32:47.093  1256  1598 I chatty  : uid=1000(system) AlarmManager expire 2 lines
02-12 15:32:47.113  1256  1285 I chatty  : uid=1000(system) Binder:1256_2 expire 16 lines
02-12 15:32:49.132   715   715 E wificond: Failed to get NL80211_RATE_INFO_NOISE
02-12 15:32:49.133   715   715 E wificond: Failed to get NL80211_RATE_INFO_SNR
02-12 15:32:49.133   715   715 E wificond: Failed to get NL80211_STA_INFO_CNAHLOAD
02-12 15:32:50.509  1256  1583 I chatty  : uid=1000(system) UEventObserver expire 4 lines
02-12 15:32:52.009   715   715 E wificond: Failed to get NL80211_RATE_INFO_NOISE
02-12 15:32:52.009   715   715 E wificond: Failed to get NL80211_RATE_INFO_SNR
02-12 15:32:52.009   715   715 E wificond: Failed to get NL80211_STA_INFO_CNAHLOAD
02-12 15:32:52.014   715   715 E wificond: Failed to get NL80211_RATE_INFO_NOISE
02-12 15:32:52.014   715   715 E wificond: Failed to get NL80211_RATE_INFO_SNR
02-12 15:32:52.014   715   715 E wificond: Failed to get NL80211_STA_INFO_CNAHLOAD
02-12 15:32:52.140   715   715 E wificond: Failed to get NL80211_RATE_INFO_NOISE
02-12 15:32:52.140   715   715 E wificond: Failed to get NL80211_RATE_INFO_SNR
02-12 15:32:52.140   715   715 E wificond: Failed to get NL80211_STA_INFO_CNAHLOAD
02-12 15:32:55.157   715   715 E wificond: Failed to get NL80211_RATE_INFO_NOISE
02-12 15:32:55.157   715   715 E wificond: Failed to get NL80211_RATE_INFO_SNR
02-12 15:32:55.157   715   715 E wificond: Failed to get NL80211_STA_INFO_CNAHLOAD
02-12 15:32:58.173   715   715 E wificond: Failed to get NL80211_RATE_INFO_NOISE
02-12 15:32:58.173   715   715 E wificond: Failed to get NL80211_RATE_INFO_SNR
02-12 15:32:58.173   715   715 E wificond: Failed to get NL80211_STA_INFO_CNAHLOAD
02-12 15:32:59.929  1256  2115 I chatty  : uid=1000(system) watchdog expire 2 lines
02-12 15:33:00.012   715   715 E wificond: Failed to get NL80211_RATE_INFO_NOISE
02-12 15:33:00.013   715   715 E wificond: Failed to get NL80211_RATE_INFO_SNR
02-12 15:33:00.013   715   715 E wificond: Failed to get NL80211_STA_INFO_CNAHLOAD
02-12 15:33:00.019   715   715 E wificond: Failed to get NL80211_RATE_INFO_NOISE
02-12 15:33:00.019   715   715 E wificond: Failed to get NL80211_RATE_INFO_SNR
02-12 15:33:00.019   715   715 E wificond: Failed to get NL80211_STA_INFO_CNAHLOAD
02-12 15:33:00.099  1256  1917 I chatty  : uid=1000(system) Binder:1256_4 expire 5 lines
02-12 15:33:01.191   715   715 E wificond: Failed to get NL80211_RATE_INFO_NOISE
02-12 15:33:01.192   715   715 E wificond: Failed to get NL80211_RATE_INFO_SNR
02-12 15:33:01.192   715   715 E wificond: Failed to get NL80211_STA_INFO_CNAHLOAD
02-12 15:33:01.236  1256  1462 I chatty  : uid=1000(system) PowerManagerSer expire 20 lines
02-12 15:33:04.211   715   715 E wificond: Failed to get NL80211_RATE_INFO_NOISE
02-12 15:33:04.211   715   715 E wificond: Failed to get NL80211_RATE_INFO_SNR
02-12 15:33:04.211   715   715 E wificond: Failed to get NL80211_STA_INFO_CNAHLOAD
02-12 15:33:07.223   715   715 E wificond: Failed to get NL80211_RATE_INFO_NOISE
02-12 15:33:07.223   715   715 E wificond: Failed to get NL80211_RATE_INFO_SNR
02-12 15:33:07.223   715   715 E wificond: Failed to get NL80211_STA_INFO_CNAHLOAD
02-12 15:33:08.012   715   715 E wificond: Failed to get NL80211_RATE_INFO_NOISE
02-12 15:33:08.013   715   715 E wificond: Failed to get NL80211_RATE_INFO_SNR
02-12 15:33:08.013   715   715 E wificond: Failed to get NL80211_STA_INFO_CNAHLOAD
02-12 15:33:08.015   715   715 E wificond: Failed to get NL80211_RATE_INFO_NOISE
02-12 15:33:08.015   715   715 E wificond: Failed to get NL80211_RATE_INFO_SNR
02-12 15:33:08.015   715   715 E wificond: Failed to get NL80211_STA_INFO_CNAHLOAD
02-12 15:33:08.254  1256  2104 I chatty  : uid=1000(system) Binder:1256_8 expire 15 lines
02-12 15:33:08.366 15821 15821 V ActivityThread: Finishing stop of ActivityRecord{5eb418c token=android.os.BinderProxy@a949100 {com.cambricon.productdisplay/com.cambricon.productdisplay.activity.MainActivity}}
02-12 15:33:08.492  1256  1456 I chatty  : uid=1000(system) android.display expire 1 line
02-12 15:33:08.516  1256  1803 I chatty  : uid=1000(system) WifiP2pService expire 5 lines
02-12 15:33:08.544  1256  1785 I chatty  : uid=1000(system) NetdConnector expire 6 lines
02-12 15:33:08.580  1256  2898 I chatty  : uid=1000(system) HwDeviceUsageCo expire 1 line
02-12 15:33:08.603  3001  5779 W ContextImpl: Calling a method in the system process without a qualified user: android.app.ContextImpl.bindService:1736 android.content.ContextWrapper.bindService:678 com.huawei.nb.dataservice.dsclient.RemoteServiceConnection.open:90 com.huawei.nb.dataservice.dsclient.DataServiceProxy.connect:105 com.huawei.nb.dataservice.rsclient.internal.RemoteRuleService.start:27 
02-12 15:33:13.327  2005  2005 V KeyguardStatusView: refresh statusview showing:true
02-12 15:33:13.333  2005  2005 V KeyguardDisplayManager: show
02-12 15:33:13.384 15821 15821 V ActivityThread: Handle window ActivityRecord{5eb418c token=android.os.BinderProxy@a949100 {com.cambricon.productdisplay/com.cambricon.productdisplay.activity.MainActivity}} visibility: false
02-12 15:33:13.390  1256  1285 I chatty  : uid=1000(system) Binder:1256_2 expire 3 lines
02-12 15:33:13.475  1256 12874 I chatty  : uid=1000(system) Binder:1256_20 expire 14 lines
02-12 15:33:16.032   715   715 E wificond: Failed to get NL80211_RATE_INFO_NOISE
02-12 15:33:16.033   715   715 E wificond: Failed to get NL80211_RATE_INFO_SNR
02-12 15:33:16.033   715   715 E wificond: Failed to get NL80211_STA_INFO_CNAHLOAD
02-12 15:33:16.038   715   715 E wificond: Failed to get NL80211_RATE_INFO_NOISE
02-12 15:33:16.038   715   715 E wificond: Failed to get NL80211_RATE_INFO_SNR
02-12 15:33:16.038   715   715 E wificond: Failed to get NL80211_STA_INFO_CNAHLOAD
02-12 15:33:20.730  1256  1256 I chatty  : uid=1000 system_server expire 2 lines
02-12 15:33:21.029   604  1233 W SocketListener: sending broadcast to Pid = 1256, Uid = 1000 
02-12 15:33:21.038  1256  1454 I chatty  : uid=1000(system) android.fg expire 2 lines
02-12 15:33:24.036   715   715 E wificond: Failed to get NL80211_RATE_INFO_NOISE
02-12 15:33:24.036   715   715 E wificond: Failed to get NL80211_RATE_INFO_SNR
02-12 15:33:24.036   715   715 E wificond: Failed to get NL80211_STA_INFO_CNAHLOAD
02-12 15:33:24.039   715   715 E wificond: Failed to get NL80211_RATE_INFO_NOISE
02-12 15:33:24.040   715   715 E wificond: Failed to get NL80211_RATE_INFO_SNR
02-12 15:33:24.040   715   715 E wificond: Failed to get NL80211_STA_INFO_CNAHLOAD
02-12 15:33:27.854   604  1233 W SocketListener: sending broadcast to Pid = 1256, Uid = 1000 
02-12 15:33:32.048   715   715 E wificond: Failed to get NL80211_RATE_INFO_NOISE
02-12 15:33:32.048   715   715 E wificond: Failed to get NL80211_RATE_INFO_SNR
02-12 15:33:32.048   715   715 E wificond: Failed to get NL80211_STA_INFO_CNAHLOAD
02-12 15:33:32.052   715   715 E wificond: Failed to get NL80211_RATE_INFO_NOISE
02-12 15:33:32.052   715   715 E wificond: Failed to get NL80211_RATE_INFO_SNR
02-12 15:33:32.052   715   715 E wificond: Failed to get NL80211_STA_INFO_CNAHLOAD
02-12 15:33:40.049   715   715 E wificond: Failed to get NL80211_RATE_INFO_NOISE
02-12 15:33:40.049   715   715 E wificond: Failed to get NL80211_RATE_INFO_SNR
02-12 15:33:40.049   715   715 E wificond: Failed to get NL80211_STA_INFO_CNAHLOAD
02-12 15:33:40.055   715   715 E wificond: Failed to get NL80211_RATE_INFO_NOISE
02-12 15:33:40.055   715   715 E wificond: Failed to get NL80211_RATE_INFO_SNR
02-12 15:33:40.055   715   715 E wificond: Failed to get NL80211_STA_INFO_CNAHLOAD
02-12 15:33:48.054   715   715 E wificond: Failed to get NL80211_RATE_INFO_NOISE
02-12 15:33:48.054   715   715 E wificond: Failed to get NL80211_RATE_INFO_SNR
02-12 15:33:48.054   715   715 E wificond: Failed to get NL80211_STA_INFO_CNAHLOAD
02-12 15:33:48.057   715   715 E wificond: Failed to get NL80211_RATE_INFO_NOISE
02-12 15:33:48.057   715   715 E wificond: Failed to get NL80211_RATE_INFO_SNR
02-12 15:33:48.057   715   715 E wificond: Failed to get NL80211_STA_INFO_CNAHLOAD
02-12 15:33:49.931  1256 12874 I chatty  : uid=1000(system) Binder:1256_20 expire 41 lines
02-12 15:33:49.948  1256  1437 I chatty  : uid=1000(system) ActivityManager expire 18 lines
02-12 15:33:49.953 16010 16010 D ActivityThread: ActivityThread,attachApplication
02-12 15:33:49.981  1256  1256 I chatty  : uid=1000 system_server expire 21 lines
02-12 15:33:49.986  1900  1900 I HwCoreAppHelperService: LocalReceiver receives:android.intent.action.PACKAGE_RESTARTED,pkg:com.cambricon.productdisplay,uid:10111
02-12 15:33:49.999  1256  1456 I chatty  : uid=1000(system) android.display expire 3 lines
02-12 15:33:50.001  1256  1439 I chatty  : uid=1000(system) android.ui expire 4 lines
02-12 15:33:50.010  1256 30256 I chatty  : uid=1000(system) Binder:1256_1D expire 7 lines
02-12 15:33:50.012  1975  2571 I HwNetworkPolicyManager: getHwUidPolicy uid = 10067 policy = 0
02-12 15:33:50.918  1256  1583 I chatty  : uid=1000(system) UEventObserver expire 2 lines
